nohup: ignoring input
Files already downloaded and verified
Files already downloaded and verified
Files already downloaded and verified
Files already downloaded and verified
Files already downloaded and verified
Files already downloaded and verified
Files already downloaded and verified
Files already downloaded and verified
Files already downloaded and verified
Files already downloaded and verified
Files already downloaded and verified
Files already downloaded and verified
Files already downloaded and verified
Files already downloaded and verified
Sampler initialized
Learning Rate: 0.25
Weight Decay: 0.0

Learning Rate: 0.25
Weight Decay: 0.0

Learning Rate: 0.25
Weight Decay: 0.0

Learning Rate: 0.25
Weight Decay: 0.0

Learning Rate: 0.25
Weight Decay: 0.0

Learning Rate: 0.25
Weight Decay: 0.0

Learning Rate: 0.25
Weight Decay: 0.0

Learning Rate: 0.25
Weight Decay: 0.0

Learning Rate: 0.25
Weight Decay: 0.0

Learning Rate: 0.25
Weight Decay: 0.0

0
Round #0 (Experiment = PIF_CIFAR10_[1.0, 0.3, 0.1]1.0__asyn__recover_con_fedasyn_niid__n__50_____ft_esc).
fed_avg Loss/acc (at round #0) = 3.8932406902313232/0.1   Loss/acc=3.8932406902313232/0.1
the density is 1.00,1.00,0.30,0.30,0.30,0.30,0.10,0.10,0.10,0.10
Elapsed time = 66.59656657925879
self.train_number :[1, 1, 1, 1, 1, 1, 1, 1, 1, 1]
client_acc :0.10,0.10,0.10,0.10,0.10,0.10,0.10,0.10,0.10,0.10
cluster_acc :0.10,0.10,0.10,0.10,0.10,0.10,0.10,0.10,0.10,0.10
sum_round_time :0.00,0.00,0.00,0.00,0.00,0.00,0.00,0.00,0.00,0.00
sum_down ：0.00,0.00,0.00,0.00,0.00,0.00,0.00,0.00,0.00,0.00
sum_train ：0.43,0.14,0.06,0.06,0.06,0.08,0.09,0.10,0.09,0.07
sum_upload ：7.69,6.50,23.22,22.52,21.09,22.93,66.50,53.15,63.88,58.64
sum_merge ：0.00
first stage, increase the patience to obtain the faster experiment
Enter the end stage, increase the patience to obtain the best acc
for client2, increase model client, client density 1.0 0
for client3, increase model client, client density 1.0 0
for client4, increase model client, client density 1.0 0
for client5, increase model client, client density 1.0 0
for client6, increase model client, client density 1.0 0
for client7, increase model client, client density 1.0 0
for client8, increase model client, client density 1.0 0
for client9, increase model client, client density 1.0 0
the old density is too small, need increase the min model density to increase acc, current rond is 0the new density is [1.0, 1.0, 1.0, 1.0, 1.0, 1.0, 1.0, 1.0, 1.0, 1.0]
1
2
2
2
2
3
3
3
4
4
4
4
4
4
5
5
5
5
6
6
7
7
7
8
8
8
8
8
8
9
9
9
9
10
10
10
11
11
11
11
11
12
12
12
13
13
13
13
14
14
14
14
15
15
15
15
16
16
16
16
16
17
17
17
17
18
18
19
19
19
19
20
20
20
20
21
21
21
21
22
22
22
23
23
23
23
24
24
25
26
26
26
26
27
27
27
27
28
28
28
28
29
29
29
29
29
30
30
30
30
31
31
31
32
32
32
33
33
33
33
34
34
34
34
34
34
35
35
36
36
36
36
37
37
37
38
38
39
39
39
39
39
40
40
40
41
41
42
42
42
42
43
43
44
44
44
44
45
45
45
45
46
46
46
46
47
47
47
48
48
48
49
49
49
49
50
Round #50 (Experiment = PIF_CIFAR10_[1.0, 0.3, 0.1]1.0__asyn__recover_con_fedasyn_niid__n__50_____ft_esc).
fed_avg Loss/acc (at round #50) = 3.2834625244140625/0.1028   Loss/acc=3.2834625244140625/0.1028
the density is 1.00,1.00,1.00,1.00,1.00,1.00,1.00,1.00,1.00,1.00
Elapsed time = 1301.192261385675
self.train_number :[50, 51, 23, 23, 23, 23, 15, 15, 15, 15]
client_acc :0.10,0.10,0.10,0.10,0.10,0.10,0.10,0.10,0.10,0.10
cluster_acc :0.10,0.10,0.10,0.10,0.10,0.10,0.10,0.10,0.10,0.10
sum_round_time :258.45,258.45,685.27,685.27,685.27,685.27,841.45,841.45,841.45,841.45
sum_down ：115.33,97.71,254.88,179.37,247.93,143.65,317.25,318.69,317.27,313.57
sum_train ：3.70,3.48,1.58,1.58,1.63,1.64,1.05,1.04,1.05,1.06
sum_upload ：350.95,354.69,529.06,528.76,523.41,538.04,909.57,887.55,911.01,883.23
sum_merge ：1.25
50
50
50
50
51
51
51
51
51
52
52
52
53
53
53
54
54
54
54
54
55
55
55
55
56
56
56
56
57
57
57
57
58
58
58
59
59
59
59
60
60
60
60
61
61
62
62
62
62
62
63
63
63
63
64
64
64
64
65
65
66
66
66
66
67
68
68
68
68
69
69
69
70
70
70
70
71
71
71
72
72
72
72
73
73
73
73
74
74
75
75
76
77
77
77
78
78
78
78
78
79
79
79
80
80
80
80
81
81
81
82
83
83
83
84
84
84
84
85
85
85
86
86
86
87
87
87
87
88
88
88
88
89
89
89
90
90
90
90
91
91
91
92
92
92
93
93
93
93
94
94
94
94
94
95
95
96
96
96
96
97
97
97
97
98
98
98
99
99
99
100
Round #100 (Experiment = PIF_CIFAR10_[1.0, 0.3, 0.1]1.0__asyn__recover_con_fedasyn_niid__n__50_____ft_esc).
fed_avg Loss/acc (at round #100) = 3.137456089258194/0.175   Loss/acc=3.137456089258194/0.175
the density is 1.00,1.00,1.00,1.00,1.00,1.00,1.00,1.00,1.00,1.00
Elapsed time = 2695.621257244022
self.train_number :[100, 101, 45, 45, 45, 45, 32, 31, 32, 31]
client_acc :0.10,0.10,0.10,0.10,0.10,0.10,0.10,0.10,0.10,0.10
cluster_acc :0.17,0.17,0.17,0.17,0.17,0.17,0.17,0.17,0.17,0.17
sum_round_time :277.09,277.09,628.83,628.83,628.83,628.83,853.05,853.05,853.05,853.05
sum_down ：213.12,195.47,574.12,337.74,511.49,433.86,682.19,664.79,689.13,659.67
sum_train ：6.72,6.58,2.98,3.01,3.00,2.96,2.10,2.02,2.12,2.04
sum_upload ：709.81,710.49,1060.09,1048.80,1049.35,1066.59,1884.55,1812.61,1875.17,1826.34
sum_merge ：2.29
100
100
101
101
101
101
101
102
102
102
102
103
103
103
104
104
104
104
104
104
105
105
106
106
107
107
108
108
108
109
109
109
110
110
110
111
111
111
111
112
112
113
114
114
114
115
115
115
115
116
116
116
117
117
117
118
118
119
119
119
119
119
119
120
120
120
121
121
122
122
122
122
123
123
123
123
124
124
124
125
125
125
125
125
126
126
126
127
127
128
128
129
129
129
129
129
130
130
130
131
131
131
131
132
132
132
132
133
133
134
134
134
134
134
135
135
135
135
136
136
136
136
136
137
137
138
138
138
138
139
139
139
139
140
140
141
141
142
142
142
143
143
144
144
145
145
145
145
145
146
146
146
146
146
147
147
148
148
148
148
149
149
149
149
150
Round #150 (Experiment = PIF_CIFAR10_[1.0, 0.3, 0.1]1.0__asyn__recover_con_fedasyn_niid__n__50_____ft_esc).
fed_avg Loss/acc (at round #150) = 2.9786926805973053/0.2145   Loss/acc=2.9786926805973053/0.2145
the density is 1.00,1.00,1.00,1.00,1.00,1.00,1.00,1.00,1.00,1.00
Elapsed time = 3812.0052512467455
self.train_number :[150, 151, 64, 64, 64, 64, 44, 43, 44, 43]
client_acc :0.10,0.10,0.10,0.10,0.10,0.10,0.10,0.10,0.10,0.10
cluster_acc :0.21,0.21,0.21,0.21,0.21,0.21,0.21,0.21,0.21,0.21
sum_round_time :158.54,158.54,459.19,459.19,459.19,459.19,871.52,871.52,871.52,871.52
sum_down ：311.39,293.79,704.04,495.93,679.51,606.44,951.42,928.99,958.12,936.40
sum_train ：9.91,9.81,4.23,4.27,4.30,4.28,2.88,2.83,2.93,3.04
sum_upload ：1067.39,1067.16,1534.68,1521.37,1533.12,1549.44,2656.65,2593.60,2673.74,2578.78
sum_merge ：3.56
150
150
150
151
151
151
151
152
152
152
153
153
153
154
154
154
155
155
156
156
156
156
157
157
157
158
158
158
158
159
159
159
159
160
160
161
161
161
161
162
162
163
163
164
165
165
165
165
166
166
166
166
166
167
167
168
168
168
168
168
168
169
169
169
169
170
170
170
171
171
171
172
172
172
173
173
174
174
174
175
175
175
176
176
176
176
177
177
178
178
178
178
179
179
179
179
180
180
180
180
181
181
181
181
182
182
183
183
183
183
183
184
184
184
184
185
185
185
186
186
186
186
187
187
187
187
188
188
188
188
189
189
190
190
190
190
190
191
191
192
192
192
193
193
193
193
194
194
194
194
195
195
195
196
196
196
197
197
197
197
198
198
199
199
199
200
Round #200 (Experiment = PIF_CIFAR10_[1.0, 0.3, 0.1]1.0__asyn__recover_con_fedasyn_niid__n__50_____ft_esc).
fed_avg Loss/acc (at round #200) = 2.9127043187618256/0.2214   Loss/acc=2.9127043187618256/0.2214
the density is 1.00,1.00,1.00,1.00,1.00,1.00,1.00,1.00,1.00,1.00
Elapsed time = 4932.021619837488
self.train_number :[200, 201, 86, 86, 86, 86, 57, 56, 57, 56]
client_acc :0.10,0.10,0.10,0.10,0.10,0.10,0.10,0.10,0.10,0.10
cluster_acc :0.22,0.22,0.22,0.22,0.22,0.22,0.22,0.22,0.22,0.22
sum_round_time :229.03,229.03,580.98,580.98,580.98,580.98,806.86,806.86,806.86,806.86
sum_down ：408.78,391.27,838.27,626.36,821.42,733.82,1239.94,1213.96,1240.21,1224.50
sum_train ：12.97,12.90,5.64,5.61,5.67,5.64,3.68,3.57,3.70,3.85
sum_upload ：1423.30,1422.35,2035.99,2027.54,2029.73,2054.80,3422.82,3372.30,3429.00,3343.61
sum_merge ：4.58
200
200
200
200
201
201
202
202
202
202
203
203
203
203
204
204
204
204
205
205
205
205
206
206
206
207
207
207
207
208
208
208
208
208
209
209
209
209
210
210
210
211
211
211
211
212
212
213
213
213
214
214
215
215
215
216
216
216
216
216
217
217
217
218
218
219
219
219
219
219
220
220
220
220
221
221
222
222
222
222
223
223
223
223
224
224
224
224
225
225
225
226
226
227
227
228
228
228
229
229
229
230
230
230
230
230
231
231
231
231
232
232
232
233
233
233
234
234
234
235
235
235
235
235
236
236
236
236
237
237
237
238
238
239
239
239
239
239
239
240
240
240
241
241
241
242
242
243
243
243
243
244
244
244
244
245
245
245
245
246
246
246
247
247
247
247
248
248
248
249
249
250
Round #250 (Experiment = PIF_CIFAR10_[1.0, 0.3, 0.1]1.0__asyn__recover_con_fedasyn_niid__n__50_____ft_esc).
fed_avg Loss/acc (at round #250) = 2.8095499873161316/0.266   Loss/acc=2.8095499873161316/0.266
the density is 1.00,1.00,1.00,1.00,1.00,1.00,1.00,1.00,1.00,1.00
Elapsed time = 6227.8749924146505
self.train_number :[250, 251, 105, 105, 106, 106, 71, 70, 71, 70]
client_acc :0.10,0.20,0.10,0.10,0.10,0.10,0.10,0.10,0.10,0.10
cluster_acc :0.27,0.27,0.27,0.27,0.27,0.27,0.27,0.27,0.27,0.27
sum_round_time :184.70,184.70,589.33,591.40,591.40,591.40,888.16,1017.70,888.16,1017.70
sum_down ：506.03,488.78,1000.05,787.96,995.92,917.30,1521.99,1492.37,1520.87,1510.57
sum_train ：16.16,16.04,6.89,6.95,7.12,7.07,4.65,4.52,4.59,4.72
sum_upload ：1778.93,1776.28,2525.23,2505.22,2539.70,2563.31,4339.01,4297.62,4369.05,4276.55
sum_merge ：5.74
250
250
250
250
251
251
251
252
252
253
253
253
254
254
254
254
255
255
255
256
256
256
256
257
257
258
258
258
259
259
259
260
260
260
261
261
261
261
262
262
262
262
263
263
263
264
264
264
265
265
265
265
266
266
266
267
267
267
267
268
268
268
268
268
268
269
269
269
270
270
270
270
270
270
270
271
271
272
272
272
272
273
273
273
273
273
273
274
274
275
275
276
277
277
277
278
278
278
279
279
279
280
280
280
281
281
281
281
282
282
282
282
283
283
283
283
283
284
284
284
284
285
285
286
286
286
286
286
287
287
287
288
288
289
289
289
289
289
290
290
291
291
291
291
292
292
292
292
293
293
294
294
295
295
296
296
296
296
296
297
297
297
298
298
298
299
299
299
299
300
Round #300 (Experiment = PIF_CIFAR10_[1.0, 0.3, 0.1]1.0__asyn__recover_con_fedasyn_niid__n__50_____ft_esc).
fed_avg Loss/acc (at round #300) = 2.7943002581596375/0.271   Loss/acc=2.7943002581596375/0.271
the density is 1.00,1.00,1.00,1.00,1.00,1.00,1.00,1.00,1.00,1.00
Elapsed time = 7454.530888041541
self.train_number :[300, 302, 127, 127, 128, 128, 85, 83, 86, 85]
client_acc :0.18,0.20,0.10,0.10,0.10,0.10,0.10,0.10,0.10,0.10
cluster_acc :0.27,0.27,0.27,0.27,0.27,0.27,0.27,0.27,0.27,0.27
sum_round_time :225.27,225.27,631.94,631.94,631.94,632.99,956.77,981.26,874.76,874.76
sum_down ：619.77,588.55,1256.78,1023.85,1250.79,1123.51,1839.95,1859.32,1863.60,1843.47
sum_train ：19.41,19.59,8.49,8.46,8.60,8.55,5.57,5.40,5.57,5.74
sum_upload ：2138.07,2139.48,3025.47,3009.32,3045.40,3072.16,5145.90,5029.89,5209.67,5113.03
sum_merge ：6.98
300
300
300
301
301
301
302
302
302
302
303
303
303
303
304
304
304
304
305
305
305
305
306
306
306
306
307
307
308
308
308
308
309
309
309
310
310
311
311
311
311
311
312
312
312
312
313
313
313
313
314
314
314
314
314
314
315
315
316
316
316
316
317
317
317
317
318
318
318
319
319
319
319
319
319
320
320
320
320
321
321
321
321
321
322
322
323
323
323
323
324
324
324
324
325
325
325
325
326
326
326
326
326
327
327
328
328
329
329
329
329
329
330
330
330
330
331
331
331
332
332
333
333
334
334
334
335
335
335
336
336
336
337
338
338
338
338
339
339
339
340
340
340
340
341
341
341
341
342
342
342
343
343
343
344
344
344
344
344
345
345
345
346
346
346
346
347
347
347
348
348
348
348
349
349
350
Round #350 (Experiment = PIF_CIFAR10_[1.0, 0.3, 0.1]1.0__asyn__recover_con_fedasyn_niid__n__50_____ft_esc).
fed_avg Loss/acc (at round #350) = 2.8563435673713684/0.2492   Loss/acc=2.8563435673713684/0.2492
the density is 1.00,1.00,1.00,1.00,1.00,1.00,1.00,1.00,1.00,1.00
Elapsed time = 8772.332795656255
self.train_number :[350, 352, 148, 149, 149, 149, 100, 98, 101, 100]
client_acc :0.18,0.20,0.10,0.10,0.10,0.10,0.10,0.10,0.10,0.10
cluster_acc :0.25,0.25,0.25,0.25,0.25,0.25,0.25,0.25,0.25,0.25
sum_round_time :194.48,194.48,606.88,530.57,606.88,605.86,879.92,879.92,879.92,879.92
sum_down ：717.32,686.06,1430.83,1262.84,1583.99,1400.42,2167.59,2187.52,2189.11,2171.69
sum_train ：22.64,22.78,9.76,9.82,9.85,9.88,6.52,6.30,6.48,6.65
sum_upload ：2494.25,2495.23,3528.68,3536.22,3552.65,3580.14,6042.55,5921.53,6107.14,5980.01
sum_merge ：8.17
statu 11: client 0 EarlyStopping counter: 1 out of 20, best score is 0.271, current score is 0.2492
350
350
351
351
351
352
352
352
352
353
353
353
353
353
354
354
354
355
355
355
356
356
356
357
357
357
357
358
358
358
358
359
359
359
359
359
360
360
361
362
362
362
362
363
363
363
363
364
364
364
365
365
365
365
366
366
366
366
366
367
367
367
368
368
368
368
369
369
370
370
371
371
371
371
372
372
372
372
373
373
374
374
374
374
374
374
375
375
376
376
376
377
377
377
377
377
378
378
378
378
379
379
379
379
380
380
381
381
381
381
382
382
382
382
383
383
384
384
385
385
385
386
386
386
386
387
387
387
388
388
388
388
389
389
390
390
390
390
391
391
391
392
392
392
392
393
393
393
393
394
394
394
394
395
395
396
396
397
397
397
398
398
398
398
398
399
399
399
400
Round #400 (Experiment = PIF_CIFAR10_[1.0, 0.3, 0.1]1.0__asyn__recover_con_fedasyn_niid__n__50_____ft_esc).
fed_avg Loss/acc (at round #400) = 2.6886687576770782/0.324   Loss/acc=2.6886687576770782/0.324
the density is 1.00,1.00,1.00,1.00,1.00,1.00,1.00,1.00,1.00,1.00
Elapsed time = 9897.097880124582
self.train_number :[400, 402, 167, 168, 167, 167, 113, 111, 114, 113]
client_acc :0.18,0.20,0.10,0.10,0.10,0.10,0.10,0.10,0.10,0.10
cluster_acc :0.32,0.32,0.32,0.32,0.32,0.32,0.32,0.32,0.32,0.32
sum_round_time :249.10,249.10,581.95,580.93,582.96,581.95,833.94,833.94,833.94,833.94
sum_down ：814.75,783.61,1784.35,1496.87,1801.16,1624.68,2426.81,2449.66,2448.87,2432.76
sum_train ：25.77,25.88,10.97,11.09,11.00,11.08,7.32,7.11,7.26,7.48
sum_upload ：2849.20,2853.77,3983.39,3999.05,4003.63,4040.23,6882.71,6740.50,6954.41,6802.51
sum_merge ：9.20
400
400
400
401
401
401
401
402
402
402
402
403
403
403
403
403
404
404
405
405
405
405
406
406
406
406
407
407
407
408
408
408
408
408
409
409
409
410
410
410
411
411
411
412
412
412
412
412
413
413
413
414
414
415
415
416
416
416
416
417
417
417
417
418
418
418
419
419
419
419
419
420
420
420
421
421
421
421
421
422
422
422
422
423
423
423
424
424
425
425
425
425
426
426
426
427
427
427
428
428
428
428
428
429
429
430
430
431
431
431
432
432
432
432
433
433
433
434
434
434
435
435
435
436
436
436
436
437
437
437
437
438
438
439
439
439
439
440
440
440
440
441
441
441
442
442
442
442
442
443
443
443
443
444
444
444
444
444
445
445
445
446
446
446
446
446
447
447
448
448
449
449
449
449
450
Round #450 (Experiment = PIF_CIFAR10_[1.0, 0.3, 0.1]1.0__asyn__recover_con_fedasyn_niid__n__50_____ft_esc).
fed_avg Loss/acc (at round #450) = 2.726863205432892/0.289   Loss/acc=2.726863205432892/0.289
the density is 1.00,1.00,1.00,1.00,1.00,1.00,1.00,1.00,1.00,1.00
Elapsed time = 10925.990704524203
self.train_number :[450, 452, 187, 188, 188, 188, 125, 123, 126, 125]
client_acc :0.18,0.20,0.10,0.10,0.10,0.10,0.10,0.10,0.10,0.10
cluster_acc :0.29,0.29,0.29,0.29,0.29,0.29,0.29,0.29,0.29,0.29
sum_round_time :144.22,144.22,566.83,566.83,565.82,566.83,875.12,875.12,875.12,875.12
sum_down ：912.77,881.12,1964.48,1669.99,1985.32,1761.81,2680.32,2702.56,2699.45,2682.80
sum_train ：29.11,29.23,12.30,12.38,12.55,12.53,8.13,7.91,8.06,8.35
sum_upload ：3205.50,3207.67,4467.96,4478.31,4483.52,4525.87,7564.62,7407.38,7617.41,7457.07
sum_merge ：10.53
statu 11: client 0 EarlyStopping counter: 1 out of 20, best score is 0.324, current score is 0.289
450
450
451
451
451
451
452
452
452
452
453
453
454
454
454
455
455
455
456
456
456
456
457
457
457
458
458
458
458
458
459
459
459
459
460
460
460
460
461
461
461
462
462
462
462
463
463
463
463
464
464
465
465
465
465
466
466
466
466
467
467
467
467
468
468
469
469
470
470
471
471
472
472
472
472
473
473
474
474
475
475
475
475
475
476
476
476
476
477
477
477
477
478
478
478
478
479
479
479
480
480
480
481
481
481
481
482
482
482
482
483
483
483
483
484
484
485
486
486
486
487
487
487
487
488
488
489
489
490
490
490
490
491
491
491
491
492
492
492
493
493
493
494
494
495
495
495
495
496
496
497
497
498
498
498
498
499
499
499
500
Round #500 (Experiment = PIF_CIFAR10_[1.0, 0.3, 0.1]1.0__asyn__recover_con_fedasyn_niid__n__50_____ft_esc).
fed_avg Loss/acc (at round #500) = 2.6136408746242523/0.3554   Loss/acc=2.6136408746242523/0.3554
the density is 1.00,1.00,1.00,1.00,1.00,1.00,1.00,1.00,1.00,1.00
Elapsed time = 12195.312654098183
self.train_number :[500, 501, 209, 210, 210, 210, 139, 137, 140, 139]
client_acc :0.18,0.23,0.10,0.10,0.10,0.10,0.10,0.10,0.10,0.10
cluster_acc :0.36,0.36,0.36,0.36,0.36,0.36,0.36,0.36,0.36,0.36
sum_round_time :235.96,235.96,576.63,576.63,576.63,576.63,926.16,926.16,926.16,926.16
sum_down ：1009.67,1031.03,2139.20,1853.01,2164.05,1896.44,2979.19,3000.12,2991.45,2977.33
sum_train ：32.09,32.19,13.64,13.70,13.85,13.83,8.96,8.75,8.90,9.18
sum_upload ：3559.50,3555.73,4994.42,5003.37,5013.22,5051.56,8498.32,8296.31,8507.67,8360.55
sum_merge ：11.48
500
500
500
500
501
501
501
501
502
502
502
502
503
503
503
504
504
504
504
505
505
505
506
506
507
507
507
507
508
508
508
508
509
509
509
509
509
510
510
510
511
511
511
511
512
512
512
512
512
513
513
513
514
514
514
514
514
515
515
515
515
516
516
516
516
516
516
517
517
518
518
518
518
518
519
519
520
520
520
520
521
521
521
521
521
522
522
522
523
523
523
524
524
524
524
525
525
525
526
526
527
527
528
528
528
528
529
529
529
529
529
530
530
530
531
531
531
532
532
532
533
533
533
534
534
534
534
535
535
535
536
536
536
536
537
537
537
537
538
538
538
538
538
539
539
539
540
540
540
541
541
541
542
542
542
543
543
543
544
544
544
544
545
545
546
546
546
547
547
547
547
547
548
548
548
549
549
550
Round #550 (Experiment = PIF_CIFAR10_[1.0, 0.3, 0.1]1.0__asyn__recover_con_fedasyn_niid__n__50_____ft_esc).
fed_avg Loss/acc (at round #550) = 2.5681298673152924/0.3646   Loss/acc=2.5681298673152924/0.3646
the density is 1.00,1.00,1.00,1.00,1.00,1.00,1.00,1.00,1.00,1.00
Elapsed time = 13685.235789303135
self.train_number :[550, 551, 233, 234, 234, 234, 156, 154, 157, 156]
client_acc :0.18,0.23,0.10,0.10,0.10,0.10,0.10,0.10,0.10,0.10
cluster_acc :0.36,0.36,0.36,0.36,0.36,0.36,0.36,0.36,0.36,0.36
sum_round_time :212.94,212.94,656.40,656.40,656.40,656.40,889.47,889.47,889.47,889.47
sum_down ：1107.21,1128.86,2277.52,1991.32,2304.17,2041.15,3375.75,3399.45,3388.69,3374.92
sum_train ：35.13,35.22,15.17,15.19,15.32,15.38,10.03,9.81,9.93,10.18
sum_upload ：3913.73,3909.40,5595.02,5605.96,5615.11,5646.53,9511.93,9341.16,9516.26,9386.49
sum_merge ：12.54
550
550
550
550
551
551
551
551
552
552
553
553
553
553
554
554
554
554
554
555
555
556
557
557
557
558
558
558
559
559
559
560
560
560
561
561
561
561
562
562
563
563
563
563
564
564
564
564
565
565
565
566
566
566
567
567
567
567
568
568
568
569
569
569
569
570
570
571
571
571
571
572
572
572
572
572
573
573
574
574
574
575
575
575
575
576
576
577
577
577
577
578
578
578
578
579
579
580
580
581
581
581
581
582
582
582
582
583
583
584
584
584
585
585
585
585
586
586
586
587
587
587
588
588
588
588
588
589
589
589
589
590
590
591
591
592
592
592
592
593
593
593
593
594
594
594
594
595
595
595
595
595
596
596
597
598
598
598
599
599
599
599
599
600
Round #600 (Experiment = PIF_CIFAR10_[1.0, 0.3, 0.1]1.0__asyn__recover_con_fedasyn_niid__n__50_____ft_esc).
fed_avg Loss/acc (at round #600) = 2.543309986591339/0.3843   Loss/acc=2.543309986591339/0.3843
the density is 1.00,1.00,1.00,1.00,1.00,1.00,1.00,1.00,1.00,1.00
Elapsed time = 15168.005285767007
self.train_number :[600, 601, 254, 255, 255, 255, 172, 170, 174, 173]
client_acc :0.18,0.23,0.28,0.23,0.25,0.27,0.10,0.10,0.10,0.10
cluster_acc :0.38,0.38,0.38,0.38,0.38,0.38,0.38,0.38,0.38,0.38
sum_round_time :251.48,251.48,684.06,684.06,684.06,684.06,949.14,949.14,854.43,854.43
sum_down ：1204.84,1226.13,2494.02,2205.82,2521.67,2163.35,3730.59,3752.98,3760.96,3754.28
sum_train ：38.58,38.61,16.58,16.62,16.77,16.81,11.21,11.20,11.06,11.31
sum_upload ：4269.06,4266.34,6106.06,6110.61,6129.79,6145.05,10529.56,10345.37,10538.94,10400.29
sum_merge ：13.88
600
600
600
600
601
601
601
601
602
602
602
603
603
603
603
603
604
604
604
605
605
606
606
606
607
607
607
607
608
608
609
609
609
610
610
610
611
611
612
612
612
613
613
613
613
614
614
614
614
614
615
615
615
615
616
616
616
617
617
617
617
618
618
618
618
619
619
620
620
620
620
620
621
621
622
622
623
623
624
624
624
625
625
625
626
626
626
626
627
627
627
627
627
628
628
628
628
629
629
629
629
630
630
631
631
631
631
631
632
632
632
632
632
633
633
633
633
634
634
634
635
635
635
636
636
637
637
637
638
638
639
639
639
640
640
640
641
641
641
641
642
642
642
642
643
643
643
644
644
645
645
645
645
645
646
646
646
646
646
647
647
647
647
648
648
648
648
648
649
649
649
650
Round #650 (Experiment = PIF_CIFAR10_[1.0, 0.3, 0.1]1.0__asyn__recover_con_fedasyn_niid__n__50_____ft_esc).
fed_avg Loss/acc (at round #650) = 2.5278481543064117/0.3791   Loss/acc=2.5278481543064117/0.3791
the density is 1.00,1.00,1.00,1.00,1.00,1.00,1.00,1.00,1.00,1.00
Elapsed time = 16299.428967471009
self.train_number :[650, 651, 275, 276, 276, 276, 185, 183, 187, 186]
client_acc :0.18,0.23,0.28,0.23,0.25,0.27,0.10,0.10,0.10,0.10
cluster_acc :0.38,0.38,0.38,0.38,0.38,0.38,0.38,0.38,0.38,0.38
sum_round_time :300.52,300.52,583.51,583.51,583.51,583.51,879.86,879.86,879.86,879.86
sum_down ：1301.79,1323.19,2625.96,2332.09,2648.75,2298.62,4005.26,4027.14,4038.74,4026.69
sum_train ：41.77,41.82,17.83,17.90,18.06,18.06,11.99,11.96,11.89,12.23
sum_upload ：4624.30,4621.54,6611.03,6613.81,6633.42,6654.53,11307.80,11157.72,11310.89,11177.45
sum_merge ：14.85
statu 11: client 0 EarlyStopping counter: 1 out of 20, best score is 0.3843, current score is 0.3791
650
650
650
651
651
651
651
651
652
652
652
652
653
653
653
653
653
654
654
655
655
655
656
656
656
656
657
657
658
658
658
659
659
659
660
660
661
662
662
662
662
663
663
663
663
664
664
665
665
665
665
666
666
666
667
667
667
668
668
668
669
669
669
669
670
670
670
670
671
671
672
672
673
673
673
674
674
674
674
675
675
676
676
676
676
677
677
677
677
678
678
679
679
679
680
680
680
680
680
680
681
681
681
681
682
682
682
683
683
683
683
684
684
684
684
684
684
685
685
686
686
686
686
687
687
687
687
688
688
688
689
689
689
689
690
690
691
691
692
692
692
692
692
693
693
693
694
694
695
695
695
695
696
696
697
697
697
697
697
698
698
698
698
699
699
700
Round #700 (Experiment = PIF_CIFAR10_[1.0, 0.3, 0.1]1.0__asyn__recover_con_fedasyn_niid__n__50_____ft_esc).
fed_avg Loss/acc (at round #700) = 2.4546093344688416/0.412   Loss/acc=2.4546093344688416/0.412
the density is 1.00,1.00,1.00,1.00,1.00,1.00,1.00,1.00,1.00,1.00
Elapsed time = 17519.68801572944
self.train_number :[700, 701, 296, 297, 297, 297, 199, 197, 201, 200]
client_acc :0.18,0.23,0.28,0.23,0.25,0.27,0.10,0.10,0.10,0.10
cluster_acc :0.41,0.41,0.41,0.41,0.41,0.41,0.41,0.41,0.41,0.41
sum_round_time :152.43,152.43,509.07,509.07,509.07,509.07,863.43,863.43,863.43,863.43
sum_down ：1399.58,1420.75,2800.11,2507.73,2769.12,2475.62,4327.69,4348.71,4357.71,4349.91
sum_train ：44.98,45.04,19.14,19.22,19.36,19.35,12.89,12.91,12.88,13.24
sum_upload ：4979.87,4979.46,7115.06,7120.74,7135.85,7158.02,12131.98,11991.06,12135.66,11999.41
sum_merge ：16.32
700
700
700
700
700
701
701
701
701
701
701
702
702
702
703
703
703
703
704
704
704
704
704
705
705
705
705
706
706
707
707
707
707
708
708
708
708
709
709
710
710
710
710
710
710
711
711
712
712
712
712
713
713
713
713
714
714
714
714
715
715
715
715
716
716
717
717
717
718
718
719
719
719
719
720
720
720
720
721
721
721
721
722
723
723
723
724
724
724
725
725
725
726
726
726
727
727
727
727
728
728
728
729
730
730
730
731
731
731
731
732
732
732
732
732
732
733
733
733
734
734
734
734
735
735
735
735
735
735
735
736
736
736
736
737
737
737
737
738
738
738
738
739
739
739
739
740
740
741
741
741
741
741
742
742
743
743
744
744
745
745
745
746
746
746
746
747
747
747
747
748
748
748
749
749
749
750
Round #750 (Experiment = PIF_CIFAR10_[1.0, 0.3, 0.1]1.0__asyn__recover_con_fedasyn_niid__n__50_____ft_esc).
fed_avg Loss/acc (at round #750) = 2.4036498069763184/0.4281   Loss/acc=2.4036498069763184/0.4281
the density is 1.00,1.00,1.00,1.00,1.00,1.00,1.00,1.00,1.00,1.00
Elapsed time = 18711.639741978805
self.train_number :[750, 751, 315, 317, 316, 317, 213, 210, 215, 213]
client_acc :0.18,0.33,0.28,0.23,0.25,0.27,0.10,0.10,0.10,0.10
cluster_acc :0.43,0.43,0.43,0.43,0.43,0.43,0.43,0.43,0.43,0.43
sum_round_time :169.12,169.12,663.59,587.53,665.59,587.53,855.57,937.70,831.14,905.60
sum_down ：1497.61,1518.33,2987.07,2797.80,3052.76,2696.72,4606.12,4612.34,4637.79,4616.28
sum_train ：48.31,48.46,20.45,20.60,20.66,20.78,13.83,13.78,13.79,14.11
sum_upload ：5335.99,5334.32,7575.21,7602.05,7595.64,7642.72,12995.28,12752.51,12916.53,12813.36
sum_merge ：17.58
750
750
750
750
751
751
751
751
752
752
752
752
753
753
753
753
754
754
754
755
755
756
756
756
756
756
756
757
757
757
757
758
758
758
758
759
759
759
759
760
760
760
761
761
761
761
762
762
762
763
763
763
763
764
764
764
764
765
765
766
766
766
766
767
767
767
768
768
768
768
769
769
769
770
770
770
771
771
771
771
772
772
773
773
773
774
774
774
775
775
775
775
776
776
776
776
777
777
778
778
778
779
779
779
779
779
780
780
780
780
781
781
781
781
782
782
782
782
782
783
783
783
783
784
784
784
785
785
785
785
786
786
787
787
787
787
788
788
789
789
789
790
790
790
791
791
792
792
792
792
792
793
793
794
794
794
795
795
795
795
795
796
796
796
796
796
797
797
797
797
797
797
798
798
798
799
799
799
799
800
Round #800 (Experiment = PIF_CIFAR10_[1.0, 0.3, 0.1]1.0__asyn__recover_con_fedasyn_niid__n__50_____ft_esc).
fed_avg Loss/acc (at round #800) = 2.3653677254915237/0.4371   Loss/acc=2.3653677254915237/0.4371
the density is 1.00,1.00,1.00,1.00,1.00,1.00,1.00,1.00,1.00,1.00
Elapsed time = 20043.458999104118
self.train_number :[800, 801, 338, 340, 339, 340, 228, 224, 230, 228]
client_acc :0.22,0.33,0.28,0.23,0.25,0.27,0.10,0.10,0.10,0.10
cluster_acc :0.44,0.44,0.44,0.44,0.44,0.44,0.44,0.44,0.44,0.44
sum_round_time :225.39,225.39,567.51,567.51,567.51,567.51,878.73,878.73,878.73,878.73
sum_down ：1616.12,1616.21,3120.95,2937.74,3189.10,2832.42,4934.27,4921.66,4967.65,4947.42
sum_train ：51.20,51.37,21.86,21.94,22.01,22.15,14.72,14.59,14.66,14.97
sum_upload ：5690.13,5692.38,8114.98,8136.94,8125.52,8174.06,13889.66,13704.48,13891.39,13688.72
sum_merge ：18.54
800
800
801
801
801
801
802
802
802
802
803
803
803
804
804
804
804
805
805
805
806
806
806
806
807
807
807
807
808
808
808
808
809
809
809
809
810
810
810
811
811
811
811
812
812
812
812
812
813
813
813
814
814
814
814
815
815
816
816
816
817
817
817
817
817
818
818
818
818
819
819
820
820
820
820
821
821
821
822
822
822
823
823
823
823
824
824
824
824
824
825
825
825
826
826
827
827
827
827
827
828
828
828
828
829
829
830
830
830
830
831
831
831
831
832
832
832
832
832
833
833
833
833
834
834
834
834
835
835
835
835
835
836
836
836
836
836
837
837
837
837
838
838
838
838
839
839
839
839
840
840
840
840
841
841
842
842
842
842
842
842
842
843
843
843
843
844
844
844
845
845
846
846
846
846
847
847
847
847
848
848
848
848
849
849
849
849
850
Round #850 (Experiment = PIF_CIFAR10_[1.0, 0.3, 0.1]1.0__asyn__recover_con_fedasyn_niid__n__50_____ft_esc).
fed_avg Loss/acc (at round #850) = 2.316418081521988/0.4566   Loss/acc=2.316418081521988/0.4566
the density is 1.00,1.00,1.00,1.00,1.00,1.00,1.00,1.00,1.00,1.00
Elapsed time = 21402.59242037805
self.train_number :[850, 851, 363, 365, 364, 365, 243, 239, 245, 243]
client_acc :0.22,0.33,0.28,0.23,0.25,0.27,0.10,0.10,0.10,0.10
cluster_acc :0.46,0.46,0.46,0.46,0.46,0.46,0.46,0.46,0.46,0.46
sum_round_time :248.05,248.05,561.14,561.14,561.14,561.14,802.83,802.83,802.83,802.83
sum_down ：1713.93,1714.19,3264.82,3084.67,3345.49,2989.88,5270.42,5259.91,5304.91,5290.35
sum_train ：54.54,54.96,23.57,23.69,23.78,23.86,15.80,15.54,15.67,15.98
sum_upload ：6045.20,6050.06,8721.69,8740.37,8729.82,8775.16,14823.46,14644.78,14849.68,14630.49
sum_merge ：20.11
850
850
850
850
851
851
851
851
852
852
852
853
853
854
854
854
854
855
855
855
855
855
856
856
857
857
857
857
857
858
858
859
859
860
860
861
861
861
862
862
862
862
863
863
863
864
864
864
864
865
865
866
866
866
866
867
867
867
867
868
868
868
868
869
869
869
869
870
870
870
870
870
871
871
871
871
872
872
872
872
873
873
873
873
873
874
874
875
875
875
875
876
876
876
876
877
877
877
877
878
878
878
879
879
879
879
880
880
880
880
881
881
881
881
882
882
883
884
884
884
884
885
885
885
885
886
886
887
888
888
888
889
889
889
890
890
891
891
891
891
892
892
892
892
893
893
893
893
893
894
894
894
894
895
895
895
895
896
896
896
897
897
897
898
898
898
898
898
899
899
899
899
900
Round #900 (Experiment = PIF_CIFAR10_[1.0, 0.3, 0.1]1.0__asyn__recover_con_fedasyn_niid__n__50_____ft_esc).
fed_avg Loss/acc (at round #900) = 2.3111001700162888/0.4471   Loss/acc=2.3111001700162888/0.4471
the density is 1.00,1.00,1.00,1.00,1.00,1.00,1.00,1.00,1.00,1.00
Elapsed time = 22881.32534303647
self.train_number :[900, 901, 385, 386, 385, 387, 260, 256, 261, 259]
client_acc :0.22,0.33,0.28,0.23,0.25,0.27,0.32,0.28,0.38,0.34
cluster_acc :0.45,0.45,0.45,0.45,0.45,0.45,0.45,0.45,0.45,0.45
sum_round_time :402.91,402.91,756.45,756.45,756.45,756.45,852.81,852.81,959.06,959.06
sum_down ：1811.10,1811.42,3442.54,3267.64,3529.92,3132.77,5628.10,5623.50,5647.84,5627.69
sum_train ：57.69,58.03,24.96,24.95,25.09,25.20,16.88,16.67,17.00,17.02
sum_upload ：6399.04,6409.32,9252.55,9270.75,9269.05,9307.27,15884.85,15696.33,15863.57,15638.92
sum_merge ：21.26
statu 11: client 0 EarlyStopping counter: 1 out of 20, best score is 0.4566, current score is 0.4471
900
900
900
901
901
902
902
902
902
903
903
903
904
904
904
905
905
905
905
906
906
906
906
907
907
907
907
908
908
908
909
909
909
909
909
910
910
910
910
911
911
911
912
912
912
913
913
913
913
913
914
914
914
914
915
915
915
916
916
916
917
917
917
917
918
918
918
918
918
919
919
920
920
920
921
921
921
921
922
922
922
922
923
923
923
924
924
925
925
925
925
926
926
926
926
927
927
928
928
928
928
929
929
929
929
929
930
930
930
930
931
931
931
931
932
932
933
933
933
933
934
934
934
935
935
936
936
936
936
937
937
937
938
938
938
938
939
939
939
939
940
940
940
940
941
941
942
942
942
942
943
943
943
943
944
944
945
945
945
945
945
946
946
947
947
947
947
948
948
948
949
949
950
Round #950 (Experiment = PIF_CIFAR10_[1.0, 0.3, 0.1]1.0__asyn__recover_con_fedasyn_niid__n__50_____ft_esc).
fed_avg Loss/acc (at round #950) = 2.2131863832473755/0.4818   Loss/acc=2.2131863832473755/0.4818
the density is 1.00,1.00,1.00,1.00,1.00,1.00,1.00,1.00,1.00,1.00
Elapsed time = 24245.291628607236
self.train_number :[950, 952, 406, 407, 406, 408, 276, 272, 277, 275]
client_acc :0.22,0.33,0.28,0.23,0.25,0.27,0.32,0.28,0.38,0.34
cluster_acc :0.48,0.48,0.48,0.48,0.48,0.48,0.48,0.48,0.48,0.48
sum_round_time :190.20,190.20,672.05,672.05,672.05,672.05,858.32,858.32,858.32,858.32
sum_down ：1966.71,1910.77,3620.08,3451.47,3717.28,3257.22,5963.71,5957.41,5982.53,5955.35
sum_train ：60.96,61.39,26.35,26.37,26.54,26.59,17.96,17.70,18.08,18.20
sum_upload ：6755.88,6773.14,9786.37,9798.71,9794.94,9839.43,16836.70,16645.04,16849.90,16590.84
sum_merge ：22.56
950
950
950
950
951
951
951
951
952
952
953
953
953
953
954
954
954
954
955
955
955
955
956
956
956
956
957
957
958
958
958
958
959
959
959
960
960
961
961
961
961
962
962
962
962
963
963
963
963
964
964
964
964
965
965
965
965
966
966
966
966
967
967
967
967
968
968
968
968
969
969
969
970
970
970
971
971
971
971
972
972
972
972
973
973
973
974
974
974
974
975
975
975
976
976
976
976
977
977
977
977
977
978
978
979
979
979
980
980
981
981
982
983
983
983
983
984
984
984
985
986
986
986
986
987
987
987
987
988
988
988
988
989
989
989
989
990
990
991
991
991
991
992
992
992
992
993
993
993
994
994
994
994
995
995
995
995
996
996
996
996
997
997
998
998
998
999
999
999
999
1000
Round #1000 (Experiment = PIF_CIFAR10_[1.0, 0.3, 0.1]1.0__asyn__recover_con_fedasyn_niid__n__50_____ft_esc).
fed_avg Loss/acc (at round #1000) = 2.215611234307289/0.4738   Loss/acc=2.215611234307289/0.4738
the density is 1.00,1.00,1.00,1.00,1.00,1.00,1.00,1.00,1.00,1.00
Elapsed time = 25648.032994530247
self.train_number :[1000, 1002, 427, 428, 427, 429, 292, 288, 292, 292]
client_acc :0.22,0.44,0.28,0.23,0.25,0.27,0.32,0.28,0.38,0.34
cluster_acc :0.47,0.47,0.47,0.47,0.47,0.47,0.47,0.47,0.47,0.47
sum_round_time :340.87,340.87,780.66,780.66,780.66,780.66,865.48,970.58,970.58,865.48
sum_down ：2063.96,2008.31,3736.33,3572.81,3841.49,3373.48,6298.33,6294.82,6298.05,6311.15
sum_train ：64.16,64.53,27.66,27.68,27.88,27.90,18.95,18.67,19.00,19.30
sum_upload ：7114.12,7127.70,10276.72,10283.84,10281.56,10321.64,17780.45,17547.76,17756.66,17573.82
sum_merge ：23.74
statu 11: client 0 EarlyStopping counter: 1 out of 20, best score is 0.4818, current score is 0.4738
1000
1000
1001
1001
1001
1001
1002
1002
1002
1002
1003
1003
1004
1004
1005
1005
1005
1005
1006
1006
1006
1006
1006
1007
1007
1007
1007
1008
1008
1008
1008
1009
1009
1010
1010
1010
1010
1011
1011
1011
1011
1012
1012
1012
1013
1013
1013
1013
1014
1014
1014
1015
1015
1015
1015
1016
1016
1016
1016
1017
1017
1018
1018
1018
1018
1019
1019
1020
1020
1021
1021
1022
1022
1022
1023
1023
1023
1024
1024
1024
1025
1025
1025
1025
1026
1026
1026
1026
1027
1027
1027
1028
1028
1029
1029
1029
1029
1029
1030
1030
1030
1030
1031
1031
1031
1032
1032
1033
1033
1034
1034
1034
1035
1035
1035
1035
1035
1036
1036
1036
1037
1038
1038
1038
1038
1039
1039
1039
1039
1040
1040
1041
1041
1041
1042
1042
1042
1042
1043
1043
1043
1043
1044
1044
1044
1044
1045
1045
1045
1046
1046
1046
1047
1047
1047
1047
1048
1048
1048
1048
1049
1049
1050
Round #1050 (Experiment = PIF_CIFAR10_[1.0, 0.3, 0.1]1.0__asyn__recover_con_fedasyn_niid__n__50_____ft_esc).
fed_avg Loss/acc (at round #1050) = 2.1456247568130493/0.501   Loss/acc=2.1456247568130493/0.501
the density is 1.00,1.00,1.00,1.00,1.00,1.00,1.00,1.00,1.00,1.00
Elapsed time = 26925.384709727154
self.train_number :[1050, 1052, 447, 448, 446, 449, 306, 302, 306, 306]
client_acc :0.35,0.44,0.28,0.23,0.25,0.27,0.32,0.28,0.38,0.34
cluster_acc :0.50,0.50,0.50,0.50,0.50,0.50,0.50,0.50,0.50,0.50
sum_round_time :252.34,252.34,603.39,603.39,613.38,603.39,862.68,862.68,862.68,862.68
sum_down ：2161.14,2105.86,3918.11,3747.64,3947.56,3549.22,6605.13,6605.14,6607.79,6614.85
sum_train ：67.32,67.65,28.88,28.91,29.02,29.16,19.92,19.67,19.99,20.15
sum_upload ：7471.70,7481.13,10776.92,10789.93,10773.40,10826.41,18672.63,18454.27,18664.92,18484.07
sum_merge ：24.81
1050
1050
1050
1050
1051
1051
1051
1051
1052
1052
1052
1053
1053
1053
1053
1053
1054
1054
1054
1054
1055
1055
1055
1055
1056
1056
1056
1056
1057
1057
1057
1057
1058
1058
1059
1059
1060
1060
1060
1060
1061
1061
1061
1061
1062
1062
1062
1062
1063
1063
1063
1063
1063
1064
1064
1065
1065
1065
1065
1065
1066
1066
1066
1066
1067
1067
1067
1067
1067
1068
1068
1068
1069
1069
1069
1069
1069
1069
1070
1070
1070
1070
1071
1071
1071
1071
1072
1072
1072
1073
1073
1073
1073
1073
1074
1074
1074
1075
1075
1075
1075
1076
1076
1076
1077
1077
1078
1078
1078
1078
1079
1079
1079
1079
1080
1080
1081
1081
1081
1081
1081
1082
1082
1083
1083
1083
1084
1084
1085
1085
1085
1085
1086
1086
1086
1086
1087
1087
1088
1088
1088
1088
1089
1089
1089
1089
1090
1090
1091
1091
1091
1091
1091
1092
1092
1092
1092
1093
1093
1093
1093
1094
1094
1094
1094
1095
1095
1095
1095
1095
1096
1096
1096
1096
1097
1097
1097
1097
1098
1098
1098
1098
1098
1099
1099
1099
1100
Round #1100 (Experiment = PIF_CIFAR10_[1.0, 0.3, 0.1]1.0__asyn__recover_con_fedasyn_niid__n__50_____ft_esc).
fed_avg Loss/acc (at round #1100) = 2.2388070970773697/0.4625   Loss/acc=2.2388070970773697/0.4625
the density is 1.00,1.00,1.00,1.00,1.00,1.00,1.00,1.00,1.00,1.00
Elapsed time = 28111.59699322165
self.train_number :[1100, 1102, 469, 470, 468, 471, 320, 316, 320, 320]
client_acc :0.35,0.44,0.28,0.23,0.25,0.27,0.32,0.28,0.38,0.34
cluster_acc :0.46,0.46,0.46,0.46,0.46,0.46,0.46,0.46,0.46,0.46
sum_round_time :307.50,307.50,618.65,619.67,617.63,617.63,852.08,852.08,852.08,852.08
sum_down ：2258.72,2202.85,4056.09,3897.45,4100.73,3688.84,6908.26,6910.94,6912.68,6917.86
sum_train ：70.67,70.92,30.32,30.31,30.54,30.58,20.88,20.60,20.89,21.06
sum_upload ：7827.59,7840.99,11278.11,11291.13,11268.50,11330.51,19451.56,19249.73,19435.77,19263.08
sum_merge ：26.16
statu 11: client 0 EarlyStopping counter: 1 out of 20, best score is 0.501, current score is 0.4625
1100
1100
1101
1101
1101
1102
1102
1102
1103
1103
1103
1103
1104
1104
1104
1104
1105
1105
1105
1106
1106
1106
1107
1107
1107
1108
1108
1108
1108
1109
1109
1110
1110
1111
1111
1111
1111
1112
1112
1112
1112
1113
1113
1114
1114
1114
1115
1115
1116
1116
1117
1117
1117
1117
1117
1118
1118
1118
1119
1119
1119
1120
1120
1120
1120
1120
1120
1121
1121
1121
1122
1122
1123
1123
1124
1124
1124
1125
1125
1125
1126
1126
1127
1127
1127
1127
1127
1128
1128
1128
1129
1129
1129
1129
1129
1130
1130
1130
1130
1130
1131
1131
1131
1132
1132
1132
1132
1133
1133
1133
1133
1134
1134
1135
1135
1135
1135
1135
1136
1136
1136
1136
1137
1137
1137
1137
1138
1138
1138
1138
1138
1139
1139
1139
1139
1140
1140
1140
1140
1141
1141
1141
1141
1142
1142
1142
1142
1143
1143
1143
1143
1144
1144
1144
1144
1145
1145
1145
1146
1146
1146
1147
1147
1148
1148
1148
1148
1149
1149
1149
1150
Round #1150 (Experiment = PIF_CIFAR10_[1.0, 0.3, 0.1]1.0__asyn__recover_con_fedasyn_niid__n__50_____ft_esc).
fed_avg Loss/acc (at round #1150) = 2.1112846583127975/0.5096   Loss/acc=2.1112846583127975/0.5096
the density is 1.00,1.00,1.00,1.00,1.00,1.00,1.00,1.00,1.00,1.00
Elapsed time = 29320.319926746834
self.train_number :[1150, 1152, 487, 488, 486, 489, 334, 329, 333, 334]
client_acc :0.35,0.44,0.28,0.23,0.25,0.27,0.32,0.28,0.38,0.34
cluster_acc :0.51,0.51,0.51,0.51,0.51,0.51,0.51,0.51,0.51,0.51
sum_round_time :357.18,357.18,759.93,759.93,759.93,759.93,801.12,890.23,890.23,801.12
sum_down ：2355.91,2300.26,4243.57,4084.30,4226.25,3806.79,7192.15,7175.36,7177.29,7198.74
sum_train ：74.13,74.23,31.44,31.57,31.81,31.85,21.89,21.57,21.86,22.21
sum_upload ：8184.13,8196.98,11740.09,11745.07,11722.46,11781.60,20335.98,20145.33,20319.35,20159.33
sum_merge ：27.64
1150
1150
1150
1151
1151
1151
1151
1152
1152
1153
1153
1153
1153
1154
1154
1155
1155
1155
1156
1156
1156
1156
1157
1157
1158
1158
1158
1158
1158
1158
1159
1159
1159
1160
1160
1161
1161
1161
1161
1161
1162
1162
1162
1162
1162
1163
1163
1164
1164
1164
1164
1165
1165
1165
1165
1165
1166
1166
1166
1167
1167
1167
1167
1168
1168
1168
1168
1169
1169
1170
1170
1170
1170
1171
1171
1172
1172
1172
1173
1173
1173
1173
1174
1174
1174
1175
1175
1176
1176
1176
1176
1176
1176
1176
1177
1177
1177
1178
1178
1178
1179
1179
1179
1179
1180
1180
1181
1181
1181
1182
1182
1183
1183
1184
1184
1184
1185
1185
1186
1187
1187
1187
1187
1188
1188
1188
1188
1189
1189
1189
1189
1190
1190
1190
1190
1191
1191
1191
1191
1191
1192
1192
1192
1192
1193
1193
1194
1194
1194
1194
1195
1195
1195
1195
1196
1196
1196
1197
1197
1197
1197
1198
1198
1198
1198
1199
1199
1199
1199
1200
Round #1200 (Experiment = PIF_CIFAR10_[1.0, 0.3, 0.1]1.0__asyn__recover_con_fedasyn_niid__n__50_____ft_esc).
fed_avg Loss/acc (at round #1200) = 2.1071001142263412/0.5062   Loss/acc=2.1071001142263412/0.5062
the density is 1.00,1.00,1.00,1.00,1.00,1.00,1.00,1.00,1.00,1.00
Elapsed time = 30303.321337254314
self.train_number :[1200, 1202, 508, 509, 507, 510, 345, 341, 344, 346]
client_acc :0.35,0.44,0.40,0.34,0.32,0.38,0.32,0.28,0.38,0.34
cluster_acc :0.51,0.51,0.51,0.51,0.51,0.51,0.51,0.51,0.51,0.51
sum_round_time :278.26,278.26,460.24,459.21,460.24,459.21,967.42,823.71,967.42,823.71
sum_down ：2454.58,2397.81,4373.37,4210.10,4361.02,3939.69,7415.64,7416.26,7412.48,7447.09
sum_train ：77.47,77.52,32.77,32.94,33.22,33.31,22.56,22.30,22.51,22.96
sum_upload ：8543.73,8555.19,12217.48,12223.74,12203.70,12260.47,20967.13,20789.69,20962.71,20824.69
sum_merge ：28.78
statu 11: client 0 EarlyStopping counter: 1 out of 20, best score is 0.5096, current score is 0.5062
1200
1200
1201
1201
1202
1202
1202
1202
1203
1203
1203
1203
1204
1204
1204
1205
1206
1206
1206
1207
1207
1207
1207
1208
1208
1208
1209
1209
1209
1210
1210
1210
1210
1211
1211
1211
1211
1212
1212
1212
1213
1213
1213
1214
1214
1214
1215
1215
1216
1216
1216
1216
1216
1217
1217
1218
1218
1218
1218
1219
1219
1219
1219
1219
1220
1220
1221
1221
1221
1221
1222
1222
1222
1222
1223
1223
1224
1224
1224
1224
1224
1225
1225
1226
1226
1226
1227
1227
1227
1227
1228
1228
1228
1228
1228
1229
1229
1230
1230
1230
1231
1231
1231
1232
1232
1232
1232
1233
1233
1234
1234
1234
1235
1235
1235
1235
1236
1236
1236
1236
1236
1237
1237
1238
1238
1238
1239
1239
1240
1240
1240
1241
1241
1241
1242
1242
1242
1242
1243
1243
1243
1243
1243
1244
1244
1244
1245
1245
1245
1245
1245
1246
1246
1246
1246
1247
1247
1247
1248
1248
1249
1249
1249
1249
1250
Round #1250 (Experiment = PIF_CIFAR10_[1.0, 0.3, 0.1]1.0__asyn__recover_con_fedasyn_niid__n__50_____ft_esc).
fed_avg Loss/acc (at round #1250) = 2.078244149684906/0.5168   Loss/acc=2.078244149684906/0.5168
the density is 1.00,1.00,1.00,1.00,1.00,1.00,1.00,1.00,1.00,1.00
Elapsed time = 31337.974873608156
self.train_number :[1250, 1253, 529, 530, 528, 531, 356, 352, 355, 357]
client_acc :0.35,0.39,0.40,0.34,0.32,0.38,0.32,0.28,0.38,0.34
cluster_acc :0.52,0.52,0.52,0.52,0.52,0.52,0.52,0.52,0.52,0.52
sum_round_time :304.00,304.00,494.18,494.18,494.18,494.18,873.95,873.95,873.95,873.95
sum_down ：2577.13,2497.36,4545.26,4382.54,4538.43,4060.13,7649.27,7649.07,7644.25,7683.10
sum_train ：80.99,81.01,34.37,34.37,34.62,34.72,23.31,23.06,23.26,23.72
sum_upload ：8900.57,8918.26,12729.69,12726.62,12708.02,12764.04,21670.66,21509.05,21692.10,21555.06
sum_merge ：30.24
statu 11: client 2 EarlyStopping counter: 1 out of 10, best score is 0.4405, current score is 0.3897
1250
1250
1250
1251
1251
1251
1252
1252
1252
1252
1252
1252
1253
1253
1253
1253
1253
1254
1254
1254
1254
1255
1255
1256
1256
1257
1257
1257
1258
1258
1258
1258
1259
1259
1259
1260
1260
1260
1260
1261
1261
1262
1262
1262
1262
1262
1263
1263
1264
1264
1264
1265
1265
1265
1265
1265
1265
1266
1266
1266
1267
1267
1268
1268
1268
1268
1268
1268
1269
1269
1270
1270
1271
1272
1272
1272
1272
1273
1273
1273
1273
1274
1274
1274
1274
1275
1275
1275
1275
1276
1276
1277
1277
1277
1277
1278
1278
1278
1278
1279
1279
1279
1279
1279
1280
1280
1280
1281
1281
1281
1282
1282
1282
1282
1282
1282
1283
1283
1284
1284
1284
1284
1284
1285
1285
1285
1286
1286
1287
1287
1287
1287
1287
1288
1288
1288
1288
1289
1289
1289
1290
1290
1291
1291
1291
1291
1292
1292
1292
1292
1292
1293
1293
1293
1293
1294
1294
1294
1295
1295
1295
1295
1296
1296
1296
1297
1297
1297
1297
1297
1298
1298
1299
1299
1300
Round #1300 (Experiment = PIF_CIFAR10_[1.0, 0.3, 0.1]1.0__asyn__recover_con_fedasyn_niid__n__50_____ft_esc).
fed_avg Loss/acc (at round #1300) = 2.03408645093441/0.5268   Loss/acc=2.03408645093441/0.5268
the density is 1.00,1.00,1.00,1.00,1.00,1.00,1.00,1.00,1.00,1.00
Elapsed time = 32421.470476403134
self.train_number :[1300, 1303, 548, 549, 547, 550, 369, 365, 368, 370]
client_acc :0.36,0.39,0.40,0.34,0.32,0.38,0.32,0.28,0.38,0.34
cluster_acc :0.53,0.53,0.53,0.53,0.53,0.53,0.53,0.53,0.53,0.53
sum_round_time :203.00,203.00,540.11,540.11,542.16,540.11,885.55,885.55,885.55,885.55
sum_down ：2674.65,2595.44,4665.03,4505.94,4661.99,4176.32,7904.89,7912.97,7902.23,7946.57
sum_train ：84.40,84.32,35.68,35.66,35.95,36.04,24.21,24.04,24.24,24.72
sum_upload ：9263.26,9281.73,13205.87,13201.69,13179.66,13236.92,22439.52,22289.00,22485.18,22329.76
sum_merge ：31.60
1300
1301
1301
1301
1302
1302
1302
1303
1303
1303
1304
1304
1304
1305
1305
1305
1306
1306
1306
1306
1307
1307
1307
1308
1308
1308
1308
1309
1309
1309
1310
1310
1310
1311
1311
1311
1311
1312
1312
1312
1312
1313
1313
1314
1314
1314
1314
1315
1315
1315
1316
1316
1317
1317
1317
1317
1317
1318
1318
1318
1318
1319
1319
1319
1319
1320
1320
1320
1321
1321
1321
1322
1322
1322
1322
1323
1323
1323
1323
1324
1324
1324
1325
1325
1325
1325
1325
1326
1326
1326
1326
1327
1327
1327
1327
1328
1328
1329
1329
1329
1329
1330
1330
1331
1331
1331
1331
1332
1332
1332
1333
1333
1333
1334
1334
1334
1335
1335
1335
1336
1336
1336
1337
1337
1338
1338
1338
1339
1339
1339
1340
1340
1340
1341
1341
1341
1341
1341
1342
1342
1342
1343
1343
1343
1343
1343
1344
1344
1344
1344
1345
1345
1345
1345
1346
1346
1346
1346
1347
1347
1347
1348
1348
1348
1348
1348
1349
1349
1349
1349
1350
Round #1350 (Experiment = PIF_CIFAR10_[1.0, 0.3, 0.1]1.0__asyn__recover_con_fedasyn_niid__n__50_____ft_esc).
fed_avg Loss/acc (at round #1350) = 2.0275713205337524/0.5269   Loss/acc=2.0275713205337524/0.5269
the density is 1.00,1.00,1.00,1.00,1.00,1.00,1.00,1.00,1.00,1.00
Elapsed time = 33619.412517098164
self.train_number :[1350, 1354, 570, 571, 569, 572, 382, 379, 381, 384]
client_acc :0.36,0.39,0.40,0.34,0.32,0.38,0.32,0.28,0.38,0.34
cluster_acc :0.53,0.53,0.53,0.53,0.53,0.53,0.53,0.53,0.53,0.53
sum_round_time :237.96,237.96,503.21,503.21,503.21,503.21,933.20,857.69,933.20,857.69
sum_down ：2827.30,2694.83,4977.06,4705.82,4847.85,4485.76,8179.18,8202.50,8193.30,8233.95
sum_train ：87.58,87.48,37.13,37.06,37.37,37.40,25.04,24.92,25.08,25.59
sum_upload ：9611.58,9637.55,13699.68,13693.29,13681.93,13730.44,23264.47,23110.65,23304.78,23147.10
sum_merge ：32.68
1350
1350
1350
1351
1351
1352
1352
1352
1352
1352
1353
1353
1353
1353
1353
1354
1354
1354
1354
1355
1355
1356
1356
1356
1356
1356
1357
1357
1357
1358
1358
1359
1359
1359
1359
1359
1359
1360
1360
1360
1360
1361
1361
1361
1361
1362
1362
1362
1362
1363
1363
1363
1363
1363
1364
1364
1365
1365
1366
1367
1367
1367
1367
1368
1368
1368
1368
1369
1369
1369
1370
1370
1370
1371
1371Round #2000 (Experiment = PIF_CIFAR10_[1.0, 0.3, 0.1]1.0__recover_con_sub_fed_avg_niid__n__50_____ft_esc).
fed_avg Loss/acc (at round #2000) = 0.9210901483893394/0.8132   Loss/acc=0.9210901483893394/0.8132
the density is 1.00,1.00,1.00,1.00,1.00,1.00,1.00,1.00,1.00,1.00
Elapsed time = 158942.2924150425
self.train_number :[2001, 2001, 2001, 2001, 2001, 2001, 2001, 2001, 2001, 2001]
client_acc :0.76,0.73,0.72,0.75,0.75,0.74,0.72,0.77,0.75,0.74
cluster_acc :0.81,0.81,0.81,0.81,0.81,0.81,0.81,0.81,0.81,0.Round #1400 (Experiment = PIF_CIFAR10_[1.0, 0.3, 0.1]1.0__asyn__recover_con_fedasyn_niid__n__50_____ft_esc).
fed_avg Loss/acc (at round #1400) = 1.9916259795427322/0.5373   Loss/acc=1.9916259795427322/0.5373
the density is 1.00,1.00,1.00,1.00,1.00,1.00,1.00,1.00,1.00,1.00
Elapsed time = 34807.35513531051
self.train_number :[1400, 1404, 589, 590, 588, 591, 396, 393, 395, 398]
client_acc :0.36,0.39,0.40,0.34,0.32,0.38,0.32,0.28,0.38,0.34
cluster_acc :0.54,0.54,0.54,0.54,0.54,0.54,0.54,0.54,0.54,0.54
sum_round_time :248.10,248.10,791.03,791.03,791.03,791.03,848.18,848.18,848.18,848.18
sum_down ：2924.68,2792.68,5104.88,4939.51,5065.03,4703.0Round #2050 (Experiment = PIF_CIFAR10_[1.0, 0.3, 0.1]1.0__recover_con_sub_fed_avg_niid__n__50_____ft_esc).
fed_avg Loss/acc (at round #2050) = 0.9231698215007782/0.8134   Loss/acc=0.9231698215007782/0.8134
the density is 1.00,1.00,1.00,1.00,1.00,1.00,1.00,1.00,1.00,1.00
Elapsed time = 162900.90454168266
self.train_number :[2051, 2051, 2051, 2051, 2051, 2051, 2051, 2051, 2051, 2051]
client_acc :0.76,0.73,0.72,0.75,0.75,0.74,0.72,0.77,0.75,0.74
cluster_acc :0.81,0.81,0.81,0.81,0.81,0.81,0.81,0.81,0.81,0.81
sum_round_time :88.49,91.13,297.86,297.04,293.02,312.52,749.86,742.42,741.46,755.38
sum_down ：4022.90,4026.55,12615.65,12649.35,12590.80,12627.30,31504.05,31543.80,31524.85,31507.55
sum_train ：137.27,137.19,137.55,140.59,138.37,137.70,140.00,137.50,138.78,142.30
sum_upload ：14640.62,14635.68,48946.45,48886.89,48807.34,48899.94,122132.14,122137.52,121776.25,122237.18
sum_merge ：87.22
2051
2052
2053
2054
2055
2056
2057
2058
2059
2060
2061
2062
2063
2064
2065
2066
2067
2068
2069
2070
2071
2072
2073
2074
2075
2076
2077
2078
2079
2080
2081
2082
2083
2084
2085
2086
2087
2088Round #1450 (Experiment = PIF_CIFAR10_[1.0, 0.3, 0.1]1.0__asyRound #2100 (Experiment = PIF_CIFAR10_[1.0, 0.3, 0.1]1.0__recover_con_sub_fed_avg_niid__n__50_____ft_esc).
fed_avg Loss/acc (at round #2100) = 0.9061176478862762/0.8186   Loss/acc=0.9061176478862762/0.8186
the density is 1.00,1.00,1.00,1.00,1.00,1.00,1.00,1.00,1.00,1.00
Elapsed time = 166848.33816710237
self.train_number :[2101, 2101, 2101, 2101, 2101, 2101, 2101, 2101, 2101, 2101]
client_acc :0.76,0.73,0.72,0.75,0.75,0.74,0.72,0.77,0.75,0.74
cluster_acc :0.82,0.82,0.82,0.82,0.82,0.82,0.82,0.82,0.82,0.82
sum_round_time :92.58,90.42,306.14,305.63,297.14,297.72,761.51,714.91,737.13,751.20
sum_down ：4120.30,4124.70,12924.35,12946.45,12893.45,12938.05,32276.05,32310.35,32308.35,32272.50
sum_train ：140.57,140.46,140.79,143.91,141.55,140.95,143.18,140.70,141.89,145.38
sum_upload ：15001.59,14991.51,50150.22,50075.98,50000.88,50089.21,125114.78,125078.34,124698.02,125195.08
sum_merge ：89.37
2101
2102
2103
2104
2105
2106
2107
2108
2109
2110
2111
2112
2113
2114
2115
2116
2117
2118
2119
2120
2121
2122
2123
2124
2125
2126
2127
2128
2129
2130
2131
2132
2133
2134
2135
2136
2137
2138
2139
2140
2141
2142
2143
2144
2145
2146
2147
2148
2149
2150
Round #2150 (Experiment = PIF_CIFAR10_[1.0, 0.3, 0.1]1.0__recover_con_sub_fed_avg_niid__n__50_____ft_esc).
fed_avg Loss/acc (at round #2150) = 0.9243682250380516/0.8147   Loss/acc=0.9243682250380516/0.8147
the density is 1.00,1.00,1.00,1.00,1.00,1.00,1.00,1.00,1.00,1.00
Elapsed time = 170799.28060790666
self.train_number :[2151, 2151, 2151, 2151, 2151, 2151, 2151, 2151, 2151, 2151]
client_acc :0.76,0.73,0.72,0.75,0.75,0.74,0.72,0.77,0.75,0.74
cluster_acc :0.81,0.81,0.81,0.81,0.81,0.81,0.81,0.81,0.81,0.81
sum_round_time :88.44,92.65,299.36,300.03,309.85,298.21,750.98,725.48,744.81,758.79
sum_down ：4218.05,4221.95,13234.40,13257.20,13202.70,13251.45,33038.35,33072.65,33072.15,33037.75
sum_train ：143.86,143.70,144.08,147.15,144.65,144.06,146.28,143.98,145.24,148.67
sum_upload ：15358.38,15345.93,51318.16,51258.38,51202.97,51255.92,128102.85,128008.85,127659.32,128196.94
sum_merge ：91.16
statu 11: client 0 EarlyStopping counter: 1 out of 20, best score is 0.8186, current score is 0.8147
2151
2152
2153
2154
2155
2156
2157
2158
2159
2160
2161
2162
2163
2164
2165
2166
2167
2168
2169
2170
2171
2172
2173
2174
2175
2176
2177
2178
2179
2180
2181
2182
2183
2184
2185
2186
2187
2188
2189
2190
2191
2192
2193
2194
2195
2196
2197
2198
2199
2200
Round #2200 (Experiment = PIF_CIFAR10_[1.0, 0.3, 0.1]1.0__recover_con_sub_fed_avg_niid__n__50_____ft_esc).
fed_avg Loss/acc (at round #2200) = 0.88218554854393/0.8206   Loss/acc=0.88218554854393/0.8206
the density is 1.00,1.00,1.00,1.00,1.00,1.00,1.00,1.00,1.00,1.00
Elapsed time = 174805.06448392358
self.train_number :[2201, 2201, 2201, 2201, 2201, 2201, 2201, 2201, 2201, 2201]
client_acc :0.76,0.73,0.72,0.75,0.75,0.74,0.72,0.77,0.75,0.74
cluster_acc :0.82,0.82,0.82,0.82,0.82,0.82,0.82,0.82,0.82,0.82
sum_round_time :88.38,90.78,302.51,300.23,302.38,290.76,743.69,769.45,783.15,764.61
sum_down ：4315.10,4320.25,13539.05,13569.15,13510.30,13561.20,33821.70,33828.60,33847.60,33808.75
sum_train ：147.31,146.97,147.48,150.57,148.03,147.42,149.62,147.29,148.56,152.46
sum_upload ：15710.80,15705.76,52523.05,52440.00,52416.98,52423.17,131058.93,131052.69,130670.86,131229.10
sum_merge ：93.71
2201
2202
2203
2204
2205
2206
2207
2208
2209
2210
2211
2212
2213
2214
2215
2216
2217
2218
2219
2220
2221
2222
2223
2224
2225
2226
2227
2228
2229
2230
2231
2232
2233
2234
2235
22Round #1550 (Experiment = PIF_CIFAR10_[1.0, 0.3, 0.1]1.0__asyn__recover_cRound #2250 (Experiment = PIF_CIFAR10_[1.0, 0.3, 0.1]1.0__recover_con_sub_fed_avg_niid__n__50_____ft_esc).
fed_avg Loss/acc (at round #2250) = 0.8781929910182953/0.8249   Loss/acc=0.8781929910182953/0.8249
the density is 1.00,1.00,1.00,1.00,1.00,1.00,1.00,1.00,1.00,1.00
Elapsed time = 178747.69100789024
self.train_number :[2251, 2251, 2251, 2251, 2251, 2251, 2251, 2251, 2251, 2251]
client_acc :0.78,0.72,0.73,0.78,0.77,0.77,0.71,0.80,0.77,0.75
cluster_acc :0.82,0.82,0.82,0.82,0.82,0.82,0.82,0.82,0.82,0.82
sum_round_time :88.47,92.62,294.29,297.84,299.72,292.94,746.00,737.61,723.67,743.78
sum_down ：4413.40,4417.95,13851.95,13880.95,13817.35,13866.50,34598.30,34608.00,34611.00,34556.25
sum_train ：150.72,150.47,150.92,153.85,151.25,150.62,152.85,150.41,151.73,155.74
sum_upload ：16067.67,16068.13,53722.00,53621.79,53592.63,53592.70,134047.99,134007.91,133636.63,134201.44
sum_merge ：95.77
statu 11: client 2 EarlyStopping counter: 1 out of 10, best score is 0.7337, current score is 0.7161
statu 11: client 7 EarlyStopping counter: 1 out of 10, best score is 0.7216, current score is 0.7072
2251
2252
2253
2254
2255
2256
2257
2258
2259
2260
2261
2262
2263
2264
2265
2266
2267
2268
2269
2270
2271
2272
2273
2274
2275
2276
2277
2278
2279
2280
2281
2282
2283
2284
2285
2286
2287
2288
2289
2290
2291
2292
2293
2294
2295
2296
2297
2298
2299
2300
Round #2300 (Experiment = PIF_CIFAR10_[1.0, 0.3, 0.1]1.0__recover_con_sub_fed_avg_niid__n__50_____ft_esc).
fed_avg Loss/acc (at round #2300) = 0.8617668300867081/0.8294   Loss/acc=0.8617668300867081/0.8294
the density is 1.00,1.00,1.00,1.00,1.00,1.00,1.00,1.00,1.00,1.00
Elapsed time = 182730.90614989132
self.train_number :[2301, 2301, 2301, 2301, 2301, 2301, 2301, 2301, 2301, 2301]
client_acc :0.78,0.72,0.73,0.78,0.77,0.77,0.71,0.80,0.77,0.75
cluster_acc :0.83,0.83,0.83,0.83,0.83,0.83,0.83,0.83,0.83,0.83
sum_round_time :90.57,89.96,302.14,297.13,304.92,295.09,764.70,751.49,758.38,775.95
sum_down ：4511.30,4515.80,14154.15,14186.65,14126.30,14174.10,35370.70,35363.60,35378.35,35321.90
sum_train ：154.03,153.72,154.22,157.46,154.88,154.11,156.44,153.97,155.19,159.19
sum_upload ：16418.57,16425.77,54912.93,54803.03,54785.24,54766.03,137029.51,137000.65,136630.07,137203.56
sum_merge ：97.77
2301
2302
2303
2304
2305
2306
2307
2308
2309
2310
2311
2312
2313
2314
2315
2316
2317
2318
2319
2320
2321
2322
2323
2324
2325
2326
2327
2328
2329
2330
2331
2332
2333
2334
2335
2336
2337
2338
2339
2340
2341
2342
2343
2344
2345
2346
2347
2348
2349
2350
Round #2350 (Experiment = PIF_CIFAR10_[1.0, 0.3, 0.1]1.0__recover_con_sub_fed_avg_niid__n__50_____ft_esc).
fed_avg Loss/acc (at round #2350) = 0.8574188649654388/0.8295   Loss/acc=0.8574188649654388/0.8295
the density is 1.00,1.00,1.00,1.00,1.00,1.00,1.00,1.00,1.00,1.00
Elapsed time = 186713.82132888926
self.train_number :[2351, 2351, 2351, 2351, 2351, 2351, 2351, 2351, 2351, 2351]
client_acc :0.78,0.72,0.73,0.78,0.77,0.77,0.71,0.80,0.77,0.75
cluster_acc :0.83,0.83,0.83,0.83,0.83,0.83,0.83,0.83,0.83,0.83
sum_round_time :91.69,92.29,296.88,302.44,294.69,299.76,748.34,768.41,743.99,739.56
sum_down ：4608.85,4613.40,14459.45,14495.80,14432.40,14482.05,36139.80,36123.30,36148.65,36081.60
sum_train ：157.44,157.07,157.64,161.11,158.51,157.65,159.78,157.37,158.62,162.53
sum_upload ：16780.25,16781.68,56099.87,56009.35,55967.35,55966.35,139999.12,139939.38,139603.92,140200.91
sum_merge ：100.06
2351
2352
2353
2354
2355
2356
2357
2358
2359
2360
2361
2362
2363
2364
2365
2366
2367
2368
2369
2370
2371
2372
2373
2374
2375
2376
2377
2378
2379
2380
2381
2382
2383
2384
2385
2386
2387
2388
2389
2390
2391
2392
2393
2394
2395
2396
2397
2398
2399
2400
Round #2400 (Experiment = PIF_CIFAR10_[1.0, 0.3, 0.1]1.0__recover_con_sub_fed_avg_niid__n__50_____ft_esc).
fed_avg Loss/acc (at round #2400) = 0.8443575575947762/0.8322   Loss/acc=0.8443575575947762/0.8322
the density is 1.00,1.00,1.00,1.00,1.00,1.00,1.00,1.00,1.00,1.00
Elapsed time = 190684.60657214114
self.train_number :[2401, 2401, 2401, 2401, 2401, 2401, 2401, 2401, 2401, 2401]
client_acc :0.78,0.72,0.73,0.78,0.77,0.77,0.71,0.80,0.77,0.75
cluster_acc :0.83,0.83,0.83,0.83,0.83,0.83,0.83,0.83,0.83,0.83
sum_round_time :89.15,90.60,297.12,298.78,296.08,305.33,771.28,746.96,764.10,744.70
sum_down ：4707.05,4711.65,14767.45,14798.50,14737.45,14788.40,36926.65,36877.80,36922.25,36857.55
sum_train ：160.46,160.04,160.60,164.02,161.53,160.63,162.78,160.30,161.62,165.57
sum_upload ：17139.72,17138.60,57276.84,57194.37,57141.15,57185.97,143006.56,142903.42,142601.51,143167.32
sum_merge ：101.99
2401
2402
2403
2404
2405
2406
2407
2408
2409
2410
2411
2412
2413
2414
2415
2416
2417
2418
2419
2420
2421
2422
2423
2424
2425
2426
2427
2428
2429
2430
2431
2432
2433
2434
2435
2436
2437
2438
2439
2440
2441
2442
2443
2444
2445
2446
2447
2448
2449
2450
Round #2450 (Experiment = PIF_CIFAR10_[1.0, 0.3, 0.1]1.0__recover_con_sub_fed_avg_niid__n__50_____ft_esc).
fed_avg Loss/acc (at round #2450) = 0.8468152284622192/0.8311   Loss/acc=0.8468152284622192/0.8311
the density is 1.00,1.00,1.00,1.00,1.00,1.00,1.00,1.00,1.00,1.00
Elapsed time = 194643.42757054765
self.train_number :[2451, 2451, 2451, 2451, 2451, 2451, 2451, 2451, 2451, 2451]
client_acc :0.78,0.72,0.73,0.78,0.77,0.77,0.71,0.80,0.77,0.75
cluster_acc :0.83,0.83,0.83,0.83,0.83,0.83,0.83,0.83,0.83,0.83
sum_round_time :90.94,92.10,308.30,306.26,301.21,299.31,760.89,740.54,765.17,776.70
sum_down ：4805.15,4810.00,15076.45,15103.90,15044.40,15097.35,37708.20,37657.90,37688.00,37630.35
sum_train ：163.87,163.37,164.01,167.46,164.90,163.95,166.28,164.01,165.27,168.96
sum_upload ：17499.38,17501.14,58475.52,58384.67,58319.67,58383.40,145990.68,145876.52,145595.71,146143.76
sum_merge ：104.11
statu 11: client 0 EarlyStopping counter: 1 out of 20, best score is 0.8322, current score is 0.8311
2451
2452
2453
2454
2455
2456
2457
2458
2459
2460
2461
2462
2463
2464
2465
2466
2467
2468
2469
2470
2471
2472
2473
2474
2475
2476
2477
2478
2479
2480
2481
2482
2483
2484
2485
2486
2487
2488
2489
2490
2491
2492
2493
2494
2495
2496
2497
2498
2499
2500
Round #2500 (Experiment = PIF_CIFAR10_[1.0, 0.3, 0.1]1.0__recover_con_sub_fed_avg_niid__n__50_____ft_esc).
fed_avg Loss/acc (at round #2500) = 0.8424893617630005/0.8321   Loss/acc=0.8424893617630005/0.8321
the density is 1.00,1.00,1.00,1.00,1.00,1.00,1.00,1.00,1.00,1.00
Elapsed time = 198632.41777954172
self.train_number :[2501, 2501, 2501, 2501, 2501, 2501, 2501, 2501, 2501, 2501]
client_acc :0.80,0.74,0.71,0.80,0.80,0.78,0.74,0.78,0.76,0.76
cluster_acc :0.83,0.83,0.83,0.83,0.83,0.83,0.83,0.83,0.83,0.83
sum_round_time :94.43,91.33,308.74,294.30,297.58,291.12,729.15,751.86,746.59,755.46
sum_down ：4902.75,4907.85,15383.40,15410.60,15349.55,15400.65,38478.50,38415.95,38458.80,38415.45
sum_train ：167.25,166.74,167.39,170.98,168.45,167.52,169.73,167.43,168.77,172.53
sum_upload ：17859.94,17855.28,59662.07,59546.18,59521.74,59565.57,148959.26,148837.27,148626.47,149097.47
sum_merge ：106.41
statu 11: client 0 EarlyStopping counter: 2 out of 20, best score is 0.8322, current score is 0.8321
statu 11: client 3 EarlyStopping counter: 1 out of 10, best score is 0.7321, current score is 0.7079
statu 11: client 8 EarlyStopping counter: 1 out of 10, best score is 0.7987, current score is 0.7775
statu 11: client 9 EarlyStopping counter: 1 out of 10, best score is 0.7717, current score is 0.7552
2501
2502
2503
2504
2505
2506
2507
2508
2509
2510
2511
2512
2513
2514
2515
2516
2517
2518
2519
2520
2521
2522
2523
2524
2525
2526
2527
2528
2529
2530
2531
2532
2533
2534
2535
2536
2537
2538
2539
2540
2541
2542
2543
2544
2545
2546
2547
2548
2549
2550
Round #2550 (Experiment = PIF_CIFAR10_[1.0, 0.3, 0.1]1.0__recover_con_sub_fed_avg_niid__n__50_____ft_esc).
fed_avg Loss/acc (at round #2550) = 0.8231509774923325/0.8355   Loss/acc=0.8231509774923325/0.8355
the density is 1.00,1.00,1.00,1.00,1.00,1.00,1.00,1.00,1.00,1.00
Elapsed time = 202560.8178482934
self.train_number :[2551, 2551, 2551, 2551, 2551, 2551, 2551, 2551, 2551, 2551]
client_acc :0.80,0.74,0.71,0.80,0.80,0.78,0.74,0.78,0.76,0.76
cluster_acc :0.84,0.84,0.84,0.84,0.84,0.84,0.84,0.84,0.84,0.84
sum_round_time :90.53,92.28,287.53,297.42,301.94,296.00,760.89,740.52,740.37,762.14
sum_down ：5000.05,5006.50,15690.40,15722.45,15658.15,15710.80,39248.75,39185.20,39204.15,39170.05
sum_train ：170.51,169.97,170.70,174.39,171.87,170.71,173.01,170.65,172.00,175.64
sum_upload ：18217.67,18211.76,60843.93,60741.62,60711.48,60765.82,151925.97,151783.03,151563.97,152058.14
sum_merge ：108.16
2551
2552
2553
2554
2555
2556
2557
2558
2559
2560
2561
2562
2563
2564
2565
2566
2567
2568
2569
2570
2571
2572
2573
2574
2575
2576
2577
2578
2579
2580
2581
2582
2583
2584
2585
2586
2587
2588
2589
2590
2591
2592
2593
2594
2595
2596
2597
2598
2599
2600
Round #2600 (Experiment = PIF_CIFAR10_[1.0, 0.3, 0.1]1.0__recover_con_sub_fed_avg_niid__n__50_____ft_esc).
fed_avg Loss/acc (at round #2600) = 0.8153679743409157/0.8355   Loss/acc=0.8153679743409157/0.8355
the density is 1.00,1.00,1.00,1.00,1.00,1.00,1.00,1.00,1.00,1.00
Elapsed time = 206512.94169075126
self.train_number :[2601, 2601, 2601, 2601, 2601, 2601, 2601, 2601, 2601, 2601]
client_acc :0.80,0.74,0.71,0.80,0.80,0.78,0.74,0.78,0.76,0.76
cluster_acc :0.84,0.84,0.84,0.84,0.84,0.84,0.84,0.84,0.84,0.84
sum_round_time :90.84,91.19,296.05,306.10,297.87,306.14,756.33,764.74,747.74,738.23
sum_down ：5098.85,5104.00,16002.75,16031.30,15969.30,16017.70,40014.65,39962.10,39965.75,39935.90
sum_train ：173.82,173.35,174.20,177.88,175.37,174.13,176.56,174.14,175.52,179.05
sum_upload ：18577.27,18567.48,62018.53,61938.87,61890.58,61980.26,154904.40,154784.66,154519.73,155024.84
sum_merge ：110.26
2601
2602
2603
2604
2605
2606
2607
2608
2609
2610
2611
2612
2613
2614
2615
2616
2617
2618
2619
2620
2621
2622
2623
2624
2625
2626
2627
2628
2629
2630
2631
2632
2633
2634
2635
2636
2637
2638
2639
2640
2641
2642
2643
2644
2645
2646
2647
2648
2649
2650
Round #2650 (Experiment = PIF_CIFAR10_[1.0, 0.3, 0.1]1.0__recover_con_sub_fed_avg_niid__n__50_____ft_esc).
fed_avg Loss/acc (at round #2650) = 0.8045176863670349/0.8418   Loss/acc=0.8045176863670349/0.8418
the density is 1.00,1.00,1.00,1.00,1.00,1.00,1.00,1.00,1.00,1.00
Elapsed time = 210453.17960264863
self.train_number :[2651, 2651, 2651, 2651, 2651, 2651, 2651, 2651, 2651, 2651]
client_acc :0.80,0.74,0.71,0.80,0.80,0.78,0.74,0.78,0.76,0.76
cluster_acc :0.84,0.84,0.84,0.84,0.84,0.84,0.84,0.84,0.84,0.84
sum_round_time :90.89,94.74,301.04,297.95,301.03,305.82,748.57,741.85,741.91,755.38
sum_down ：5196.65,5201.40,16305.25,16342.90,16276.15,16322.75,40775.55,40718.55,40740.30,40714.80
sum_train ：177.03,176.45,177.28,181.01,178.58,177.34,179.78,177.29,178.78,182.60
sum_upload ：18931.32,18927.56,63194.51,63117.52,63080.45,63183.24,157864.59,157745.84,157444.03,158020.79
sum_merge ：112.87
2651
2652
2653
2654
2655
2656
2657
2658
2659
2660
2661
2662
2663
2664
2665
2666
2667
2668
2669
2670
2671
2672
2673
2674
2675
2676
2677
2678
2679
2680
2681
2682
2683
2684
2685
2686
2687
2688
2689
2690
2691
2692
2693
2694
2695
2696
2697
2698
2699
2700
Round #2700 (Experiment = PIF_CIFAR10_[1.0, 0.3, 0.1]1.0__recover_con_sub_fed_avg_niid__n__50_____ft_esc).
fed_avg Loss/acc (at round #2700) = 0.8136484920978546/0.8403   Loss/acc=0.8136484920978546/0.8403
the density is 1.00,1.00,1.00,1.00,1.00,1.00,1.00,1.00,1.00,1.00
Elapsed time = 214414.6209713977
self.train_number :[2701, 2701, 2701, 2701, 2701, 2701, 2701, 2701, 2701, 2701]
client_acc :0.80,0.74,0.71,0.80,0.80,0.78,0.74,0.78,0.76,0.76
cluster_acc :0.84,0.84,0.84,0.84,0.84,0.84,0.84,0.84,0.84,0.84
sum_round_time :91.22,89.09,301.86,302.07,311.35,302.62,754.52,759.05,730.95,734.30
sum_down ：5294.35,5298.70,16612.45,16647.95,16587.30,16630.00,41537.75,41495.45,41506.75,41480.40
sum_train ：180.45,179.92,180.87,184.64,182.10,180.68,183.18,180.76,182.32,186.12
sum_upload ：19286.60,19281.50,64403.44,64304.37,64275.90,64376.86,160837.44,160736.90,160387.01,160985.45
sum_merge ：115.07
statu 11: client 0 EarlyStopping counter: 1 out of 20, best score is 0.8418, current score is 0.8403
2701
2702
2703
2704
2705
2706
2707
2708
2709
2710
2711
2712
2713
2714
2715
2716
2717
2718
2719
2720
2721
2722
2723
2724
2725
2726
2727
2728
2729
2730
2731
2732
2733
2734
2735
2736
2737
2738
2739
2740
2741
2742
2743
2744
2745
2746
2747
2748
2749
2750
Round #2750 (Experiment = PIF_CIFAR10_[1.0, 0.3, 0.1]1.0__recover_con_sub_fed_avg_niid__n__50_____ft_esc).
fed_avg Loss/acc (at round #2750) = 0.8087345957756042/0.8437   Loss/acc=0.8087345957756042/0.8437
the density is 1.00,1.00,1.00,1.00,1.00,1.00,1.00,1.00,1.00,1.00
Elapsed time = 218405.1488127427
self.train_number :[2751, 2751, 2751, 2751, 2751, 2751, 2751, 2751, 2751, 2751]
client_acc :0.75,0.82,0.80,0.76,0.78,0.77,0.79,0.78,0.79,0.78
cluster_acc :0.84,0.84,0.84,0.84,0.84,0.84,0.84,0.84,0.84,0.84
sum_round_time :90.69,95.69,302.30,303.03,301.60,296.58,767.82,745.68,763.53,781.39
sum_down ：5393.10,5397.35,16920.20,16953.95,16898.40,16936.90,42292.00,42262.70,42269.60,42250.85
sum_train ：183.97,183.29,184.26,188.04,185.48,184.22,186.69,184.33,185.94,189.74
sum_upload ：19643.85,19647.12,65585.93,65503.07,65459.16,65553.63,163870.59,163705.89,163374.41,164008.39
sum_merge ：117.25
statu 11: client 1 EarlyStopping counter: 1 out of 10, best score is 0.8014, current score is 0.7534
statu 11: client 4 EarlyStopping counter: 1 out of 10, best score is 0.7966, current score is 0.7577
statu 11: client 5 EarlyStopping counter: 1 out of 10, best score is 0.7958, current score is 0.7761
statu 11: client 6 EarlyStopping counter: 1 out of 10, best score is 0.776, current score is 0.773
statu 11: client 8 EarlyStopping counter: 2 out of 10, best score is 0.7987, current score is 0.7756
2751
2752
2753
2754
2755
2756
2757
2758
2759
2760
2761
2762
2763
2764
2765
2766
2767
2768
2769
2770
2771
2772
2773
2774
2775
2776
2777
2778
2779
2780
2781
2782
2783
2784
2785
2786
2787
2788
2789
2790
2791
2792
2793
2794
2795
2796
2797
2798
2799
2800
Round #2800 (Experiment = PIF_CIFAR10_[1.0, 0.3, 0.1]1.0__recover_con_sub_fed_avg_niid__n__50_____ft_esc).
fed_avg Loss/acc (at round #2800) = 0.7947526946663857/0.8429   Loss/acc=0.7947526946663857/0.8429
the density is 1.00,1.00,1.00,1.00,1.00,1.00,1.00,1.00,1.00,1.00
Elapsed time = 222395.52160110447
self.train_number :[2801, 2801, 2801, 2801, 2801, 2801, 2801, 2801, 2801, 2801]
client_acc :0.75,0.82,0.80,0.76,0.78,0.77,0.79,0.78,0.79,0.78
cluster_acc :0.84,0.84,0.84,0.84,0.84,0.84,0.84,0.84,0.84,0.84
sum_round_time :92.56,91.60,301.29,293.35,302.27,303.47,755.98,756.41,753.60,746.71
sum_down ：5490.60,5495.25,17227.45,17259.60,17202.70,17245.75,43063.95,43037.20,43047.40,43016.75
sum_train ：187.03,186.32,187.26,191.37,188.56,187.33,189.85,187.38,189.10,193.03
sum_upload ：20002.14,20003.42,66782.31,66690.66,66660.44,66742.71,166881.32,166698.96,166366.02,166948.90
sum_merge ：118.99
statu 11: client 0 EarlyStopping counter: 1 out of 20, best score is 0.8437, current score is 0.8429
2801
2802
2803
2804
2805
2806
2807
2808
2809
2810
2811
2812
2813
2814
2815
2816
2817
2818
2819
2820
2821
2822
2823
2824
2825
2826
2827
2828
2829
2830
2831
2832
2833
2834
2835
2836
2837
2838
2839
2840
2841
2842
2843
2844
2845
2846
2847
2848
2849
2850
Round #2850 (Experiment = PIF_CIFAR10_[1.0, 0.3, 0.1]1.0__recover_con_sub_fed_avg_niid__n__50_____ft_esc).
fed_avg Loss/acc (at round #2850) = 0.7791315317153931/0.8477   Loss/acc=0.7791315317153931/0.8477
the density is 1.00,1.00,1.00,1.00,1.00,1.00,1.00,1.00,1.00,1.00
Elapsed time = 226392.65152179493
self.train_number :[2851, 2851, 2851, 2851, 2851, 2851, 2851, 2851, 2851, 2851]
client_acc :0.75,0.82,0.80,0.76,0.78,0.77,0.79,0.78,0.79,0.78
cluster_acc :0.85,0.85,0.85,0.85,0.85,0.85,0.85,0.85,0.85,0.85
sum_round_time :92.40,93.33,301.32,296.61,301.15,302.14,729.88,735.46,754.63,774.00
sum_down ：5589.40,5594.15,17536.65,17566.70,17512.55,17563.25,43853.05,43815.55,43812.15,43790.35
sum_train ：190.40,189.77,190.77,194.87,192.12,191.08,193.45,191.04,192.51,196.46
sum_upload ：20357.73,20357.34,67966.14,67873.49,67853.91,67931.86,169803.18,169675.33,169400.46,169937.26
sum_merge ：121.25
2851
2852
2853
2854
2855
2856
2857
2858
2859
2860
2861
2862
2863
2864
2865
2866
2867
2868
2869
2870
2871
2872
2873
2874
2875
2876
2877
2878
2879
2880
2881
2882
2883
2884
2885
2886
2887
2888
2889
2890
2891
2892
2893
2894
2895
2896
2897
2898
2899
2900
Round #2900 (Experiment = PIF_CIFAR10_[1.0, 0.3, 0.1]1.0__recover_con_sub_fed_avg_niid__n__50_____ft_esc).
fed_avg Loss/acc (at round #2900) = 0.7897683903574944/0.8497   Loss/acc=0.7897683903574944/0.8497
the density is 1.00,1.00,1.00,1.00,1.00,1.00,1.00,1.00,1.00,1.00
Elapsed time = 230327.2478802408
self.train_number :[2901, 2901, 2901, 2901, 2901, 2901, 2901, 2901, 2901, 2901]
client_acc :0.75,0.82,0.80,0.76,0.78,0.77,0.79,0.78,0.79,0.78
cluster_acc :0.85,0.85,0.85,0.85,0.85,0.85,0.85,0.85,0.85,0.85
sum_round_time :90.76,92.36,308.64,292.33,292.65,296.23,739.36,738.06,778.66,739.25
sum_down ：5687.60,5692.95,17848.55,17879.95,17823.85,17872.00,44618.95,44581.45,44583.10,44548.60
sum_train ：193.81,193.05,193.98,198.06,195.21,194.19,196.75,194.34,195.76,199.91
sum_upload ：20716.64,20708.76,69167.70,69081.61,69036.06,69122.24,172754.12,172661.98,172396.80,172883.33
sum_merge ：123.36
2901
2902
2903
2904
2905
2906
2907
2908
2909
2910
2911
2912
2913
2914
2915
2916
2917
2918
2919
2920
2921
2922
2923
2924
2925
2926
2927
2928
2929
2930
2931
2932
2933
2934
2935
2936
2937
2938
2939
2940
2941
2942
2943
2944
2945
2946
2947
2948
2949
2950
Round #2950 (Experiment = PIF_CIFAR10_[1.0, 0.3, 0.1]1.0__recover_con_sub_fed_avg_niid__n__50_____ft_esc).
fed_avg Loss/acc (at round #2950) = 0.7852016314864159/0.8474   Loss/acc=0.7852016314864159/0.8474
the density is 1.00,1.00,1.00,1.00,1.00,1.00,1.00,1.00,1.00,1.00
Elapsed time = 234334.60506687773
self.train_number :[2951, 2951, 2951, 2951, 2951, 2951, 2951, 2951, 2951, 2951]
client_acc :0.75,0.82,0.80,0.76,0.78,0.77,0.79,0.78,0.79,0.78
cluster_acc :0.85,0.85,0.85,0.85,0.85,0.85,0.85,0.85,0.85,0.85
sum_round_time :92.85,90.48,303.09,300.32,293.77,297.51,759.52,750.07,741.79,774.86
sum_down ：5785.70,5791.00,18155.45,18186.30,18129.05,18177.60,45393.20,45365.90,45354.40,45304.00
sum_train ：197.15,196.59,197.46,201.68,198.45,197.37,199.95,197.62,199.08,203.39
sum_upload ：21076.32,21065.51,70361.30,70282.94,70217.94,70309.33,175763.80,175631.23,175349.95,175904.52
sum_merge ：125.44
statu 11: client 0 EarlyStopping counter: 1 out of 20, best score is 0.8497, current score is 0.8474
2951
2952
2953
2954
2955
2956
2957
2958
2959
2960
2961
2962
2963
2964
2965
2966
2967
2968
2969
2970
2971
2972
2973
2974
2975
2976
2977
2978
2979
2980
2981
2982
2983
2984
2985
2986
2987
2988
2989
2990
2991
2992
2993
2994
2995
2996
2997
2998
2999
3000
Round #3000 (Experiment = PIF_CIFAR10_[1.0, 0.3, 0.1]1.0__recover_con_sub_fed_avg_niid__n__50_____ft_esc).
fed_avg Loss/acc (at round #3000) = 0.787844605743885/0.8456   Loss/acc=0.787844605743885/0.8456
the density is 1.00,1.00,1.00,1.00,1.00,1.00,1.00,1.00,1.00,1.00
Elapsed time = 238312.23095130295
self.train_number :[3001, 3001, 3001, 3001, 3001, 3001, 3001, 3001, 3001, 3001]
client_acc :0.83,0.68,0.77,0.66,0.81,0.80,0.77,0.78,0.78,0.79
cluster_acc :0.85,0.85,0.85,0.85,0.85,0.85,0.85,0.85,0.85,0.85
sum_round_time :91.18,91.83,289.98,303.75,297.80,298.25,725.90,771.25,751.71,771.69
sum_down ：5883.40,5888.40,18456.80,18494.15,18439.20,18486.70,46164.10,46142.95,46114.30,46060.10
sum_train ：200.52,199.87,200.82,205.61,202.10,201.07,203.48,201.25,202.59,206.86
sum_upload ：21428.50,21417.57,71537.74,71475.23,71385.99,71482.30,178735.25,178636.89,178363.29,178923.82
sum_merge ：127.94
statu 11: client 0 EarlyStopping counter: 2 out of 20, best score is 0.8497, current score is 0.8456
statu 11: client 2 EarlyStopping counter: 1 out of 10, best score is 0.8242, current score is 0.6836
statu 11: client 3 EarlyStopping counter: 1 out of 10, best score is 0.7972, current score is 0.7687
statu 11: client 4 EarlyStopping counter: 2 out of 10, best score is 0.7966, current score is 0.6621
statu 11: client 7 EarlyStopping counter: 1 out of 10, best score is 0.7927, current score is 0.7737
statu 11: client 8 EarlyStopping counter: 3 out of 10, best score is 0.7987, current score is 0.7765
statu 11: client 9 EarlyStopping counter: 1 out of 10, best score is 0.7891, current score is 0.7822
3001
3002
3003
3004
3005
3006
3007
3008
3009
3010
3011
3012
3013
3014
3015
3016
3017
3018
3019
3020
3021
3022
3023
3024
3025
3026
3027
3028
3029
3030
3031
3032
3033
3034
3035
3036
3037
3038
3039
3040
3041
3042
3043
3044
3045
3046
3047
3048
3049
3050
Round #3050 (Experiment = PIF_CIFAR10_[1.0, 0.3, 0.1]1.0__recover_con_sub_fed_avg_niid__n__50_____ft_esc).
fed_avg Loss/acc (at round #3050) = 0.7779286876320839/0.8483   Loss/acc=0.7779286876320839/0.8483
the density is 1.00,1.00,1.00,1.00,1.00,1.00,1.00,1.00,1.00,1.00
Elapsed time = 242294.55630692473
self.train_number :[3051, 3051, 3051, 3051, 3051, 3051, 3051, 3051, 3051, 3051]
client_acc :0.83,0.68,0.77,0.66,0.81,0.80,0.77,0.78,0.78,0.79
cluster_acc :0.85,0.85,0.85,0.85,0.85,0.85,0.85,0.85,0.85,0.85
sum_round_time :92.81,92.37,308.59,288.03,300.34,295.76,758.10,730.74,763.71,746.23
sum_down ：5981.60,5986.75,18764.00,18802.10,18749.60,18801.20,46952.35,46912.30,46889.75,46825.70
sum_train ：203.60,203.03,204.03,208.87,205.42,204.33,207.06,204.64,205.92,210.16
sum_upload ：21780.19,21774.38,72748.51,72657.81,72571.92,72667.89,181691.45,181581.44,181351.46,181889.29
sum_merge ：130.08
statu 11: client 0 EarlyStopping counter: 3 out of 20, best score is 0.8497, current score is 0.8483
3051
3052
3053
3054
3055
3056
3057
3058
3059
3060
3061
3062
3063
3064
3065
3066
3067
3068
3069
3070
3071
3072
3073
3074
3075
3076
3077
3078
3079
3080
3081
3082
3083
3084
3085
3086
3087
3088
3089
3090
3091
3092
3093
3094
3095
3096
3097
3098
3099
3100
Round #3100 (Experiment = PIF_CIFAR10_[1.0, 0.3, 0.1]1.0__recover_con_sub_fed_avg_niid__n__50_____ft_esc).
fed_avg Loss/acc (at round #3100) = 0.7809900790452957/0.85   Loss/acc=0.7809900790452957/0.85
the density is 1.00,1.00,1.00,1.00,1.00,1.00,1.00,1.00,1.00,1.00
Elapsed time = 246291.46840568742
self.train_number :[3101, 3101, 3101, 3101, 3101, 3101, 3101, 3101, 3101, 3101]
client_acc :0.83,0.68,0.77,0.66,0.81,0.80,0.77,0.78,0.78,0.79
cluster_acc :0.85,0.85,0.85,0.85,0.85,0.85,0.85,0.85,0.85,0.85
sum_round_time :90.75,92.08,312.37,306.04,302.23,295.43,738.99,763.84,750.05,733.08
sum_down ：6079.40,6085.15,19069.95,19112.00,19060.90,19110.05,47726.55,47698.35,47655.45,47602.60
sum_train ：207.11,206.43,207.35,212.22,209.03,208.05,210.70,208.01,209.36,213.65
sum_upload ：22138.76,22129.44,73945.08,73834.81,73771.65,73841.54,184685.21,184567.65,184318.04,184878.84
sum_merge ：132.43
3101
3102
3103
3104
3105
3106
3107
3108
3109
3110
3111
3112
3113
3114
3115
3116
3117
3118
3119
3120
3121
3122
3123
3124
3125
3126
3127
3128
3129
3130
3131
3132
3133
3134
3135
3136
3137
3138
3139
3140
3141
3142
3143
3144
3145
3146
3147
3148
3149
3150
Round #3150 (Experiment = PIF_CIFAR10_[1.0, 0.3, 0.1]1.0__recover_con_sub_fed_avg_niid__n__50_____ft_esc).
fed_avg Loss/acc (at round #3150) = 0.7727759256958961/0.8487   Loss/acc=0.7727759256958961/0.8487
the density is 1.00,1.00,1.00,1.00,1.00,1.00,1.00,1.00,1.00,1.00
Elapsed time = 250284.45624486246
self.train_number :[3151, 3151, 3151, 3151, 3151, 3151, 3151, 3151, 3151, 3151]
client_acc :0.83,0.68,0.77,0.66,0.81,0.80,0.77,0.78,0.78,0.79
cluster_acc :0.85,0.85,0.85,0.85,0.85,0.85,0.85,0.85,0.85,0.85
sum_round_time :91.89,90.71,300.27,300.36,302.17,299.34,755.11,742.49,749.19,749.34
sum_down ：6178.15,6183.25,19376.70,19424.10,19372.35,19417.60,48486.90,48474.75,48419.95,48374.60
sum_train ：210.43,209.71,210.64,215.57,212.39,211.41,214.19,211.29,212.59,216.93
sum_upload ：22500.07,22485.59,75142.05,75038.31,74960.39,75014.50,187630.28,187532.51,187257.76,187909.60
sum_merge ：134.66
statu 11: client 0 EarlyStopping counter: 1 out of 20, best score is 0.85, current score is 0.8487
3151
3152
3153
3154
3155
3156
3157
3158
3159
3160
3161
3162
3163
3164
3165
3166
3167
3168
3169
3170
3171
3172
3173
3174
3175
3176
3177
3178
3179
3180
3181
3182
3183
3184
3185
3186
3187
3188
3189
3190
3191
3192
3193
3194
3195
3196
3197
3198
3199
3200
Round #3200 (Experiment = PIF_CIFAR10_[1.0, 0.3, 0.1]1.0__recover_con_sub_fed_avg_niid__n__50_____ft_esc).
fed_avg Loss/acc (at round #3200) = 0.772596463561058/0.8496   Loss/acc=0.772596463561058/0.8496
the density is 1.00,1.00,1.00,1.00,1.00,1.00,1.00,1.00,1.00,1.00
Elapsed time = 254225.91105479636
self.train_number :[3201, 3201, 3201, 3201, 3201, 3201, 3201, 3201, 3201, 3201]
client_acc :0.83,0.68,0.77,0.66,0.81,0.80,0.77,0.78,0.78,0.79
cluster_acc :0.85,0.85,0.85,0.85,0.85,0.85,0.85,0.85,0.85,0.85
sum_round_time :91.17,92.04,295.44,291.92,305.16,304.68,764.35,725.17,749.93,729.84
sum_down ：6276.60,6281.15,19679.25,19731.40,19679.75,19726.75,49261.65,49241.85,49198.00,49149.30
sum_train ：213.76,213.02,214.03,218.91,215.84,214.94,217.79,214.63,215.93,220.65
sum_upload ：22853.38,22845.86,76344.58,76220.33,76135.05,76222.34,190590.71,190456.84,190242.70,190889.09
sum_merge ：136.70
statu 11: client 0 EarlyStopping counter: 2 out of 20, best score is 0.85, current score is 0.8496
3201
3202
3203
3204
3205
3206
3207
3208
3209
3210
3211
3212
3213
3214
3215
3216
3217
3218
3219
3220
3221
3222
3223
3224
3225
3226
3227
3228
3229
3230
3231
3232
3233
3234
3235
3236
3237
3238
3239
3240
3241
3242
3243
3244
3245
3246
3247
3248
3249
3250
Round #3250 (Experiment = PIF_CIFAR10_[1.0, 0.3, 0.1]1.0__recover_con_sub_fed_avg_niid__n__50_____ft_esc).
fed_avg Loss/acc (at round #3250) = 0.8041936978697777/0.8471   Loss/acc=0.8041936978697777/0.8471
the density is 1.00,1.00,1.00,1.00,1.00,1.00,1.00,1.00,1.00,1.00
Elapsed time = 258232.58720827667
self.train_number :[3251, 3251, 3251, 3251, 3251, 3251, 3251, 3251, 3251, 3251]
client_acc :0.82,0.83,0.80,0.81,0.81,0.71,0.76,0.80,0.82,0.78
cluster_acc :0.85,0.85,0.85,0.85,0.85,0.85,0.85,0.85,0.85,0.85
sum_round_time :92.47,90.27,298.31,307.47,302.76,298.47,751.61,740.40,769.40,733.96
sum_down ：6374.60,6378.55,19990.60,20040.55,19983.45,20034.00,50032.45,50009.85,49965.45,49921.15
sum_train ：217.27,216.58,217.47,222.32,219.29,218.50,221.71,218.29,219.62,224.28
sum_upload ：23209.82,23205.41,77542.76,77410.84,77325.97,77423.35,193597.20,193465.03,193246.00,193815.19
sum_merge ：139.25
statu 11: client 0 EarlyStopping counter: 3 out of 20, best score is 0.85, current score is 0.8471
statu 11: client 1 EarlyStopping counter: 1 out of 10, best score is 0.8269, current score is 0.8189
statu 11: client 5 EarlyStopping counter: 1 out of 10, best score is 0.8133, current score is 0.8098
statu 11: client 6 EarlyStopping counter: 1 out of 10, best score is 0.7999, current score is 0.7065
statu 11: client 7 EarlyStopping counter: 2 out of 10, best score is 0.7927, current score is 0.7588
statu 11: client 10 EarlyStopping counter: 1 out of 10, best score is 0.7874, current score is 0.7841
3251
3252
3253
3254
3255
3256
3257
3258
3259
3260
3261
3262
3263
3264
3265
3266
3267
3268
3269
3270
3271
3272
3273
3274
3275
3276
3277
3278
3279
3280
3281
3282
3283
3284
3285
3286
3287
3288
3289
3290
3291
3292
3293
3294
3295
3296
3297
3298
3299
3300
Round #3300 (Experiment = PIF_CIFAR10_[1.0, 0.3, 0.1]1.0__recover_con_sub_fed_avg_niid__n__50_____ft_esc).
fed_avg Loss/acc (at round #3300) = 0.7652227655053139/0.8528   Loss/acc=0.7652227655053139/0.8528
the density is 1.00,1.00,1.00,1.00,1.00,1.00,1.00,1.00,1.00,1.00
Elapsed time = 262205.7049963654
self.train_number :[3301, 3301, 3301, 3301, 3301, 3301, 3301, 3301, 3301, 3301]
client_acc :0.82,0.83,0.80,0.81,0.81,0.71,0.76,0.80,0.82,0.78
cluster_acc :0.85,0.85,0.85,0.85,0.85,0.85,0.85,0.85,0.85,0.85
sum_round_time :90.56,91.83,302.80,300.99,292.79,310.90,718.45,741.10,774.16,730.07
sum_down ：6473.00,6476.45,20302.05,20351.60,20293.60,20342.65,50809.50,50762.50,50727.95,50684.10
sum_train ：220.44,219.53,220.51,225.42,222.37,221.51,224.83,221.31,222.65,227.56
sum_upload ：23561.48,23559.66,78737.62,78593.59,78501.59,78625.11,196563.37,196419.11,196272.09,196768.17
sum_merge ：141.08
3301
3302
3303
3304
3305
3306
3307
3308
3309
3310
3311
3312
3313
3314
3315
3316
3317
3318
3319
3320
3321
3322
3323
3324
3325
3326
3327
3328
3329
3330
3331
3332
3333
3334
3335
3336
3337
3338
3339
3340
3341
3342
3343
3344
3345
3346
3347
3348
3349
3350
Round #3350 (Experiment = PIF_CIFAR10_[1.0, 0.3, 0.1]1.0__recover_con_sub_fed_avg_niid__n__50_____ft_esc).
fed_avg Loss/acc (at round #3350) = 0.7813273444771767/0.8507   Loss/acc=0.7813273444771767/0.8507
the density is 1.00,1.00,1.00,1.00,1.00,1.00,1.00,1.00,1.00,1.00
Elapsed time = 266182.1498651644
self.train_number :[3351, 3351, 3351, 3351, 3351, 3351, 3351, 3351, 3351, 3351]
client_acc :0.82,0.83,0.80,0.81,0.81,0.71,0.76,0.80,0.82,0.78
cluster_acc :0.85,0.85,0.85,0.85,0.85,0.85,0.85,0.85,0.85,0.85
sum_round_time :91.53,94.99,299.43,305.31,309.13,296.12,772.99,754.85,721.26,737.07
sum_down ：6571.40,6574.30,20606.80,20661.20,20599.65,20652.95,51576.70,51531.20,51496.65,51459.55
sum_train ：223.76,222.72,223.77,228.68,225.72,224.89,228.15,224.46,226.10,230.96
sum_upload ：23917.97,23920.27,79920.63,79793.56,79703.02,79814.04,199543.77,199417.55,199234.53,199719.57
sum_merge ：143.43
statu 11: client 0 EarlyStopping counter: 1 out of 20, best score is 0.8528, current score is 0.8507
3351
3352
3353
3354
3355
3356
3357
3358
3359
3360
3361
3362
3363
3364
3365
3366
3367
3368
3369
3370
3371
3372
3373
3374
3375
3376
3377
3378
3379
3380
3381
3382
3383
3384
3385
3386
3387
3388
3389
3390
3391
3392
3393
3394
3395
3396
3397
3398
3399
3400
Round #3400 (Experiment = PIF_CIFAR10_[1.0, 0.3, 0.1]1.0__recover_con_sub_fed_avg_niid__n__50_____ft_esc).
fed_avg Loss/acc (at round #3400) = 0.7856565490365028/0.8531   Loss/acc=0.7856565490365028/0.8531
the density is 1.00,1.00,1.00,1.00,1.00,1.00,1.00,1.00,1.00,1.00
Elapsed time = 270176.93947498774
self.train_number :[3401, 3401, 3401, 3401, 3401, 3401, 3401, 3401, 3401, 3401]
client_acc :0.82,0.83,0.80,0.81,0.81,0.71,0.76,0.80,0.82,0.78
cluster_acc :0.85,0.85,0.85,0.85,0.85,0.85,0.85,0.85,0.85,0.85
sum_round_time :91.44,90.07,303.15,304.31,300.16,308.56,758.66,746.72,747.38,760.13
sum_down ：6669.20,6673.30,20912.95,20970.80,20907.50,20971.25,52336.00,52308.60,52272.40,52229.20
sum_train ：227.31,226.21,227.18,232.05,229.07,228.32,231.86,228.12,229.71,234.69
sum_upload ：24279.31,24276.53,81110.98,80972.30,80891.98,81008.75,202488.96,202407.16,202243.30,202674.44
sum_merge ：145.87
3401
3402
3403
3404
3405
3406
3407
3408
3409
3410
3411
3412
3413
3414
3415
3416
3417
3418
3419
3420
3421
3422
3423
3424
3425
3426
3427
3428
3429
3430
3431
3432
3433
3434
3435
3436
3437
3438
3439
3440
3441
3442
3443
3444
3445
3446
3447
3448
3449
3450
Round #3450 (Experiment = PIF_CIFAR10_[1.0, 0.3, 0.1]1.0__recover_con_sub_fed_avg_niid__n__50_____ft_esc).
fed_avg Loss/acc (at round #3450) = 0.7937276288866997/0.8518   Loss/acc=0.7937276288866997/0.8518
the density is 1.00,1.00,1.00,1.00,1.00,1.00,1.00,1.00,1.00,1.00
Elapsed time = 274113.7836305693
self.train_number :[3451, 3451, 3451, 3451, 3451, 3451, 3451, 3451, 3451, 3451]
client_acc :0.82,0.83,0.80,0.81,0.81,0.71,0.76,0.80,0.82,0.78
cluster_acc :0.85,0.85,0.85,0.85,0.85,0.85,0.85,0.85,0.85,0.85
sum_round_time :93.06,90.87,298.80,294.63,299.43,300.70,744.45,733.55,750.43,751.56
sum_down ：6767.10,6770.75,21221.95,21272.80,21216.10,21280.65,53101.80,53082.20,53039.15,52999.20
sum_train ：230.25,229.12,230.05,235.01,232.06,231.24,234.82,231.09,232.66,237.62
sum_upload ：24638.51,24631.21,82286.13,82160.91,82087.96,82198.54,205441.54,205362.79,205220.55,205623.04
sum_merge ：147.44
statu 11: client 0 EarlyStopping counter: 1 out of 20, best score is 0.8531, current score is 0.8518
3451
3452
3453
3454
3455
3456
3457
3458
3459
3460
3461
3462
3463
3464
3465
3466
3467
3468
3469
3470
3471
3472
3473
3474
3475
3476
3477
3478
3479
3480
3481
3482
3483
3484
3485
3486
3487
3488
3489
3490
3491
3492
3493
3494
3495
3496
3497
3498
3499
3500
Round #3500 (Experiment = PIF_CIFAR10_[1.0, 0.3, 0.1]1.0__recover_con_sub_fed_avg_niid__n__50_____ft_esc).
fed_avg Loss/acc (at round #3500) = 0.7745159938931465/0.8581   Loss/acc=0.7745159938931465/0.8581
the density is 1.00,1.00,1.00,1.00,1.00,1.00,1.00,1.00,1.00,1.00
Elapsed time = 278089.13665097865
self.train_number :[3501, 3501, 3501, 3501, 3501, 3501, 3501, 3501, 3501, 3501]
client_acc :0.83,0.82,0.84,0.82,0.82,0.73,0.81,0.74,0.82,0.81
cluster_acc :0.86,0.86,0.86,0.86,0.86,0.86,0.86,0.86,0.86,0.86
sum_round_time :94.64,92.42,309.91,302.53,303.50,296.85,743.83,748.53,742.28,746.79
sum_down ：6864.80,6869.10,21535.50,21582.55,21528.70,21583.10,53886.35,53836.95,53806.30,53774.50
sum_train ：233.68,232.53,233.32,238.32,235.52,234.68,238.34,234.67,236.20,241.34
sum_upload ：24999.74,24987.84,83484.64,83336.96,83288.58,83374.96,208452.31,208343.21,208177.04,208553.20
sum_merge ：149.68
statu 11: client 2 EarlyStopping counter: 1 out of 10, best score is 0.8311, current score is 0.8213
statu 11: client 6 EarlyStopping counter: 2 out of 10, best score is 0.7999, current score is 0.7303
statu 11: client 8 EarlyStopping counter: 1 out of 10, best score is 0.8017, current score is 0.7438
statu 11: client 9 EarlyStopping counter: 1 out of 10, best score is 0.8216, current score is 0.8151
3501
3502
3503
3504
3505
3506
3507
3508
3509
3510
3511
3512
3513
3514
3515
3516
3517
3518
3519
3520
3521
3522
3523
3524
3525
3526
3527
3528
3529
3530
3531
3532
3533
3534
3535
3536
3537
3538
3539
3540
3541
3542
3543
3544
3545
3546
3547
3548
3549
3550
Round #3550 (Experiment = PIF_CIFAR10_[1.0, 0.3, 0.1]1.0__recover_con_sub_fed_avg_niid__n__50_____ft_esc).
fed_avg Loss/acc (at round #3550) = 0.7778836041688919/0.8517   Loss/acc=0.7778836041688919/0.8517
the density is 1.00,1.00,1.00,1.00,1.00,1.00,1.00,1.00,1.00,1.00
Elapsed time = 282062.8351199125
self.train_number :[3551, 3551, 3551, 3551, 3551, 3551, 3551, 3551, 3551, 3551]
client_acc :0.83,0.82,0.84,0.82,0.82,0.73,0.81,0.74,0.82,0.81
cluster_acc :0.85,0.85,0.85,0.85,0.85,0.85,0.85,0.85,0.85,0.85
sum_round_time :90.72,92.52,294.65,293.62,308.54,304.53,718.59,742.71,737.40,765.15
sum_down ：6962.85,6967.35,21848.50,21893.20,21836.70,21891.60,54650.95,54602.40,54561.90,54540.55
sum_train ：237.11,235.83,236.72,241.76,238.97,237.96,241.65,238.03,239.54,244.55
sum_upload ：25359.17,25349.31,84661.04,84525.52,84489.93,84580.64,211382.62,211307.43,211203.57,211496.33
sum_merge ：151.46
statu 11: client 0 EarlyStopping counter: 1 out of 20, best score is 0.8581, current score is 0.8517
3551
3552
3553
3554
3555
3556
3557
3558
3559
3560
3561
3562
3563
3564
3565
3566
3567
3568
3569
3570
3571
3572
3573
3574
3575
3576
3577
3578
3579
3580
3581
3582
3583
3584
3585
3586
3587
3588
3589
3590
3591
3592
3593
3594
3595
3596
3597
3598
3599
3600
Round #3600 (Experiment = PIF_CIFAR10_[1.0, 0.3, 0.1]1.0__recover_con_sub_fed_avg_niid__n__50_____ft_esc).
fed_avg Loss/acc (at round #3600) = 0.7730172574520111/0.8548   Loss/acc=0.7730172574520111/0.8548
the density is 1.00,1.00,1.00,1.00,1.00,1.00,1.00,1.00,1.00,1.00
Elapsed time = 286033.33305618167
self.train_number :[3601, 3601, 3601, 3601, 3601, 3601, 3601, 3601, 3601, 3601]
client_acc :0.83,0.82,0.84,0.82,0.82,0.73,0.81,0.74,0.82,0.81
cluster_acc :0.85,0.85,0.85,0.85,0.85,0.85,0.85,0.85,0.85,0.85
sum_round_time :93.41,92.08,306.72,305.78,295.21,304.80,754.87,747.28,750.65,756.78
sum_down ：7061.75,7065.60,22158.65,22202.60,22148.55,22201.15,55410.90,55368.35,55324.65,55308.90
sum_train ：240.11,238.78,239.68,244.72,241.91,240.91,244.60,240.97,242.51,247.63
sum_upload ：25714.74,25706.45,85857.56,85714.06,85674.36,85779.01,214341.97,214276.71,214209.41,214497.18
sum_merge ：153.10
statu 11: client 0 EarlyStopping counter: 2 out of 20, best score is 0.8581, current score is 0.8548
3601
3602
3603
3604
3605
3606
3607
3608
3609
3610
3611
3612
3613
3614
3615
3616
3617
3618
3619
3620
3621
3622
3623
3624
3625
3626
3627
3628
3629
3630
3631
3632
3633
3634
3635
3636
3637
3638
3639
3640
3641
3642
3643
3644
3645
3646
3647
3648
3649
3650
Round #3650 (Experiment = PIF_CIFAR10_[1.0, 0.3, 0.1]1.0__recover_con_sub_fed_avg_niid__n__50_____ft_esc).
fed_avg Loss/acc (at round #3650) = 0.8182332813739777/0.8488   Loss/acc=0.8182332813739777/0.8488
the density is 1.00,1.00,1.00,1.00,1.00,1.00,1.00,1.00,1.00,1.00
Elapsed time = 289993.85306973744
self.train_number :[3651, 3651, 3651, 3651, 3651, 3651, 3651, 3651, 3651, 3651]
client_acc :0.83,0.82,0.84,0.82,0.82,0.73,0.81,0.74,0.82,0.81
cluster_acc :0.85,0.85,0.85,0.85,0.85,0.85,0.85,0.85,0.85,0.85
sum_round_time :91.40,91.18,305.95,301.89,303.15,302.47,749.09,751.57,769.93,744.79
sum_down ：7160.10,7163.80,22472.05,22511.80,22459.75,22508.95,56181.30,56128.25,56110.55,56077.85
sum_train ：243.45,242.02,242.94,248.05,245.24,244.49,248.75,244.67,246.13,251.12
sum_upload ：26072.97,26064.95,87058.62,86885.90,86871.07,86975.22,217295.94,217228.76,217204.32,217475.11
sum_merge ：155.17
statu 11: client 0 EarlyStopping counter: 3 out of 20, best score is 0.8581, current score is 0.8488
3651
3652
3653
3654
3655
3656
3657
3658
3659
3660
3661
3662
3663
3664
3665
3666
3667
3668
3669
3670
3671
3672
3673
3674
3675
3676
3677
3678
3679
3680
3681
3682
3683
3684
3685
3686
3687
3688
3689
3690
3691
3692
3693
3694
3695
3696
3697
3698
3699
3700
Round #3700 (Experiment = PIF_CIFAR10_[1.0, 0.3, 0.1]1.0__recover_con_sub_fed_avg_niid__n__50_____ft_esc).
fed_avg Loss/acc (at round #3700) = 0.7952196076512337/0.8591   Loss/acc=0.7952196076512337/0.8591
the density is 1.00,1.00,1.00,1.00,1.00,1.00,1.00,1.00,1.00,1.00
Elapsed time = 293973.87681373826
self.train_number :[3701, 3701, 3701, 3701, 3701, 3701, 3701, 3701, 3701, 3701]
client_acc :0.83,0.82,0.84,0.82,0.82,0.73,0.81,0.74,0.82,0.81
cluster_acc :0.86,0.86,0.86,0.86,0.86,0.86,0.86,0.86,0.86,0.86
sum_round_time :93.08,93.45,308.38,300.94,306.74,303.36,748.53,749.34,749.18,739.16
sum_down ：7258.50,7261.60,22778.70,22824.65,22765.75,22822.20,56951.20,56901.30,56875.00,56843.05
sum_train ：247.09,245.52,246.49,252.75,248.91,248.12,252.31,248.09,249.55,254.57
sum_upload ：26434.31,26423.98,88244.68,88074.65,88076.43,88164.87,220298.30,220219.28,220157.86,220440.09
sum_merge ：157.48
3701
3702
3703
3704
3705
3706
3707
3708
3709
3710
3711
3712
3713
3714
3715
3716
3717
3718
3719
3720
3721
3722
3723
3724
3725
3726
3727
3728
3729
3730
3731
3732
3733
3734
3735
3736
3737
3738
3739
3740
3741
3742
3743
3744
3745
3746
3747
3748
3749
3750
Round #3750 (Experiment = PIF_CIFAR10_[1.0, 0.3, 0.1]1.0__recover_con_sub_fed_avg_niid__n__50_____ft_esc).
fed_avg Loss/acc (at round #3750) = 0.8023922368884087/0.8544   Loss/acc=0.8023922368884087/0.8544
the density is 1.00,1.00,1.00,1.00,1.00,1.00,1.00,1.00,1.00,1.00
Elapsed time = 297964.79210120474
self.train_number :[3751, 3751, 3751, 3751, 3751, 3751, 3751, 3751, 3751, 3751]
client_acc :0.83,0.81,0.74,0.82,0.79,0.81,0.82,0.81,0.79,0.80
cluster_acc :0.85,0.85,0.85,0.85,0.85,0.85,0.85,0.85,0.85,0.85
sum_round_time :92.30,92.25,307.28,295.56,294.75,297.55,766.48,756.24,752.46,791.71
sum_down ：7356.90,7360.10,23084.50,23136.15,23079.55,23136.15,57716.20,57663.15,57644.75,57630.30
sum_train ：250.58,249.11,250.06,256.23,252.21,251.41,255.54,251.34,252.95,257.97
sum_upload ：26794.87,26783.50,89445.59,89253.70,89255.78,89338.84,223319.77,223205.45,223107.80,223453.10
sum_merge ：159.57
statu 11: client 0 EarlyStopping counter: 1 out of 20, best score is 0.8591, current score is 0.8544
statu 11: client 2 EarlyStopping counter: 2 out of 10, best score is 0.8311, current score is 0.8145
statu 11: client 3 EarlyStopping counter: 1 out of 10, best score is 0.838, current score is 0.7417
statu 11: client 5 EarlyStopping counter: 1 out of 10, best score is 0.8208, current score is 0.7912
statu 11: client 9 EarlyStopping counter: 2 out of 10, best score is 0.8216, current score is 0.7937
statu 11: client 10 EarlyStopping counter: 1 out of 10, best score is 0.8079, current score is 0.8005
3751
3752
3753
3754
3755
3756
3757
3758
3759
3760
3761
3762
3763
3764
3765
3766
3767
3768
3769
3770
3771
3772
3773
3774
3775
3776
3777
3778
3779
3780
3781
3782
3783
3784
3785
3786
3787
3788
3789
3790
3791
3792
3793
3794
3795
3796
3797
3798
3799
3800
Round #3800 (Experiment = PIF_CIFAR10_[1.0, 0.3, 0.1]1.0__recover_con_sub_fed_avg_niid__n__50_____ft_esc).
fed_avg Loss/acc (at round #3800) = 0.7905859425663948/0.8562   Loss/acc=0.7905859425663948/0.8562
the density is 1.00,1.00,1.00,1.00,1.00,1.00,1.00,1.00,1.00,1.00
Elapsed time = 301963.81262133806
self.train_number :[3801, 3801, 3801, 3801, 3801, 3801, 3801, 3801, 3801, 3801]
client_acc :0.83,0.81,0.74,0.82,0.79,0.81,0.82,0.81,0.79,0.80
cluster_acc :0.86,0.86,0.86,0.86,0.86,0.86,0.86,0.86,0.86,0.86
sum_round_time :92.31,89.05,293.50,295.93,291.83,300.60,757.90,779.84,768.10,749.75
sum_down ：7454.85,7457.65,23391.90,23439.90,23385.00,23440.95,58491.50,58439.10,58408.10,58399.55
sum_train ：253.97,252.50,253.46,259.64,255.74,254.96,259.18,255.02,256.49,261.46
sum_upload ：27153.42,27139.39,90631.52,90438.15,90437.80,90518.41,226274.55,226211.86,226085.71,226446.56
sum_merge ：161.86
statu 11: client 0 EarlyStopping counter: 2 out of 20, best score is 0.8591, current score is 0.8562
3801
3802
3803
3804
3805
3806
3807
3808
3809
3810
3811
3812
3813
3814
3815
3816
3817
3818
3819
3820
3821
3822
3823
3824
3825
3826
3827
3828
3829
3830
3831
3832
3833
3834
3835
3836
3837
3838
3839
3840
3841
3842
3843
3844
3845
3846
3847
3848
3849
3850
Round #3850 (Experiment = PIF_CIFAR10_[1.0, 0.3, 0.1]1.0__recover_con_sub_fed_avg_niid__n__50_____ft_esc).
fed_avg Loss/acc (at round #3850) = 0.7886137366294861/0.8568   Loss/acc=0.7886137366294861/0.8568
the density is 1.00,1.00,1.00,1.00,1.00,1.00,1.00,1.00,1.00,1.00
Elapsed time = 305951.733676809
self.train_number :[3851, 3851, 3851, 3851, 3851, 3851, 3851, 3851, 3851, 3851]
client_acc :0.83,0.81,0.74,0.82,0.79,0.81,0.82,0.81,0.79,0.80
cluster_acc :0.86,0.86,0.86,0.86,0.86,0.86,0.86,0.86,0.86,0.86
sum_round_time :91.85,95.01,296.95,300.80,299.58,295.89,736.47,733.11,768.90,752.57
sum_down ：7552.95,7556.20,23702.95,23746.45,23691.85,23742.35,59258.30,59213.20,59181.20,59173.55
sum_train ：257.33,255.84,256.81,262.81,258.88,258.03,262.38,258.27,259.81,264.55
sum_upload ：27511.92,27500.25,91814.31,91638.94,91641.23,91711.82,229237.90,229139.94,229117.07,229444.21
sum_merge ：163.60
statu 11: client 0 EarlyStopping counter: 3 out of 20, best score is 0.8591, current score is 0.8568
3851
3852
3853
3854
3855
3856
3857
3858
3859
3860
3861
3862
3863
3864
3865
3866
3867
3868
3869
3870
3871
3872
3873
3874
3875
3876
3877
3878
3879
3880
3881
3882
3883
3884
3885
3886
3887
3888
3889
3890
3891
3892
3893
3894
3895
3896
3897
3898
3899
3900
Round #3900 (Experiment = PIF_CIFAR10_[1.0, 0.3, 0.1]1.0__recover_con_sub_fed_avg_niid__n__50_____ft_esc).
fed_avg Loss/acc (at round #3900) = 0.7626399770379066/0.8577   Loss/acc=0.7626399770379066/0.8577
the density is 1.00,1.00,1.00,1.00,1.00,1.00,1.00,1.00,1.00,1.00
Elapsed time = 309888.1835640508
self.train_number :[3901, 3901, 3901, 3901, 3901, 3901, 3901, 3901, 3901, 3901]
client_acc :0.83,0.81,0.74,0.82,0.79,0.81,0.82,0.81,0.79,0.80
cluster_acc :0.86,0.86,0.86,0.86,0.86,0.86,0.86,0.86,0.86,0.86
sum_round_time :91.61,90.46,300.03,305.62,299.40,300.29,734.92,743.67,742.81,745.34
sum_down ：7651.25,7654.00,24010.75,24053.65,24000.15,24053.10,60014.90,59979.95,59951.20,59940.35
sum_train ：260.45,259.21,260.18,266.39,262.14,261.19,265.69,261.67,263.15,267.69
sum_upload ：27873.10,27857.75,93031.92,92847.08,92834.29,92901.38,232197.02,232114.73,232096.98,232402.46
sum_merge ：165.48
statu 11: client 0 EarlyStopping counter: 4 out of 20, best score is 0.8591, current score is 0.8577
3901
3902
3903
3904
3905
3906
3907
3908
3909
3910
3911
3912
3913
3914
3915
3916
3917
3918
3919
3920
3921
3922
3923
3924
3925
3926
3927
3928
3929
3930
3931
3932
3933
3934
3935
3936
3937
3938
3939
3940
3941
3942
3943
3944
3945
3946
3947
3948
3949
3950
Round #3950 (Experiment = PIF_CIFAR10_[1.0, 0.3, 0.1]1.0__recover_con_sub_fed_avg_niid__n__50_____ft_esc).
fed_avg Loss/acc (at round #3950) = 0.771235466003418/0.8568   Loss/acc=0.771235466003418/0.8568
the density is 1.00,1.00,1.00,1.00,1.00,1.00,1.00,1.00,1.00,1.00
Elapsed time = 313899.8185195343
self.train_number :[3951, 3951, 3951, 3951, 3951, 3951, 3951, 3951, 3951, 3951]
client_acc :0.83,0.81,0.74,0.82,0.79,0.81,0.82,0.81,0.79,0.80
cluster_acc :0.86,0.86,0.86,0.86,0.86,0.86,0.86,0.86,0.86,0.86
sum_round_time :90.19,92.32,301.61,302.65,295.81,290.64,770.57,766.13,765.62,786.76
sum_down ：7749.10,7752.40,24318.55,24362.70,24312.35,24360.10,60787.85,60747.70,60725.15,60714.75
sum_train ：263.81,262.67,263.77,270.01,265.65,264.75,269.52,265.50,266.94,271.30
sum_upload ：28229.47,28215.98,94212.34,94058.38,94018.26,94086.01,235193.84,235123.46,235050.97,235435.16
sum_merge ：167.67
statu 11: client 0 EarlyStopping counter: 5 out of 20, best score is 0.8591, current score is 0.8568
3951
3952
3953
3954
3955
3956
3957
3958
3959
3960
3961
3962
3963
3964
3965
3966
3967
3968
3969
3970
3971
3972
3973
3974
3975
3976
3977
3978
3979
3980
3981
3982
3983
3984
3985
3986
3987
3988
3989
3990
3991
3992
3993
3994
3995
3996
3997
3998
3999
4000
Round #4000 (Experiment = PIF_CIFAR10_[1.0, 0.3, 0.1]1.0__recover_con_sub_fed_avg_niid__n__50_____ft_esc).
fed_avg Loss/acc (at round #4000) = 0.7899724319577217/0.8571   Loss/acc=0.7899724319577217/0.8571
the density is 1.00,1.00,1.00,1.00,1.00,1.00,1.00,1.00,1.00,1.00
Elapsed time = 317899.43709321314
self.train_number :[4001, 4001, 4001, 4001, 4001, 4001, 4001, 4001, 4001, 4001]
client_acc :0.82,0.84,0.80,0.80,0.78,0.80,0.74,0.80,0.76,0.82
cluster_acc :0.86,0.86,0.86,0.86,0.86,0.86,0.86,0.86,0.86,0.86
sum_round_time :92.01,91.54,296.14,299.96,298.66,300.17,783.16,762.80,740.85,754.45
sum_down ：7847.25,7850.10,24622.20,24674.50,24626.10,24668.05,61550.20,61530.45,61487.75,61483.80
sum_train ：267.18,266.02,267.04,273.19,268.85,268.06,273.00,268.97,270.46,275.08
sum_upload ：28589.23,28576.44,95402.30,95258.69,95209.46,95264.31,238267.62,238120.97,238007.50,238423.92
sum_merge ：169.71
statu 11: client 0 EarlyStopping counter: 6 out of 20, best score is 0.8591, current score is 0.8571
statu 11: client 1 EarlyStopping counter: 1 out of 10, best score is 0.8289, current score is 0.8243
statu 11: client 3 EarlyStopping counter: 2 out of 10, best score is 0.838, current score is 0.8034
statu 11: client 4 EarlyStopping counter: 1 out of 10, best score is 0.8235, current score is 0.7972
statu 11: client 5 EarlyStopping counter: 2 out of 10, best score is 0.8208, current score is 0.7783
statu 11: client 6 EarlyStopping counter: 1 out of 10, best score is 0.8126, current score is 0.7977
statu 11: client 7 EarlyStopping counter: 1 out of 10, best score is 0.8232, current score is 0.7431
statu 11: client 8 EarlyStopping counter: 1 out of 10, best score is 0.8094, current score is 0.7956
statu 11: client 9 EarlyStopping counter: 3 out of 10, best score is 0.8216, current score is 0.7637
4001
4002
4003
4004
4005
4006
4007
4008
4009
4010
4011
4012
4013
4014
4015
4016
4017
4018
4019
4020
4021
4022
4023
4024
4025
4026
4027
4028
4029
4030
4031
4032
4033
4034
4035
4036
4037
4038
4039
4040
4041
4042
4043
4044
4045
4046
4047
4048
4049
4050
Round #4050 (Experiment = PIF_CIFAR10_[1.0, 0.3, 0.1]1.0__recover_con_sub_fed_avg_niid__n__50_____ft_esc).
fed_avg Loss/acc (at round #4050) = 0.7652861922979355/0.8589   Loss/acc=0.7652861922979355/0.8589
the density is 1.00,1.00,1.00,1.00,1.00,1.00,1.00,1.00,1.00,1.00
Elapsed time = 321876.0115655096
self.train_number :[4051, 4051, 4051, 4051, 4051, 4051, 4051, 4051, 4051, 4051]
client_acc :0.82,0.84,0.80,0.80,0.78,0.80,0.74,0.80,0.76,0.82
cluster_acc :0.86,0.86,0.86,0.86,0.86,0.86,0.86,0.86,0.86,0.86
sum_round_time :92.53,92.42,302.22,304.05,305.77,303.88,744.88,761.44,763.88,749.50
sum_down ：7944.60,7948.25,24928.10,24987.85,24926.85,24973.15,62323.65,62305.45,62259.80,62251.30
sum_train ：270.65,269.46,270.58,276.68,272.29,271.49,276.33,272.09,273.63,278.52
sum_upload ：28954.45,28935.34,96604.31,96458.33,96405.09,96454.65,241244.78,241096.70,241003.25,241416.75
sum_merge ：171.51
statu 11: client 0 EarlyStopping counter: 7 out of 20, best score is 0.8591, current score is 0.8589
4051
4052
4053
4054
4055
4056
4057
4058
4059
4060
4061
4062
4063
4064
4065
4066
4067
4068
4069
4070
4071
4072
4073
4074
4075
4076
4077
4078
4079
4080
4081
4082
4083
4084
4085
4086
4087
4088
4089
4090
4091
4092
4093
4094
4095
4096
4097
4098
4099
4100
Round #4100 (Experiment = PIF_CIFAR10_[1.0, 0.3, 0.1]1.0__recover_con_sub_fed_avg_niid__n__50_____ft_esc).
fed_avg Loss/acc (at round #4100) = 0.7870881706476212/0.8602   Loss/acc=0.7870881706476212/0.8602
the density is 1.00,1.00,1.00,1.00,1.00,1.00,1.00,1.00,1.00,1.00
Elapsed time = 325835.29549510725
self.train_number :[4101, 4101, 4101, 4101, 4101, 4101, 4101, 4101, 4101, 4101]
client_acc :0.82,0.84,0.80,0.80,0.78,0.80,0.74,0.80,0.76,0.82
cluster_acc :0.86,0.86,0.86,0.86,0.86,0.86,0.86,0.86,0.86,0.86
sum_round_time :89.30,91.72,299.29,301.24,293.80,306.93,735.41,767.23,743.48,749.06
sum_down ：8042.50,8046.85,25234.80,25292.85,25236.65,25282.65,63105.55,63073.70,63030.10,63028.20
sum_train ：274.23,272.93,274.11,280.43,275.76,275.02,279.83,275.58,277.19,282.09
sum_upload ：29307.51,29294.15,97789.62,97640.84,97576.95,97665.98,244221.49,244124.40,243960.82,244360.83
sum_merge ：173.98
4101
4102
4103
4104
4105
4106
4107
4108
4109
4110
4111
4112
4113
4114
4115
4116
4117
4118
4119
4120
4121
4122
4123
4124
4125
4126
4127
4128
4129
4130
4131
4132
4133
4134
4135
4136
4137
4138
4139
4140
4141
4142
4143
4144
4145
4146
4147
4148
4149
4150
Round #4150 (Experiment = PIF_CIFAR10_[1.0, 0.3, 0.1]1.0__recover_con_sub_fed_avg_niid__n__50_____ft_esc).
fed_avg Loss/acc (at round #4150) = 0.7934549078345299/0.8573   Loss/acc=0.7934549078345299/0.8573
the density is 1.00,1.00,1.00,1.00,1.00,1.00,1.00,1.00,1.00,1.00
Elapsed time = 329806.55996390927
self.train_number :[4151, 4151, 4151, 4151, 4151, 4151, 4151, 4151, 4151, 4151]
client_acc :0.82,0.84,0.80,0.80,0.78,0.80,0.74,0.80,0.76,0.82
cluster_acc :0.86,0.86,0.86,0.86,0.86,0.86,0.86,0.86,0.86,0.86
sum_round_time :90.04,90.30,307.00,296.58,294.92,297.33,762.96,731.18,764.07,745.43
sum_down ：8140.45,8144.10,25549.80,25607.75,25540.20,25592.10,63858.35,63835.85,63789.75,63798.25
sum_train ：277.28,275.96,277.19,283.34,278.68,277.93,282.77,278.63,280.26,285.09
sum_upload ：29657.72,29650.85,98969.12,98828.17,98778.47,98842.70,247212.83,247083.49,246990.68,247357.88
sum_merge ：175.75
statu 11: client 0 EarlyStopping counter: 1 out of 20, best score is 0.8602, current score is 0.8573
4151
4152
4153
4154
4155
4156
4157
4158
4159
4160
4161
4162
4163
4164
4165
4166
4167
4168
4169
4170
4171
4172
4173
4174
4175
4176
4177
4178
4179
4180
4181
4182
4183
4184
4185
4186
4187
4188
4189
4190
4191
4192
4193
4194
4195
4196
4197
4198
4199
4200
Round #4200 (Experiment = PIF_CIFAR10_[1.0, 0.3, 0.1]1.0__recover_con_sub_fed_avg_niid__n__50_____ft_esc).
fed_avg Loss/acc (at round #4200) = 0.7852317541837692/0.8579   Loss/acc=0.7852317541837692/0.8579
the density is 1.00,1.00,1.00,1.00,1.00,1.00,1.00,1.00,1.00,1.00
Elapsed time = 333783.5828748955
self.train_number :[4201, 4201, 4201, 4201, 4201, 4201, 4201, 4201, 4201, 4201]
client_acc :0.82,0.84,0.80,0.80,0.78,0.80,0.74,0.80,0.76,0.82
cluster_acc :0.86,0.86,0.86,0.86,0.86,0.86,0.86,0.86,0.86,0.86
sum_round_time :90.97,90.11,304.79,294.34,300.85,309.95,733.61,756.00,762.69,764.33
sum_down ：8238.45,8241.45,25855.15,25913.10,25848.15,25907.35,64622.25,64606.15,64553.15,64566.40
sum_train ：280.63,279.42,280.63,286.58,281.87,281.16,285.98,281.80,283.45,288.55
sum_upload ：30018.18,30004.98,100171.89,100017.58,99991.42,100031.55,250169.53,250002.88,249971.12,250390.32
sum_merge ：177.60
statu 11: client 0 EarlyStopping counter: 2 out of 20, best score is 0.8602, current score is 0.8579
4201
4202
4203
4204
4205
4206
4207
4208
4209
4210
4211
4212
4213
4214
4215
4216
4217
4218
4219
4220
4221
4222
4223
4224
4225
4226
4227
4228
4229
4230
4231
4232
4233
4234
4235
4236
4237
4238
4239
4240
4241
4242
4243
4244
4245
4246
4247
4248
4249
4250
Round #4250 (Experiment = PIF_CIFAR10_[1.0, 0.3, 0.1]1.0__recover_con_sub_fed_avg_niid__n__50_____ft_esc).
fed_avg Loss/acc (at round #4250) = 0.7910309806466103/0.8592   Loss/acc=0.7910309806466103/0.8592
the density is 1.00,1.00,1.00,1.00,1.00,1.00,1.00,1.00,1.00,1.00
Elapsed time = 337761.5390641236
self.train_number :[4251, 4251, 4251, 4251, 4251, 4251, 4251, 4251, 4251, 4251]
client_acc :0.79,0.82,0.82,0.82,0.83,0.84,0.81,0.70,0.78,0.79
cluster_acc :0.86,0.86,0.86,0.86,0.86,0.86,0.86,0.86,0.86,0.86
sum_round_time :92.01,90.01,300.91,304.21,298.67,303.91,733.01,747.15,742.91,772.42
sum_down ：8336.25,8340.25,26166.80,26217.45,26159.75,26211.45,65388.70,65390.85,65320.45,65345.90
sum_train ：283.93,282.74,284.02,290.31,285.30,284.59,289.55,285.32,287.07,292.28
sum_upload ：30373.28,30358.04,101364.11,101217.78,101174.23,101231.60,253139.24,252955.02,252920.09,253366.12
sum_merge ：180.29
statu 11: client 0 EarlyStopping counter: 3 out of 20, best score is 0.8602, current score is 0.8592
statu 11: client 1 EarlyStopping counter: 2 out of 10, best score is 0.8289, current score is 0.7859
statu 11: client 2 EarlyStopping counter: 1 out of 10, best score is 0.8378, current score is 0.8211
statu 11: client 3 EarlyStopping counter: 3 out of 10, best score is 0.838, current score is 0.8168
statu 11: client 4 EarlyStopping counter: 2 out of 10, best score is 0.8235, current score is 0.8214
statu 11: client 7 EarlyStopping counter: 2 out of 10, best score is 0.8232, current score is 0.8128
statu 11: client 8 EarlyStopping counter: 2 out of 10, best score is 0.8094, current score is 0.7008
statu 11: client 9 EarlyStopping counter: 4 out of 10, best score is 0.8216, current score is 0.7829
statu 11: client 10 EarlyStopping counter: 1 out of 10, best score is 0.8152, current score is 0.7937
4251
4252
4253
4254
4255
4256
4257
4258
4259
4260
4261
4262
4263
4264
4265
4266
4267
4268
4269
4270
4271
4272
4273
4274
4275
4276
4277
4278
4279
4280
4281
4282
4283
4284
4285
4286
4287
4288
4289
4290
4291
4292
4293
4294
4295
4296
4297
4298
4299
4300
Round #4300 (Experiment = PIF_CIFAR10_[1.0, 0.3, 0.1]1.0__recover_con_sub_fed_avg_niid__n__50_____ft_esc).
fed_avg Loss/acc (at round #4300) = 0.8017316088080406/0.857   Loss/acc=0.8017316088080406/0.857
the density is 1.00,1.00,1.00,1.00,1.00,1.00,1.00,1.00,1.00,1.00
Elapsed time = 341761.03467236465
self.train_number :[4301, 4301, 4301, 4301, 4301, 4301, 4301, 4301, 4301, 4301]
client_acc :0.79,0.82,0.82,0.82,0.83,0.84,0.81,0.70,0.78,0.79
cluster_acc :0.86,0.86,0.86,0.86,0.86,0.86,0.86,0.86,0.86,0.86
sum_round_time :91.08,93.43,301.45,300.22,299.59,297.76,767.10,724.01,760.32,774.15
sum_down ：8434.30,8438.45,26479.45,26526.25,26470.95,26525.90,66169.75,66161.80,66103.85,66123.20
sum_train ：287.18,286.07,287.35,293.72,288.60,287.99,292.93,288.74,290.48,296.14
sum_upload ：30730.52,30721.31,102558.32,102401.65,102360.00,102409.73,256106.03,255891.49,255880.46,256415.82
sum_merge ：182.37
statu 11: client 0 EarlyStopping counter: 4 out of 20, best score is 0.8602, current score is 0.857
4301
4302
4303
4304
4305
4306
4307
4308
4309
4310
4311
4312
4313
4314
4315
4316
43Round #3100 (Experiment = PIF_CIFAR10_[1.0, 0.3, 0.1]1.0__asyn__recover_con_fedasyn_niid__n__50_____ft_esc).
fed_avg Loss/acc (at round #3100) = 1.279260128736496/0.732Round #4350 (Experiment = PIF_CIFAR10_[1.0, 0.3, 0.1]1.0__recover_con_sub_fed_avg_niid__n__50_____ft_esc).
fed_avg Loss/acc (at round #4350) = 0.7712118551135063/0.8612   Loss/acc=0.7712118551135063/0.8612
the density is 1.00,1.00,1.00,1.00,1.00,1.00,1.00,1.00,1.00,1.00
Elapsed time = 345712.1556286908
self.train_number :[4351, 4351, 4351, 4351, 4351, 4351, 4351, 4351, 4351, 4351]
client_acc :0.79,0.82,0.82,0.82,0.83,0.84,0.81,0.70,0.78,0.79
cluster_acc :0.86,0.86,0.86,0.86,0.86,0.86,0.86,0.86,0.86,0.86
sum_round_time :92.05,89.59,293.67,300.40,294.54,300.62,751.78,761.59,743.78,759.37
sum_down ：8532.05,8536.70,26787.80,26831.50,26778.40,26831.20,66935.35,66914.40,66877.30,66885.00
sum_train ：290.71,289.49,290.74,297.36,292.02,291.57,296.48,292.15,293.76,299.47
sum_upload ：31082.66,31074.74,103733.19,103588.31,103555.81,103598.69,259078.49,258864.95,258840.51,259406.38
sum_merge ：184.29
4351
4352
4353
4354
4355
4356
4357
4358
4359
4360
4361
4362
4363
4364
4365
4366
4367
4368
4369
4370
4371
4372
4373
4374
4375
4376
4377
4378
4379
4380
4381
4382
4383
4384
4385
4386
4387
4388
4389
4390
4391
4392
4393
4394
4395
4396
4397
4398
4399
4400
Round #4400 (Experiment = PIF_CIFAR10_[1.0, 0.3, 0.1]1.0__recover_con_sub_fed_avg_niid__n__50_____ft_esc).
fed_avg Loss/acc (at round #4400) = 0.7994840443134308/0.8612   Loss/acc=0.7994840443134308/0.8612
the density is 1.00,1.00,1.00,1.00,1.00,1.00,1.00,1.00,1.00,1.00
Elapsed time = 349699.15009528137
self.train_number :[4401, 4401, 4401, 4401, 4401, 4401, 4401, 4401, 4401, 4401]
client_acc :0.79,0.82,0.82,0.82,0.83,0.84,0.81,0.70,0.78,0.79
cluster_acc :0.86,0.86,0.86,0.86,0.86,0.86,0.86,0.86,0.86,0.86
sum_round_time :91.15,93.37,305.18,307.21,306.63,303.14,762.35,739.82,753.77,777.77
sum_down ：8630.15,8634.80,27092.25,27142.65,27086.05,27137.00,67699.10,67685.30,67661.15,67647.95
sum_train ：294.09,292.86,294.11,300.83,295.57,295.33,300.04,295.72,297.24,302.83
sum_upload ：31438.79,31427.70,104953.52,104763.88,104746.09,104770.36,262075.49,261828.80,261840.72,262446.20
sum_merge ：186.38
4401
4402
4403
4404
4405
4406
4407
4408
4409
4410
4411
4412
4413
4414
4415
4416
4417
4418
4419
4420
4421
4422
4423
4424
4425
4426
4427
4428
4429
4430
4431
4432
4433
4434
4435
4436
4437
4438
4439
4440
4441
4442
4443
4444
4445
4446
4447
4448
4449
4450
Round #4450 (Experiment = PIF_CIFAR10_[1.0, 0.3, 0.1]1.0__recover_con_sub_fed_avg_niid__n__50_____ft_esc).
fed_avg Loss/acc (at round #4450) = 0.7764115631580353/0.8636   Loss/acc=0.7764115631580353/0.8636
the density is 1.00,1.00,1.00,1.00,1.00,1.00,1.00,1.00,1.00,1.00
Elapsed time = 353680.33510825963
self.train_number :[4451, 4451, 4451, 4451, 4451, 4451, 4451, 4451, 4451, 4451]
client_acc :0.79,0.82,0.82,0.82,0.83,0.84,0.81,0.70,0.78,0.79
cluster_acc :0.86,0.86,0.86,0.86,0.86,0.86,0.86,0.86,0.86,0.86
sum_round_time :89.68,94.63,286.92,292.77,297.76,300.85,754.99,768.00,752.17,739.84
sum_down ：8728.60,8732.00,27399.95,27448.10,27389.00,27448.65,68473.40,68437.70,68423.65,68408.50
sum_train ：297.05,295.89,297.16,303.86,298.56,298.34,303.12,298.75,300.19,305.90
sum_upload ：31796.33,31796.54,106131.06,105939.00,105922.56,105942.95,265070.36,264786.59,264853.74,265476.61
sum_merge ：188.13
4451
4452
4453
4454
4455
4456
4457
4458
4459
4460
4461
4462
4463
4464
4465
4466
4467
4468
4469
4470
4471
4472
4473
4474
4475
4476
4477
4478
4479
4480
4481
4482
4483
4484
4485
4486
4487
4488
4489
4490
4491
4492
4493
4494
4495
4496
4497
4498
4499
4500
Round #4500 (Experiment = PIF_CIFAR10_[1.0, 0.3, 0.1]1.0__recover_con_sub_fed_avg_niid__n__50_____ft_esc).
fed_avg Loss/acc (at round #4500) = 0.7849534079432487/0.8631   Loss/acc=0.7849534079432487/0.8631
the density is 1.00,1.00,1.00,1.00,1.00,1.00,1.00,1.00,1.00,1.00
Elapsed time = 357616.4021112947
self.train_number :[4501, 4501, 4501, 4501, 4501, 4501, 4501, 4501, 4501, 4501]
client_acc :0.86,0.84,0.84,0.76,0.80,0.78,0.78,0.79,0.85,0.83
cluster_acc :0.86,0.86,0.86,0.86,0.86,0.86,0.86,0.86,0.86,0.86
sum_round_time :87.84,92.66,300.13,309.25,303.51,306.87,731.37,737.88,744.45,731.82
sum_down ：8826.20,8829.35,27707.25,27751.05,27700.90,27755.45,69248.45,69212.30,69204.00,69167.65
sum_train ：300.61,299.39,300.79,307.48,302.17,301.92,306.57,302.19,303.73,309.50
sum_upload ：32148.89,32153.45,107329.17,107135.04,107117.24,107141.97,268004.88,267766.13,267791.83,268410.35
sum_merge ：190.59
statu 11: client 0 EarlyStopping counter: 1 out of 20, best score is 0.8636, current score is 0.8631
statu 11: client 3 EarlyStopping counter: 4 out of 10, best score is 0.838, current score is 0.8367
statu 11: client 4 EarlyStopping counter: 3 out of 10, best score is 0.8235, current score is 0.7571
statu 11: client 5 EarlyStopping counter: 1 out of 10, best score is 0.8277, current score is 0.7975
statu 11: client 6 EarlyStopping counter: 1 out of 10, best score is 0.8382, current score is 0.7827
statu 11: client 7 EarlyStopping counter: 3 out of 10, best score is 0.8232, current score is 0.7764
statu 11: client 8 EarlyStopping counter: 3 out of 10, best score is 0.8094, current score is 0.7946
4501
4502
4503
4504
4505
4506
4507
4508
4509
4510
4511
4512
4513
4514
4515
4516
4517
4518
4519
4520
4521
4522
4523
4524
4525
4526
4527
4528
4529
4530
4531
4532
4533
4534
4535
4536
4537
4538
4539
4540
4541
4542
4543
4544
4545
4546
4547
4548
4549
4550
Round #4550 (Experiment = PIF_CIFAR10_[1.0, 0.3, 0.1]1.0__recover_con_sub_fed_avg_niid__n__50_____ft_esc).
fed_avg Loss/acc (at round #4550) = 0.7851270884275436/0.8641   Loss/acc=0.7851270884275436/0.8641
the density is 1.00,1.00,1.00,1.00,1.00,1.00,1.00,1.00,1.00,1.00
Elapsed time = 361581.90517438104
self.train_number :[4551, 4551, 4551, 4551, 4551, 4551, 4551, 4551, 4551, 4551]
client_acc :0.86,0.84,0.84,0.76,0.80,0.78,0.78,0.79,0.85,0.83
cluster_acc :0.86,0.86,0.86,0.86,0.86,0.86,0.86,0.86,0.86,0.86
sum_round_time :92.28,92.01,296.45,301.34,301.43,301.83,729.96,726.73,758.16,750.93
sum_down ：8924.40,8928.20,28015.95,28056.30,28004.30,28066.25,70009.60,69980.05,69971.35,69919.15
sum_train ：303.83,302.56,304.08,310.89,305.65,305.16,310.11,305.38,307.17,313.07
sum_upload ：32500.89,32509.25,108508.84,108318.60,108329.17,108332.63,270948.94,270682.61,270770.76,271388.53
sum_merge ：192.74
4551
4552
4553
4554
4555
4556
4557
4558
4559
4560
4561
4562
4563
4564
4565
4566
4567
4568
4569
4570
4571
4572
4573
4574
4575
4576
4577
4578
4579
4580
4581
4582
4583
4584
4585
4586
4587
4588
4589
4590
4591
4592
4593
4594
4595
4596
4597
4598
4599
4600
Round #4600 (Experiment = PIF_CIFAR10_[1.0, 0.3, 0.1]1.0__recover_con_sub_fed_avg_niid__n__50_____ft_esc).
fed_avg Loss/acc (at round #4600) = 0.8020137175917625/0.8626   Loss/acc=0.8020137175917625/0.8626
the density is 1.00,1.00,1.00,1.00,1.00,1.00,1.00,1.00,1.00,1.00
Elapsed time = 365555.14253820333
self.train_number :[4601, 4601, 4601, 4601, 4601, 4601, 4601, 4601, 4601, 4601]
client_acc :0.86,0.84,0.84,0.76,0.80,0.78,0.78,0.79,0.85,0.83
cluster_acc :0.86,0.86,0.86,0.86,0.86,0.86,0.86,0.86,0.86,0.86
sum_round_time :88.46,90.93,297.38,298.83,295.02,300.07,757.00,750.05,751.82,767.78
sum_down ：9023.20,9026.80,28323.55,28361.70,28306.70,28375.10,70788.10,70749.95,70741.75,70695.75
sum_train ：307.23,305.94,307.60,314.39,308.93,308.30,313.33,308.62,310.46,316.49
sum_upload ：32854.86,32865.08,109700.57,109499.58,109514.19,109506.16,273960.82,273689.96,273738.84,274363.84
sum_merge ：195.02
statu 11: client 0 EarlyStopping counter: 1 out of 20, best score is 0.8641, current score is 0.8626
4601
4602
4603
4604
4605
4606
4607
4608
4609
4610
4611
4612
4613
4614
4615
4616
4617
4618
4619
4620
4621
4622
4623
4624
4625
4626
4627
4628
4629
4630
4631
4632
4633
4634
4635
4636
4637
4638
4639
4640
4641
4642
4643
4644
4645
4646
4647
4648
4649
4650
Round #4650 (Experiment = PIF_CIFAR10_[1.0, 0.3, 0.1]1.0__recover_con_sub_fed_avg_niid__n__50_____ft_esc).
fed_avg Loss/acc (at round #4650) = 0.7887668833136559/0.8658   Loss/acc=0.7887668833136559/0.8658
the density is 1.00,1.00,1.00,1.00,1.00,1.00,1.00,1.00,1.00,1.00
Elapsed time = 369516.80031443585
self.train_number :[4651, 4651, 4651, 4651, 4651, 4651, 4651, 4651, 4651, 4651]
client_acc :0.86,0.84,0.84,0.76,0.80,0.78,0.78,0.79,0.85,0.83
cluster_acc :0.87,0.87,0.87,0.87,0.87,0.87,0.87,0.87,0.87,0.87
sum_round_time :92.94,92.60,301.14,310.45,300.38,296.29,754.92,771.14,748.67,753.50
sum_down ：9121.45,9125.10,28635.40,28673.55,28614.30,28677.75,71560.25,71520.35,71526.25,71474.15
sum_train ：310.99,309.74,311.25,318.03,312.54,311.85,316.81,311.97,313.84,319.92
sum_upload ：33211.79,33225.94,110888.27,110703.12,110700.46,110716.37,276928.69,276688.69,276696.29,277353.05
sum_merge ：197.21
4651
4652
4653
4654
4655
4656
4657
4658
4659
4660
4661
4662
4663
4664
4665
4666
4667
4668
4669
4670
4671
4672
4673
4674
4675
4676
4677
4678
4679
4680
4681
4682
4683
4684
4685
4686
4687
4688
4689
4690
4691
4692
4693
4694
4695
4696
4697
4698
4699
4700
Round #4700 (Experiment = PIF_CIFAR10_[1.0, 0.3, 0.1]1.0__recover_con_sub_fed_avg_niid__n__50_____ft_esc).
fed_avg Loss/acc (at round #4700) = 0.8143614158034325/0.8637   Loss/acc=0.8143614158034325/0.8637
the density is 1.00,1.00,1.00,1.00,1.00,1.00,1.00,1.00,1.00,1.00
Elapsed time = 373522.0392503931
self.train_number :[4701, 4701, 4701, 4701, 4701, 4701, 4701, 4701, 4701, 4701]
client_acc :0.86,0.84,0.84,0.76,0.80,0.78,0.78,0.79,0.85,0.83
cluster_acc :0.86,0.86,0.86,0.86,0.86,0.86,0.86,0.86,0.86,0.86
sum_round_time :90.53,93.03,296.77,299.58,302.04,305.23,764.81,767.40,748.31,727.63
sum_down ：9219.75,9223.40,28947.30,28983.95,28924.30,28984.80,72328.00,72279.10,72284.10,72256.75
sum_train ：313.95,312.69,314.16,320.96,315.51,314.77,319.81,314.91,316.77,322.94
sum_upload ：33567.04,33580.18,112083.24,111909.87,111881.88,111906.37,279896.30,279651.37,279713.56,280326.92
sum_merge ：198.74
statu 11: client 0 EarlyStopping counter: 1 out of 20, best score is 0.8658, current score is 0.8637
4701
4702
4703
4704
4705
4706
4707
4708
4709
4710
4711
4712
4713
4714
4715
4716
4717
4718
4719
4720
4721
4722
4723
4724
4725
4726
4727
4728
4729
4730
4731
4732
4733
4734
4735
4736
4737
4738
4739
4740
4741
4742
4743
4744
4745
4746
4747
4748
4749
4750
Round #4750 (Experiment = PIF_CIFAR10_[1.0, 0.3, 0.1]1.0__recover_con_sub_fed_avg_niid__n__50_____ft_esc).
fed_avg Loss/acc (at round #4750) = 0.7844607159495354/0.865   Loss/acc=0.7844607159495354/0.865
the density is 1.00,1.00,1.00,1.00,1.00,1.00,1.00,1.00,1.00,1.00
Elapsed time = 377486.4036485845
self.train_number :[4751, 4751, 4751, 4751, 4751, 4751, 4751, 4751, 4751, 4751]
client_acc :0.84,0.86,0.86,0.86,0.80,0.80,0.67,0.83,0.85,0.77
cluster_acc :0.86,0.86,0.86,0.86,0.86,0.86,0.86,0.86,0.86,0.86
sum_round_time :89.57,89.25,308.98,301.22,298.36,306.52,732.64,750.66,756.53,730.02
sum_down ：9318.60,9321.40,29256.65,29294.70,29230.95,29289.60,73094.35,73038.80,73054.90,73025.60
sum_train ：317.25,315.99,317.41,324.24,318.78,318.05,323.33,318.45,320.31,326.46
sum_upload ：33923.05,33933.72,113283.64,113105.73,113075.56,113109.99,282846.47,282672.21,282671.89,283295.94
sum_merge ：201.05
statu 11: client 0 EarlyStopping counter: 2 out of 20, best score is 0.8658, current score is 0.865
statu 11: client 1 EarlyStopping counter: 1 out of 10, best score is 0.8552, current score is 0.8378
statu 11: client 5 EarlyStopping counter: 2 out of 10, best score is 0.8277, current score is 0.8003
statu 11: client 6 EarlyStopping counter: 2 out of 10, best score is 0.8382, current score is 0.7986
statu 11: client 7 EarlyStopping counter: 4 out of 10, best score is 0.8232, current score is 0.665
statu 11: client 9 EarlyStopping counter: 1 out of 10, best score is 0.8527, current score is 0.846
statu 11: client 10 EarlyStopping counter: 1 out of 10, best score is 0.8296, current score is 0.7692
4751
4752
4753
4754
4755
4756
4757
4758
4759
4760
4761
4762
4763
4764
4765
4766
4767
4768
4769
4770
4771
4772
4773
4774
4775
4776
4777
4778
4779
4780
4781
4782
4783
4784
4785
4786
4787
4788
4789
4790
4791
4792
4793
4794
4795
4796
4797
4798
4799
4800
Round #4800 (Experiment = PIF_CIFAR10_[1.0, 0.3, 0.1]1.0__recover_con_sub_fed_avg_niid__n__50_____ft_esc).
fed_avg Loss/acc (at round #4800) = 0.7873502671718597/0.8642   Loss/acc=0.7873502671718597/0.8642
the density is 1.00,1.00,1.00,1.00,1.00,1.00,1.00,1.00,1.00,1.00
Elapsed time = 381436.7468701248
self.train_number :[4801, 4801, 4801, 4801, 4801, 4801, 4801, 4801, 4801, 4801]
client_acc :0.84,0.86,0.86,0.86,0.80,0.80,0.67,0.83,0.85,0.77
cluster_acc :0.86,0.86,0.86,0.86,0.86,0.86,0.86,0.86,0.86,0.86
sum_round_time :91.77,91.73,299.82,303.95,303.62,307.93,742.07,749.73,757.76,761.62
sum_down ：9416.10,9419.50,29562.15,29605.15,29531.35,29598.80,73861.45,73811.05,73835.55,73806.10
sum_train ：320.78,319.72,320.98,327.52,322.05,321.37,326.61,321.74,323.79,330.31
sum_upload ：34283.23,34294.24,114461.35,114290.95,114280.22,114303.35,285818.42,285652.05,285658.48,286294.41
sum_merge ：203.21
statu 11: client 0 EarlyStopping counter: 3 out of 20, best score is 0.8658, current score is 0.8642
4801
4802
4803
4804
4805
4806
4807
4808
4809
4810
4811
4812
4813
4814
4815
4816
4817
4818
4819
4820
4821
4822
4823
4824
4825
4826
4827
4828
4829
4830
4831
4832
4833
4834
4835
4836
4837
4838
4839
4840
4841
4842
4843
4844
4845
4846
4847
4848
4849
4850
Round #4850 (Experiment = PIF_CIFAR10_[1.0, 0.3, 0.1]1.0__recover_con_sub_fed_avg_niid__n__50_____ft_esc).
fed_avg Loss/acc (at round #4850) = 0.8158122003078461/0.8645   Loss/acc=0.8158122003078461/0.8645
the density is 1.00,1.00,1.00,1.00,1.00,1.00,1.00,1.00,1.00,1.00
Elapsed time = 385408.1643360278
self.train_number :[4851, 4851, 4851, 4851, 4851, 4851, 4851, 4851, 4851, 4851]
client_acc :0.84,0.86,0.86,0.86,0.80,0.80,0.67,0.83,0.85,0.77
cluster_acc :0.86,0.86,0.86,0.86,0.86,0.86,0.86,0.86,0.86,0.86
sum_round_time :91.99,88.34,312.62,296.10,289.15,310.59,759.13,767.37,744.14,785.90
sum_down ：9514.80,9517.15,29869.20,29914.90,29836.60,29903.70,74623.50,74575.50,74588.80,74574.65
sum_train ：324.09,322.96,324.20,330.86,325.31,324.77,330.03,324.97,326.87,333.82
sum_upload ：34639.15,34650.21,115685.55,115470.35,115455.30,115499.07,288830.71,288641.64,288619.89,289331.47
sum_merge ：205.22
statu 11: client 0 EarlyStopping counter: 4 out of 20, best score is 0.8658, current score is 0.8645
4851
4852
4853
4854
4855
4856
4857
4858
4859
4860
4861
4862
4863
4864
4865
4866
4867
4868
4869
4870
4871
4872
4873
4874
4875
4876
4877
4878
4879
4880
4881
4882
4883
4884
4885
4886
4887
4888
4889
4890
4891
4892
4893
4894
4895
4896
4897
4898
4899
4900
Round #4900 (Experiment = PIF_CIFAR10_[1.0, 0.3, 0.1]1.0__recover_con_sub_fed_avg_niid__n__50_____ft_esc).
fed_avg Loss/acc (at round #4900) = 0.8072624504566193/0.8645   Loss/acc=0.8072624504566193/0.8645
the density is 1.00,1.00,1.00,1.00,1.00,1.00,1.00,1.00,1.00,1.00
Elapsed time = 389383.59517061664
self.train_number :[4901, 4901, 4901, 4901, 4901, 4901, 4901, 4901, 4901, 4901]
client_acc :0.84,0.86,0.86,0.86,0.80,0.80,0.67,0.83,0.85,0.77
cluster_acc :0.86,0.86,0.86,0.86,0.86,0.86,0.86,0.86,0.86,0.86
sum_round_time :92.28,96.28,299.08,292.61,301.78,299.43,769.24,773.28,741.26,747.42
sum_down ：9612.00,9615.00,30171.95,30229.35,30145.20,30217.35,75393.85,75343.40,75361.80,75335.10
sum_train ：327.59,326.31,327.46,334.21,328.82,328.30,333.62,328.56,330.48,337.43
sum_upload ：34997.35,35014.01,116890.57,116666.16,116648.92,116692.02,291790.21,291641.34,291603.23,292322.00
sum_merge ：207.39
4901
4902
4903
4904
4905
4906
4907
4908
4909
4910
4911
4912
4913
4914
4915
4916
4917
4918
4919
4920
4921
4922
4923
4924
4925
4926
4927
4928
4929
4930
4931
4932
4933
4934
4935
4936
4937
4938
4939
4940
4941
4942
4943
4944
4945
4946
4947
4948
4949
4950
Round #4950 (Experiment = PIF_CIFAR10_[1.0, 0.3, 0.1]1.0__recover_con_sub_fed_avg_niid__n__50_____ft_esc).
fed_avg Loss/acc (at round #4950) = 0.8330476731061935/0.8593   Loss/acc=0.8330476731061935/0.8593
the density is 1.00,1.00,1.00,1.00,1.00,1.00,1.00,1.00,1.00,1.00
Elapsed time = 393373.5825797396
self.train_number :[4951, 4951, 4951, 4951, 4951, 4951, 4951, 4951, 4951, 4951]
client_acc :0.84,0.86,0.86,0.86,0.80,0.80,0.67,0.83,0.85,0.77
cluster_acc :0.86,0.86,0.86,0.86,0.86,0.86,0.86,0.86,0.86,0.86
sum_round_time :91.05,92.13,294.13,290.40,304.82,310.05,766.40,743.31,754.67,734.53
sum_down ：9709.30,9712.95,30474.90,30534.55,30451.70,30529.05,76167.20,76099.80,76129.65,76102.85
sum_train ：331.07,329.53,330.62,337.39,332.10,331.71,337.12,332.10,334.11,341.00
sum_upload ：35351.77,35372.34,118083.67,117864.38,117859.83,117889.92,294804.40,294627.75,294620.29,295269.62
sum_merge ：209.63
statu 11: client 0 EarlyStopping counter: 5 out of 20, best score is 0.8658, current score is 0.8593
4951
4952
4953
4954
4955
4956
4957
4958
4959
4960
4961
4962
4963
4964
4965
4966
4967
4968
4969
4970
4971
4972
4973
4974
4975
4976
4977
4978
4979
4980
4981
4982
4983
4984
4985
4986
4987
4988
4989
4990
4991
4992
4993
4994
4995
4996
4997
4998
4999
5000
Round #5000 (Experiment = PIF_CIFAR10_[1.0, 0.3, 0.1]1.0__recover_con_sub_fed_avg_niid__n__50_____ft_esc).
fed_avg Loss/acc (at round #5000) = 0.8355546146631241/0.8643   Loss/acc=0.8355546146631241/0.8643
the density is 1.00,1.00,1.00,1.00,1.00,1.00,1.00,1.00,1.00,1.00
Elapsed time = 397324.62039522623
self.train_number :[5001, 5001, 5001, 5001, 5001, 5001, 5001, 5001, 5001, 5001]
client_acc :0.85,0.85,0.85,0.84,0.83,0.81,0.86,0.78,0.82,0.84
cluster_acc :0.86,0.86,0.86,0.86,0.86,0.86,0.86,0.86,0.86,0.86
sum_round_time :91.25,89.51,296.91,294.26,303.13,297.56,751.08,772.28,756.73,744.59
sum_down ：9806.80,9810.70,30786.05,30837.10,30761.65,30841.20,76930.10,76881.10,76891.20,76881.50
sum_train ：334.05,332.47,333.55,340.74,335.13,334.74,340.06,335.07,337.07,343.94
sum_upload ：35703.37,35725.94,119271.Round #3600 (Experiment = PIF_CIFAR10_[1.0, 0.3, 0.1]1.0__asyn__recover_con_fedasyn_niid__n__50_____ft_esc).
fed_avg Loss/acc (at round #3600) = 1.1243796795606613/0.7684   Loss/acc=1.1243796795606613/0.7684
the density is 1.00,1.00,1.00,1.00,1.00,1.00,1.00,1.00,1.00,1.00
Elapsed time = 89137.21465179963
self.train_number :[3600, 3600, 1511, 1512, 1512, 1510, 1020, 1016, 1020, 1022]
client_acc :0.62,0.64,0.66,0.62,0.64,0.64,0.64,0.70,0.68,0.65
cluster_acc :0.77,0.77,0.77,0.77,0.77,0.77,0.77,0.77,0.77,0.77
sum_round_time :326.62,326.62,721.95,721.95,721.95,721.95,872.46,872.46,872.46,872.46
sum_down ：7652.42,7611.78,12885.81,12855.33,12948.98,12733.28,21872.50,21921.48,21872.79,21949.87
sum_train ：237.13,236.90,100.14,99.20,100.09,99.71,67.03,67.47,68.04,67.68
sum_upload ：25644.62,25624.23,36266.45,36289.74,36298.17,36305.73,61655.65,61566.29,61762.24,61543.17
sum_merge ：88.59
3600
3600
3600
3600
3601
3601
3601
3601
3602
3602
3602
3602
3603
3603
3604
3604
3604
3604
3604
3605
3605
3605
3605
3606
3606
3606
3606
3607
3607
3607
3607
3608
3608
3608
3608
3609
3609
3610
3611
3611
3611
3612
3612
3612
3613
3613
3613
3613
3613
3614
3614
3614
3614
3615
3615
3616
3616
3616
3616
3616
3617
3617
3618
3618
3618
3618
3619
3619
3619
3619
3620Round #5050 (Experiment = PIF_CIFAR10_[1.0, 0.3, 0.1]1.0__recover_con_sub_fed_avg_niid__n__50_____ft_esc).
fed_avg Loss/acc (at round #5050) = 0.8471952825784683/0.8621   Loss/acc=0.8471952825784683/0.8621
the density is 1.00,1.00,1.00,1.00,1.00,1.00,1.00,1.00,1.00,1.00
Elapsed time = 401288.1269617832
self.train_number :[5051, 5051, 5051, 5051, 5051, 5051, 5051, 5051, 5051, 5051]
client_acc :0.85,0.85,0.85,0.84,0.83,0.81,0.86,0.78,0.82,0.84
cluster_acc :0.86,0.86,0.86,0.86,0.86,0.86,0.86,0.86,0.86,0.86
sum_round_time :93.51,90.23Round #3650 (Experiment = PIF_CIFAR10_[1.0, 0.3, 0.1]1.0__asyn__recover_con_fedasyn_niid__n__50_____ft_esc).
fed_avg Loss/acc (at round #3650) = 1.1294517889618874/0.7662   Loss/acc=1.1294517889618874/0.7662
the density is 1.00,1.00,1.00,1.00,1.00,1.00,1.00,1.00,1.00,1.00
Elapsed time = 90501.15558005469
self.train_number :[3650, 3650, 1532, 1534, 1533, 1532, 1036, 1032, 1036, 1038]
client_acc :0.62,0.64,0.66,0.62,0.64,0.64,0.64,0.70,0.68,0.65
cluster_acc :0.77,0.77,0.77,0.77,0.77,0.77,0.77,0.77,0.77,0.77
sum_round_time :336.29,336.29,699.45,611.69,699.45,611.69,832.99,832.99,832.99,832.99
sum_down ：7749.97,7709.79,13158.70,13090.00,13127.11,12924.61,22189.41,22248.22,22189.16,22272.66
sum_train ：240.64,240.44Round #5100 (Experiment = PIF_CIFAR10_[1.0, 0.3, 0.1]1.0__recover_con_sub_fed_avg_niid__n__50_____ft_esc).
fed_avg Loss/acc (at round #5100) = 0.8021261021494865/0.8666   Loss/acc=0.8021261021494865/0.8666
the density is 1.00,1.00,1.00,1.00,1.00,1.00,1.00,1.00,1.00,1.00
Elapsed time = 405256.43179836875
self.train_number :[5101, 5101, 5101, 5101, 5101, 5101, 5101, 5101, 5101, 5101]
client_acc :0.85,0.85,0.85,0.84,0.83,0.81,0.86,0.78,0.82,0.84
cluster_acc :0.87,0.87,0.87,0.87,0.87,0.87,0.87,0.87,0.87,0.87
sum_round_time :92.68,93.22,313.28,293.71,297.30,305.91,741.90,755.79,751.40,772.25
sum_down ：10003.05,10007.05,31401.05,31447.10,31377.15,31453.90,78463.05,78445.65,78436.95,78426.45
sum_train ：341.05,339.48,340.61,347.88,341.83,341.52,346.93,341.88,343.68,350.77
sum_upload ：36421.01,36449.84,121660.10,121421.15,121437.10,121508.75,303754.48,303532.14,303537.83,304231.95
sum_merge ：215.77
5101
5102
5103
5104
5105
5106
5107
5108
5109
5110
5111
5112
5113
5114
5115
5116
5117
5118
5119
5120
5121
5122
5123
5124
5125
5126
5127
5128
5129
5130
5131
5132
5133
5134
5135
5136
5137
5Round #3700 (Experiment = PIF_CIFAR10_[1.0, 0.3, 0.1]1.0__asyn__Round #5150 (Experiment = PIF_CIFAR10_[1.0, 0.3, 0.1]1.0__recover_con_sub_fed_avg_niid__n__50_____ft_esc).
fed_avg Loss/acc (at round #5150) = 0.8374585062265396/0.8661   Loss/acc=0.8374585062265396/0.8661
the density is 1.00,1.00,1.00,1.00,1.00,1.00,1.00,1.00,1.00,1.00
Elapsed time = 409252.99489943264
self.train_number :[5151, 5151, 5151, 5151, 5151, 5151, 5151, 5151, 5151, 5151]
client_acc :0.85,0.85,0.85,0.84,0.83,0.81,0.86,0.78,0.82,0.84
cluster_acc :0.87,0.87,0.87,0.87,0.87,0.87,0.87,0.87,0.87,0.87
sum_round_time :89.56,92.95,302.50,299.03,288.92,306.24,761.70,755.95,769.95,775.19
sum_down ：10101.15,10105.10,31711.90,31752.15,31687.60,31763.25,79221.55,79215.80,79204.40,79207.60
sum_train ：344.33,342.81,344.06,351.69,345.37,345.11,350.48,345.30,347.17,354.17
sum_upload ：36779.11,36809.61,122855.62,122618.77,122605.74,122706.14,306727.83,306494.88,306523.24,307256.39
sum_merge ：217.89
statu 11: client 0 EarlyStopping counter: 1 out of 20, best score is 0.8666, current score is 0.8661
5151
5152
5153
5154
5155
5156
5157
5158
5159
5160
5161
5162
5163
5164
5165
5166
5167
5168
5169
5170
5171
5172
5173
5174
5175
5176
5177
5178
5179
5180
5181
5182
5183
5184
5185
5186
5187
5188
5189
5190
5191
5192
5193
5194
5195
5196
5197
5198
5199
5200
Round #5200 (Experiment = PIF_CIFAR10_[1.0, 0.3, 0.1]1.0__recover_con_sub_fed_avg_niid__n__50_____ft_esc).
fed_avg Loss/acc (at round #5200) = 0.8520804196596146/0.8654   Loss/acc=0.8520804196596146/0.8654
the density is 1.00,1.00,1.00,1.00,1.00,1.00,1.00,1.00,1.00,1.00
Elapsed time = 413261.0732855634
self.train_number :[5201, 5201, 5201, 5201, 5201, 5201, 5201, 5201, 5201, 5201]
client_acc :0.85,0.85,0.85,0.84,0.83,0.81,0.86,0.78,0.82,0.84
cluster_acc :0.87,0.87,0.87,0.87,0.87,0.87,0.87,0.87,0.87,0.87
sum_round_time :91.99,93.49,297.02,295.55,298.96,293.35,750.08,746.39,770.23,752.68
sum_down ：10199.30,10203.05,32023.65,32064.55,31996.95,32073.10,80005.35,79993.20,79977.40,79987.25
sum_train ：347.91,346.44,347.69,355.22,348.92,348.57,353.97,348.92,350.87,357.93
sum_upload ：37131.69,37170.72,124049.52,123804.24,123792.02,123881.05,309701.13,309485.37,309508.85,310287.50
sum_merge ：220.20
statu 11: client 0 EarlyStopping counter: 2 out of 20, best score is 0.8666, current score is 0.8654
5201
5202
5203
5204
5205
5206
5207
5208
5209
5210
5211
5212
5213
5214
5215
5216
5217
5218
5219
5220
5221
5222
5223
5224
5225
5226
5227
5228
5229
5230
5231
5232
5233
5234
5235
5236
5237
5238
5239
5240
5241
5242
5243
5244
5245
5246
5247
5248
5249
5250
Round #5250 (Experiment = PIF_CIFAR10_[1.0, 0.3, 0.1]1.0__recover_con_sub_fed_avg_niid__n__50_____ft_esc).
fed_avg Loss/acc (at round #5250) = 0.8753626346588135/0.8634   Loss/acc=0.8753626346588135/0.8634
the density is 1.00,1.00,1.00,1.00,1.00,1.00,1.00,1.00,1.00,1.00
Elapsed time = 417255.7530625854
self.train_number :[5251, 5251, 5251, 5251, 5251, 5251, 5251, 5251, 5251, 5251]
client_acc :0.85,0.85,0.85,0.82,0.83,0.67,0.84,0.83,0.81,0.77
cluster_acc :0.86,0.86,0.86,0.86,0.86,0.86,0.86,0.86,0.86,0.86
sum_round_time :92.33,89.78,300.21,296.92,296.22,302.78,740.31,775.31,764.43,750.26
sum_down ：10296.90,10300.05,32330.70,32376.60,32305.10,32381.40,80761.40,80767.45,80749.30,80746.80
sum_train ：351.02,349.59,351.01,358.65,352.46,351.97,357.60,351.99,353.92,361.22
sum_upload ：37493.12,37529.03,125236.74,124996.19,124956.36,125075.35,312654.37,312480.23,312498.34,313304.02
sum_merge ：222.38
statu 11: client 0 EarlyStopping counter: 3 out of 20, best score is 0.8666, current score is 0.8634
statu 11: client 1 EarlyStopping counter: 3 out of 10, best score is 0.8552, current score is 0.8512
statu 11: client 2 EarlyStopping counter: 2 out of 10,Round #3800 (Experiment = PIF_CIFAR10_[1.0, 0.3, 0.1]1.0__asyn__recover_con_fedasyn_niid__n__50_____ft_esc).
fed_avg Loss/acc (at round #3800) = 1.098473608493805/0.7719   Loss/acc=1.098473608493805/0.7719
the density is 1.00,1.00,1.00,1.00,1.00,1.00,1.00,1.00,1.00,1.00
Elapsed time = 94020.63703041538
self.train_number :[3800, 3800, 1596, 1598, 1596, 1595, 1078, 1074, 1078, 1080]
client_acc :0.65,0.68,0.66,0.62,0.64,0.64,0.64,0.70,0.68,0.65
cluster_acc :0.77,0.77,0.77,0.77,0.77,0.77,0.77,0.77,0.77,0.77
sum_round_time :167.12,168.14,505.69,506.71,505.69,506.71,860.65,860.65,860.65,860.65
sum_down ：8042.15,8002.21,13592.35,13476.64,13559.52,13359.91,23070.91,23126.28,23068.33,23151.50
sum_train ：251.19,251.06,106.20,105.03,106.07,105.74,71.07,71.63,72.17,71.70
sum_upload ：27070.50,27047.51,38321.63,38365.69,38358.80,38382.29,65055.31,64979.77,65185.21,64944.73
sum_merge ：94.08
3800
3Round #5300 (Experiment = PIF_CIFAR10_[1.0, 0.3, 0.1]1.0__recover_con_sub_fed_avg_niid__n__50_____ft_esc).
fed_avg Loss/acc (at round #5300) = 0.8529422804713249/0.8673   Loss/acc=0.8529422804713249/0.8673
the density is 1.00,1.00,1.00,1.00,1.00,1.00,1.00,1.00,1.00,1.00
Elapsed time = 421264.0812364927
self.train_number :[5301, 5301, 5301, 5301, 5301, 5301, 5301, 5301, 5301, 5301]
client_acc :0.85,0.85,0.85,0.82,0.83,0.67,0.84,0.83,0.81,0.77
cluster_acc :0.87,0.87,0.87,0.87,0.87,0.87,0.87,0.87,0.87,0.87
sum_round_time :90.09,92.97,298.44,301.67,299.78,302.13,775.15,763.95,759.54,738.27
sum_down ：10395.40,10397.75,32636.85,32689.15,32612.85,32687.05,81522.55,81548.95,81522.65,81510.45
sum_train ：354.34,352.94,354.39,361.96,355.66,355.19,360.84,355.08,357.01,365.42
sum_upload ：37849.07,37886.32,126425.28,126174.83,126138.43,126276.94,315675.74Round #3850 (Experiment = PIF_CIFAR10_[1.0, 0.3, 0.1]1.0__asyn__recover_con_fedasyn_niid__n__50_____ft_esc).
fed_avg Loss/acc (at round #3850) = 1.103680543601513/0.7697   Loss/acc=1.103680543601513/0.7697
the density is 1.00,1.00,1.00,1.00,1.00,1.00,1.00,1.00,1.00,1.00
Elapsed time = 95154.520474455Round #5350 (Experiment = PIF_CIFAR10_[1.0, 0.3, 0.1]1.0__recover_con_sub_fed_avg_niid__n__50_____ft_esc).
fed_avg Loss/acc (at round #5350) = 0.8737923726439476/0.8607   Loss/acc=0.8737923726439476/0.8607
the density is 1.00,1.00,1.00,1.00,1.00,1.00,1.00,1.00,1.00,1.00
Elapsed time = 425236.46847108606
self.train_number :[5351, 5351, 5351, 5351, 5351, 5351, 5351, 5351, 5351, 5351]
client_acc :0.85,0.85,0.85,0.82,0.83,0.67,0.84,0.83,0.81,0.77
cluster_acc :0.86,0.86,0.86,0.86,0.86,0.86,0.86,0.86,0.86,0.86
sum_round_time :89.90,93.14,291.54,313.22,295.24,303.06,736.20,739.64,747.16,754.20
sum_down ：10493.30,10495.40,32941.80,32999.80,32917.00,32996.75,82294.25,82331.35,82297.05,82274.20
sum_train ：357.89,356.42,357.86,365.46,359.22,358.77,364.42,358.71,360.63,368.98
sum_upload ：38206.51,38245.44,127599.81,127381.39,127319.85,127463.65,318684.82,318427.71,318476.21,319326.41
sum_merge ：226.44
statu 11: client 0 EarlyStopping counter: 1 out of 20, best score is 0.8673, current score is 0.8607
5351
5352
5353
5354
5355
5356
5357
5358
5359
5360
5361
5362
5363
5364
5365
5366
5367
5368
5369
5370
5371
5372
5373
5374
5375
5376
5377
5378
5379
5380
5381
5382
5383
5384
5385
5386
5387
5388
5389
5390
5391
5392
5393
5394
5395
5396
5397
5398
5399
5400
Round #5400 (Experiment = PIF_CIFAR10_[1.0, 0.3, 0.1]1.0__recover_con_sub_fed_avg_niid__n__50_____ft_esc).
fed_avg Loss/acc (at round #5400) = 0.8281377851963043/0.8676   Loss/acc=0.8281377851963043/0.8676
the density is 1.00,1.00,1.00,1.00,1.00,1.00,1.00,1.00,1.00,1.00
Elapsed time = 429227.6671850161
self.train_number :[5401, 5401, 5401, 5401, 5401, 5401, 5401, 5401, 5401, 5401]
client_acc :0.85,0.85,0.85,0.82,0.83,0.67,0.84,0.83,0.81,0.77
cluster_acc :0.87,0.87,0.87,0.87,0.87,0.87,0.87,0.87,0.87,0.87
sum_round_time :91.74,92.68,296.58,301.63,304.01,303.78,746.71,770.33,763.57,731.79
sum_down ：10591.35,10592.75,33251.25,33309.40,33221.50,33306.45,83072.90,83112.90,83080.45,83045.05
sum_train ：361.28,359.59,361.01,368.59,362.59,362.19,368.00,362.09,364.06,372.47
sum_upload ：38566.05,38602.85,128774.24,128586.33,128486.42,128672.60,321658.84,321426.14,321448.98,322259.20
sum_merge ：228.78
5401
5402
5403
5404
5405
5406
5407
5408
5409
5410
5411
5412
5413
5414
5415
5416
5417
5418
5419
5420
5421
5422
5423
5424
5425
5426
5427
5428
5429
5430
5431
5432
5433
5434
5435
5436
5437
5438
5439
5440
5441
5442
5443
5444
5445
5446
5447
5448
5449
5450
Round #5450 (Experiment = PIF_CIFAR10_[1.0, 0.3, 0.1]1.0__recover_con_sub_fed_avg_niid__n__50_____ft_esc).
fed_avg Loss/acc (at round #5450) = 0.832782618701458/0.8668   Loss/acc=0.832782618701458/0.8668
the density is 1.00,1.00,1.00,1.00,1.00,1.00,1.00,1.00,1.00,1.00
Elapsed time = 433197.02384775574
self.train_number :[5451, 5451, 5451, 5451, 5451, 5451, 5451, 5451, 5451, 5451]
client_acc :0.85,0.85,0.85,0.82,0.83,0.67,0.84,0.83,0.81,0.77
cluster_acc :0.87,0.87,0.87,0.87,0.87,0.87,0.87,0.87,0.87,0.87
sum_round_time :95.16,92.58,305.72,320.30,303.50,305.59,751.83,762.56,736.23,740.29
sum_down ：10689.70,10690.50,33558.75,33619.05,33533.80,33611.80,83838.65,83887.65,83850.60,83820.00
sum_train ：364.48,362.76,364.06,371.68,365.80,365.42,371.25,365.60,367.68,376.08
sum_upload ：38928.31,38963.73,129986.24,129798.46,129670.11,129863.63,324641.32,324403.77,324423.00,325232.55
sum_Round #3950 (Experiment = PIF_CIFAR10_[1.0, 0.3, 0.1]1.0__asyn__recover_con_fedasyn_niid__n__50_____ft_esc).
fed_avg Loss/acc (at round #3950) = 1.0680434107780457/0.7798   Loss/acc=1.0680434107780457/0.7798
the density is 1.00,1.00,1.00,1.00,1.00,1.00,1.00,1.00,1.00,1.00
Elapsed time = 97562.48143977982
self.train_number :[3950, 3950, 1661, 1662, 1661, 1658, 1118,Round #5500 (Experiment = PIF_CIFAR10_[1.0, 0.3, 0.1]1.0__recover_con_sub_fed_avg_niid__n__50_____ft_esc).
fed_avg Loss/acc (at round #5500) = 0.8575883880257607/0.8644   Loss/acc=0.8575883880257607/0.8644
the density is 1.00,1.00,1.00,1.00,1.00,1.00,1.00,1.00,1.00,1.00
Elapsed time = 437159.8380556124
self.train_number :[5501, 5501, 5501, 5501, 5501, 5501, 5501, 5501, 5501, 5501]
client_acc :0.86,0.84,0.83,0.85,0.85,0.79,0.68,0.85,0.74,0.86
cluster_acc :0.86,0.86,0.86,0.86,0.86,0.86,0.86,0.86,0.86,0.86
sum_round_time :91.09,92.19,302.96,297.50,296.23,294.10,739.96,747.60,756.85,754.27
sum_down ：10788.00,10789.35,33865.45,33926.55,33846.90,33920.80,84606.05,84645.30,84625.30,84567.15
sum_train ：367.69,366.05,367.32,374.96,369.16,368.78,374.62,369.11,371.35,379.84
sum_upload ：39285.15,39317.75,131177.62,131009.11,130860.18,131030.58,327602.42,327382.53,327370.38,328259.29
sum_merge ：232.99
statu 11: client 0 EarlyStopping counter: 2 out of 20, best score is 0.8676, current score is 0.8644
statu 11: client 2 EarlyStopping counter: 3 out of 10, best score is 0.8599, current score is 0.8416
statu 11: client 3 EarlyStopping counter: 3 out of 10, best score is 0.858, current score is 0.8316
statu 11: client 4 EarlyStopping counter: 3 out of 10, best score is 0.8626, current score is 0.8497
statu 11: client 6 EarlyStopping counter: 5 out of 10, best score is 0.8382, current score is 0.7933
statu 11: client 7 EarlyStopping counter: 2 out of 10, best score is 0.8619, current score is 0.6777
statu 11: client 9 EarlyStopping counter: 4 out of 10, best score is 0.8527, current score is 0.7423
5501
5502
5503
5504
5505
5506
5507
5508
5509
5510
5511
5512
5513
5514
5515
5516
5517
5518
5519
5520
5521
5522
5523
5524
5525
5526
5527
5528
5529
5530
5531
5532
5533
5534
5535
5536
5537
5538
5539
5540
5541
5542
5543
5544
5545
5546
5547
5548
5549
5550
Round #5550 (Experiment = PIF_CIFAR10_[1.0, 0.3, 0.1]1.0__recover_con_sub_fed_avg_niid__n__50_____ft_esc).
fed_avg Loss/acc (at round #5550) = 0.8393576294183731/0.8686   Loss/acc=0.8393576294183731/0.8686
the density is 1.00,1.00,1.00,1.00,1.00,1.00,1.00,1.00,1.00,1.00
Elapsed time = 441123.56328790827
self.train_number :[5551, 5551, 5551, 5551, 5551, 5551, 5551, 5551, 5551, 5551]
client_acc :0.86,0.84,0.83,0.85,0.85,0.79,0.68,0.85,0.74,0.86
cluster_acc :0.87,0.87,0.87,0.87,0.87,0.87,0.87,0.87,0.87,0.87
sum_round_time :94.04,91.33,297.99,291.60,308.99,301.61,748.81,755.97,770.36,734.26
sum_down ：10886.40,10887.10,34179.30,34230.65,34154.60,34228.05,85384.00,85408.35,85393.60,85330.30
sum_train ：371.19,369.72,370.88,378.61,372.44,372.04,377.80,372.26,374.57,383.12
sum_upload ：39644.42,39673.80,132365.51,132200.74,132047.94,132228.94,330557.74,330401.36,330404.68,331193.39
sum_merge ：235.27
5551
5552
5553
5554
5555
5556
5557
5558
5559
5560
5561
5562
5563
5564
5565
5566
5567
5568
5569
5570
5571
5572
5573
5574
5575
5576
5577
5578
5579
5580
5581
5582
5583
5584
5585
5586
5587
5588
5589
5590
5591
5592
5593
5594
5595
5596
5597
5598
5599
5600
Round #5600 (Experiment = PIF_CIFAR10_[1.0, 0.3, 0.1]1.0__recover_con_sub_fed_avg_niid__n__50_____ft_esc).
fed_avg Loss/acc (at round #5600) = 0.8592532873153687/0.8686   Loss/acc=0.8592532873153687/0.8686
the density is 1.00,1.00,1.00,1.00,1.00,1.00,1.00,1.00,1.00,1.00
Elapsed time = 445090.6742107371
self.train_number :[5601, 5601, 5601, 5601, 5601, 5601, 5601, 5601, 5601, 5601]
client_acc :0.86,0.84,0.83,0.85,0.85,0.79,0.68,0.85,0.74,0.86
cluster_acc :0.87,0.87,0.87,0.87,0.87,0.87,0.87,0.87,0.87,0.87
sum_round_time :89.59,91.84,305.78,300.52,303.76,295.07,754.93,755.17,743.00,759.58
sum_down ：10984.55,10985.45,34489.15,34538.75,34464.05,34533.10,86161.90,86166.90,86164.35,86094.90
sum_train ：374.67,372.99,374.23,381.98,375.76,375.49,381.45,375.81,377.97,386.49
sum_upload ：39995.55,40025.75,133549.31,133397.20,133244.54,133418.75,333508.55,333406.41,333354.45,334171.76
sum_merge ：237.38
5601
5602
5603
5604
5605
5606
5607
5608
5609
5610
5611
5612
5613
5614
5615
5616
5617
5618
5619
5620
5621
5622
5623
5624
5625
5626
5627
5628
5629
5630
5631
5632
5633
5634
5635
5636
5637
5638
5639
5640
5641
5642
5643
5644
5645
5646
5647
5648
5649
5650
Round #5650 (Experiment = PIF_CIFAR10_[1.0, 0.3, 0.1]1.0__recover_con_sub_fed_avg_niid__n__50_____ft_esc).
fed_avg Loss/acc (at round #5650) = 0.8464422300457954/0.8655   Loss/acc=0.8464422300457954/0.8655
the density is 1.00,1.00,1.00,1.00,1.00,1.00,1.00,1.00,1.00,1.00
Elapsed time = 449060.2888877009
self.train_number :[5651, 5651, 5651, 5651, 5651, 5651, 5651, 5651, 5651, 5651]
client_acc :0.86,0.84,0.83,0.85,0.85,0.79,0.68,0.85,0.74,0.86
cluster_acc :0.87,0.87,0.87,0.87,0.87,0.87,0.87,0.87,0.87,0.87
sum_round_time :92.25,93.98,296.01,309.23,302.07,297.66,736.06,776.88,747.97,735.27
sum_down ：11082.20,11082.40,34795.10,34847.30,34773.65,34841.80,86929.40,86931.40,86939.45,86865.70
sum_train ：377.98,376.39,377.58,385.36,379.10,378.93,384.98,379.23,381.42,389.90
sum_upload ：40353.89,40381.21,134745.99,134589.01,134430.39,134610.22,336458.99,336380.97,336349.31,337144.43
sum_merge ：239.29
statu 11: client 0 EarlyStopping counter: 1 out of 20, best score is 0.8686, current score is 0.8655
5651
5652
5653
5654
5655
5656
5657
5658
5659
5660
5661
5662
5663
5664
5665
5666
5667
5668
5669
5670
5671
5672
5673
5674
5675
5676
5677
5678
5679
5680
5681
5682
5683
5684
5685
5686
5687
5688
5689
5690
5691
5692
5693
5694
5695
5696
5697
5698
5699
5700
Round #5700 (Experiment = PIF_CIFAR10_[1.0, 0.3, 0.1]1.0__recover_con_sub_fed_avg_niid__n__50_____ft_esc).
fed_avg Loss/acc (at round #5700) = 0.8848995864391327/0.8656   Loss/acc=0.8848995864391327/0.8656
the density is 1.00,1.00,1.00,1.00,1.00,1.00,1.00,1.00,1.00,1.00
Elapsed time = 453058.4733266968
self.train_number :[5701, 5701, 5701, 5701, 5701, 5701, 5701, 5701, 5701, 5701]
client_acc :0.86,0.84,0.83,0.85,0.85,0.79,0.68,0.85,0.74,0.86
cluster_acc :0.87,0.87,0.87,0.87,0.87,0.87,0.87,0.87,0.87,0.87
sum_round_time :93.28,88.51,310.85,303.39,288.02,299.93,756.07,753.54,740.07,721.21
sum_down ：11179.95,11181.10,35102.25,35152.55,35080.35,35152.95,87695.30,87697.05,87705.50,87641.40
sum_train ：381.26,379.57,380.74,388.99,382.52,382.43,388.45,382.59,384.78,393.24
sum_upload ：40712.00,40735.32,135940.67,135786.97,135620.25,135790.76,339458.18,339351.24,339333.81,340154.15
sum_merge ：241.43
statu 11: client 0 EarlyStopping counter: 2 out of 20, best score is 0.8686, current score is 0.8656
5701
5702
5703
5704
5705
5706
5707
5708
5709
5710
5711
5712
5713
5714
5715
5716
5717
5718
5719
5720
5721
5722
5723
5724
5725
5726
5727
5728
5729
5730
5731
5732
5733
5734
5735
5736
5737
5738
5739
5740
5741
5742
5743
5744
5745
5746
5747
5748
5749
5750
Round #5750 (Experiment = PIF_CIFAR10_[1.0, 0.3, 0.1]1.0__recover_con_sub_fed_avg_niid__n__50_____ft_esc).
fed_avg Loss/acc (at round #5750) = 0.8641131669282913/0.8646   Loss/acc=0.8641131669282913/0.8646
the density is 1.00,1.00,1.00,1.00,1.00,1.00,1.00,1.00,1.00,1.00
Elapsed time = 457033.5599874653
self.train_number :[5751, 5751, 5751, 5751, 5751, 5751, 5751, 5751, 5751, 5751]
client_acc :0.87,0.81,0.84,0.82,0.84,0.81,0.85,0.77,0.79,0.87
cluster_acc :0.86,0.86,0.86,0.86,0.86,0.86,0.86,0.86,0.86,0.86
sum_round_time :89.83,90.74,310.39,296.94,299.19,298.43,743.17,754.92,749.10,763.81
sum_down ：11278.50,11279.65,35409.30,35456.85,35391.35,35459.05,88471.50,88485.35,88473.95,88406.00
sum_train ：384.78,383.23,384.38,392.67,386.16,385.89,391.89,386.01,388.13,396.67
sum_upload ：41065.32,41092.80,137132.86,136978.15,136798.27,136985.75,342424.85,342351.82,342298.25,343126.42
sum_merge ：243.70
statu 11: client 0 EarlyStopping counter: 3 out of 20, best score is 0.8686, current score is 0.8646
statu 11: client 2 EarlyStopping counter: 4 out of 10, best score is 0.8599, current score is 0.8124
statu 11: client 3 EarlyStopping counter: 4 out of 10, best score is 0.858, current score is 0.8436
statu 11: client 4 EarlyStopping counter: 4 out of 10, best score is 0.8626, current score is 0.8233
statu 11: client 5 EarlyStopping counter: 1 out of 10, best score is 0.8491, current score is 0.836
statu 11: client 6 EarlyStopping counter: 6 out of 10, best score is 0.8382, current score is 0.8082
statu 11: client 7 EarlyStopping counter: 3 out of 10, best score is 0.8619, current score is 0.8532
statu 11: client 8 EarlyStopping counter: 1 out of 10, best score is 0.8536, current score is 0.767
statu 11: client 9 EarlyStopping counter: 5 out of 10, best score is 0.8527, current score is 0.7908
5751
5752
5753
5754
5755
5756
5757
5758
57Round #4200 (Experiment = PIF_CIFAR10_[1.0, 0.3, 0.1]1.0__asyn__recover_con_fedasyn_niid__n__50_____ft_esc).
fed_avg Loss/acc (at round #4200) = 1.0164543017745018/0.7938   Loss/acc=1.0164543017745018/0.7938
the density is 1.00,1.00,1.00,1.00,1.00,1.00,1.00,1.00,1.00,1.00
Elapsed time = 104190.57653081501
self.train_number :[4200, 4199, 1768, 1768, 1768, 1765, 1193, 1190, 1194, 1195]
client_acc :0.75,0.72,0.64,0.66,0.65,0.67,0.64,0.70,0.68,0.65
cluster_acc :0.79,0.79,0.79,0.79,0.79,0.79,0.79,0.79,0.79,0.79
sum_round_time :331.17,331.17,740.38,740.38,740.38,740.38,817.53,817.53,817.53,817.53
sum_down ：8823.99,8830.46,15157.61,14876.59,15155.75,14907.51,25597.20,25655.01,25663.46,25694.35
sum_train ：277.99,277.86,117.69,116.51,117.96,117.29,78.89,79.33,80.03,79.57
sum_upload ：29912.70,29877.93,42447.06,42461.64,42483.79,42481.92,72109.03,72008.29,72199.47,71882.16
sum_merge ：104.03
statu 11: client 3 EarlyStopping counter: 1 out of 10, best score is 0.6602, current score is 0.6439
4200
4200
4200
4201
4201
4201
4202
4202
4202
4202
4203
4203
4203
4204
4204
4205
4205
4205
4205
4205
4206
4206
4206
4206
4207
4207
4207
4207
4208
4208
4208
4208
4209
4209
4209
4209
4210
4210
4210
4210
4211
4211
4212
4212
4212
4212
4213
4213
4213
4213
4214
4214
4215
4215
4215
4215
4215
4215
4216
4216
4216
4217
4217
4217
4217
4218
4218
4218
4218
4219
4219
4219
4220
4220
4220
4221
4221
4221
4221
4221
4222
4222
4223
4223
4223
4224
4224
4224
4225
4225
4225
4225
4225
Round #5850 (Experiment = PIF_CIFAR10_[1.0, 0.3, 0.1]1.0__recover_con_sub_fed_avg_niid__n__50_____ft_esc).
fed_avg Loss/acc (at round #5850) = 0.8323502913117409/0.8659   Loss/acc=0.8323502913117409/0.8659
the density is 1.00,1.00,1.00,1.00,1.00,1.00,1.00,1.00,1.00,1.00
Elapsed time = 464999.2708236454
self.train_number :[5851, 5851, 5851, 5851, 5851, 5851, 5851, 5851, 5851, 5851]
client_acc :0.87,0.81,0.84,0.82,0.84,0.81,0.85,0.77,0.79,0.87
cluster_acc :0.87,0.87,0.87,0.87,0.87,0.87,0.87,0.87,0.87,0.87
sum_round_time :90.83,92.80,298.36,306.40,294.72,294.95,739.52,733.69,731.73,729.26
sum_down ：11473.70,11474.95,36032.05,36072.90,36004.45,36070.60,90018.80,90004.45,90030.15,89948.80
sum_train ：391.14,389.39,390.68,399.11,392.44,392.32,398.49,392.46,394.58,403.49
sum_upload ：41786.02,41798.18,139514.51,139383.51,139176.67,139373.34,348342.08,348333.97,348212.80,349095.03
sum_merge ：248.01
statu 11: client 0 EarlyStopping counter: 5 out of 20, best score is 0.8686, current score is 0.8659
5851
5852
5853
5854
5855
5856
5857
5858
5859
5860
5861
5862
5863
5864
5865
5866
5867
5868
5869
5870
5871
5872
5873
5874
5875
5876
5877
5878
5879
5880
5881
5882
5883
5884
5885
5886
5887
5888
5889
5890
5891
5892
5893
5894
5895
5896
5897
5898
5899
5900
Round #5900 (Experiment = PIF_CIFAR10_[1.0, 0.3, 0.1]1.0__recover_con_sub_fed_avg_niid__n__50_____ft_esc).
fed_avg Loss/acc (at round #5900) = 0.8336093351244926/0.8665   Loss/acc=0.8336093351244926/0.8665
the density is 1.00,1.00,1.00,1.00,1.00,1.00,1.00,1.00,1.00,1.00
Elapsed time = 469004.5109541892
self.train_number :[5901, 5901, 5901, 5901, 5901, 5901, 5901, 5901, 5901, 5901]
client_acc :0.87,0.81,0.84,0.82,0.84,0.81,0.85,0.77,0.79,0.87
cluster_acc :0.87,0.87,0.87,0.87,0.87,0.87,0.87,0.87,0.87,0.87
sum_round_time :92.97,90.09,311.03,309.59,295.36,302.82,756.40,771.93,760.62,738.64
sum_down ：11571.35,11572.90,36336.40,36376.65,36315.95,36376.75,90784.65,90785.90,90796.30,90713.80
sum_train ：394.51,392.78,394.03,402.55,395.81,395.72,401.88,396.01,398.33,407.23
sum_upload ：42147.41,42150.41,140711.61,140603.71,140350.14,140569.59,351303.84,351368.11,351215.40,352096.55
sum_merge ：250.29
statuRound #4300 (Experiment = PIF_CIFAR10_[1.0, 0.3, 0.1]1.0__asyn__recover_con_fedasyn_niid__n__50_____ft_esc).
fed_avg Loss/acc (at round #4300) = 1.0384246334433556/0.789   Loss/acc=1.0384246334433556/0.789
the density is 1.00,1.00,1.00,1.00,1.00,1.00,1.00,1.00,1.00,1.00
Elapsed time = 106864.85103824256
self.train_number :[4300, 4299, 1813, 1813, 1813, 1810, 1223, 1220, 1224, 1225]
client_acc :0.73,0.72,0.64,0.66,0.65,0.67,0.64,0.70,0.68,0.65
cluster_acc :0.79,0.79,0.79,0.79,0.79,0.79,0.79,0.79,0.79,0.79
sum_round_time :282.98,282.98,505.38,505.38,505.38,505.38,882.77,914.47,914.47,882.77
sum_down ：9019.35,9025.86,15427.78,15199.93,15477.69,15220.62,26277.70,26301.13,26342.66,26346.46
sum_train ：285.03,284.85,120.67,119.51,120.91,120.40,80.88,81.52,82.17,81.64
sum_upload ：30622.39,30587.19,43550.86,43558.37,43584.93,43582.97,73878.36,73850.19,73992.16,73686.14
sum_merge ：106.84
statu 11: client 0 EarlyStopping counter: 1 out of 20, best score is 0.7945, current score is 0.789
statu 11: client 1 EarlyStopping counter: 1 out of 10, best score is 0.7479, current score is 0.7275
4300
4300
4300
4300
4301
4301
4301
4301
4302
4302
4302
4302
4303
4303
4303
4303
4303
4304
4304
4304
4304
4304
4305
4305
4305
4305
4306
4306
4307
4307
4307
4307
4307
4308
4308
4309
4309
4310
4310
4310
4311
4311
4311
4311
4312
4312
4312
4312
4313
4313
4313
4313
4314
4314
4314
4314
4315
4315
4315
4316
4316
4316
4316
4316
4317
4317
4317
4317
4318
4318
4318
4318
4319
4319
4319
4320
4320
4321
4321
4321
4321
4322
4322
4323
4323
4323
4324
4324
4324
4324
4325
4325
4325
4326
4326
4326
4327
4327
4327
4327
4328
432Round #6000 (Experiment = PIF_CIFAR10_[1.0, 0.3, 0.1]1.0__recover_con_sub_fed_avg_niid__n__50_____ft_esc).
fed_avg Loss/acc (at round #6000) = 0.8663542866706848/0.8672   Loss/acc=0.8663542866706848/0.8672
the density is 1.00,1.00,1.00,1.00,1.00,1.00,1.00,1.00,1.00,1.00
Elapsed time = 476900.14370226953
self.train_number :[6001, 6001, 6001, 6001, 6001, 6001, 6001, 6001, 6001, 600Round #4350 (Experiment = PIF_CIFAR10_[1.0, 0.3, 0.1]1.0__asyn__recover_con_fedasyn_niid__n__50_____ft_esc).
fed_avg Loss/acc (at round #4350) = 1.0081560835242271/0.7972   Loss/acc=1.0081560835242271/0.7972
the density is 1.00,1.00,1.00,1.00,1.00,1.00,1.00,1.00,1.00,1.00
Elapsed time = 107844.68085462731
self.train_number :[4350, 4349, 1834, 1834, 1834, 1831, 1234, 1232, 1236, 1236]
client_acc :0.73,0.72,0.64,0.66,0.65,0.67,0.64,0.70,0.68,0.65
cluster_acc :0.80,0.80,0.80,0.80,0.80,0.80,0.80,0.80,0.80,0.80
sum_round_time :188.95,188.95,493.04,493.04,493.04,493.04,876.12,876.12,876.12,876.12
sum_down ：9170.42,9177.09,15626.40,15326.85,15677.33,15428.44,26529.14,26565.68,26612.65,26598.36
sum_train ：288.41,288.14,122.07,120.91,122.29,121.70,81.66,82.41,83.10,82.38
sum_upload ：30976.33,30943.14,44057.03,44064.29,44095.97,44083.06,74595.32,74511.55,74638.04,74380.68
sum_merge ：107.87
4350
4350
4350
4351
4351
4351
4351
4352
4352
4352
4352
4352
4353
4353
4353
4354
4354
4354
4354
4355
4355
4355
4355
4355
4356
4356
4356
4357
4357
4358
4358
4358
4358
4359
4359
4360
4360
4360
4361
4361
4361
4362
4362
4362
4363
4363
4363
4364
4364
4364
4364
4365
4365
4366
4366
4367
4367
4367
4368
4368
4368
4369
4369
4370
4370
4370
4370
4371
4371
4371
4372
4372
4372
4372
4373
4373
4373
4373
4374
4374
4374
4375
4375
4375
4376
4376
4376
4376
4377
4377
4378
4378
4378
4378
4379
4379
4380
4380
4381
4381
4381
4381
4382
4382
4382
4383
4383
4383
4383
4384
4384
4385
4385
4385
4385
4386
4386Round #6050 (Experiment = PIF_CIFAR10_[1.0, 0.3, 0.1]1.0__recover_con_sub_fed_avg_niid__n__50_____ft_esc).
fed_avg Loss/acc (at round #6050) = 0.8845236897468567/0.8663   Loss/acc=0.8845236897468567/0.8663
the densitRound #4400 (Experiment = PIF_CIFAR10_[1.0, 0.3, 0.1]1.0__asyn__recover_con_fedasyn_niid__n__50_____ft_esc).
fed_avg Loss/acc (at round #4400) = 1.0010355710983276/0.7998   Loss/acc=1.0010355710983276/0.7998
the density is 1.00,1.00,1.00,1.00,1.00,1.00,1.00,1.00,1.00,1.00
Elapsed time = 108702.56330212923
self.train_number :[4400, 4399, 1853, 1853, 1853, 1850, 1244, 1242, 1246, 1246]
client_acc :0.73,0.72,0.64,0.66,0.65,0.67,0.64,0.70,0.68,0.65
cluster_acc :0.80,0.80,0.80,0.80,0.80,0.80,0.80,0.80,0.80,0.80
sum_round_time :179.54,179.54,501.12,501.12,501.12,501.12,824.92,824.92,824.92,824.92
sum_down ：9267.49,9273.92,15748.10,15443.52,15786.63,15540.46,26729.93,26767.25,26818.80,26798.09
sum_train ：291.75,291.58,123.30,122.18,123.51,122.91,82.32,83.06,83.76,83.00
sum_upload ：31332.32,31300.23,44518.60,44520.62,44552.50,44539.49,75193.88,75103.49,75247.86,74998.56
sum_merge ：109.00
4400
4400
4400
4401
4401
4401
4402
4402
4402
4402
4403
4403
4404
4404
4404
4404
4405
4405
4405
4405
4406
4406
4406
4407
4407
4408
4408
4408
4408Round #6100 (Experiment = PIF_CIFAR10_[1.0, 0.3, 0.1]1.0__recover_con_sub_fed_avg_niid__n__50_____ft_esc).
fed_avg Loss/acc (at round #6100) = 0.9182596728205681/0.8655   Loss/acc=0.9182596728205681/0.8655
the density is 1.00,1.00,1.00,1.00,1.00,1.00,1.00,1.00,1.00,1.00
Elaps4425
4425
4426
4426
4426
4426
4427
4427
4427
4427
4427
4428
4428
4429
4429
4429
4429
4430
4430
4431
4431
4432
4432
4432
4433
4433
4433
4433
4434
4434
4434
4434
4435
4435
4436
4436
4436
4436
4436
4437
4437
4437
4437
4438
4438
4439
4439
4439
4439
4440
4440
4440
4440
4441
4441
4441
4442
4442
4442
4443
4443
4443
4443
4444
4444
4445
4445
4445
4445
4445
4446
4446
4446
4447
4447
4448
4448
4448
4448
4449
4449
4449
4449
4450
Round #4450 (Experiment = PIF_CIFAR10_[1.0, 0.3, 0.1]1.0__asyn__recover_con_fedasyn_niid__n__50_____ft_esc).
fed_avg Loss/acc (at round #4450) = 0.995263583958149/0.8   Loss/acc=0.995263583958149/0.8
the density is 1.00,1.00,1.00,1.00,1.00,1.00,1.00,1.00,1.00,1.00
Elapsed time = 109799.57248662197
self.train_number :[4450, 4449, 1874, 1874, 1874, 1871, 1257, 1254, 1257, 1258]
client_acc :0.73,0.72,0.64,0.66,0.65,0.67,0.68,0.72,0.74,0.68
cluster_acc :0.80,0.80,0.80,0.80,0.80,0.80,0.80,0.80,0.80,0.80
sum_round_time :233.71,233.71,572.30,572.30,572.30,572.30,873.00,953.30,1042.97,873.00
sum_down ：9365.08,9371.62,15922.30,15569.89,15971.85,15726.78,27001.22,27069.51,27100.67,27054.50
sum_train ：295.17,295.03,124.81,123.57,124.99,124.45,83.26,83.95,84.61,83.88
sum_upload ：31688.43,31658.94,45000.15,44998.89,45031.80,45023.71,75981.58,75834.91,75972.59,75752.86
sum_merge ：110.37
4450
4450
4450
4451
4451
4451
4451
4452
4452
4452
4452
4453
4453
4453
4453
4454
4454
4454
4454
4455
4455
4455
4455
4456
4456
4457
4458
4458
4458
4459
4459
4459
4459
4459
4460
4460
4460
4460
4461
4461
4461
4461
4462
4462
4463
4463
4463
4464
4464
4464
4465
4465
4465
4466
4466
4466
4467
4467
4467
4467
4468
4468
4468
4468
4469
4469
4469
4470
4470
4470
4470
4471
4471
4471
4471
4472
4472
4472
4473
4473
4473
4473
4473
4474
4474
4474
4474
4475
4475
4476
4476
4476
4477
4477
4477
4477
4478
4478
4478
4478
4479
4479
4479
4480
4480
4480
4480
4480
4481
4481
4482
4482
4483
4483
4483
4484
4484
4484
4484
4485
4485
4485
4486
4487
4487
4487
4487
4488
4488
4488
4488
4489
4489
4489
4489
4490
4490
4490
4491
4491
4492
4492
4492
4492
4493
4493
4493
4493
4494
4494
4494
4495
4495
4496
4496
4496
4496
4497
4497
4497
4498
4498
4498
4498
4499
4499
4499
4499
4500
Round #4500 (Experiment = PIF_CIFAR10_[1.0, 0.3, 0.1]1.0__asyn__recover_con_fedasyn_niid__n__50_____ft_esc).
fed_avg Loss/acc (at round #4500) = 1.0106187239289284/0.7968   Loss/acc=1.0106187239289284/0.7968
the density is 1.00,1.00,1.00,1.00,1.00,1.00,1.00,1.00,1.00,1.00
Elapsed time = 111309.64134175882
self.train_number :[4500, 4499, 1896, 1896, 1896, 1892, 1275, 1272, 1275, 1276]
client_acc :0.73,0.72,0.64,0.66,0.65,0.67,0.68,0.72,0.74,0.68
cluster_acc :0.80,0.80,0.80,0.80,0.80,0.80,0.80,0.80,0.80,0.80
sum_round_time :259.99,259.99,572.43,573.45,572.43,676.51,843.53,843.53,843.53,843.53
sum_down ：9462.45,9468.98,16150.84,15797.08,16147.18,15900.93,27362.51,27431.77,27465.31,27418.93
sum_train ：298.64,298.45,126.29,125.07,126.48,125.88,84.51,85.21,85.88,85.22
sum_upload ：32044.57,32015.51,45530.24,45529.27,45565.29,45526.43,77050.20,76914.25,77031.44,76810.69
sum_merge ：111.88
statu 11: client 0 EarlyStopping counter: 1 out of 20, best score is 0.8, current score is 0.7968
4500
4500
4500
4501
4501
4501
4501
4501
4502
4502
4502
4502
4503
4503
4503
4503
4504
4504
4505
4505
4505
4505
4506
4506
4506
4506
4507
4507
4507
4507
4508
4508
4508
4508
4508
4509
4509
4509
4510
4510
4510
4510
4511
4511
4511
4511
4512
4512
4512
4513
4513
4513
4514
4514
4515
4515
4516
4516
4516
4516
4517
4517
4517
4517
4518
4518
4518
4518
4519
4519
4519
4519
4520
4520
4521
4521
4521
4521
4522
4522
4522
4522
4523
4523
4523
4523
4523
4524
4524
4525
4525
4525
4525
4525
4525
4526
4526
4526
4526
4526
4527
4527
4527
4527
4527
4528
4528
4528
4528
4528
4529
4529
4529
4529
4530
4530
4530
4530
4530
4531
4531
4531
4532
4532
4533
4534
4534
4534
4534
4535
4535
4535
4535
4536
4536
4536
4537
4537
4537
4537
4538
4538
4538
4538
4538
4539
4539
4539
4539
4540
4540
4540
4540
4541
4541
4541
4541
4542
4542
4542
4542
4543
4543
4543
4543
4544
4544
4544
4544
4545
4545
4545
4546
4546
4546
4546
4547
4547
4547
4547
4548
4548
4548
4548
4548
4548
4549
4549
4550
Round #4550 (Experiment = PIF_CIFAR10_[1.0, 0.3, 0.1]1.0__asyn__recover_con_fedasyn_niid__n__50_____ft_esc).
fed_avg Loss/acc (at round #4550) = 0.9943029806017876/0.8016   Loss/acc=0.9943029806017876/0.8016
the density is 1.00,1.00,1.00,1.00,1.00,1.00,1.00,1.00,1.00,1.00
Elapsed time = 112694.36913956699
self.train_number :[4550, 4550, 1919, 1919, 1919, 1915, 1291, 1287, 1290, 1292]
client_acc :0.68,0.73,0.64,0.66,0.65,0.67,0.68,0.72,0.74,0.68
cluster_acc :0.80,0.80,0.80,0.80,0.80,0.80,0.80,0.80,0.80,0.80
sum_round_time :283.54,284.55,696.17,695.16,695.16,696.17,879.55,933.82,933.82,879.55
sum_down ：9613.48,9568.35,16391.23,16030.51,16334.03,16085.23,27705.13,27760.28,27787.50,27762.53
sum_train ：302.06,302.13,127.85,126.58,127.97,127.98,85.62,86.38,87.05,86.26
sum_upload ：32399.91,32378.72,46101.70,46107.40,46138.88,46099.49,78001.43,77865.63,77980.53,77796.65
sum_merge ：113.22
statu 11: client 1 EarlyStopping counter: 2 out of 10, best score is 0.7479, current score is 0.6764
4550
4550
4550
4550
4550
4550
4551
4551
4551
4551
4551
4552
4552
4552
4552
4553
4553
4553
4553
4554
4554
4554
4554
4555
4555
4556
4556
4556
4557
4557
4557
4557
4558
4558
4558
4558
4558
4559
4559
4559
4559
4560
4560
4560
4560
4560
4561
4561
4562
4562
4562
4562
4563
4563
4564
4564
4564
4565
4565
4565
4565
4565
4566
4566
4566
4566
4567
4567
4567
4567
4568
4568
4568
4568
4569
4569
4569
4569
4569
4569
4570
4570
4570
4570
4571
4571
4571
4571
4572
4572
4572
4572
4573
4573
4573
4573
4574
4574
4574
4574
4575
4575
4575
4575
4576
4576
4577
4577
4578
4578
4578
4578
4579
4579
4579
4579
4580
4580
4580
4581
4581
4581
4581
4582
4582
4582
4582
4583
4583
4583
4583
4584
4584
4585
4585
4586
4586
4586
4586
4587
4587
4587
4588
4588
4588
4588
4589
4589
4589
4589
4590
4590
4591
4591
4591
4591
4592
4592
4593
4593
4594
4594
4594
4594
4595
4595
4595
4596
4596
4596
4596
4597
4597
4597
4598
4598
4598
4599
4599
4599
4599
4599
4600
Round #4600 (Experiment = PIF_CIFAR10_[1.0, 0.3, 0.1]1.0__asyn__recover_con_fedasyn_niid__n__50_____ft_esc).
fed_avg Loss/acc (at round #4600) = 0.955656923353672/0.8079   Loss/acc=0.955656923353672/0.8079
the density is 1.00,1.00,1.00,1.00,1.00,1.00,1.00,1.00,1.00,1.00
Elapsed time = 114139.61962536871
self.train_number :[4600, 4600, 1942, 1942, 1942, 1938, 1308, 1303, 1306, 1309]
client_acc :0.68,0.73,0.64,0.66,0.65,0.67,0.68,0.72,0.74,0.68
cluster_acc :0.81,0.81,0.81,0.81,0.81,0.81,0.81,0.81,0.81,0.81
sum_round_time :237.62,237.62,697.49,697.49,697.49,697.49,855.80,855.80,855.80,855.80
sum_down ：9711.25,9666.07,16576.69,16219.95,16522.40,16220.13,28072.20,28110.68,28129.96,28132.18
sum_train ：305.58,305.53,129.42,128.19,129.60,129.57,86.79,87.44,88.14,87.43
sum_upload ：32755.99,32731.49,46654.04,46658.85,46700.45,46646.01,79009.71,78852.26,78972.27,78814.35
sum_merge ：114.59
4600
4600
4600
4600
4601
4601
4601
4601
4602
4602
4602
4603
4603
4604
4604
4604
4605
4605
4605
4605
4606
4606
4606
4607
4607
4607
4607
4608
4608
4608
4608
4608
4609
4609
4610
4610
4610
4610
4611
4611
4612
4612
4613
4613
4614
4614
4614
4615
4615
4615
4615
4616
4616
4616
4616
4617
4617
4617
4617
4618
4618
4619
4619
4619
4620
4620
4620
4620
4621
4621
4621
4621
4621
4622
4622
4623
4623
4624
4624
4625
4625
4626
4626
4626
4626
4626
4627
4627
4627
4628
4628
4629
4629
4629
4630
4630
4630
4630
4631
4631
4632
4632
4632
4632
4633
4633
4633
4634
4634
4635
4635
4635
4635
4636
4636
4636
4636
4637
4637
4637
4638
4638
4638
4639
4639
4640
4640
4641
4641
4641
4642
4642
4642
4642
4642
4643
4643
4643
4643
4643
4644
4644
4644
4644
4645
4645
4646
4647
4647
4647
4647
4648
4648
4648
4648
4649
4649
4649
4650
Round #4650 (Experiment = PIF_CIFAR10_[1.0, 0.3, 0.1]1.0__asyn__recover_con_fedasyn_niid__n__50_____ft_esc).
fed_avg Loss/acc (at round #4650) = 0.9657613039016724/0.8073   Loss/acc=0.9657613039016724/0.8073
the density is 1.00,1.00,1.00,1.00,1.00,1.00,1.00,1.00,1.00,1.00
Elapsed time = 115174.40477389285
self.train_number :[4650, 4650, 1962, 1962, 1962, 1958, 1320, 1315, 1318, 1321]
client_acc :0.68,0.73,0.64,0.66,0.65,0.67,0.68,0.72,0.74,0.68
cluster_acc :0.81,0.81,0.81,0.81,0.81,0.81,0.81,0.81,0.81,0.81
sum_round_time :242.26,241.24,516.10,517.11,517.11,516.10,848.23,848.23,848.23,848.23
sum_down ：9808.44,9763.53,16701.65,16349.91,16635.73,16348.08,28326.24,28363.43,28385.36,28386.13
sum_train ：308.55,308.42,130.62,129.36,130.77,130.74,87.51,88.16,88.85,88.14
sum_upload ：33109.91,33086.83,47141.62,47140.69,47179.73,47125.34,79725.34,79556.25,79692.91,79537.53
sum_merge ：115.48
statu 11: client 0 EarlyStopping counter: 1 out of 20, best score is 0.8079, current score is 0.8073
4650
4650
4650
4651
4651
4651
4651
4652
4652
4652
4653
4653
4654
4654
4654
4654
4655
4655
4655
4656
4656
4656
4656
4657
4657
4657
4658
4658
4658
4659
4659
4659
4659
4659
4660
4660
4660
4660
4660
4661
4661
4661
4661
4662
4662
4662
4663
4663
4663
4664
4664
4664
4664
4664
4665
4665
4666
4666
4666
4666
4667
4667
4667
4668
4668
4669
4669
4669
4669
4670
4670
4670
4670
4670
4671
4671
4671
4671
4672
4672
4673
4673
4674
4674
4674
4675
4675
4675
4675
4676
4676
4676
4677
4677
4677
4677
4677
4678
4678
4678
4678
4679
4679
4680
4680
4680
4680
4680
4681
4681
4681
4681
4682
4682
4682
4683
4683
4683
4683
4684
4684
4684
4684
4685
4685
4685
4685
4686
4686
4686
4686
4687
4687
4688
4688
4688
4688
4689
4689
4689
4689
4690
4690
4690
4691
4691
4692
4692
4692
4692
4692
4693
4693
4694
4694
4694
4694
4694
4695
4695
4695
4696
4696
4697
4697
4697
4698
4698
4698
4699
4699
4700
Round #4700 (Experiment = PIF_CIFAR10_[1.0, 0.3, 0.1]1.0__asyn__recover_con_fedasyn_niid__n__50_____ft_esc).
fed_avg Loss/acc (at round #4700) = 0.9534240961074829/0.8052   Loss/acc=0.9534240961074829/0.8052
the density is 1.00,1.00,1.00,1.00,1.00,1.00,1.00,1.00,1.00,1.00
Elapsed time = 116431.28688016722
self.train_number :[4700, 4700, 1983, 1983, 1983, 1979, 1334, 1328, 1330, 1334]
client_acc :0.68,0.73,0.64,0.66,0.65,0.67,0.68,0.72,0.74,0.68
cluster_acc :0.81,0.81,0.81,0.81,0.81,0.81,0.81,0.81,0.81,0.81
sum_round_time :194.47,194.47,677.88,677.88,675.82,677.88,840.35,915.67,1019.22,915.67
sum_down ：9905.67,9861.28,16879.71,16519.41,16761.38,16531.90,28621.89,28642.36,28643.68,28660.86
sum_train ：312.13,311.93,132.19,130.93,132.37,132.32,88.54,89.14,89.72,89.13
sum_upload ：33465.35,33445.12,47642.09,47646.54,47688.17,47630.84,80627.78,80445.46,80562.92,80385.96
sum_merge ：116.97
statu 11: client 0 EarlyStopping counter: 2 Round #6500 (Experiment = PIF_CIFAR10_[1.0, 0.3, 0.1]1.0__recover_con_sub_fed_avg_niid__n__50_____ft_esc).
fed_avg Loss/acc (at round #6500) = 0.9243311211466789/0.8708   Loss/acc=0.9243311211466789/0.8708
the density is 1.00,1.00,1.00,1.00,1.00,1.00,1.00,1.00,1.00,1.00
Elapsed time = 516757.6004769201
self.train_number :[6501, 6501, 6501, 6501, 6501, 6501, 6501, 6501, 6501, 6501]
client_acc :0.86,0.85,0.84,0.83,0.87,0.81,0.85,0.83,0.84,0.83
cluster_acc :0.87,0.87,0.87,0.87,0.87,0.87,0.87,0.87,0.87,0.87
sum_round_time :89.02,92.98,299.22,297.67,303.92,294.20,743.02,746.47,738.85,758.83
sum_down ：12749.40,12749.50,40053.75,40070.40,40011.45,40073.65,100051.00,100061.40,100043.75,99957.00
sum_train ：434.39,432.84,434.28,444.12,436.35,436.25,442.59,436.67,438.66,447.75
sum_upload ：46437.34,46439.46,154986.064746
4746
4747
4747
4747
4747
4748
4748
4748
4748
4749
4749
4750
Round #4750 (Experiment = PIF_CIFAR10_[1.0, 0.3, 0.1]1.0__asyn__recover_con_fedasyn_niid__n__50_____ft_esc).
fed_avg Loss/acc (at round #4750) = 0.9458030685782433/0.8124   Loss/acc=0.9458030685782433/0.8124
the density is 1.00,1.00,1.00,1.00,1.00,1.00,1.00,1.00,1.00,1.00
Elapsed time = 117528.84301193558
self.train_number :[4751, 4751, 2003, 2002, 2003, 1999, 1347, 1341, 1343, 1347]
client_acc :0.68,0.74,0.54,0.70,0.74,0.67,0.68,0.72,0.74,0.68
cluster_acc :0.81,0.81,0.81,0.81,0.81,0.81,0.81,0.81,0.81,0.81
sum_round_time :189.60,249.49,683.38,685.57,683.38,683.38,847.29,847.29,847.29,847.29
sum_down ：10005.13,10017.90,17108.01,16747.89,17054.39,16719.23,28881.51,28902.85,28901.99,28921.59
sum_train ：315.25,315.01,133.41,132.10,133.57,133.60,89.33,89.94,90.56,89.90
sum_upload ：33828.06,33809.75,48099.11,48113.01,48141.29,48089.02,81385.16,81232.67,81361.02,81173.05
sum_merge ：117.96
statu 11: client 1 EarlyStopping counter: 3 out of 10, best score is 0.7479, current score is 0.677
statu 11: client 3 EarlyStopping counter: 2 out of 10, best score is 0.6602, current score is 0.5403
4751
4751
4751
4751
4752
4752
4752
4752
4753
4753
4754
4754
4754
4755
4755
4755
4756
4756
4756
4756
4756
4756
4757
4757
4757
4758
4758
4758
4759
4759
4759
4759
4760
4760
4760
4760
4760
4761
4761
4761
4761
4762
4762
4762
4762
4763
4763
4763
4763
4764
4764
4764
4764
4765
4765
4765
4766
4766
4766
4767
4767
4767
4767
4768
4768
4768
4768
4769
4769
4769
4770
4770
4770
4770
4771
4771
4771
4771
4771
4772
4772
4773
4773
4774
4774
4775
4775
4775
4776
4776
4776
4776
4776
4777
4777
4777
4778
4778
4778
4778
4779
4779
4779
4779
4780
4780
4781
4781
4781
4781
4781
4782
4782
4783
4783
4783
4783
4784
4784
4784
4784
4785
4785
4785
4785
4786
4786
4786
4786
4787
4787
4788
4788
4789
4789
4789
4790
4790
4790
4790
4791
4791
4792
4792
4792
4792
4793
4793
4793
4794
4794
4795
4795
4795
4795
4796
4796
4796
4796
4797
4797
4797
4797
4798
4798
4798
4798
4798
4799
4799
4799
4800
Round #4800 (Experiment = PIF_CIFAR10_[1.0, 0.3, 0.1]1.0__asyn__recover_con_fedasyn_niid__n__50_____ft_esc).
fed_avg Loss/acc (at round #4800) = 0.9574565887451172/0.8108   Loss/acc=0.9574565887451172/0.8108
the density is 1.00,1.00,1.00,1.00,1.00,1.00,1.00,1.00,1.00,1.00
Elapsed time = 118585.84763325611
self.train_number :[4800, 4801, 2022, 2022, 2022, 2018, 1360, 1354, 1356, 1360]
client_acc :0.68,0.74,0.54,0.70,0.74,0.72,0.68,0.72,0.74,0.68
cluster_acc :0.81,0.81,0.81,0.81,0.81,0.81,0.81,0.81,0.81,0.81
sum_round_time :190.57,189.55,511.89,513.92,513.92,512.90,843.15,843.15,843.15,843.15
sum_down ：10100.84,10115.35,17238.16,16885.90,17185.72,16839.07,29158.47,29176.96,29178.04,29199.39
sum_train ：318.72,318.35,134.75,133.47,134.86,134.83,90.21,90.83,91.43,90.83
sum_upload ：34178.92,34165.22,48581.76,48593.45,48621.92,48568.41,82096.97,81962.25,82081.71,81876.50
sum_merge ：119.28
statu 11: client 0 EarlyStopping counter: 1 out of 20, best score is 0.8124, current score is 0.8108
4800
4800
4800
4800
4800
4800
4801
4801
4801
4801
4801
4802
4802
4802
4802
4803
4803
4803
4803
4804
4804
4804
4805
4805
4806
4806
4806
4806
4807
4807
4807
4808
4808
4808
4808
4808
4809
4809
4809
4810
4810
4810
4810
4811
4811
4811
4811
4812
4812
4813
4813
4813
4813
4814
4814
4814
4815
4815
4815
4815
4816
4816
4816
4816
4817
4817
4818
4818
4818
4819
4819
4819
4820
4820
4820
4820
4820
4821
4821
4821
4821
4822
4822
4823
4823
4823
4824
4824
4824
4825
4825
4825
4825
4826
4826
4826
4826
4826
4827
4827
4827
4828
4828
4829
4829
4829
4829
4830
4830
4831
4831
4831
4831
4831
4832
4832
4832
4833
4833
4833
4833
4834
4834
4834
4835
4835
4835
4836
4836
4836
4836
4837
4837
4837
4837
4838
4838
4838
4838
4839
4839
4840
4841
4841
4841
4842
4842
4842
4843
4843
4843
4844
4844
4844
4844
4845
4845
4845
4846
4846
4846
4846
4847
4847
4847
4847
4848
4848
4848
4849
4849
4850
Round #4850 (Experiment = PIF_CIFAR10_[1.0, 0.3, 0.1]1.0__asyn__recover_con_fedasyn_niid__n__50_____ft_esc).
fed_avg Loss/acc (at round #4850) = 0.9340150132775307/0.8112   Loss/acc=0.9340150132775307/0.8112
the density is 1.00,1.00,1.00,1.00,1.00,1.00,1.00,1.00,1.00,1.00
Elapsed time = 120079.54065446563
self.train_number :[4850, 4852, 2043, 2043, 2043, 2039, 1377, 1371, 1373, 1377]
client_acc :0.68,0.74,0.54,0.70,0.74,0.72,0.68,0.72,0.74,0.68
cluster_acc :0.81,0.81,0.81,0.81,0.81,0.81,0.81,0.81,0.81,0.81
sum_round_time :286.60,282.59,631.20,631.20,631.20,631.20,865.39,865.39,865.39,865.39
sum_down ：10250.97,10214.38,17404.83,17097.90,17405.99,17073.52,29517.72,29529.95,29532.09,29554.90
sum_train ：322.05,321.66,136.15,134.89,136.38,136.34,91.39,91.95,92.54,91.94
sum_upload ：34533.62,34526.92,49093.55,49089.94,49123.65,49075.20,83165.60,83046.97,83140.01,82932.02
sum_merge ：120.46
statu 11: client 0 EarlyStopping counter: 2 out of 20, best score is 0.8124, current score is 0.8112
4850
4850
4850
4850
4851
4851
4851
4851
4852
4852
4853
4853
4853
4853
4854
4854
4854
4854
4854
4855
4855
4856
4856
4856
4856
4857
4857
4858
4858
4858
4859
4859
4859
4859
4860
4860
4860
4861
4861
4861
4861
4862
4862
4862
4863
4863
4864
4864
4865
4865
4865
4865
4866
4866
4866
4866
4866
4867
4867
4868
4868
4868
4868
4869
4869
4870
4870
4871
4871
4871
4872
4872
4872
4873
4873
4874
4874
4874
4874
4875
4875
4876
4876
4877
4877
4877
4877
4878
4878
4879
4879
4880
4880
4880
4880
4880
4881
4881
4882
4882
4883
4884
4884
4884
4884
4885
4885
4885
4886
4886
4887
4887
4887
4887
4887
4887
4888
4888
4888
4888
4889
4889
4889
4890
4890
4891
4891
4891
4891
4891
4892
4892
4893
4893
4893
4893
4894
4894
4894
4895
4895
4895
4896
4896
4896
4896
4896
4897
4897
4897
4897
4898
4898
4898
4898
4899
4899
4900
Round #4900 (Experiment = PIF_CIFAR10_[1.0, 0.3, 0.1]1.0__asyn__recover_con_fedasyn_niid__n__50_____ft_esc).
fed_avg Loss/acc (at round #4900) = 0.9283215776085854/0.8132   Loss/acc=0.9283215776085854/0.8132
the density is 1.00,1.00,1.00,1.00,1.00,1.00,1.00,1.00,1.00,1.00
Elapsed time = 120924.40383542755
self.train_number :[4900, 4902, 2061, 2061, 2061, 2057, 1387, 1381, 1383, 1387]
client_acc :0.68,0.74,0.54,0.70,0.74,0.72,0.68,0.72,0.74,0.68
cluster_acc :0.81,0.81,0.81,0.81,0.81,0.81,0.81,0.81,0.81,0.81
sum_round_time :178.39,178.39,421.50,421.50,421.50,421.50,820.65,820.65,820.65,820.65
sum_down ：10348.50,10311.66,17513.64,17202.58,17518.22,17184.75,29719.88,29731.64,29734.54,29757.08
sum_train ：325.32,325.00,137.31,136.11,137.57,137.53,92.04,92.58,93.22,92.60
sum_upload ：34890.35,34882.41,49529.27,49529.36,49559.93,49510.61,83758.70,83644.74,83745.30,83547.65
sum_merge ：121.56
4900
4900
4900
4900
4900
4901
4901
4901
4902
4902
4902
4902
4903
4903
4903
4903
4904
4904
4904
4905
4905
4905
4905
4906
4906
4906
4906
4907
4907
4908
4908
4908
4908
4909
4909
4909
4909
4910
4910
4910
4910
4911
4911
4911
4911
4912
4912
4912
4913
4913
4913
4913
4914
4914
4914
4914
4915
4915
4915
4916
4916
4916
4916
4917
4917
4917
4917
4918
4918
4918
4919
4919
4919
4919
4920
4920
4920
4920
4921
4921
4922
4922
4922
4923
4923
4923
4923
4924
4924
4924
4925
4925
4925
4925
4925
4926
4926
4926
4926
4927
4927
4927
4927
4928
4928
4928
4928
4929
4929
4930
4930
4930
4931
4931
4932
4932
4933
4933
4934
4934
4934
4935
4935
4935
4935
4936
4936
4936
4936
4937
4937
4937
4938
4938
4939
4939
4939
4940
4940
4940
4941
4941
4941
4941
4942
4942
4943
4943
4943
4944
4944
4944
4945
4945
4946
4947
4947
4947
4947
4948
4948
4948
4949
4949
4949
4949
4950
Round #4950 (Experiment = PIF_CIFAR10_[1.0, 0.3, 0.1]1.0__asyn__recover_con_fedasyn_niid__n__50_____ft_esc).
fed_avg Loss/acc (at round #4950) = 0.9408657029271126/0.8106   Loss/acc=0.9408657029271126/0.8106
the density is 1.00,1.00,1.00,1.00,1.00,1.00,1.00,1.00,1.00,1.00
Elapsed time = 122044.19287718495
self.train_number :[4950, 4952, 2080, 2080, 2080, 2076, 1400, 1394, 1396, 1400]
client_acc :0.68,0.74,0.54,0.70,0.74,0.72,0.68,0.72,0.74,0.68
cluster_acc :0.81,0.81,0.81,0.81,0.81,0.81,0.81,0.81,0.81,0.81
sum_round_time :213.26,213.26,495.28,495.28,495.28,495.28,829.12,829.12,829.12,829.12
sum_down ：10446.48,10409.29,17621.98,17326.45,17642.72,17313.57,29982.12,29995.59,29992.36,30013.82
sum_train ：328.87,328.55,138.71,137.49,138.82,138.77,92.94,93.49,94.17,93.55
sum_upload ：35247.95,35239.75,49971.22,49965.25,49996.42,49948.83,84540.60,84430.56,84524.20,84342.04
sum_merge ：122.74
statu 11: client 0 EarlyStopping counter: 1 out of 20, best score is 0.8132, current score is 0.8106
4950
4950
4950
4951
4951
4951
4951
4952
4952
4952
4952
4953
4953
4954
4954
4954
4954
4955
4955
4955
4955
4956
4956
4957
4957
4957
4958
4958
4958
4958
4959
4959
4959
4960
4960
4960
4960
4961
4961
4962
4962
4962
4963
4963
4963
4964
4964
4964
4965
4965
4965
4965
4966
4966
4966
4967
4968
4968
4968
4968
4969
4969
4969
4969
4970
4970
4971
4971
4971
4972
4972
4972
4973
4973
4973
4973
4974
4974
4974
4974
4975
4975
4976
4976
4976
4976
4976
4976
4977
4977
4977
4977
4977
4977
4978
4978
4978
4979
4979
4979
4979
4979
4980
4980
4980
4981
4981
4981
4982
4982
4982
4982
4982
4983
4983
4984
4984
4984
4984
4985
4985
4985
4985
4986
4986
4987
4987
4988
4988
4988
4988
4989
4989
4989
4989
4990
4990
4990
4990
4991
4991
4991
4992
4992
4992
4992
4992
4993
4993
4993
4993
4993
4994
4994
4994
4994
4995
4995
4995
4996
4996
4996
49Round #6850 (Experiment = PIF_CIFAR10_[1.0, 0.3,4999
5000
Round #5000 (Experiment = PIF_CIFAR10_[1.0, 0.3, 0.1]1.0__asyn__recover_con_fedasyn_niid__n__50_____ft_esc).
fed_avg Loss/acc (at round #5000) = 0.9583934769034386/0.808   Loss/acc=0.9583934769034386/0.808
the density is 1.00,1.00,1.00,1.00,1.00,1.00,1.00,1.00,1.00,1.00
Elapsed time = 123115.70944920852
self.train_number :[5000, 5002, 2101, 2101, 2101, 2097, 1413, 1407, 1409, 1413]
client_acc :0.68,0.77,0.54,0.70,0.74,0.72,0.68,0.72,0.74,0.68
cluster_acc :0.81,0.81,0.81,0.81,0.81,0.81,0.81,0.81,0.81,0.81
sum_round_time :199.00,199.00,512.11,513.12,513.12,513.12,868.86,868.86,868.86,868.86
sum_down ：10543.91,10507.08,17747.17,17453.84,17768.87,17448.35,30261.42,30269.91,30261.53,30287.81
sum_train ：332.03,331.72,139.98,138.76,140.05,140.01,93.76,94.26,94.94,94.30
sum_upload ：35605.74,35595.72,50474.26,50471.12,50496.56,50457.01,85265.64,85150.73,85213.55,85062.22
sum_merge ：123.69
statu 11: client 0 EarlyStopping counter: 2 out of 20, best score is 0.8132, current score is 0.808
5000
5000
5001
5001
5001
5002
5002
5002
5002
5003
5003
5003
5003
5004
5004
5004
5005
5005
5005
5006
5007
5007
5007
5007
5008
5008
5008
5008
5009
5009
5009
5009
5010
5010
5010
5010
5011
5011
5011
5011
5012
5Round #6900 (Experiment = PIF_CIFAR10_[1.0, 0.3, 0.1]1.0__recover_con_sub_fed_avg_niid__n__50_____ft_esc).
fed_avg Loss/acc (at round #6900) = 0.9523422345519066/0.8686   Loss/acc=0.9523422345519066/0.8686
the density is 1.00,1.00,1.00,1.00,1.00,1.00,1.00,1.00,1.00,1.00
Elapsed time = 548560.7906892658
self.train_number :[6901, 6901, 6901, 6901, 6901, 6901, 6901, 6901, 6901, 6901]
client_acc :0.87,0.85,0.87,0.80,0.86,0.84,0.86,0.85,0.87,0.86
cluster_acc :0.87,0.87,0.87,0.87,0.87,0.87,0.87,0.87,0.87,0.87
sum_round_time :95.29,91.50,296.17,299.51,293.73,299.81,757.42,761.16,759.97,742.98
sum_down ：13534.20,13531.95,42519.30,42546.05,42469.35Round #5050 (Experiment = PIF_CIFAR10_[1.0, 0.3, 0.1]1.0__asyn__recover_con_fedasyn_niid__n__50_____ft_esc).
fed_avg Loss/acc (at round #5050) = 0.9376399219036102/0.815   Loss/acc=0.9376399219036102/0.815
the density is 1.00,1.00,1.00,1.00,1.00,1.00,1.00,1.00,1.00,1.00
Elapsed time = 124247.74284913723
self.train_number :[5050, 5052, 2120, 2120, 2120, 2116, 1426, 1420, 1423, 1426]
client_acc :0.62,0.77,0.54,0.70,0.74,0.72,0.68,0.72,0.74,0.68
cluster_acc :0.81,0.81,0.81,0.81,0.81,0.81,0.81,0.81,0.81,0.81
sum_round_time :292.78,292.78,551.27,551.27,551.27,551.27,893.90,893.90,813.06,893.90
sum_down ：10641.82,10604.90,17914.21,17674.32,17983.38,17559.06,30519.49,30532.78,30539.04,30550.31
sum_train ：335.39,335.03,141.90,140.03,141.26,141.33,94.62,95.11,95.85,95.12
sum_upload ：35958.99,35952.75,50934.51,50930.22,50948.72,50912.96,86063.38,85942.92,86033.44,85881.17
sum_merge ：124.81
statu 11: client 1 EarlyStopping counter: 4 out of 10, best score is 0.7479, current score is 0.6194
5050
5050
5051
5051
5051
5051
5052
5052
5052
5053
5053
5054
5054
5054
5054
5055
5055
5055
5055
5056
5056
5056
5056
5056
5057
5057
5057
5057
5058
5058
5058
5059
5059
5059
5059
5060
5060
5060
5060
5061
5061
5062
5062
5063
5063
5063
5064
5064
5064
5065
5065
5065
5066
5066
5066
5067
5067
5067
5067
5067
5067
5068
5068
5068
5069
5069
5070
5070
5070
5070
5071
5071
5071
5071
5071
5072
5072
5072
5073
5073
5073
5074
5074
5075
5075
5075
5075
5075
5076
5076
5076
5076
5076
5077
5077
5077
5078
5078
5078
5078
5079
5079
5079
5080
5080
5080
5080
5081
5081
5081
5082
5082
5082
5082
5083
5083
5084
5084
5084
5084
5084
5085
5085
5086
5086
5087
5087
5087
5087
5087
5088
5088
5089
5089
5089
5089
5090
5090
5090
5090
5091
5091
5091
5091
5091
5092
5092
5092
5093
5093
5094
5094
5095
5095
5095
509Round #7000 (Experiment = PIF_CIFAR10_[1.0, 0.3, 0.1]1.0__recover_cRound #5100 (Experiment = PIF_CIFAR10_[1.0, 0.3, 0.1]1.0__asyn__recover_con_fedasyn_niid__n__50_____ft_esc).
fed_avg Loss/acc (at round #5100) = 0.9340949207544327/0.8128   Loss/acc=0.9340949207544327/0.8128
the density is 1.00,1.00,1.00,1.00,1.00,1.00,1.00,1.00,1.00,1.00
Elapsed time = 125590.37651076993
self.train_number :[5100, 5102, 2142, 2142, 2142, 2137, 1440, 1434, 1437, 1440]
client_acc :0.62,0.77,0.54,0.70,0.74,0.72,0.68,0.72,0.74,0.68
cluster_acc :0.81,0.81,0.81,0.81,0.81,0.81,0.81,0.81,0.81,0.81
sum_round_time :261.55,261.55,558.44,558.19,558.40,616.95,940.48,850.40,850.40,940.48
sum_down ：10739.25,10702.63,18139.18,17899.03,18158.39,17725.12,30818.11,30827.92,30832.96,30848.24
sum_train ：338.89,338.45,143.34,141.50,142.76,142.84,95.57,96.13,96.84,96.13
sum_upload ：36313.56,36307.72,51456.94,51456.44,51478.57,51417.05,87001.86,86873.06,86964.58,86837.23
sum_merge ：126.21
statu 11: client 0 EarlyStopping counter: 1 out of 20, best score is 0.815, current score is 0.8128
5100
5100
5100
5100
5101
5101
5101
5102
5102
5102
5102
5103
5103
5103
5104
5104
5104
5105
5105
5105
5105
5105
5106
5106
5106
5106
5107
5107
5107
5107
5108
5108
5109
5109
5109
5109
5109
5109
5110
5110
5110
5110
5111
5111
5111
5112
5112
5112
5113
5113
5113
5113
5114
5114
5114
5115
5115
5115
5116
5116
5117
5118
5118
5118
5119
5119
5119
5120
5120
5120
5120
5121
5121
5121
5121
5122
5122
5122
5122
5123
5123
5123
5124
5124
5124
5125
5125
5125
5125
5126
5126
5126
5126
5127
5127
5127
5127
5127
5128
5128
5128
5128
5129
5129
5129
5129
5130
5130
5130
5130
5130
5131
5131
5132
5132
5132
5132
5133
5133
5133
5134
5134
5135
5135
5135
5135
5136
5136
5137
5137
5138
5138
5139
5139
5139
5139
5140
5140
5140
5141
5141
5142
5142
5142
5142
5143
5143
5143
5143
5144
5144
5144
5144
5145
5145
5145
5145
5146
5146
5146
5147
5147
5147
5147
5148
5148
5149
5149
5150
Round #5150 (Experiment = PIF_CIFAR10_[1.0, 0.3, 0.1]1.0__asyn__recover_con_fedasyn_niid__n__50_____ft_esc).
fed_avg Loss/acc (at round #5150) = 1.032118558883667/0.7973   Loss/acc=1.032118558883667/0.7973
the density is 1.00,1.00,1.00,1.00,1.00,1.00,1.00,1.00,1.00,1.00
Elapsed time = 126728.23227281324
self.train_number :[5150, 5152, 2161, 2161, 2161, 2156, 1454, 1448, 1450, 1453]
client_acc :0.62,0.77,0.54,0.70,0.74,0.72,0.68,0.72,0.74,0.68
cluster_acc :0.80,0.80,0.80,0.80,0.80,0.80,0.80,0.80,0.80,0.80
sum_round_time :223.62,223.62,686.19,685.17,685.17,685.17,811.25,811.25,895.58,895.58
sum_down ：10837.18,10800.18,18347.45,18057.19,18274.22,17937.71,31101.95,31108.67,31089.92,31113.18
sum_train ：342.24,341.89,144.59,142.73,144.05,144.14,96.47,97.09,97.79,97.00
sum_upload ：36667.88,36663.86,51913.02,51911.26,51929.95,51876.78,87761.92,87655.61,87719.91,87591.87
sum_merge ：127.56
statu 11: client 0 EarlyStopping counter: 2 out of 20, best score is 0.815, current score is 0.7973
5150
5150
5150
5150
5150
5151
5151
5152
5152
5153
5153
5153
5154
5154
5154
5154
5155
5155
5156
5156
5156
5157
5157
5157
5157
5157
5158
5158
5159
5159
5159
5160
5160
5160
5160
5160
5161
5161
5161
5161
5162
5162
5162
5162
5162
5163
5163
5163
5163
5164
5164
5164
5164
5165
5165
5165
5165
5166
5166
5167
5168
5168
5168
5169
5169
5169
5169
5170
5170
5170
5170
5170
5171
5171
5171
5171
5172
5172
5173
5173
5173
5173
5174
5174
Round #7100 (Experiment = PIF_CIFAR10_[1.0, 0.3, 0.1]1.0__recover_con_sub_fed_avg_niid__n__50_____ft_esc).
fed_avg Loss/acc (at round #7100) = 0.9659366682171822/0.8712   Loss/acc=0.9659366682171822/0.8712
the density is 1.00,1.00,1.00,1.00,1.00,1.00,1.00,1.00,1.00,1.00
Elapsed time = 564425.9772319439
self.train_number :[7101, 7101, 7101, 7101, 7101, 7101, 7101, 7101, 7101, 7101]
client_acc :0.87,0.83Round #5200 (Experiment = PIF_CIFAR10_[1.0, 0.3, 0.1]1.0__asyn__recover_con_fedasyn_niid__n__50_____ft_esc).
fed_avg Loss/acc (at round #5200) = 0.9127089232206345/0.8187   Loss/acc=0.9127089232206345/0.8187
the density is 1.00,1.00,1.00,1.00,1.00,1.00,1.00,1.00,1.00,1.00
Elapsed time = 127890.12513496244
self.train_number :[5200, 5202, 2182, 2182, 2182, 2177, 1467, 1461, 1463, 1466]
client_acc :0.62,0.77,0.54,0.70,0.74,0.72,0.68,0.72,0.74,0.68
cluster_acc :0.82,0.82,0.82,0.82,0.82,0.82,0.82,0.82,0.82,0.82
sum_round_time :362.14,362.14,508.98,507.04,508.98,507.04,901.40,901.40,901.40,901.40
sum_down ：10990.32,10953.75,18580.01,18289.76,18460.20,18113.76,31396.00,31398.53,31383.34,31396.20
sum_train ：345.27,344.89,145.88,143.99,145.33,145.37,97.26,97.98,98.72,97.85
sum_upload ：37023.76,37018.56,52441.60,52438.20,52468.33,52402.10,88585.43,88504.58,88564.55,88418.15
sum_merge ：128.56
5200
5200
5200
5200
5200
5201
5201
5201
5201
5201
5202
5202
5203
5203
5204
5204
5204
5204
5204
5205
5205
5205
5205
5206
5206
5207
5207
5207
5207
5207
5208
5208
5208
5208
5209
5209
5209
5209
5209
5210
5210
5210
5211
5211
5211
5211
5211
5212
5212
5213
5213
5213
5213
5213
5214
5214
5214
5214
5215
5215
5216
5216
5216
5217
5217
5217
5218
5218
5218
5218
5219
5219
5219
5219
5220
5220
5220
5220
5220
5221
5221
5221
5222
5222
5222
5222
5222
5223
5223
5224
5224
5224
5225
5225
5225
5225
5226
5226
5226
5226
5227
5227
5227
5227
5228
5228
5229
5229
5229
5229
5229
5230
5230
5231
5231
5232
5232
5232
5233
5233
5234
5235
5235
5235
5235
5236
5236
5236
5236
5237
5237
5237
5237
5237
5238
5238
5238
5239
5239
5240
5240
5240
5240
5240
5240
5240
5241
5241
5241
5242
5242
5242
5243
5243
5243
5243
5244
5244
5244
5244
5245
5245
5245
5246
5246
5246
5246
5247
5247
5248
5248
5249
5249
5249
5249
5250
Round #5250 (Experiment = PIF_CIFAR10_[1.0, 0.3, 0.1]1.0__asyn__recover_con_fedasyn_niid__n__50_____ft_esc).
fed_avg Loss/acc (at round #5250) = 0.9559074863791466/0.8097   Loss/acc=0.9559074863791466/0.8097
the density is 1.00,1.00,1.00,1.00,1.00,1.00,1.00,1.00,1.00,1.00
Elapsed time = 128929.43145966239
self.train_number :[5250, 5252, 2204, 2204, 2204, 2199, 1479, 1473, 1475, 1478]
client_acc :0.62,0.67,0.54,0.70,0.74,0.72,0.68,0.72,0.74,0.68
cluster_acc :0.81,0.81,0.81,0.81,0.81,0.81,0.81,0.81,0.81,0.81
sum_round_time :233.78,232.76,444.58,444.58,445.59,445.59,884.79,884.79,884.79,884.79
sum_down ：11089.02,11052.37,18709.50,18421.13,18589.28,18249.25,31639.33,31639.79,31617.92,31641.30
sum_train ：348.82,348.26,147.42,145.53,146.87,146.92,98.12,98.76,99.51,98.65
sum_upload ：37380.87,37375.45,52947.87,52936.91,52975.34,52911.74,89302.68,89216.30,89277.95,89127.35
sum_merge ：129.94
statu 11: client 0 EarlyStopping counter: 1 out of 20, best score is 0.8187, current score is 0.8097
statu 11: client 2 EarlyStopping counter: 1 out of 10, best score is 0.771, current score is 0.6694
5250
5250
5250
5250
5251
5251
5251
5251
5252
5252
5252
5252
5253
5253
5254
5254
5254
5254
5254
5255
5255
5255
5255
5255
5256
5256
5257
5257
5257
5257
5258
5258
5258
5259
5259
5259
5260
5260
5260
5260
5261
5261
5261
5262
5262
5263
5263
5263
5264
5264
5264
5264
5264
5265
5265
5265
5265
5266
5266
5266
5266
5267
5267
5267
5268
5268
5268
5268
5268
5269
5269
5269
5270
5270
5270
5271
5271
5271
5271
5272
5272
5272
5272
5272
5273
5273
5273
5273
5274
5274
5274
5274
5275
5275
5276
5276
5276
5276
5276
5277
5277
5277
5277
5278
5278
5278
5278
5279
5279
5279
5280
5280
5280
5280
5280
5281
5281
5282
5282
5282
5283
5284
5284
5284
5285
5285
5285
5285
5286
5286
5287
5287
5287
5288
5288
5288
5288
5289
5289
5289
5289
5290
5290
5290
5290
5290
5291
5291
5292
5292
5292
5292
5293
5293
5293
5293
5294
5294
5294
5294
5295
5295
5295
5295
5295
5296
5296
5296
5296
5297
5297
5297
5298
5298
5299
5299
5299
5299
5299
5300
Round #5300 (Experiment = PIF_CIFAR10_[1.0, 0.3, 0.1]1.0__asyn__recover_con_fedasyn_niid__n__50_____ft_esc).
fed_avg Loss/acc (at round #5300) = 0.8871154189109802/0.8203   Loss/acc=0.8871154189109802/0.8203
the density is 1.00,1.00,1.00,1.00,1.00,1.00,1.00,1.00,1.00,1.00
Elapsed time = 130296.31202848844
self.train_number :[5300, 5302, 2225, 2225, 2225, 2220, 1495, 1489, 1491, 1494]
client_acc :0.72,0.67,0.54,0.70,0.74,0.72,0.68,0.72,0.74,0.68
cluster_acc :0.82,0.82,0.82,0.82,0.82,0.82,0.82,0.82,0.82,0.82
sum_round_time :292.62,292.62,536.86,537.88,537.88,536.86,883.34,883.34,883.34,883.34
sum_down ：11186.93,11150.27,18849.10,18541.84,18717.37,18373.04,31986.51,31981.46,31960.69,31987.40
sum_train ：352.33,351.73,148.87,146.91,148.28,148.45,99.19,99.84,100.57,99.72
sum_upload ：37735.09,37731.34,53472.37,53465.19,53504.47,53434.37,90244.36,90182.87,90230.10,90073.82
sum_merge ：131.23
statu 11: client 1 EarlyStopping counter: 5 out of 10, best score is 0.7479, current score is 0.7238
5300
5300
5300
5300
5301
5301
5301
5301
5302
5302
5302
5303
5303
5303
5304
5304
5304
5304
5304
5305
5305
5306
5306
5307
5307
5307
5307
5307
5308
5308
5309
5309
5310
5310
5310
5310
5311
5312
5312
5312
5312
5313
5313
5313
5313
5314
5314
5314
5315
5315
5315
5315
5316
5316
5316
5316
5317
5317
5318
5318
5318
5319
5319
5319
5320
5320
5320
5320
5320
5321
5321
5322
5322
5323
5323
5323
5324
5324
5324
5325
5325
5325
5326
5326
5326
5326
5327
5327
5327
5327
5327
5328
5328
5328
5329
5329
5329
5329
5330
5330
5330
5330
5330
5331
5331
5331
5332
5332
5332
5332
5333
5333
5333
5333
5334
5334
5334
5335
5335
5336
5336
5336
5336
5336
5337
5337
5338
5338
5338
5339
5339
5339
5339
5339
5340
5340
5340
5341
5341
5341
5342
5342
5342
5342
5342
5342
5343
5343
5343
5343
5343
5344
5344
5344
5344
5345
5345
5346
5346
5347
5347
5347
5347
5348
5348
5348
5348
5348
5349
5349
5349
5349
5349
5350
Round #5350 (Experiment = PIF_CIFAR10_[1.0, 0.3, 0.1]1.0__asyn__recover_con_fedasyn_niid__n__50_____ft_esc).
fed_avg Loss/acc (at round #5350) = 0.89531609416008/0.8233   Loss/acc=0.89531609416008/0.8233
the density is 1.00,1.00,1.00,1.00,1.00,1.00,1.00,1.00,1.00,1.00
Elapsed time = 131445.97083069457
self.train_number :[5350, 5352, 2248, 2247, 2248, 2243, 1508, 1503, 1503, 1506]
client_acc :0.72,0.67,0.54,0.70,0.74,0.72,0.76,0.79,0.68,0.72
cluster_acc :0.82,0.82,0.82,0.82,0.82,0.82,0.82,0.82,0.82,0.82
sum_round_time :206.92,206.92,478.32,564.65,484.44,484.44,909.45,864.85,940.31,1055.61
sum_down ：11338.96,11247.85,19035.28,18776.59,19054.88,18657.45,32295.63,32311.28,32233.69,32272.10
sum_train ：355.94,355.34,150.48,148.46,149.86,150.13,100.09,100.80,101.35,100.55
sum_upload ：38091.27,38089.23,54002.27,53989.66,54032.76,53969.51,91019.97,90951.08,91024.80,90838.64
sum_merge ：132.59
statu 11: client 9 EarlyStopping counter: 1 out of 10, best score is 0.7364, current score is 0.679
5350
5350
5350
5351
5351
5351
5352
5352
5352
5352
5352
5353
5353
5353
5353
5354
5354
5354
5355
5355
5356
5356
5356
5356
5357
5357
5357
5357
5358
5358
5358
5358
5359
5359
5359
5359
5360
5360
5360
5361
5361
5361
5361
5361
5362
5362
5362
5362
5363
5363
5363
5363
5364
5364
5365
5366
5366
5366
5367
5367
5367
5367
5368
5368
5368
5369
5369
5369
5370
5370
5370
5371
5371
5371
5371
5372
5372
5372
5372
5373
5373
5373
5374
5374
5374
5375
5375
5376
5376
5376
5376
5376
5377
5377
5378
5378
5378
5378
5379
5379
5379
5379
5380
5380
5380
5381
5381
5381
5381
5382
5382
5383
5383
5383
5384
5384
5384
5384
5385
5385
5385
5385
5385
5386
5386
5387
5387
5387
5387
5387
5388
5388
5388
5388
5389
5389
5389
5390
5390
5390
5390
5391
5391
5391
5392
5392
5392
5392
5392
5393
5393
5393
5394
5394
5395
5395
5395
5395
5395
5396
5396
5396
5397
5397
5397
5398
5399
5399
5399
5400
Round #5400 (Experiment = PIF_CIFAR10_[1.0, 0.3, 0.1]1.0__asyn__recover_con_fedasyn_niid__n__50_____ft_esc).
fed_avg Loss/acc (at round #5400) = 0.9025937765836716/0.8224   Loss/acc=0.9025937765836716/0.8224
the density is 1.00,1.00,1.00,1.00,1.00,1.00,1.00,1.00,1.00,1.00
Elapsed time = 132732.45034283175
self.train_number :[5400, 5402, 2269, 2268, 2269, 2264, 1522, 1517, 1518, 1520]
client_acc :0.72,0.67,0.77,0.74,0.73,0.72,0.76,0.79,0.68,0.72
cluster_acc :0.82,0.82,0.82,0.82,0.82,0.82,0.82,0.82,0.82,0.82
sum_round_time :252.01,252.01,606.83,608.91,605.82,606.83,857.15,857.15,857.15,857.15
sum_down ：11436.55,11344.47,19312.13,18898.38,19328.51,18889.68,32603.81,32618.20,32560.34,32577.62
sum_train ：359.44,358.69,151.95,149.93,151.27,151.56,101.10,101.70,102.39,101.51
sum_upload ：38446.46,38447.65,54505.27,54490.45,54531.77,54482.90,91948.47,91857.79,91905.52,91730.70
sum_merge ：134.01
statu 11: client 0 EarlyStopping counter: 1 out of 20, best score is 0.8233, current score is 0.8224
statu 11: client 5 EarlyStopping counter: 1 out of 10, best score is 0.7365, current score is 0.7311
statu 11: client 6 EarlyStopping counter: 1 out of 10, best score is 0.7236, current score is 0.7235
5400
5400
5400
5400
5401
5401
5401
5401
5402
5402
5402
5403
5403
5404
5405
5405
5405
5406
5406
5406
5406
5407
5407
5407
5408
5408
5408
5408
5409
5409
5409
5410
5410
5410
5411
5412
5412
5412
5413
5413
5413
5414
5414
5414
5415
5415
5415
5416
5416
5416
5417
5417
5417
5417
5418
5418
5418
5419
5419
5419
5419
5419
5420
5420
5421
5421
5421
5421
5422
5422
5423
5423
5423
5423
5424
5424
5424
5424
5425
5425
5426
5426
5426
5426
5426
5427
5427
5427
5427
5428
5428
5429
5429
5429
5429
5429
5430
5430
5430
5430
5431
5431
5431
5431
5432
5432
5432
5433
5433
5433
5434
5434
5434
5434
5435
5435
5435
5435
5436
5436
5436
5437
5437
5437
5437
5438
5438
5438
5438
5438
5439
5439
5440
5440
5440
5441
5441
5441
5442
5442
5443
5443
5443
5443
5443
5444
5444
5445
5445
5446
5446
5446
5447
5447
5447
5447
5448
5448
5448
5448
5449
5449
5449
5449
5450
Round #5450 (Experiment = PIF_CIFAR10_[1.0, 0.3, 0.1]1.0__asyn__recover_con_fedasyn_niid__n__50_____ft_esc).
fed_avg Loss/acc (at round #5450) = 0.8986474499106407/0.822   Loss/acc=0.8986474499106407/0.822
the density is 1.00,1.00,1.00,1.00,1.00,1.00,1.00,1.00,1.00,1.00
Elapsed time = 133947.84106080822
self.train_number :[5450, 5452, 2288, 2286, 2288, 2282, 1537, 1532, 1533, 1535]
client_acc :0.72,0.67,0.77,0.74,0.73,0.72,0.76,0.79,0.68,0.72
cluster_acc :0.82,0.82,0.82,0.82,0.82,0.82,0.82,0.82,0.82,0.82
sum_round_time :255.02,255.02,558.44,558.44,558.44,558.44,830.63,830.63,830.63,830.63
sum_down ：11534.42,11442.29,19530.73,19116.70,19545.63,18999.22,32904.89,32920.19,32863.66,32882.62
sum_train ：363.04,362.20,153.29,151.30,152.74,152.93,102.19,102.74,103.44,102.59
sum_upload ：38805.08,38806.56,54960.10,54920.29,54986.39,54916.78,92795.73,92708.98,92723.60,92571.32
sum_merge ：135.44
statu 11: client 0 EarlyStopping counter: 2 out of 20, best score is 0.8233, current score is 0.822
5450
5450
5451
5451
5451
5451
5451
5452
5452
5452
5452
5453
5453
5453
5453
5454
5454
5454
5455
5455
5455
5456
5456
5456
5456
5456
5456
5457
5457
5458
5458
5459
5459
5459
5459
5460
5460
5460
5461
5461
5461
5462
5462
5462
5463
5463
5463
5463
5464
5464
5464
5464
5465
5465
5466
5466
5466
5466
5467
5467
5467
5468
5468
5468
5469
5469
5469
5470
5470
5471
5471
5472
5472
5472
5472
5472
5473
5473
5473
5474
5474
5475
5475
5475
5476
5476
5476
5476
5477
5477
5478
5478
5478
5479
5479
5479
5480
5480
5481
5481
5481
5481
5482
5482
5482
5483
5483
5483
5483
5484
5484
5484
5484
5485
5485
5486
5486
5486
5486
5487
5487
5487
5488
5488
5488
5488
5488
5489
5489
5489
5489
5490
5490
5490
5491
5491
5491
5491
5492
5492
5493
5493
5494
5494
5494
5494
5495
5495
5495
5495
5496
5496
5496
5496
5497
5497
5497
5497
5498
5498
5498
5498
5498
5499
5499
5499
5500
Round #5500 (Experiment = PIF_CIFAR10_[1.0, 0.3, 0.1]1.0__asyn__recover_con_fedasyn_niid__n__50_____ft_esc).
fed_avg Loss/acc (at round #5500) = 0.907469816505909/0.8205   Loss/acc=0.907469816505909/0.8205
the density is 1.00,1.00,1.00,1.00,1.00,1.00,1.00,1.00,1.00,1.00
Elapsed time = 134954.3579635842
self.train_number :[5500, 5502, 2307, 2305, 2307, 2301, 1549, 1544, 1545, 1547]
client_acc :0.72,0.78,0.77,0.74,0.73,0.72,0.76,0.79,0.68,0.72
cluster_acc :0.82,0.82,0.82,0.82,0.82,0.82,0.82,0.82,0.82,0.82
sum_round_time :252.62,252.62,591.55,594.59,591.55,594.59,795.38,795.38,795.38,795.38
sum_down ：11632.41,11540.35,19655.54,19238.49,19664.94,19122.24,33142.53,33154.83,33102.55,33122.89
sum_train ：366.63,365.62,154.63,152.75,154.12,154.28,103.00,103.56,104.23,103.43
sum_upload ：39162.06,39162.12,55418.26,55376.33,55439.22,55374.40,93516.46,93399.75,93434.21,93266.93
sum_merge ：136.81
statu 11: client 0 EarlyStopping counter: 3 out of 20, best score is 0.8233, current score is 0.8205
5500
5500
5501
5501
5501
5501
5502
5502
5502
5502
5503
5503
5503
5503
5503
5504
5504
5505
5505
5505
5505
5506
5506
5506
5507
5507
5508
5508
5508
5508
5508
5509
5509
5509
5509
5509
5510
5510
5511
5511
5511
5511
5512
5512
5513
5513
5514
5515
5515
5515
5516
5516
5516
5516
5517
5517
5517
5517
5518
5518
5518
5518
5519
5519
5519
5519
5520
5520
5520
5520
5521
5521
5522
5522
5522
5522
5522
5523
5523
5523
5524
5524
5524
5524
5525
5525
5525
5526
5526
5526
5526
5527
5527
5527
5528
5528
5529
5529
5529
5529
5530
5530
5531
5531
5531
5532
5532
5532
5532
5532
5533
5533
5533
5533
5534
5534
5534
5534
5535
5535
5536
5537
5537
5537
5538
5538
5538
5538
5539
5539
5539
5540
5540
5540
5541
5541
5541
5541
5541
5542
5542
5542
5543
5543
5543
5543
5543
5544
5544
5545
5545
5546
5546
5546
5546
5547
5547
5547
5547
5548
5548
5549
5549
5550
Round #5550 (Experiment = PIF_CIFAR10_[1.0, 0.3, 0.1]1.0__asyn__recover_con_fedasyn_niid__n__50_____ft_esc).
fed_avg Loss/acc (at round #5550) = 0.8778811916708946/0.8265   Loss/acc=0.8778811916708946/0.8265
the density is 1.00,1.00,1.00,1.00,1.00,1.00,1.00,1.00,1.00,1.00
Elapsed time = 136173.7499747897
self.train_number :[5550, 5551, 2329, 2327, 2328, 2323, 1562, 1557, 1558, 1560]
client_acc :0.75,0.78,0.77,0.74,0.73,0.72,0.76,0.79,0.68,0.72
cluster_acc :0.83,0.83,0.83,0.83,0.83,0.83,0.83,0.83,0.83,0.83
sum_round_time :173.91,173.91,536.34,536.34,538.39,536.34,855.86,855.86,855.86,855.86
sum_down ：11729.66,11659.11,19936.70,19467.26,19789.77,19401.96,33442.00,33451.18,33392.29,33418.28
sum_train ：370.18,368.99,156.18,154.34,155.56,155.90,103.83,104.44,105.12,104.38
sum_upload ：39518.77,39510.52,55952.76,55902.85,55968.14,55903.10,94357.18,94223.48,94287.58,94123.38
sum_merge ：138.15
5550
5550
5550
5551
5551
5551
5551
5552
5552
5552
5553
5553
5553
5554
5554
5554
5555
5555
5555
5555
5556
5556
5556
5557
5557
5557
5558
5558
5558
5558
5558
5558
5559
5559
5560
5560
5561
5562
5562
5562
5562
5563
5563
5563
5563
5564
5564
5564
5565
5565
5565
5565
5566
5566
5566
5566
5567
5567
5567
5568
5568
5568
5568
5569
5569
5569
5570
5570
5570
5570
5571
5571
5571
5571
5571
5572
5572
5573
5573
5573
5574
5574
5575
5575
5575
5575
5576
5576
5576
5576
5576
5577
5577
5578
5578
5578
5578
5579
5579
5579
5579
5580
5580
5580
5580
5581
5581
5581
5581
5582
5582
5582
5583
5583
5583
5583
5583
5583
5584
5584
5584
5584
5585
5585
5585
5585
5586
5586
5587
5587
5588
5588
5588
5589
5589
5589
5590
5590
5590
5590
5590
5591
5591
5591
5591
5591
5592
5592
5593
5593
5593
5593
5594
5594
5594
5594
5595
5595
5595
5595
5596
5596
5597
5597
5597
5598
5598
5598
5598
5598
5599
5599
5600
Round #5600 (Experiment = PIF_CIFAR10_[1.0, 0.3, 0.1]1.0__asyn__recover_con_fedasyn_niid__n__50_____ft_esc).
fed_avg Loss/acc (at round #5600) = 0.9218598455190659/0.8179   Loss/acc=0.9218598455190659/0.8179
the density is 1.00,1.00,1.00,1.00,1.00,1.00,1.00,1.00,1.00,1.00
Elapsed time = 137180.2212359519
self.train_number :[5600, 5601, 2349, 2347, 2349, 2343, 1574, 1569, 1570, 1572]
client_acc :0.75,0.78,0.77,0.74,0.73,0.72,0.76,0.79,0.68,0.72
cluster_acc :0.82,0.82,0.82,0.82,0.82,0.82,0.82,0.82,0.82,0.82
sum_round_time :226.37,226.37,476.11,476.11,476.11,477.12,855.46,855.46,855.46,855.46
sum_down ：11826.96,11756.51,20156.33,19595.95,19968.68,19614.18,33709.63,33718.76,33653.11,33681.60
sum_train ：373.51,372.22,157.44,155.63,156.94,157.22,104.70,105.28,106.04,105.27
sum_upload ：39874.79,39866.96,56432.68,56385.65,56448.36,56385.35,94997.28,94868.99,94934.86,94767.55
sum_merge ：139.39
statu 11: client 0 EarlyStopping counter: 1 out of 20, best score is 0.8265, current score is 0.8179
5600
5600
5601
5601
5601
5602
5602
5602
5602
5603
5603
5604
5604
5604
5605
5605
5605
5605
5606
5606
5607
5607
5607
5608
5608
5608
5608
5609
5609
5609
5609
5609
5610
5610
5610
5611
5612
5612
5612
5612
5612
5613
5613
5613
5613
5614
5614
5614
5615
5615
5615
5616
5616
5616
5617
5617
5618
5618
5618
5618
5619
5619
5620
5620
5620
5621
5621
5621
5621
5622
5622
5622
5622
5623
5623
5623
5623
5624
5624
5624
5624
5625
5625
5625
5625
5626
5626
5627
5627
5627
5627
5627
5627
5627
5628
5628
5629
5629
5629
5630
5630
5630
5630
5631
5631
5632
5632
5632
5633
5633
5633
5634
5634
5634
5635
5635
5635
5636
5636
5636
5636
5637
5637
5637
5637
5638
5638
5638
5639
5639
5639
5640
5640
5641
5641
5641
5641
5641
5642
5642
5642
5643
5643
5643
5644
5644
5644
5644
5645
5645
5645
5646
5646
5646
5647
5647
5647
5647
5648
5648
5648
5649
5649
5650
Round #5650 (Experiment = PIF_CIFAR10_[1.0, 0.3, 0.1]1.0__asyn__recover_con_fedasyn_niid__n__50_____ft_esc).
fed_avg Loss/acc (at round #5650) = 0.8859564363956451/0.8268   Loss/acc=0.8859564363956451/0.8268
the density is 1.00,1.00,1.00,1.00,1.00,1.00,1.00,1.00,1.00,1.00
Elapsed time = 138397.8027089469
self.train_number :[5650, 5651, 2370, 2369, 2372, 2364, 1587, 1582, 1584, 1585]
client_acc :0.75,0.78,0.77,0.74,0.73,0.72,0.76,0.79,0.68,0.72
cluster_acc :0.83,0.83,0.83,0.83,0.83,0.83,0.83,0.83,0.83,0.83
sum_round_time :351.95,351.95,595.90,595.90,595.90,595.90,847.47,846.46,836.46,847.47
sum_down ：11924.32,11853.96,20372.90,19731.27,20118.09,19764.50,34029.32,34036.35,33969.36,34005.31
sum_train ：377.05,375.76,159.08,157.24,158.68,158.73,105.59,106.19,107.02,106.20
sum_upload ：40231.28,40221.95,56961.70,56942.93,57029.08,56914.83,95873.86,95755.02,95828.12,95655.56
sum_merge ：140.91
5650
5650
5650
5650
5651
5651
5651
5651
5652
5652
5653
5653
5653
5653
5653
5653
5653
5654
5654
5654
5655
5655
5655
5656
5656
5656
5656
5656
5657
5657
5657
5657
5658
5658
5659
5659
5659
5660
5660
5660
5661
5661
5662
5662
5662
5663
5663
5663
5664
5664
5664
5664
5665
5665
5665
5665
5666
5666
5666
5666
5667
5667
5667
5667
5668
5668
5668
5668
5669
5669
5669
5669
5670
5670
5670
5670
5670
5671
5671
5671
5672
5672
5672
5672
5672
5673
5673
5673
5673
5674
5674
5674
5674
5675
5675
5675
5675
5675
5676
5676
5676
5676
5677
5677
5677
5677
5677
5677
5678
5678
5678
5679
5679
5679
5679
5680
5681
5681
5681
5682
5682
5682
5682
5682
5683
5683
5684
5685
5685
5685
5686
5686
5686
5686
5687
5687
5688
5688
5688
5689
5689
5689
5690
5690
5691
5691
5691
5692
5692
5692
5693
5693
5693
5694
5694
5694
5694
5695
5695
5695
5696
5696
5696
5696
5697
5697
5697
5697
5698
5698
5698
5698
5699
5699
5700
Round #5700 (Experiment = PIF_CIFAR10_[1.0, 0.3, 0.1]1.0__asyn__recover_con_fedasyn_niid__n__50_____ft_esc).
fed_avg Loss/acc (at round #5700) = 0.8892338871955872/0.8236   Loss/acc=0.8892338871955872/0.8236
the density is 1.00,1.00,1.00,1.00,1.00,1.00,1.00,1.00,1.00,1.00
Elapsed time = 139755.08534877512
self.train_number :[5700, 5699, 2393, 2392, 2395, 2387, 1602, 1597, 1599, 1601]
client_acc :0.75,0.78,0.77,0.74,0.73,0.72,0.76,0.79,0.68,0.72
cluster_acc :0.82,0.82,0.82,0.82,0.82,0.82,0.82,0.82,0.82,0.82
sum_round_time :253.97,253.97,569.04,569.04,569.04,569.04,941.32,941.32,941.32,838.07
sum_down ：12021.46,11994.41,20560.35,19869.38,20303.28,19950.96,34352.97,34380.32,34292.15,34351.18
sum_train ：380.32,378.94,160.70,158.80,160.24,160.21,106.53,107.16,107.96,107.21
sum_upload ：40587.43,40563.83,57514.07,57480.44,57572.49,57455.62,96815.44,96679.44,96761.85,96613.34
sum_merge ：142.07
statu 11: client 0 EarlyStopping counter: 1 out of 20, best score is 0.8268, current score is 0.8236
5700
5700
5700
5700
5701
5701
5701
5701
5702
5702
5703
5703
5704
5704
5704
5705
5705
5705
5706
5706
5706
5707
5707
5707
5707
5708
5708
5708
5709
5709
5709
5710
5710
5710
5710
5710
5711
5711
5711
5712
5712
5712
5712
5713
5713
5714
5714
5714
5714
5715
5715
5715
5716
5716
5716
5716
5717
5717
5717
5718
5718
5719
5719
5719
5719
5719
5720
5720
5720
5720
5721
5721
5721
5721
5722
5722
5723
5723
5723
5723
5724
5724
5724
5724
5725
5725
5726
5726
5726
5727
5727
5727
5728
5728
5728
5728
5729
5729
5730
5730
5731
5731
5732
5732
5732
5733
5733
5733
5734
5734
5734
5734
5735
5735
5735
5735
5736
5736
5736
5737
5738
5738
5738
5738
5739
5739
5739
5739
5739
5740
5740
5741
5741
5741
5741
5741
5742
5742
5742
5742
5743
5743
5743
5744
5744
5744
5744
5744
5745
5745
5745
5745
5746
5746
5746
5746
5747
5747
5748
5748
5748
5748
5749
5749
5749
5749
5750
Round #5750 (Experiment = PIF_CIFAR10_[1.0, 0.3, 0.1]1.0__asyn__recover_con_fedasyn_niid__n__50_____ft_esc).
fed_avg Loss/acc (at round #5750) = 0.9007473140954971/0.8246   Loss/acc=0.9007473140954971/0.8246
the density is 1.00,1.00,1.00,1.00,1.00,1.00,1.00,1.00,1.00,1.00
Elapsed time = 140881.24003614823
self.train_number :[5750, 5749, 2414, 2412, 2416, 2408, 1616, 1611, 1613, 1615]
client_acc :0.75,0.78,0.77,0.74,0.73,0.72,0.76,0.79,0.68,0.72
cluster_acc :0.82,0.82,0.82,0.82,0.82,0.82,0.82,0.82,0.82,0.82
sum_round_time :251.50,251.50,499.29,578.76,499.29,499.29,849.73,849.73,849.73,849.73
sum_down ：12118.40,12091.83,20739.69,20079.37,20535.79,20093.02,34643.45,34675.84,34589.26,34645.52
sum_train ：383.98,382.48,162.18,160.17,161.73,161.72,107.49,108.11,108.95,108.19
sum_upload ：40941.61,40918.26,57999.74,57942.60,58049.24,57939.47,97593.39,97438.42,97550.04,97387.78
sum_merge ：143.39
statu 11: client 0 EarlyStopping counter: 2 out of 20, best score is 0.8268, current score is 0.8246
5750
5750
5750
5751
5751
5751
5751
5751
5751
5751
5752
5752
5752
5753
5753
5754
5754
5755
5755
5755
5755
5756
5756
5756
5756
5757
5757
5757
5758
5758
5758
5758
5759
5759
5759
5759
5760
5760
5760
5761
5761
5761
5762
5762
5762
5762
5763
5763
5764
5764
5764
5765
5765
5766
5766
5767
5767
5767
5768
5768
5768
5769
5769
5769
5769
5770
5770
5770
5770
5770
5771
5771
5771
5771
5772
5772
5773
5773
5773
5773
5773
5774
5774
5775
5775
5776
5776
5776
5776
5776
5777
5777
5778
5779
5779
5779
5779
5780
5780
5780
5780
5781
5781
5781
5782
5782
5782
5782
5782
5783
5783
5784
5784
5784
5784
5785
5785
5785
5785
5786
5786
5787
5787
5787
5788
5788
5788
5789
5789
5790
5790
5791
5791
5791
5792
5792
5792
5792
5793
5793
5793
5794
5794
5794
5794
5795
5795
5796
5796
5796
5796
5797
5797
5797
5797
5798
5798
5799
5799
5800
Round #5800 (Experiment = PIF_CIFAR10_[1.0, 0.3, 0.1]1.0__asyn__recover_con_fedasyn_niid__n__50_____ft_esc).
fed_avg Loss/acc (at round #5800) = 0.8632470220327377/0.8307   Loss/acc=0.8632470220327377/0.8307
the density is 1.00,1.00,1.00,1.00,1.00,1.00,1.00,1.00,1.00,1.00
Elapsed time = 141816.71400427385
self.train_number :[5800, 5799, 2432, 2430, 2434, 2425, 1626, 1621, 1623, 1625]
client_acc :0.72,0.78,0.77,0.74,0.73,0.72,0.76,0.79,0.68,0.72
cluster_acc :0.83,0.83,0.83,0.83,0.83,0.83,0.83,0.83,0.83,0.83
sum_round_time :129.34,129.34,438.24,439.26,439.26,440.24,835.80,835.80,835.80,835.80
sum_down ：12217.15,12190.41,20921.05,20255.38,20727.62,20224.50,34856.89,34883.44,34806.93,34861.17
sum_train ：387.17,385.58,163.31,161.24,162.83,162.81,108.09,108.72,109.53,108.78
sum_upload ：41296.94,41273.40,58431.51,58373.95,58479.20,58374.76,98249.52,98122.12,98208.07,98051.40
sum_merge ：144.34
statu 11: client 1 EarlyStopping counter: 1 out of 10, best score is 0.7528, current score is 0.7189
statu 11: client 2 EarlyStopping counter: 1 out of 10, best score is 0.7776, current score is 0.7766
5800
5800
5800
5801
5801
5801
5802
5802
5802
5802
5803
5803
5803
5803
5804
5804
5804
5805
5805
5805
5805
5805
5806
5806
5806
5806
5807
5807
5807
5807
5808
5808
5808
5808
5809
5809
5809
5809
5810
5810
5810
5811
5811
5811
5811
5812
5812
5812
5812
5813
5813
5813
5813
5813
5814
5814
5814
5814
5815
5815
5815
5815
5816
5816
5817
5817
5817
5818
5818
5819
5819
5819
5819
5820
5820
5820
5820
5820
5821
5821
5822
5822
5823
5823
5823
5823
5824
5824
5824
5824
5825
5825
5825
5825
5826
5826
5826
5827
5827
5828
5828
5829
5829
5829
5830
5830
5830
5830
5831
5831
5831
5831
5832
5832
5832
5832
5833
5833
5833
5833
5834
5834
5834
5835
5835
5836
5836
5836
5836
5837
5837
5837
5837
5838
5838
5838
5838
5839
5839
5840
5840
5840
5840
5841
5841
5841
5842
5842
5843
5843
5843
5844
5844
5844
5844
5845
5845
5845
5846
5846
5847
5847
5847
5848
5848
5848
5849
5849
5849
5849
5850
Round #5850 (Experiment = PIF_CIFAR10_[1.0, 0.3, 0.1]1.0__asyn__recover_con_fedasyn_niid__n__50_____ft_esc).
fed_avg Loss/acc (at round #5850) = 0.8706329315900803/0.8313   Loss/acc=0.8706329315900803/0.8313
the density is 1.00,1.00,1.00,1.00,1.00,1.00,1.00,1.00,1.00,1.00
Elapsed time = 143268.0530984503
self.train_number :[5850, 5849, 2453, 2450, 2455, 2446, 1643, 1638, 1640, 1642]
client_acc :0.72,0.78,0.77,0.74,0.73,0.72,0.76,0.79,0.68,0.72
cluster_acc :0.83,0.83,0.83,0.83,0.83,0.83,0.83,0.83,0.83,0.83
sum_round_time :245.44,245.44,734.75,735.77,734.75,735.77,833.99,833.99,833.99,833.99
sum_down ：12314.16,12287.69,21184.31,20372.84,20998.87,20442.28,35215.01,35239.82,35167.83,35217.59
sum_train ：390.47,388.86,164.70,162.60,164.25,164.22,109.26,109.86,110.62,109.90
sum_upload ：41651.98,41625.86,58933.49,58887.32,58985.94,58876.94,99276.10,99111.76,99247.37,99041.07
sum_merge ：145.51
5850
5850
5850
5850
5851
5851
5851
5852
5852
5852
5853
5853
5853
5853
5854
5854
5854
5854
5855
5855
5855
5855
5855
5856
5856
5857
5857
5857
5857
5858
5858
5858
5859
5859
5859
5859
5860
5860
5860
5860
5861
5861
5861
5861
5862
5862
5862
5862
5863
5863
5863
5864
5864
5864
5864
5865
5865
5866
5866
5866
5867
5867
5867
5867
5868
5868
5869
5869
5869
5870
5870
5870
5870
5871
5871
5871
5871
5872
5872
5873
5874
5874
5874
5875
5875
5875
5875
5876
5876
5876
5877
5877
5877
5877
5878
5878
5879
5879
5879
5880
5880
5880
5881
5881
5881
5882
5882
5882
5882
5882
5883
5883
5883
5884
5884
5884
5885
5885
5885
5885
5886
5886
5886
5887
5887
5887
5888
5888
5888
5889
5889
5890
5891
5891
5891
5892
5892
5892
5893
5893
5893
5894
5894
5895
5895
5895
5895
5896
5896
5896
5896
5896
5897
5897
5897
5897
5898
5898
5898
5898
5898
5899
5899
5899
5899
5900
Round #5900 (Experiment = PIF_CIFAR10_[1.0, 0.3, 0.1]1.0__asyn__recover_con_fedasyn_niid__n__50_____ft_esc).
fed_avg Loss/acc (at round #5900) = 0.8923102840781212/0.8268   Loss/acc=0.8923102840781212/0.8268
the density is 1.00,1.00,1.00,1.00,1.00,1.00,1.00,1.00,1.00,1.00
Elapsed time = 144633.9353659727
self.train_number :[5900, 5899, 2474, 2471, 2476, 2468, 1659, 1654, 1656, 1658]
client_acc :0.72,0.78,0.77,0.74,0.73,0.72,0.76,0.79,0.68,0.72
cluster_acc :0.83,0.83,0.83,0.83,0.83,0.83,0.83,0.83,0.83,0.83
sum_round_time :329.90,329.90,656.51,731.40,658.60,658.60,824.61,824.61,824.61,824.61
sum_down ：12411.81,12385.58,21358.64,20537.40,21241.74,20687.94,35548.75,35579.73,35498.65,35556.88
sum_train ：394.05,392.22,166.12,164.02,165.65,165.71,110.35,111.00,111.71,111.06
sum_upload ：42005.66,41982.83,59441.55,59367.67,59481.53,59375.42,100227.77,100060.19,100217.08,99969.75
sum_merge ：146.93
statu 11: client 0 EarlyStopping counter: 1 out of 20, best score is 0.8313, current score is 0.8268
5900
5900
5900
5900
5901
5901
5901
5901
5902
5902
5902
5903
5903
5904
5904
5904
5904
5904
5904
5904
5905
5905
5906
5906
5906
5906
5907
5907
5907
5908
5908
5909
5909
5909
5909
5910
5910
5910
5910
5911
5911
5912
5912
5912
5913
5913
5913
5913
5914
5914
5914
5914
5915
5915
5915
5915
5916
5916
5916
5917
5917
5917
5918
5918
5918
5919
5919
5920
5920
5920
5921
5921
5921
5922
5922
5922
5922
5923
5923
5923
5924
5924
5924
5925
5925
5925
5925
5926
5926
5926
5926
5927
5927
5927
5928
5928
5928
5929
5929
5929
5929
5929
5930
5930
5930
5930
5931
5931
5931
5931
5932
5932
5933
5933
5933
5933
5933
5934
5934
5935
5935
5936
5937
5937
5937
5937
5937
5938
5938
5938
5939
5939
5940
5940
5940
5941
5941
5941
5942
5942
5942
5942
5943
5943
5944
5944
5944
5944
5945
5945
5945
5945
5946
5946
5946
5946
5947
5947
5947
5947
5948
5948
5949
5949
5949
5949
5950
Round #5950 (Experiment = PIF_CIFAR10_[1.0, 0.3, 0.1]1.0__asyn__recover_con_fedasyn_niid__n__50_____ft_esc).
fed_avg Loss/acc (at round #5950) = 0.8848534598946571/0.8276   Loss/acc=0.8848534598946571/0.8276
the density is 1.00,1.00,1.00,1.00,1.00,1.00,1.00,1.00,1.00,1.00
Elapsed time = 145909.8343580817
self.train_number :[5950, 5950, 2498, 2495, 2500, 2492, 1674, 1669, 1671, 1673]
client_acc :0.72,0.78,0.77,0.74,0.73,0.72,0.76,0.79,0.68,0.72
cluster_acc :0.83,0.83,0.83,0.83,0.83,0.83,0.83,0.83,0.83,0.83
sum_round_time :275.83,275.83,531.15,531.15,530.13,531.15,844.16,844.16,844.16,844.16
sum_down ：12561.27,12484.64,21499.75,20724.74,21436.99,20828.58,35912.24,35939.59,35857.89,35918.53
sum_train ：397.44,395.57,167.78,165.81,167.38,167.30,111.29,111.92,112.65,112.11
sum_upload ：42360.42,42346.94,60037.33,59958.44,60057.61,59969.36,101054.24,100902.44,101059.75,100818.01
sum_merge ：148.34
statu 11: client 0 EarlyStopping counter: 2 out of 20, best score is 0.8313, current score is 0.8276
5950
5950
5951
5951
5951
5952
5952
5952
5952
5952
5953
5953
5954
5954
5954
5954
5955
5955
5955
5956
5956
5956
5956
5957
5957
5957
5958
5958
5958
5958
5958
5959
5959
5959
5959
5960
5960
5960
5960
5960
5960
5961
5961
5961
5961
5961
5962
5962
5963
5963
5963
5963
5964
5964
5965
5965
5965
5965
5966
5966
5966
5966
5967
5967
5967
5967
5968
5968
5968
5968
5969
5969
5969
5970
5970
5970
5970
5971
5971
5971
5971
5972
5972
5973
5973
5973
5974
5974
5974
5974
5975
5975
5975
5975
5976
5976
5976
5976
5977
5977
5977
5978
5978
5978
5978
5979
5979
5979
5979
5980
5980
5981
5981
5981
5982
5982
5982
5982
5982
5983
5983
5983
5983
5984
5984
5984
5984
5985
5985
5985
5985
5986
5986
5986
5986
5987
5987
5987
5988
5988
5988
5988
5988
5989
5989
5989
5989
5990
5990
5990
5991
5991
5991
5991
5991
5992
5992
5993
5993
5993
5993
5994
5994
5995
5995
5995
5995
5996
5996
5996
5996
5997
5997
5998
5998
5998
5999
5999
5999
5999
5999
6000
Round #6000 (Experiment = PIF_CIFAR10_[1.0, 0.3, 0.1]1.0__asyn__recover_con_fedasyn_niid__n__50_____ft_esc).
fed_avg Loss/acc (at round #6000) = 0.8565275073051453/0.8322   Loss/acc=0.8565275073051453/0.8322
the density is 1.00,1.00,1.00,1.00,1.00,1.00,1.00,1.00,1.00,1.00
Elapsed time = 147404.19090526094
self.train_number :[6000, 6000, 2523, 2520, 2525, 2517, 1691, 1686, 1688, 1690]
client_acc :0.72,0.78,0.75,0.77,0.78,0.75,0.76,0.79,0.68,0.72
cluster_acc :0.83,0.83,0.83,0.83,0.83,0.83,0.83,0.83,0.83,0.83
sum_round_time :240.33,240.33,525.26,525.26,525.26,525.26,897.24,897.24,897.24,897.24
sum_down ：12658.64,12581.96,21644.34,20874.43,21585.43,20971.62,36304.29,36334.87,36253.06,36307.06
sum_train ：401.13,399.24,169.60,167.61,169.14,169.08,112.51,113.13,113.90,113.31
sum_upload ：42714.35,42702.66,60666.78,60580.58,60686.25,60585.71,102063.75,101948.66,102083.69,101806.05
sum_merge ：149.77
statu 11: client 3 EarlyStopping counter: 1 out of 10, best score is 0.7679, current score is 0.7503
6000
6000
6000
6000
6001
6001
6001
6002
6002
6002
6002
6003
6003
6003
6004
6004
6004
6004
6005
6005
6005
6005
6005
6006
6006
6006
6007
6007
6007
6007
6007
6008
6008
6008
6009
6009
6010
6011
6011
6011
6012
6012
6012
6013
6013
6013
6014
6014
6014
6014
6015
6015
6016
6016
6016
6016
6016
6017
6017
6017
6017
6018
6018
6018
6018
6019
6019
6019
6019
6020
6020
6020
6020
6021
6021
6021
6021
6022
6022
6022
6022
6023
6023
6023
6023
6023
6024
6024
6025
6025
6025
6025
6026
6026
6026
6026
6027
6027
6027
6027
6028
6028
6028
6029
6029
6029
6030
6030
6030
6031
6031
6031
6031
6031
6032
6032
6032
6032
6033
6033
6034
6034
6034
6035
6035
6035
6035
6036
6036
6036
6036
6037
6037
6037
6038
6038
6038
6039
6039
6039
6039
6040
6040
6040
6040
6041
6041
6041
6041
6042
6042
6042
6042
6043
6043
6043
6044
6044
6044
6044
6044
6045
6045
6045
6045
6046
6046
6046
6046
6047
6047
6048
6048
6048
6048
6049
6049
6049
6049
6050
Round #6050 (Experiment = PIF_CIFAR10_[1.0, 0.3, 0.1]1.0__asyn__recover_con_fedasyn_niid__n__50_____ft_esc).
fed_avg Loss/acc (at round #6050) = 0.8436699137091637/0.8367   Loss/acc=0.8436699137091637/0.8367
the density is 1.00,1.00,1.00,1.00,1.00,1.00,1.00,1.00,1.00,1.00
Elapsed time = 148723.81748252895
self.train_number :[6050, 6050, 2546, 2543, 2548, 2540, 1706, 1701, 1703, 1705]
client_acc :0.76,0.79,0.75,0.77,0.78,0.75,0.76,0.79,0.68,0.72
cluster_acc :0.84,0.84,0.84,0.84,0.84,0.84,0.84,0.84,0.84,0.84
sum_round_time :278.29,278.29,503.58,503.58,503.58,503.58,850.57,850.57,850.57,850.57
sum_down ：12755.98,12679.09,21778.25,21022.14,21722.87,21122.98,36621.91,36645.79,36567.16,36618.88
sum_train ：404.68,402.64,171.16,169.25,170.70,170.70,113.50,114.13,114.95,114.32
sum_upload ：43069.43,43060.29,61211.43,61134.67,61239.55,61139.73,102988.47,102886.77,103041.01,102750.60
sum_merge ：151.20
6050
6050
6050
6050
6051
6051
6051
6051
6052
6052
6053
6053
6054
6054
6054
6054
6054
6054
6055
6055
6055
6055
6055
6056
6056
6056
6056
6057
6057
6057
6058
6058
6059
6059
6060
6060
6060
6060
6061
6061
6061
6061
6062
6062
6062
6063
6063
6063
6063
6064
6064
6064
6065
6065
6066
6066
6066
6066
6067
6067
6067
6068
6068
6068
6069
6069
6069
6069
6069
6070
6070
6070
6070
6071
6071
6072
6072
6072
6072
6073
6073
6073
6073
6074
6074
6074
6074
6075
6075
6076
6076
6076
6077
6077
6077
6077
6078
6078
6079
6079
6079
6080
6080
6080
6080
6081
6081
6081
6081
6082
6082
6082
6083
6083
6083
6083
6084
6084
6084
6084
6085
6085
6085
6085
6086
6086
6086
6087
6087
6087
6087
6087
6088
6088
6088
6088
6089
6089
6089
6089
6089
6090
6090
6090
6091
6091
6091
6091
6092
6092
6092
6092
6093
6093
6093
6094
6094
6094
6094
6095
6095
6095
6095
6096
6096
6096
6097
6097
6098
6098
6098
6098
6099
6099
6099
6099
6100
Round #6100 (Experiment = PIF_CIFAR10_[1.0, 0.3, 0.1]1.0__asyn__recover_con_fedasyn_niid__n__50_____ft_esc).
fed_avg Loss/acc (at round #6100) = 0.8682311028242111/0.8325   Loss/acc=0.8682311028242111/0.8325
the density is 1.00,1.00,1.00,1.00,1.00,1.00,1.00,1.00,1.00,1.00
Elapsed time = 149883.4615709531
self.train_number :[6100, 6100, 2569, 2566, 2571, 2563, 1719, 1714, 1716, 1718]
client_acc :0.76,0.79,0.75,0.77,0.78,0.75,0.76,0.79,0.68,0.72
cluster_acc :0.83,0.83,0.83,0.83,0.83,0.83,0.83,0.83,0.83,0.83
sum_round_time :248.93,248.93,510.64,510.64,510.64,510.64,808.82,804.64,804.64,808.82
sum_down ：12906.02,12777.06,21915.02,21168.53,21920.59,21321.98,36932.11,36916.87,36834.51,36926.41
sum_train ：408.18,406.30,172.82,170.88,172.22,172.28,114.37,115.10,115.87,115.31
sum_upload ：43426.20,43416.95,61743.83,61649.81,61768.09,61662.64,103756.89,103710.82,103864.62,103531.09
sum_merge ：152.68
statu 11: client 0 EarlyStopping counter: 1 out of 20, best score is 0.8367, current score is 0.8325
6100
6100
6100
6101
6101
6101
6102
6102
6102
6102
6102
6103
6103
6103
6104
6104
6104
6105
6105
6105
6106
6106
6106
6106
6107
6107
6107
6107
6108
6108
6108
6108
6108
6109
6109
6110
6110
6111
6111
6111
6111
6112
6112
6112
6113
6113
6113
6113
6114
6114
6115
6115
6115
6115
6116
6116
6116
6117
6117
6118
6118
6118
6118
6119
6119
6119
6120
6120
6120
6120
6120
6121
6121
6121
6122
6122
6122
6122
6122
6123
6123
6123
6124
6124
6125
6126
6126
6126
6127
6127
6127
6128
6128
6128
6128
6129
6129
6129
6129
6130
6130
6130
6130
6131
6131
6131
6131
6132
6132
6132
6133
6133
6133
6133
6134
6134
6134
6134
6135
6135
6135
6135
6136
6136
6136
6137
6137
6137
6138
6138
6138
6138
6138
6139
6139
6139
6140
6140
6141
6141
6141
6142
6142
6142
6142
6143
6143
6143
6144
6144
6144
6145
6145
6145
6145
6146
6146
6146
6146
6147
6147
6147
6148
6148
6148
6148
6148
6149
6149
6150
Round #6150 (Experiment = PIF_CIFAR10_[1.0, 0.3, 0.1]1.0__asyn__recover_con_fedasyn_niid__n__50_____ft_esc).
fed_avg Loss/acc (at round #6150) = 0.8639426454901695/0.8318   Loss/acc=0.8639426454901695/0.8318
the density is 1.00,1.00,1.00,1.00,1.00,1.00,1.00,1.00,1.00,1.00
Elapsed time = 150908.4617890043
self.train_number :[6150, 6150, 2590, 2587, 2592, 2584, 1730, 1726, 1727, 1730]
client_acc :0.76,0.79,0.75,0.77,0.78,0.75,0.76,0.79,0.68,0.72
cluster_acc :0.83,0.83,0.83,0.83,0.83,0.83,0.83,0.83,0.83,0.83
sum_round_time :204.95,204.95,548.50,548.50,548.50,548.50,905.73,844.98,905.73,844.98
sum_down ：13003.73,12874.92,22039.08,21297.24,22042.55,21453.29,37161.28,37174.80,37065.36,37182.72
sum_train ：411.38,409.48,174.13,172.19,173.51,173.65,115.10,115.83,116.54,116.06
sum_upload ：43783.50,43773.49,62271.48,62186.15,62295.83,62188.86,104438.51,104378.47,104557.15,104191.39
sum_merge ：153.69
statu 11: client 0 EarlyStopping counter: 2 out of 20, best score is 0.8367, current score is 0.8318
6150
6150
6150
6150
6151
6151
6151
6151
6152
6152
6152
6153
6153
6153
6154
6154
6155
6155
6155
6155
6156
6156
6157
6157
6158
6159
6159
6159
6159
6160
6160
6160
6161
6161
6162
6162
6162
6162
6162
6162
6163
6163
6163
6163
6164
6164
6164
6164
6165
6165
6165
6166
6166
6166
6167
6167
6168
6168
6168
6168
6169
6169
6169
6170
6170
6170
6171
6171
6171
6171
6172
6172
6173
6173
6173
6173
6174
6174
6175
6175
6175
6176
6176
6176
6176
6176
6177
6177
6177
6177
6178
6178
6178
6178
6179
6179
6180
6180
6180
6180
6180
6181
6181
6181
6181
6182
6182
6183
6183
6183
6183
6184
6184
6184
6184
6185
6185
6185
6186
6186
6186
6186
6187
6187
6187
6188
6188
6189
6190
6190
6190
6191
6191
6191
6191
6192
6192
6192
6192
6192
6193
6193
6193
6194
6194
6194
6195
6195
6195
6195
6196
6196
6196
6196
6197
6197
6197
6197
6198
6198
6198
6199
6199
6199
6200
Round #6200 (Experiment = PIF_CIFAR10_[1.0, 0.3, 0.1]1.0__asyn__recover_con_fedasyn_niid__n__50_____ft_esc).
fed_avg Loss/acc (at round #6200) = 0.9146257564425468/0.8245   Loss/acc=0.9146257564425468/0.8245
the density is 1.00,1.00,1.00,1.00,1.00,1.00,1.00,1.00,1.00,1.00
Elapsed time = 152043.01202395474
self.train_number :[6200, 6200, 2610, 2607, 2612, 2604, 1743, 1738, 1739, 1741]
client_acc :0.76,0.79,0.75,0.77,0.78,0.75,0.76,0.79,0.68,0.72
cluster_acc :0.82,0.82,0.82,0.82,0.82,0.82,0.82,0.82,0.82,0.82
sum_round_time :295.65,295.65,509.42,509.42,509.42,509.42,907.10,841.33,964.01,964.01
sum_down ：13101.13,12972.02,22157.44,21441.08,22182.60,21595.70,37421.56,37418.64,37310.12,37404.77
sum_train ：414.76,412.80,175.52,173.54,174.89,175.00,115.96,116.58,117.32,116.77
sum_upload ：44138.80,44128.46,62728.79,62641.04,62751.32,62644.04,105224.83,105135.89,105280.79,104940.35
sum_merge ：154.84
statu 11: client 0 EarlyStopping counter: 3 out of 20, best score is 0.8367, current score is 0.8245
6200
6200
6200
6201
6201
6201
6201
6201
6202
6202
6202
6202
6203
6203
6203
6203
6204
6204
6205
6205
6205
6206
6206
6206
6206
6206
6207
6207
6207
6208
6208
6208
6208
6209
6209
6209
6209
6210
6210
6211
6211
6211
6211
6211
6211
6212
6212
6212
6212
6213
6213
6213
6213
6214
6214
6214
6214
6215
6215
6215
6215
6215
6216
6216
6216
6216
6217
6217
6217
6218
6218
6218
6218
6219
6219
6219
6219
6220
6220
6220
6220
6220
6221
6221
6221
6221
6222
6222
6223
6223
6223
6224
6224
6225
6225
6225
6225
6226
6226
6226
6226
6227
6227
6227
6227
6227
6228
6228
6228
6228
6229
6229
6230
6230
6230
6230
6231
6231
6231
6232
6232
6233
6233
6233
6233
6234
6234
6235
6235
6236
6236
6236
6236
6237
6237
6238
6238
6239
6239
6239
6239
6240
6240
6240
6241
6241
6241
6241
6242
6242
6242
6243
6243
6244
6244
6244
6245
6245
6245
6246
6246
6246
6246
6246
6247
6247
6247
6247
6248
6248
6248
6248
6249
6249
6250
Round #6250 (Experiment = PIF_CIFAR10_[1.0, 0.3, 0.1]1.0__asyn__recover_con_fedasyn_niid__n__50_____ft_esc).
fed_avg Loss/acc (at round #6250) = 0.8581507131457329/0.8326   Loss/acc=0.8581507131457329/0.8326
the density is 1.00,1.00,1.00,1.00,1.00,1.00,1.00,1.00,1.00,1.00
Elapsed time = 153398.09702048093
self.train_number :[6250, 6250, 2634, 2631, 2636, 2628, 1758, 1753, 1754, 1756]
client_acc :0.76,0.79,0.75,0.77,0.78,0.75,0.79,0.70,0.70,0.64
cluster_acc :0.83,0.83,0.83,0.83,0.83,0.83,0.83,0.83,0.83,0.83
sum_round_time :287.60,287.60,535.48,535.48,535.48,535.48,871.60,871.60,871.60,871.60
sum_down ：13198.04,13069.34,22295.69,21578.14,22324.12,21741.41,37744.78,37735.80,37636.77,37727.51
sum_train ：418.31,416.20,177.26,175.18,176.64,176.67,117.02,117.64,118.40,117.82
sum_upload ：44495.21,44482.59,63322.33,63241.55,63347.28,63248.94,106164.70,106148.05,106310.98,105974.83
sum_merge ：156.13
statu 11: client 0 EarlyStopping counter: 4 out of 20, best score is 0.8367, current score is 0.8326
statu 11: client 8 EarlyStopping counter: 1 out of 10, best score is 0.7895, current score is 0.6969
statu 11: client 9 EarlyStopping counter: 2 out of 10, best score is 0.7364, current score is 0.7019
statu 11: client 10 EarlyStopping counter: 1 out of 10, best score is 0.7221, current score is 0.6395
6250
6250
6250
6250
6251
6251
6251
6251
6252
6252
6252
6253
6253
6253
6253
6253
6254
6254
6254
6254
6255
6255
6255
6256
6256
6257
6257
6257
6257
6258
6258
6258
6258
6259
6259
6259
6260
6260
6260
6260
6260
6261
6261
6262
6263
6263
6263
6264
6264
6264
6264
6265
6265
6265
6265
6266
6266
6266
6267
6267
6267
6267
6268
6268
6269
6269
6269
6270
6270
6270
6270
6271
6271
6272
6272
6272
6272
6273
6273
6274
6274
6274
6274
6275
6275
6275
6275
6275
6276
6276
6276
6276
6277
6277
6277
6277
6278
6278
6279
6279
6279
6279
6280
6280
6280
6281
6281
6281
6281
6282
6282
6282
6282
6283
6283
6284
6284
6284
6285
6285
6285
6286
6286
6286
6287
6287
6287
6288
6288
6288
6289
6289
6290
6290
6290
6291
6291
6291
6292
6292
6292
6292
6293
6293
6294
6294
6294
6294
6295
6295
6295
6295
6295
6296
6296
6297
6297
6297
6298
6298
6299
6299
6300
Round #6300 (Experiment = PIF_CIFAR10_[1.0, 0.3, 0.1]1.0__asyn__recover_con_fedasyn_niid__n__50_____ft_esc).
fed_avg Loss/acc (at round #6300) = 0.8776665851473808/0.8285   Loss/acc=0.8776665851473808/0.8285
the density is 1.00,1.00,1.00,1.00,1.00,1.00,1.00,1.00,1.00,1.00
Elapsed time = 154483.65876911837
self.train_number :[6300, 6300, 2653, 2650, 2655, 2647, 1771, 1766, 1767, 1769]
client_acc :0.74,0.81,0.75,0.77,0.78,0.75,0.79,0.70,0.70,0.64
cluster_acc :0.83,0.83,0.83,0.83,0.83,0.83,0.83,0.83,0.83,0.83
sum_round_time :186.89,186.89,534.28,534.28,534.28,534.28,873.70,873.70,873.70,873.70
sum_down ：13295.42,13166.91,22534.28,21797.86,22487.18,22035.57,38016.09,38006.58,37909.11,38002.64
sum_train ：421.73,419.52,178.60,176.48,177.84,177.97,118.17,118.59,119.49,118.72
sum_upload ：44849.61,44840.53,63773.83,63696.46,63805.65,63704.33,106858.59,106869.32,107026.32,106687.14
sum_merge ：157.22
statu 11: client 0 EarlyStopping counter: 5 out of 20, best score is 0.8367, current score is 0.8285
statu 11: client 1 EarlyStopping counter: 1 out of 10, best score is 0.7632, current score is 0.7442
6300
6300
6301
6301
6301
6302
6302
6302
6302
6303
6303
6303
6304
6305
6305
6305
6305
6305
6306
6306
6306
6306
6306
6307
6307
6307
6308
6309
6309
6309
6310
6310
6310
6310
6311
6311
6311
6312
6312
6312
6312
6313
6313
6313
6313
6314
6314
6314
6315
6315
6315
6316
6316
6316
6316
6317
6317
6317
6317
6318
6318
6318
6318
6319
6319
6320
6320
6320
6320
6320
6321
6321
6322
6322
6322
6323
6323
6323
6323
6324
6324
6324
6324
6324
6324
6325
6325
6326
6326
6326
6327
6327
6327
6327
6328
6328
6328
6328
6328
6329
6329
6329
6330
6330
6330
6330
6331
6331
6331
6331
6332
6332
6332
6333
6333
6334
6334
6334
6334
6334
6335
6335
6336
6336
6337
6337
6337
6337
6337
6337
6338
6338
6339
6339
6340
6340
6340
6340
6340
6341
6342
6342
6342
6342
6343
6343
6343
6344
6344
6344
6344
6345
6345
6346
6346
6346
6346
6347
6347
6347
6348
6348
6349
6349
6349
6349
6350
Round #6350 (Experiment = PIF_CIFAR10_[1.0, 0.3, 0.1]1.0__asyn__recover_con_fedasyn_niid__n__50_____ft_esc).
fed_avg Loss/acc (at round #6350) = 0.8526404872536659/0.8357   Loss/acc=0.8526404872536659/0.8357
the density is 1.00,1.00,1.00,1.00,1.00,1.00,1.00,1.00,1.00,1.00
Elapsed time = 155588.2405096801
self.train_number :[6350, 6349, 2671, 2669, 2674, 2667, 1783, 1778, 1779, 1781]
client_acc :0.74,0.81,0.75,0.77,0.78,0.75,0.79,0.70,0.70,0.64
cluster_acc :0.84,0.84,0.84,0.84,0.84,0.84,0.84,0.84,0.84,0.84
sum_round_time :266.17,266.17,524.78,471.36,524.78,471.36,908.53,908.53,916.89,916.89
sum_down ：13392.40,13262.19,22876.00,22141.80,22633.81,22301.93,38326.09,38307.40,38202.55,38300.73
sum_train ：425.06,422.89,179.90,177.82,179.18,179.40,118.97,119.36,120.29,119.62
sum_upload ：45207.09,45189.24,64222.29,64160.18,64274.33,64192.52,107576.84,107574.51,107808.24,107471.20
sum_merge ：158.63
statu 11: client 0 EarlyStopping counter: 6 out of 20, best score is 0.8367, current score is 0.8357
6350
6350
6350
6350
6351
6351
6351
6352
6352
6352
6353
6353
6353
6354
6354
6354
6354
6355
6355
6355
6355
6356
6356
6356
6356
6357
6357
6357
6358
6358
6359
6360
6360
6360
6361
6361
6361
6362
6362
6362
6362
6362
6363
6363
6363
6363
6364
6364
6364
6364
6365
6365
6365
6366
6366
6366
6367
6367
6367
6367
6368
6368
6368
6368
6369
6369
6369
6370
6370
6370
6371
6371
6371
6372
6372
6372
6372
6373
6373
6373
6373
6374
6374
6374
6375
6375
6375
6375
6376
6376
6377
6377
6378
6378
6378
6379
6379
6379
6379
6380
6380
6381
6381
6381
6382
6382
6382
6382
6382
6383
6383
6383
6383
6384
6384
6384
6384
6385
6385
6386
6386
6386
6386
6387
6387
6387
6387
6388
6388
6388
6388
6389
6389
6390
6390
6390
6390
6391
6391
6391
6391
6391
6392
6392
6392
6392
6393
6393
6394
6394
6394
6394
6395
6395
6395
6396
6396
6397
6397
6397
6397
6397
6398
6398
6399
6399
6399
6400
Round #6400 (Experiment = PIF_CIFAR10_[1.0, 0.3, 0.1]1.0__asyn__recover_con_fedasyn_niid__n__50_____ft_esc).
fed_avg Loss/acc (at round #6400) = 0.8931936174631119/0.8344   Loss/acc=0.8931936174631119/0.8344
the density is 1.00,1.00,1.00,1.00,1.00,1.00,1.00,1.00,1.00,1.00
Elapsed time = 156812.28453933692
self.train_number :[6400, 6401, 2693, 2691, 2696, 2689, 1796, 1791, 1793, 1795]
client_acc :0.74,0.81,0.75,0.77,0.78,0.75,0.79,0.70,0.70,0.64
cluster_acc :0.83,0.83,0.83,0.83,0.83,0.83,0.83,0.83,0.83,0.83
sum_round_time :180.70,180.70,506.38,506.38,506.38,506.38,918.90,918.90,918.90,918.90
sum_down ：13543.69,13363.85,23113.65,22372.86,22916.30,22581.89,38605.49,38591.37,38506.82,38603.33
sum_train ：428.50,426.54,181.39,179.30,180.66,180.98,119.83,120.21,121.25,120.53
sum_upload ：45565.34,45558.88,64716.63,64656.37,64770.89,64694.51,108447.70,108451.04,108639.77,108300.01
sum_merge ：160.09
statu 11: client 0 EarlyStopping counter: 7 out of 20, best score is 0.8367, current score is 0.8344
6400
6400
6400
6400
6401
6401
6401
6401
6402
6402
6402
6402
6403
6403
6403
6403
6404
6404
6404
6405
6405
6405
6406
6406
6406
6406
6407
6407
6407
6408
6408
6409
6409
6409
6409
6410
6410
6410
6411
6411
6412
6412
6412
6413
6413
6413
6413
6414
6414
6414
6414
6414
6415
6415
6416
6416
6416
6416
6417
6417
6417
6417
6418
6418
6418
6418
6419
6419
6420
6420
6421
6421
6421
6421
6421
6422
6422
6422
6422
6423
6423
6424
6424
6425
6425
6425
6426
6426
6426
6426
6427
6427
6427
6428
6428
6429
6429
6429
6429
6430
6430
6430
6430
6431
6431
6431
6432
6432
6432
6432
6433
6433
6434
6434
6434
6435
6435
6435
6436
6436
6436
6437
6437
6438
6438
6438
6438
6439
6439
6440
6440
6441
6441
6441
6441
6442
6442
6442
6442
6443
6443
6444
6444
6444
6444
6445
6445
6445
6446
6446
6447
6447
6447
6447
6448
6448
6448
6448
6448
6449
6449
6449
6450
Round #6450 (Experiment = PIF_CIFAR10_[1.0, 0.3, 0.1]1.0__asyn__recover_con_fedasyn_niid__n__50_____ft_esc).
fed_avg Loss/acc (at round #6450) = 0.8487149998545647/0.8348   Loss/acc=0.8487149998545647/0.8348
the density is 1.00,1.00,1.00,1.00,1.00,1.00,1.00,1.00,1.00,1.00
Elapsed time = 157961.054463123
self.train_number :[6450, 6451, 2713, 2710, 2716, 2709, 1810, 1805, 1807, 1809]
client_acc :0.74,0.81,0.75,0.77,0.78,0.75,0.79,0.70,0.70,0.64
cluster_acc :0.83,0.83,0.83,0.83,0.83,0.83,0.83,0.83,0.83,0.83
sum_round_time :209.26,209.26,602.99,667.35,600.89,600.89,814.72,814.72,814.72,815.74
sum_down ：13641.06,13461.56,23285.23,22486.44,23090.78,22756.44,38905.32,38893.13,38811.37,38904.58
sum_train ：431.90,429.98,182.75,180.55,181.96,182.28,120.76,121.18,122.21,121.47
sum_upload ：45920.76,45914.09,65217.58,65144.66,65281.99,65203.63,109266.92,109212.83,109422.41,109059.37
sum_merge ：161.44
statu 11: client 0 EarlyStopping counter: 8 out of 20, best score is 0.8367, current score is 0.8348
6450
6450
6450
6451
6451
6451
6452
6452
6453
6453
6453
6453
6453
6453
6454
6454
6454
6455
6455
6456
6456
6457
6457
6457
6458
6458
6458
6459
6459
6459
6459
6460
6460
6460
6461
6461
6461
6462
6462
6462
6462
6463
6463
6464
6464
6465
6465
6465
6465
6466
6466
6466
6467
6467
6468
6468
6469
6469
6469
6469
6470
6470
6470
6471
6471
6471
6472
6472
6472
6472
6472
6473
6473
6473
6474
6474
6474
6474
6474
6475
6475
6475
6475
6476
6476
6476
6476
6477
6477
6477
6478
6478
6478
6478
6478
6479
6479
6479
6479
6479
6480
6480
6480
6480
6481
6481
6481
6481
6481
6482
6482
6482
6482
6483
6483
6484
6484
6484
6484
6485
6485
6485
6485
6486
6486
6487
6487
6487
6487
6488
6488
6488
6488
6488
6489
6489
6489
6489
6490
6490
6491
6491
6491
6491
6491
6492
6492
6492
6492
6492
6493
6493
6493
6494
6494
6494
6494
6494
6494
6495
6495
6495
6495
6496
6496
6496
6496
6497
6497
6498
6498
6498
6498
6499
6499
6499
6500
Round #6500 (Experiment = PIF_CIFAR10_[1.0, 0.3, 0.1]1.0__asyn__recover_con_fedasyn_niid__n__50_____ft_esc).
fed_avg Loss/acc (at round #6500) = 0.869603805243969/0.8302   Loss/acc=0.869603805243969/0.8302
the density is 1.00,1.00,1.00,1.00,1.00,1.00,1.00,1.00,1.00,1.00
Elapsed time = 159259.0803855297
self.train_number :[6500, 6501, 2737, 2734, 2739, 2732, 1824, 1819, 1821, 1823]
client_acc :0.74,0.80,0.75,0.77,0.78,0.75,0.79,0.70,0.70,0.64
cluster_acc :0.83,0.83,0.83,0.83,0.83,0.83,0.83,0.83,0.83,0.83
sum_round_time :235.07,235.07,450.60,450.60,524.07,524.07,920.19,920.19,905.26,906.05
sum_down ：13738.09,13558.94,23550.08,22705.19,23402.40,22998.81,39281.95,39280.15,39200.28,39293.09
sum_train ：435.40,433.50,184.43,182.31,183.61,183.98,121.76,122.16,123.17,122.97
sum_upload ：46275.74,46272.16,65795.26,65702.45,65836.25,65750.60,110130.07,110054.97,110249.93,109883.90
sum_merge ：162.70
statu 11: client 0 EarlyStopping counter: 9 out of 20, best score is 0.8367, current score is 0.8302
statu 11: client 2 EarlyStopping counter: 1 out of 10, best score is 0.8066, current score is 0.8038
6500
6500
6500
6500
6501
6501
6502
6502
6503
6503
6503
6503
6504
6504
6504
6505
6505
6506
6506
6506
6506
6507
6507
6508
6508
6509
6509
6509
6509
6510
6510
6510
6510
6511
6511
6512
6512
6513
6513
6513
6514
6514
6514
6514
6515
6515
6516
6516
6517
6517
6517
6518
6518
6519
6519
6519
6520
6520
6520
6520
6521
6521
6521
6522
6522
6522
6522
6523
6523
6523
6523
6524
6524
6525
6525
6525
6526
6526
6526
6526
6527
6527
6528
6528
6528
6528
6529
6529
6529
6529
6530
6530
6530
6531
6531
6531
6531
6532
6532
6532
6532
6533
6533
6533
6534
6534
6535
6535
6535
6535
6536
6536
6536
6537
6537
6538
6538
6538
6538
6539
6539
6539
6539
6540
6540
6541
6541
6541
6542
6542
6543
6543
6543
6543
6544
6544
6544
6544
6545
6545
6545
6546
6546
6546
6546
6547
6547
6547
6547
6548
6548
6549
6549
6549
6549
6549
6550
Round #6550 (Experiment = PIF_CIFAR10_[1.0, 0.3, 0.1]1.0__asyn__recover_con_fedasyn_niid__n__50_____ft_esc).
fed_avg Loss/acc (at round #6550) = 0.8501476943492889/0.8366   Loss/acc=0.8501476943492889/0.8366
the density is 1.00,1.00,1.00,1.00,1.00,1.00,1.00,1.00,1.00,1.00
Elapsed time = 160438.94089026362
self.train_number :[6550, 6551, 2757, 2754, 2759, 2752, 1836, 1831, 1834, 1836]
client_acc :0.74,0.80,0.73,0.77,0.75,0.60,0.79,0.70,0.70,0.64
cluster_acc :0.84,0.84,0.84,0.84,0.84,0.84,0.84,0.84,0.84,0.84
sum_round_time :195.30,195.30,613.70,613.70,613.70,613.70,920.52,920.52,819.90,819.90
sum_down ：13835.46,13656.68,23678.98,22819.47,23529.26,23128.72,39555.95,39551.03,39481.29,39585.02
sum_train ：439.18,437.08,185.91,183.96,185.09,185.42,122.59,123.02,124.11,123.84
sum_upload ：46631.05,46626.03,66281.08,66191.42,66321.33,66230.70,110915.94,110829.60,111088.94,110718.16
sum_merge ：163.96
statu 11: client 0 EarlyStopping counter: 10 out of 20, best score is 0.8367, current score is 0.8366
statu 11: client 1 EarlyStopping counter: 2 out of 10, best score is 0.7632, current score is 0.7412
statu 11: client 3 EarlyStopping counter: 2 out of 10, best score is 0.7679, current score is 0.7294
statu 11: client 5 EarlyStopping counter: 1 out of 10, best score is 0.7783, current score is 0.7457
statu 11: client 6 EarlyStopping counter: 1 out of 10, best score is 0.7517, current score is 0.604
6550
6550
6550
6550
6551
6551
6551
6551
6552
6552
6552
6553
6553
6553
6554
6555
6555
6555
6555
6556
6556
6557
6557
6557
6558
6558
6558
6558
6559
6559
6560
6560
6561
6561
6561
6561
6561
6562
6562
6562
6562
6563
6563
6564
6564
6564
6564
6564
6565
6565
6565
6565
6566
6566
6566
6566
6567
6567
6568
6568
6568
6568
6569
6569
6569
6569
6570
6570
6570
6570
6571
6571
6571
6571
6571
6571
6572
6572
6572
6572
6573
6573
6573
6574
6574
6575
6575
6575
6575
6575
6576
6576
6576
6576
6576
6577
6577
6578
6578
6578
6578
6578
6579
6579
6579
6580
6580
6580
6580
6581
6581
6581
6581
6581
6581
6582
6582
6582
6583
6583
6583
6583
6583
6583
6584
6584
6584
6584
6585
6585
6585
6585
6586
6586
6587
6587
6587
6588
6588
6588
6589
6589
6589
6589
6590
6590
6590
6590
6591
6591
6591
6592
6592
6592
6593
6593
6593
6593
6594
6594
6594
6594
6595
6595
6595
6595
6595
6596
6596
6596
6596
6597
6597
6597
6597
6598
6598
6598
6599
6599
6599
6599
6600
Round #6600 (Experiment = PIF_CIFAR10_[1.0, 0.3, 0.1]1.0__asyn__recover_con_fedasyn_niid__n__50_____ft_esc).
fed_avg Loss/acc (at round #6600) = 0.8523009568452835/0.8366   Loss/acc=0.8523009568452835/0.8366
the density is 1.00,1.00,1.00,1.00,1.00,1.00,1.00,1.00,1.00,1.00
Elapsed time = 161746.89970502537
self.train_number :[6600, 6601, 2780, 2777, 2782, 2775, 1851, 1846, 1849, 1851]
client_acc :0.74,0.80,0.73,0.77,0.75,0.60,0.79,0.70,0.70,0.64
cluster_acc :0.84,0.84,0.84,0.84,0.84,0.84,0.84,0.84,0.84,0.84
sum_round_time :430.96,430.96,643.03,643.03,643.03,643.03,858.48,858.48,858.48,858.48
sum_down ：13984.72,13754.40,23861.99,23000.90,23760.83,23360.40,39891.93,39889.00,39819.56,39926.10
sum_train ：442.59,440.52,187.49,186.29,186.66,186.98,123.70,124.09,125.15,124.85
sum_upload ：46983.99,46982.61,66803.97,66724.42,66860.63,66770.52,111811.26,111716.97,111984.44,111619.37
sum_merge ：165.30
6600
6600
6600
6600
6600
6601
6601
6601
6601
6602
6602
6602
6602
6602
6603
6603
6604
6604
6604
6605
6605
6605
6605
6605
6606
6606
6607
6607
6608
6608
6608
6609
6609
6609
6610
6610
6611
6611
6611
6612
6612
6612
6612
6613
6613
6613
6613
6613
6614
6614
6614
6614
6614
6615
6615
6616
6616
6616
6616
6617
6617
6617
6618
6618
6619
6619
6619
6619
6620
6620
6620
6621
6621
6621
6621
6621
6622
6622
6622
6622
6623
6623
6623
6623
6623
6623
6624
6624
6624
6624
6625
6625
6626
6626
6627
6627
6627
6627
6628
6628
6628
6628
6629
6629
6630
6630
6630
6630
6631
6631
6632
6632
6632
6633
6633
6633
6633
6633
6634
6634
6634
6634
6635
6635
6635
6636
6636
6636
6636
6636
6636
6637
6637
6637
6637
6638
6638
6638
6639
6639
6640
6640
6640
6640
6640
6641
6641
6642
6642
6643
6643
6643
6643
6644
6644
6644
6645
6646
6646
6646
6646
6647
6647
6647
6647
6648
6648
6648
6649
6649
6650
Round #6650 (Experiment = PIF_CIFAR10_[1.0, 0.3, 0.1]1.0__asyn__recover_con_fedasyn_niid__n__50_____ft_esc).
fed_avg Loss/acc (at round #6650) = 0.852140299975872/0.8328   Loss/acc=0.852140299975872/0.8328
the density is 1.00,1.00,1.00,1.00,1.00,1.00,1.00,1.00,1.00,1.00
Elapsed time = 162975.48275616064
self.train_number :[6650, 6650, 2803, 2800, 2805, 2798, 1864, 1859, 1862, 1865]
client_acc :0.74,0.80,0.73,0.77,0.75,0.60,0.79,0.70,0.70,0.64
cluster_acc :0.83,0.83,0.83,0.83,0.83,0.83,0.83,0.83,0.83,0.83
sum_round_time :193.04,203.09,474.39,474.39,474.39,474.39,994.00,994.00,994.00,895.85
sum_down ：14082.12,13911.89,24001.86,23136.95,23898.97,23490.58,40222.24,40220.55,40147.41,40281.19
sum_train ：446.06,443.85,189.01,187.83,188.24,188.52,124.60,124.97,126.00,125.84
sum_upload ：47337.60,47332.63,67372.45,67289.21,67423.25,67339.44,112607.68,112508.11,112778.98,112444.68
sum_merge ：166.66
statu 11: client 0 EarlyStopping counter: 11 out of 20, best score is 0.8367, current score is 0.8328
6650
6650
6650
6650
6651
6651
6651
6651
6651
6652
6652
6652
6653
6653
6653
6653
6654
6654
6655
6655
6655
6655
6656
6656
6656
6656
6657
6657
6657
6658
6658
6658
6658
6659
6659
6660
6661
6661
6661
6661
6662
6662
6662
6663
6663
6664
6664
6664
6665
6665
6665
6665
6666
6666
6666
6666
6666
6667
6667
6667
6667
6668
6668
6668
6669
6669
6669
6669
6670
6670
6671
6671
6671
6671
6672
6672
6672
6672
6673
6673
6673
6674
6674
6674
6674
6674
6675
6675
6675
6675
6676
6676
6676
6677
6677
6678
6678
6678
6678
6678
6678
6679
6679
6680
6680
6680
6680
6681
6681
6681
6681
6682
6682
6682
6682
6683
6683
6683
6683
6683
6684
6684
6684
6685
6685
6685
6685
6685
6686
6686
6686
6686
6687
6687
6688
6688
6688
6688
6689
6689
6689
6689
6689
6690
6690
6691
6691
6691
6691
6691
6691
6692
6692
6692
6693
6693
6693
6693
6693
6694
6694
6694
6695
6695
6695
6696
6696
6696
6696
6697
6697
6698
6698
6699
6699
6699
6699
6699
6700
Round #6700 (Experiment = PIF_CIFAR10_[1.0, 0.3, 0.1]1.0__asyn__recover_con_fedasyn_niid__n__50_____ft_esc).
fed_avg Loss/acc (at round #6700) = 0.86045091599226/0.8369   Loss/acc=0.86045091599226/0.8369
the density is 1.00,1.00,1.00,1.00,1.00,1.00,1.00,1.00,1.00,1.00
Elapsed time = 164375.92964339728
self.train_number :[6700, 6700, 2828, 2825, 2830, 2823, 1879, 1874, 1877, 1880]
client_acc :0.74,0.80,0.73,0.77,0.75,0.60,0.79,0.70,0.70,0.64
cluster_acc :0.84,0.84,0.84,0.84,0.84,0.84,0.84,0.84,0.84,0.84
sum_round_time :254.46,244.30,671.00,671.00,671.00,671.00,927.69,927.69,927.69,927.69
sum_down ：14232.48,14060.24,24201.86,23384.08,24144.45,23684.65,40578.78,40581.77,40503.45,40646.88
sum_train ：449.52,447.16,190.77,189.58,189.92,190.19,125.54,125.95,126.98,126.82
sum_upload ：47692.07,47686.87,67949.68,67856.98,67990.46,67918.56,113507.90,113414.47,113721.14,113405.26
sum_merge ：167.89
6700
6700
6700
6701
6701
6702
6702
6702
6702
6703
6703
6704
6704
6704
6704
6704
6705
6705
6705
6706
6706
6706
6706
6707
6707
6707
6707
6708
6708
6708
6709
6709
6709
6709
6709
6710
6710
6711
6711
6711
6712
6712
6712
6712
6713
6713
6713
6714
6714
6715
6715
6715
6715
6715
6715
6716
6716
6716
6716
6717
6717
6717
6717
6718
6718
6718
6718
6719
6719
6719
6719
6719
6720
6720
6720
6720
6720
6721
6721
6721
6721
6722
6722
6723
6723
6723
6724
6724
6724
6725
6725
6725
6725
6726
6726
6726
6726
6727
6727
6727
6727
6728
6728
6728
6728
6729
6729
6729
6729
6730
6730
6730
6730
6730
6731
6731
6731
6732
6732
6733
6733
6733
6733
6733
6734
6734
6734
6734
6735
6735
6735
6736
6736
6736
6736
6737
6737
6737
6737
6738
6738
6738
6739
6739
6739
6739
6740
6740
6740
6740
6741
6741
6741
6742
6742
6742
6743
6743
6743
6743
6744
6744
6744
6744
6744
6745
6745
6745
6745
6746
6746
6746
6746
6747
6747
6747
6747
6748
6748
6748
6748
6749
6749
6749
6749
6750
Round #6750 (Experiment = PIF_CIFAR10_[1.0, 0.3, 0.1]1.0__asyn__recover_con_fedasyn_niid__n__50_____ft_esc).
fed_avg Loss/acc (at round #6750) = 0.8455861359834671/0.8366   Loss/acc=0.8455861359834671/0.8366
the density is 1.00,1.00,1.00,1.00,1.00,1.00,1.00,1.00,1.00,1.00
Elapsed time = 165828.01659717632
self.train_number :[6750, 6750, 2850, 2847, 2852, 2845, 1897, 1892, 1895, 1898]
client_acc :0.74,0.80,0.73,0.77,0.75,0.60,0.79,0.70,0.70,0.64
cluster_acc :0.84,0.84,0.84,0.84,0.84,0.84,0.84,0.84,0.84,0.84
sum_round_time :341.63,341.63,760.16,760.16,760.16,760.16,824.00,824.00,824.00,824.00
sum_down ：14330.07,14157.77,24335.18,23526.87,24275.53,23817.91,40935.69,40938.43,40867.09,41008.80
sum_train ：452.94,450.42,192.28,191.11,191.50,191.69,126.84,127.27,128.30,128.06
sum_upload ：48047.70,48042.67,68484.52,68381.92,68520.50,68439.23,114555.15,114434.08,114732.63,114390.76
sum_merge ：169.31
statu 11: client 0 EarlyStopping counter: 1 out of 20, best score is 0.8369, current score is 0.8366
6750
6750
6751
6751
6751
6752
6752
6753
6753
6753
6753
6753
6754
6754
6754
6754
6755
6755
6756
6756
6756
6756
6756
6757
6757
6758
6758
6758
6759
6759
6759
6759
6759
6760
6760
6761
6761
6761
6762
6762
6762
6762
6763
6763
6764
6764
6764
6764
6765
6765
6766
6766
6767
6767
6767
6767
6768
6768
6768
6768
6769
6770
6770
6770
6770
6771
6771
6771
6771
6771
6772
6772
6772
6772
6773
6773
6773
6774
6774
6774
6774
6775
6775
6775
6775
6776
6776
6776
6776
6777
6777
6777
6777
6778
6778
6778
6778
6778
6779
6779
6780
6780
6780
6780
6781
6781
6781
6781
6781
6782
6782
6783
6784
6784
6784
6785
6785
6785
6785
6785
6786
6786
6786
6787
6787
6787
6787
6787
6788
6788
6788
6788
6789
6789
6790
6790
6790
6790
6791
6791
6791
6791
6792
6792
6792
6792
6793
6793
6793
6793
6793
6794
6794
6794
6794
6794
6794
6795
6795
6795
6796
6796
6797
6797
6797
6797
6798
6798
6798
6799
6799
6799
6800
Round #6800 (Experiment = PIF_CIFAR10_[1.0, 0.3, 0.1]1.0__asyn__recover_con_fedasyn_niid__n__50_____ft_esc).
fed_avg Loss/acc (at round #6800) = 0.8574693128466606/0.8398   Loss/acc=0.8574693128466606/0.8398
the density is 1.00,1.00,1.00,1.00,1.00,1.00,1.00,1.00,1.00,1.00
Elapsed time = 166713.73825251902
self.train_number :[6800, 6800, 2869, 2866, 2871, 2864, 1907, 1901, 1905, 1908]
client_acc :0.76,0.74,0.73,0.77,0.75,0.60,0.79,0.70,0.70,0.64
cluster_acc :0.84,0.84,0.84,0.84,0.84,0.84,0.84,0.84,0.84,0.84
sum_round_time :205.59,205.59,533.34,532.31,584.81,583.76,869.14,953.89,869.14,869.14
sum_down ：14427.67,14255.80,24560.29,23646.84,24507.69,23980.44,41137.41,41164.03,41067.36,41211.35
sum_train ：456.47,453.97,193.59,192.42,192.80,193.01,127.51,127.89,129.02,128.80
sum_upload ：48405.86,48398.53,68966.51,68864.55,68982.34,68899.43,115162.00,114975.88,115331.63,114986.98
sum_merge ：170.58
statu 11: client 1 EarlyStopping counter: 3 out of 10, best score is 0.7632, current score is 0.7579
statu 11: client 2 EarlyStopping counter: 2 out of 10, best score is 0.8066, current score is 0.7367
6800
6800
6800
6801
6801
6801
6802
6802
6802
6802
6803
6803
6804
6804
6805
6805
6805
6805
6806
6806
6806
6806
6807
6807
6807
6808
6808
6808
6809
6809
6809
6809
6810
6810
6810
6810
6811
6811
6812
6812
6812
6812
6812
6813
6813
6813
6813
6814
6814
6814
6815
6815
6815
6815
6816
6816
6816
6816
6817
6817
6817
6817
6818
6818
6818
6818
6819
6819
6819
6820
6820
6820
6820
6820
6821
6821
6822
6822
6822
6822
6822
6823
6823
6823
6824
6824
6825
6825
6825
6826
6826
6826
6827
6827
6827
6828
6828
6829
6829
6830
6830
6830
6831
6831
6831
6832
6832
6832
6832
6833
6833
6833
6833
6834
6834
6834
6835
6835
6835
6835
6836
6836
6836
6837
6837
6838
6838
6838
6838
6838
6839
6839
6839
6839
6840
6840
6841
6842
6842
6842
6843
6843
6843
6844
6844
6844
6844
6845
6845
6845
6845
6846
6846
6847
6847
6848
6848
6848
6848
6849
6849
6849
6849
6850
Round #6850 (Experiment = PIF_CIFAR10_[1.0, 0.3, 0.1]1.0__asyn__recover_con_fedasyn_niid__n__50_____ft_esc).
fed_avg Loss/acc (at round #6850) = 0.8503471985459328/0.841   Loss/acc=0.8503471985459328/0.841
the density is 1.00,1.00,1.00,1.00,1.00,1.00,1.00,1.00,1.00,1.00
Elapsed time = 167915.28929348555
self.train_number :[6850, 6850, 2891, 2887, 2892, 2884, 1921, 1915, 1919, 1922]
client_acc :0.76,0.74,0.73,0.77,0.75,0.60,0.79,0.70,0.70,0.64
cluster_acc :0.84,0.84,0.84,0.84,0.84,0.84,0.84,0.84,0.84,0.84
sum_round_time :248.09,248.09,536.85,534.87,534.87,636.98,876.60,876.60,876.60,876.60
sum_down ：14525.25,14353.39,24823.37,23975.28,24828.15,24176.12,41446.01,41466.06,41368.63,41517.77
sum_train ：459.75,457.18,195.02,193.76,194.11,194.45,128.45,128.83,129.92,129.68
sum_upload ：48760.26,48750.82,69482.13,69345.89,69495.03,69385.91,115991.16,115819.66,116169.02,115826.27
sum_merge ：171.94
6850
6850
6850
6851
6851
6851
6852
6852
6853
6853
6853
6853
6854
6854
6854
6854
6855
6855
6855
6856
6856
6856
6856
6857
6857
6857
6857
6857
6858
6858
6858
6858
6858
6859
6859
6859
6859
6860
6860
6860
6861
6861
6861
6862
6862
6862
6862
6862
6863
6863
6863
6863
6864
6864
6865
6865
6865
6866
6866
6866
6866
6867
6867
6867
6867
6868
6868
6868
6869
6869
6869
6869
6870
6870
6870
6871
6871
6871
6871
6872
6872
6872
6872
6873
6873
6874
6874
6874
6874
6875
6875
6875
6875
6876
6876
6876
6877
6877
6878
6878
6878
6878
6878
6879
6879
6880
6880
6880
6881
6881
6881
6882
6882
6882
6883
6883
6883
6884
6884
6884
6885
6886
6886
6886
6887
6887
6887
6887
6887
6888
6888
6889
6889
6889
6889
6890
6890
6890
6890
6891
6891
6892
6892
6893
6893
6893
6894
6894
6894
6894
6895
6895
6895
6896
6896
6896
6897
6897
6898
6898
6898
6898
6899
6899
6899
6900
Round #6900 (Experiment = PIF_CIFAR10_[1.0, 0.3, 0.1]1.0__asyn__recover_con_fedasyn_niid__n__50_____ft_esc).
fed_avg Loss/acc (at round #6900) = 0.8471948578953743/0.8411   Loss/acc=0.8471948578953743/0.8411
the density is 1.00,1.00,1.00,1.00,1.00,1.00,1.00,1.00,1.00,1.00
Elapsed time = 169115.49850330836
self.train_number :[6900, 6900, 2912, 2908, 2913, 2906, 1934, 1929, 1932, 1936]
client_acc :0.76,0.74,0.73,0.77,0.75,0.60,0.79,0.70,0.70,0.64
cluster_acc :0.84,0.84,0.84,0.84,0.84,0.84,0.84,0.84,0.84,0.84
sum_round_time :191.81,191.81,547.34,547.34,547.34,451.04,960.84,864.11,960.84,864.11
sum_down ：14622.79,14450.82,25013.90,24163.83,24950.27,24325.81,41734.58,41775.10,41651.94,41823.00
sum_train ：463.16,460.53,196.36,195.25,195.59,195.93,129.30,129.72,130.77,130.55
sum_upload ：49115.33,49103.31,69984.15,69859.50,70007.60,69915.86,116828.08,116650.55,116974.20,116671.28
sum_merge ：173.29
6900
6900
6901
6901
6902
6902
6902
6902
6903
6903
6903
6903
6904
6904
6904
6905
6905
6905
6906
6906
6906
6907
6907
6907
6908
6908
6908
6909
6909
6909
6909
6910
6910
6910
6911
6911
6912
6912
6912
6912
6912
6913
6913
6914
6914
6915
6915
6916
6916
6916
6917
6917
6917
6917
6918
6918
6918
6919
6919
6919
6919
6920
6920
6920
6920
6921
6921
6921
6922
6923
6923
6923
6923
6924
6924
6924
6924
6925
6925
6925
6925
6926
6926
6926
6926
6927
6927
6927
6928
6928
6928
6929
6929
6929
6929
6930
6930
6930
6930
6931
6931
6931
6931
6932
6932
6932
6932
6933
6933
6933
6933
6934
6934
6935
6935
6935
6936
6936
6936
6936
6937
6937
6938
6938
6938
6938
6939
6939
6939
6939
6940
6940
6940
6941
6941
6941
6941
6941
6941
6942
6942
6943
6943
6943
6943
6943
6944
6944
6944
6944
6944
6945
6945
6945
6946
6946
6946
6946
6947
6947
6947
6948
6948
6948
6948
6949
6949
6950
Round #6950 (Experiment = PIF_CIFAR10_[1.0, 0.3, 0.1]1.0__asyn__recover_con_fedasyn_niid__n__50_____ft_esc).
fed_avg Loss/acc (at round #6950) = 0.8549460545182228/0.8394   Loss/acc=0.8549460545182228/0.8394
the density is 1.00,1.00,1.00,1.00,1.00,1.00,1.00,1.00,1.00,1.00
Elapsed time = 170329.5688948535
self.train_number :[6950, 6951, 2933, 2928, 2933, 2927, 1948, 1943, 1946, 1950]
client_acc :0.76,0.74,0.73,0.77,0.75,0.60,0.79,0.70,0.70,0.64
cluster_acc :0.84,0.84,0.84,0.84,0.84,0.84,0.84,0.84,0.84,0.84
sum_round_time :172.48,172.48,617.38,617.38,617.38,617.38,846.46,846.46,846.46,846.46
sum_down ：14775.68,14549.38,25360.39,24440.02,25239.65,24515.91,42039.06,42075.17,41959.86,42128.02
sum_train ：466.71,464.05,197.76,196.61,196.92,197.38,130.29,130.69,131.74,131.57
sum_upload ：49473.66,49465.86,70515.45,70361.94,70514.57,70444.27,117641.61,117486.34,117838.73,117477.82
sum_merge ：174.62
statu 11: client 0 EarlyStopping counter: 1 out of 20, best score is 0.8411, current score is 0.8394
6950
6950
6950
6950
6951
6951
6952
6952
6952
6952
6952
6953
6953
6953
6954
6954
6954
6955
6955
6955
6956
6956
6956
6957
6957
6957
6957
6958
6958
6959
6960
6960
6960
6961
6961
6961
6961
6962
6962
6962
6963
6963
6963
6964
6964
6965
6965
6966
6966
6966
6967
6967
6967
6967
6968
6968
6969
6969
6969
6969
6970
6970
6971
6971
6972
6972
6972
6972
6973
6973
6973
6974
6974
6974
6974
6975
6975
6975
6976
6976
6976
6976
6977
6977
6978
6978
6978
6978
6979
6979
6979
6979
6980
6980
6981
6981
6982
6982
6982
6983
6983
6983
6983
6984
6984
6984
6985
6985
6985
6985
6986
6986
6986
6987
6987
6987
6987
6988
6988
6988
6988
6989
6989
6989
6990
6990
6991
6991
6991
6991
6992
6992
6992
6992
6993
6993
6994
6995
6995
6995
6996
6996
6996
6996
6997
6997
6998
6998
6998
6998
6999
6999
6999
7000
Round #7000 (Experiment = PIF_CIFAR10_[1.0, 0.3, 0.1]1.0__asyn__recover_con_fedasyn_niid__n__50_____ft_esc).
fed_avg Loss/acc (at round #7000) = 0.8443167507648468/0.8399   Loss/acc=0.8443167507648468/0.8399
the density is 1.00,1.00,1.00,1.00,1.00,1.00,1.00,1.00,1.00,1.00
Elapsed time = 171510.45860136065
self.train_number :[7000, 7000, 2952, 2947, 2952, 2946, 1962, 1957, 1960, 1964]
client_acc :0.76,0.74,0.73,0.77,0.75,0.60,0.79,0.70,0.70,0.64
cluster_acc :0.84,0.84,0.84,0.84,0.84,0.84,0.84,0.84,0.84,0.84
sum_round_time :260.27,270.35,670.01,670.01,670.01,670.01,866.34,866.34,866.34,866.34
sum_down ：14874.08,14697.86,25566.79,24696.35,25596.57,24823.01,42334.26,42366.78,42255.58,42426.08
sum_train ：470.11,467.38,199.22,197.95,198.17,198.69,131.28,131.67,132.73,132.56
sum_upload ：49832.41,49814.50,70946.71,70794.95,70950.75,70873.86,118468.21,118321.89,118657.49,118311.19
sum_merge ：175.80
statu 11: client 0 EarlyStopping counter: 2 out of 20, best score is 0.8411, current score is 0.8399
7000
7000
7001
7001
7001
7001
7001
7002
7002
7002
7003
7003
7003
7004
7004
7004
7004
7004
7005
7005
7005
7005
7006
7006
7006
7006
7007
7007
7008
7008
7008
7008
7008
7009
7009
7010
7010
7010
7010
7011
7011
7011
7011
7012
7012
7012
7012
7013
7013
7013
7013
7014
7014
7015
7015
7015
7016
7016
7016
7016
7017
7017
7017
7017
7018
7018
7019
7019
7019
7019
7020
7020
7021
7021
7021
7022
7022
7022
7022
7023
7023
7023
7023
7024
7024
7025
7025
7025
7025
7025
7026
7026
7027
7027
7027
7028
7028
7028
7028
7029
7029
7029
7030
7030
7031
7031
7031
7032
7032
7032
7032
7032
7033
7033
7034
7034
7034
7034
7035
7035
7035
7036
7036
7036
7036
7037
7037
7037
7037
7038
7038
7038
7038
7039
7039
7039
7039
7040
7040
7040
7040
7041
7041
7041
7041
7042
7042
7042
7043
7043
7043
7044
7044
7044
7044
7045
7045
7046
7046
7046
7047
7047
7048
7048
7048
7048
7049
7049
7049
7049
7050
Round #7050 (Experiment = PIF_CIFAR10_[1.0, 0.3, 0.1]1.0__asyn__recover_con_fedasyn_niid__n__50_____ft_esc).
fed_avg Loss/acc (at round #7050) = 0.85588538646698/0.837   Loss/acc=0.85588538646698/0.837
the density is 1.00,1.00,1.00,1.00,1.00,1.00,1.00,1.00,1.00,1.00
Elapsed time = 172751.5499573648
self.train_number :[7050, 7050, 2972, 2967, 2972, 2966, 1976, 1971, 1974, 1978]
client_acc :0.78,0.76,0.73,0.77,0.75,0.60,0.79,0.70,0.70,0.64
cluster_acc :0.84,0.84,0.84,0.84,0.84,0.84,0.84,0.84,0.84,0.84
sum_round_time :257.64,257.64,662.71,662.71,662.71,662.71,819.47,819.47,819.47,819.47
sum_down ：14994.26,14817.94,25683.76,24811.60,25714.47,24943.82,42617.49,42650.90,42533.91,42708.11
sum_train ：473.54,470.86,200.61,199.32,199.57,200.01,132.24,132.64,133.73,133.49
sum_upload ：50188.61,50170.20,71454.44,71307.65,71458.84,71385.60,119373.10,119230.10,119539.82,119176.65
sum_merge ：177.14
statu 11: client 0 EarlyStopping counter: 3 out of 20, best score is 0.8411, current score is 0.837
statu 11: client 2 EarlyStopping counter: 3 out of 10, best score is 0.8066, current score is 0.7609
7050
7050
7050
7050
7051
7051
7051
7052
7052
7053
7053
7053
7053
7054
7054
7054
7054
7055
7055
7055
7055
7055
7056
7056
7056
7056
7057
7057
7057
7058
7058
7058
7058
7059
7059
7060
7060
7060
7061
7061
7061
7061
7062
7062
7062
7062
7062
7063
7063
7063
7064
7064
7064
7064
7065
7065
7065
7066
7066
7066
7066
7066
7066
7067
7067
7068
7068
7068
7068
7069
7069
7069
7069
7070
7070
7070
7071
7071
7071
7071
7072
7072
7072
7073
7073
7073
7073
7074
7074
7074
7074
7075
7075
7075
7076
7076
7076
7076
7076
7076
7077
7077
7077
7078
7078
7079
7079
7079
7079
7079
7080
7080
7081
7081
7081
7082
7082
7082
7083
7083
7083
7084
7084
7085
7085
7085
7086
7086
7086
7086
7087
7087
7088
7088
7088
7088
7089
7089
7089
7089
7090
7090
7091
7091
7091
7091
7092
7092
7092
7092
7093
7093
7093
7093
7094
7094
7094
7094
7095
7095
7095
7096
7096
7096
7097
7097
7097
7097
7097
7098
7098
7099
7099
7100
Round #7100 (Experiment = PIF_CIFAR10_[1.0, 0.3, 0.1]1.0__asyn__recover_con_fedasyn_niid__n__50_____ft_esc).
fed_avg Loss/acc (at round #7100) = 0.8220455721020699/0.8434   Loss/acc=0.8220455721020699/0.8434
the density is 1.00,1.00,1.00,1.00,1.00,1.00,1.00,1.00,1.00,1.00
Elapsed time = 173951.37990294845
self.train_number :[7100, 7100, 2993, 2988, 2993, 2987, 1990, 1985, 1988, 1992]
client_acc :0.78,0.76,0.73,0.77,0.75,0.60,0.79,0.70,0.70,0.64
cluster_acc :0.84,0.84,0.84,0.84,0.84,0.84,0.84,0.84,0.84,0.84
sum_round_time :209.70,209.70,559.52,559.52,559.52,559.52,880.91,880.91,880.91,880.91
sum_down ：15091.85,14915.69,25807.48,24943.72,25845.66,25074.92,42918.61,42940.26,42821.81,43001.06
sum_train ：477.09,474.25,202.11,200.78,201.06,201.46,133.18,133.62,134.69,134.56
sum_upload ：50547.32,50527.16,71951.35,71810.13,71957.65,71884.30,120197.87,120050.07,120381.54,120023.26
sum_merge ：178.58
7100
7100
7100
7100
7101
7101
7101
7101
7102
7102
7103
7103
7103
7104
7104
7104
7104
7105
7105
7105
7105
7105
7106
7106
7106
7107
7107
7107
7107
7107
7108
7108
7108
7108
7109
7109
7109
7110
7110
7111
7112
7112
7112
7112
7113
7113
7113
7114
7114
7114
7115
7115
7115
7115
7116
7116
7116
7116
7117
7117
7117
7117
7117
7118
7118
7118
7118
7118
7119
7119
7120
7120
7121
7121
7121
7122
7122
7122
7122
7123
7123
7123
7124
7124
7124
7124
7125
7125
7125
7125
7126
7126
7127
7127
7128
7128
7128
7128
7129
7129
7129
7129
7130
7130
7131
7131
7131
7131
7131
7132
7132
7132
7132
7133
7133
7133
7133
7133
7134
7134
7134
7134
7134
7135
7135
7136
7136
7136
7137
7137
7138
7138
7138
7139
7139
7139
7139
7139
7140
7140
7140
7140
7141
7141
7141
7142
7142
7142
7143
7143
7143
7143
7143
7144
7144
7144
7144
7145
7145
7145
7145
7146
7146
7147
7147
7147
7147
7147
7148
7148
7149
7149
7150
Round #7150 (Experiment = PIF_CIFAR10_[1.0, 0.3, 0.1]1.0__asyn__recover_con_fedasyn_niid__n__50_____ft_esc).
fed_avg Loss/acc (at round #7150) = 0.8408017531037331/0.8405   Loss/acc=0.8408017531037331/0.8405
the density is 1.00,1.00,1.00,1.00,1.00,1.00,1.00,1.00,1.00,1.00
Elapsed time = 175049.761405797
self.train_number :[7150, 7150, 3013, 3008, 3013, 3007, 2001, 1996, 2001, 2005]
client_acc :0.78,0.76,0.70,0.78,0.75,0.81,0.73,0.70,0.78,0.77
cluster_acc :0.84,0.84,0.84,0.84,0.84,0.84,0.84,0.84,0.84,0.84
sum_round_time :136.48,136.48,493.84,493.84,493.84,495.92,1045.51,1045.51,889.77,889.77
sum_down ：15189.12,15013.01,26017.16,25169.26,26104.09,25394.07,43148.71,43172.59,43094.28,43269.19
sum_train ：480.60,477.80,203.55,202.21,202.53,202.85,133.97,134.38,135.61,135.46
sum_upload ：50910.65,50888.43,72425.97,72293.17,72437.91,72365.21,120962.31,120798.86,121157.96,120781.45
sum_merge ：179.84
statu 11: client 0 EarlyStopping counter: 1 out of 20, best score is 0.8434, current score is 0.8405
statu 11: client 3 EarlyStopping counter: 3 out of 10, best score is 0.7679, current score is 0.7033
statu 11: client 5 EarlyStopping counter: 2 out of 10, best score is 0.7783, current score is 0.7471
statu 11: client 7 EarlyStopping counter: 1 out of 10, best score is 0.785, current score is 0.7299
7150
7151
7151
7151
7151
7152
7152
7152
7153
7153
7153
7153
7154
7154
7154
7154
7155
7155
7155
7155
7156
7156
7156
7156
7157
7157
7157
7158
7158
7158
7158
7159
7159
7159
7159
7159
7160
7160
7160
7160
7160
7161
7161
7162
7162
7162
7162
7163
7163
7163
7164
7164
7165
7165
7165
7165
7165
7166
7166
7166
7166
7166
7167
7167
7167
7167
7168
7168
7168
7169
7169
7169
7169
7170
7170
7170
7170
7171
7171
7172
7172
7173
7173
7173
7174
7174
7174
7174
7175
7175
7175
7175
7176
7176
7176
7176
7177
7177
7177
7177
7178
7178
7178
7178
7178
7179
7179
7179
7179
7180
7180
7180
7181
7181
7181
7181
7182
7182
7182
7183
7183
7183
7183
7184
7184
7185
7185
7185
7185
7185
7186
7186
7186
7186
7187
7187
7187
7187
7188
7188
7189
7189
7189
7189
7190
7190
7190
7191
7191
7192
7193
7193
7193
7194
7194
7194
7194
7195
7195
7196
7196
7196
7197
7197
7197
7198
7198
7198
7199
7199
7199
7199
7199
7200
Round #7200 (Experiment = PIF_CIFAR10_[1.0, 0.3, 0.1]1.0__asyn__recover_con_fedasyn_niid__n__50_____ft_esc).
fed_avg Loss/acc (at round #7200) = 0.8414203450083733/0.845   Loss/acc=0.8414203450083733/0.845
the density is 1.00,1.00,1.00,1.00,1.00,1.00,1.00,1.00,1.00,1.00
Elapsed time = 176301.83472594395
self.train_number :[7200, 7199, 3036, 3031, 3036, 3030, 2016, 2011, 2015, 2019]
client_acc :0.78,0.76,0.70,0.78,0.75,0.81,0.73,0.78,0.78,0.77
cluster_acc :0.84,0.84,0.84,0.84,0.84,0.84,0.84,0.84,0.84,0.84
sum_round_time :164.07,173.27,416.76,416.76,416.76,416.76,895.22,895.22,992.58,992.58
sum_down ：15286.92,15129.42,26214.82,25360.30,26300.36,25528.77,43498.02,43521.05,43418.45,43594.39
sum_train ：483.71,480.78,204.98,203.59,203.94,204.25,134.89,135.31,136.46,136.35
sum_upload ：51258.61,51229.93,72963.51,72832.86,72976.89,72898.65,121804.80,121647.05,121986.70,121628.42
sum_merge ：180.85
statu 11: client 8 EarlyStopping counter: 2 out of 10, best score is 0.7895, current score is 0.7801
7200
7200
7200
7201
7201
7202
7202
7202
7203
7203
7203
7203
7204
7204
7204
7204
7205
7205
7205
7205
7206
7206
7206
7206
7207
7207
7207
7207
7208
7208
7209
7209
7209
7209
7210
7210
7210
7211
7211
7211
7211
7212
7212
7212
7212
7213
7213
7214
7215
7215
7215
7216
7216
7216
7217
7217
7217
7218
7218
7218
7219
7219
7220
7220
7220
7221
7221
7221
7221
7221
7222
7222
7222
7222
7223
7223
7223
7224
7224
7224
7225
7225
7225
7225
7226
7226
7226
7226
7227
7227
7227
7227
7228
7228
7229
7229
7230
7230
7230
7230
7230
7230
7231
7231
7232
7232
7232
7232
7233
7233
7233
7233
7234
7234
7234
7234
7235
7235
7235
7235
7236
7236
7237
7237
7238
7239
7239
7239
7240
7240
7240
7241
7241
7241
7242
7242
7243
7243
7243
7243
7244
7244
7244
7244
7245
7245
7245
7245
7246
7246
7246
7246
7246
7247
7247
7247
7247
7248
7248
7248
7248
7249
7249
7249
7250
Round #7250 (Experiment = PIF_CIFAR10_[1.0, 0.3, 0.1]1.0__asyn__recover_con_fedasyn_niid__n__50_____ft_esc).
fed_avg Loss/acc (at round #7250) = 0.853734202682972/0.8407   Loss/acc=0.853734202682972/0.8407
the density is 1.00,1.00,1.00,1.00,1.00,1.00,1.00,1.00,1.00,1.00
Elapsed time = 177551.82633130075
self.train_number :[7250, 7248, 3055, 3050, 3055, 3049, 2030, 2025, 2029, 2033]
client_acc :0.78,0.76,0.70,0.78,0.75,0.81,0.73,0.78,0.78,0.77
cluster_acc :0.84,0.84,0.84,0.84,0.84,0.84,0.84,0.84,0.84,0.84
sum_round_time :313.13,313.13,565.44,565.44,564.42,564.42,885.11,885.11,885.11,885.11
sum_down ：15384.65,15241.86,26501.27,25521.74,26537.17,25737.26,43793.88,43822.72,43728.47,43890.55
sum_train ：487.15,484.19,206.30,204.98,205.30,205.62,135.78,136.29,137.39,137.36
sum_upload ：51611.78,51580.63,73443.62,73308.15,73467.11,73376.19,122653.21,122499.98,122848.02,122490.18
sum_merge ：182.11
statu 11: client 0 EarlyStopping counter: 1 out of 20, best score is 0.845, current score is 0.8407
7250
7250
7250
7250
7251
7251
7251
7251
7252
7252
7252
7252
7253
7253
7253
7254
7254
7254
7254
7254
7254
7255
7255
7255
7256
7256
7256
7256
7257
7257
7257
7257
7258
7258
7258
7259
7259
7259
7259
7259
7260
7260
7260
7260
7261
7261
7261
7261
7262
7262
7263
7263
7264
7264
7264
7264
7265
7265
7265
7265
7266
7266
7267
7267
7267
7268
7268
7268
7268
7268
7269
7269
7270
7270
7271
7271
7271
7271
7272
7272
7272
7272
7273
7273
7274
7274
7274
7274
7274
7275
7275
7275
7275
7276
7276
7276
7277
7277
7277
7277
7277
7278
7278
7279
7279
7280
7280
7280
7280
7280
7281
7281
7281
7282
7282
7282
7282
7282
7283
7283
7283
7283
7284
7284
7284
7284
7285
7285
7286
7286
7287
7287
7287
7287
7287
7287
7288
7288
7288
7288
7289
7289
7289
7289
7290
7290
7290
7290
7291
7291
7291
7292
7292
7292
7292
7293
7293
7294
7294
7295
7295
7295
7295
7296
7296
7296
7296
7297
7297
7297
7297
7298
7298
7298
7298
7299
7299
7299
7300
Round #7300 (Experiment = PIF_CIFAR10_[1.0, 0.3, 0.1]1.0__asyn__recover_con_fedasyn_niid__n__50_____ft_esc).
fed_avg Loss/acc (at round #7300) = 0.8226677626371384/0.8445   Loss/acc=0.8226677626371384/0.8445
the density is 1.00,1.00,1.00,1.00,1.00,1.00,1.00,1.00,1.00,1.00
Elapsed time = 178672.55217862598
self.train_number :[7300, 7299, 3079, 3073, 3079, 3072, 2042, 2036, 2040, 2045]
client_acc :0.81,0.81,0.70,0.78,0.75,0.81,0.73,0.78,0.78,0.77
cluster_acc :0.84,0.84,0.84,0.84,0.84,0.84,0.84,0.84,0.84,0.84
sum_round_time :260.98,250.90,460.91,460.91,460.91,460.91,876.83,885.78,886.84,876.83
sum_down ：15531.78,15341.66,26737.26,25742.86,26787.06,25953.22,44078.18,44119.51,44023.41,44172.73
sum_train ：490.73,487.83,207.92,206.66,206.92,207.43,136.65,137.11,138.22,138.20
sum_upload ：51970.07,51941.56,74002.95,73862.32,74039.65,73926.26,123405.99,123246.29,123597.98,123271.12
sum_merge ：183.39
statu 11: client 0 EarlyStopping counter: 2 out of 20, best score is 0.845, current score is 0.8445
statu 11: client 2 EarlyStopping counter: 4 out of 10, best score is 0.8066, current score is 0.8057
7300
7300
7300
7300
7301
7301
7301
7301
7302
7302
7303
7303
7303
7303
7303
7304
7304
7304
7304
7305
7305
7305
7305
7306
7306
7307
7307
7307
7307
7308
7308
7308
7308
7309
7309
7310
7310
7310
7310
7311
7311
7312
7312
7313
7313
7313
7313
7314
7314
7314
7314
7315
7315
7315
7315
7315
7316
7316
7316
7317
7317
7318
7318
7318
7318
7318
7319
7319
7319
7320
7320
7320
7321
7321
7322
7322
7322
7323
7323
7323
7324
7324
7325
7325
7325
7325
7325
7326
7326
7326
7326
7327
7327
7328
7328
7328
7328
7329
7329
7329
7329
7329
7330
7330
7331
7331
7331
7331
7332
7332
7332
7332
7333
7333
7333
7334
7334
7334
7334
7335
7335
7335
7335
7335
7336
7336
7337
7337
7337
7337
7338
7338
7338
7338
7339
7339
7339
7340
7340
7340
7340
7340
7341
7341
7341
7342
7342
7342
7342
7343
7343
7343
7343
7344
7344
7344
7344
7345
7345
7345
7346
7346
7346
7347
7347
7347
7347
7348
7348
7348
7348
7348
7349
7349
7349
7350
Round #7350 (Experiment = PIF_CIFAR10_[1.0, 0.3, 0.1]1.0__asyn__recover_con_fedasyn_niid__n__50_____ft_esc).
fed_avg Loss/acc (at round #7350) = 0.8576620742678642/0.8379   Loss/acc=0.8576620742678642/0.8379
the density is 1.00,1.00,1.00,1.00,1.00,1.00,1.00,1.00,1.00,1.00
Elapsed time = 179861.03206547955
self.train_number :[7350, 7349, 3100, 3094, 3100, 3093, 2056, 2050, 2054, 2059]
client_acc :0.81,0.81,0.70,0.78,0.75,0.81,0.73,0.78,0.78,0.77
cluster_acc :0.84,0.84,0.84,0.84,0.84,0.84,0.84,0.84,0.84,0.84
sum_round_time :332.40,333.41,673.03,672.01,672.01,673.03,869.34,869.34,869.34,869.34
sum_down ：15629.50,15438.87,26862.50,25869.48,26909.33,26080.79,44358.91,44398.76,44307.78,44450.88
sum_train ：493.71,490.78,209.19,207.93,208.18,208.71,137.50,137.96,139.07,139.06
sum_upload ：52324.46,52297.85,74510.56,74367.57,74547.43,74425.07,124235.84,124074.14,124425.13,124103.55
sum_merge ：184.30
statu 11: client 0 EarlyStopping counter: 3 out of 20, best score is 0.845, current score is 0.8379
7350
7350
7350
7350
7350
7350
7351
7351
7351
7352
7352
7353
7354
7354
7354
7354
7355
7355
7355
7355
7356
7356
7356
7357
7357
7357
7357
7357
7358
7358
7358
7359
7359
7359
7359
7360
7360
7360
7360
7360
7361
7361
7361
7361
7361
7362
7362
7362
7363
7363
7363
7364
7364
7364
7364
7365
7365
7366
7366
7366
7366
7367
7367
7368
7368
7368
7368
7369
7369
7369
7370
7370
7370
7370
7371
7371
7371
7371
7372
7372
7372
7372
7373
7373
7373
7373
7374
7374
7375
7375
7375
7375
7375
7376
7376
7377
7377
7378
7379
7379
7379
7379
7380
7380
7380
7381
7381
7382
7382
7382
7382
7382
7382
7383
7383
7383
7383
7384
7384
7384
7385
7385
7385
7386
7386
7386
7386
7387
7387
7387
7387
7388
7388
7388
7389
7389
7390
7390
7390
7390
7391
7391
7391
7391
7392
7392
7393
7393
7393
7393
7394
7394
7394
7394
7395
7395
7395
7396
7396
7397
7397
7397
7397
7398
7398
7398
7398
7399
7399
7399
7400
Round #7400 (Experiment = PIF_CIFAR10_[1.0, 0.3, 0.1]1.0__asyn__recover_con_fedasyn_niid__n__50_____ft_esc).
fed_avg Loss/acc (at round #7400) = 0.8183887004852295/0.8448   Loss/acc=0.8183887004852295/0.8448
the density is 1.00,1.00,1.00,1.00,1.00,1.00,1.00,1.00,1.00,1.00
Elapsed time = 181145.9426559186
self.train_number :[7400, 7399, 3122, 3116, 3122, 3115, 2070, 2064, 2069, 2074]
client_acc :0.81,0.81,0.70,0.78,0.75,0.81,0.73,0.78,0.78,0.77
cluster_acc :0.84,0.84,0.84,0.84,0.84,0.84,0.84,0.84,0.84,0.84
sum_round_time :248.79,248.79,495.64,495.64,495.64,495.64,960.60,960.60,876.51,876.51
sum_down ：15726.65,15535.78,26994.04,25999.67,27045.04,26209.52,44653.36,44692.10,44622.37,44765.90
sum_train ：497.25,494.30,210.70,209.47,209.66,210.23,138.42,138.86,140.02,140.09
sum_upload ：52679.13,52651.99,75020.57,74876.34,75049.20,74930.61,125135.83,124955.32,125313.09,125000.94
sum_merge ：185.62
statu 11: client 0 EarlyStopping counter: 4 out of 20, best score is 0.845, current score is 0.8448
7400
7400
7400
7401
7401
7401
7401
7402
7402
7402
7402
7403
7403
7403
7403
7404
7404
7405
7405
7405
7405
7405
7405
7406
7406
7406
7407
7407
7407
7407
7408
7408
7409
7409
7409
7410
7410
7411
7411
7411
7411
7412
7412
7412
7412
7413
7413
7414
7414
7414
7415
7415
7415
7415
7416
7416
7416
7417
7417
7417
7418
7418
7418
7418
7419
7419
7419
7419
7420
7420
7421
7422
7422
7422
7423
7423
7423
7423
7424
7424
7424
7424
7424
7425
7425
7425
7425
7426
7426
7426
7426
7426
7427
7427
7427
7427
7428
7428
7428
7428
7429
7429
7429
7429
7430
7430
7430
7430
7431
7431
7431
7431
7432
7432
7433
7433
7433
7434
7434
7435
7435
7435
7435
7436
7436
7436
7436
7437
7437
7437
7437
7438
7438
7438
7439
7439
7439
7440
7440
7440
7440
7441
7441
7441
7441
7441
7442
7442
7443
7443
7443
7443
7443
7443
7444
7444
7445
7445
7445
7445
7446
7446
7446
7446
7446
7447
7447
7447
7447
7447
7448
7448
7448
7449
7449
7449
7450
Round #7450 (Experiment = PIF_CIFAR10_[1.0, 0.3, 0.1]1.0__asyn__recover_con_fedasyn_niid__n__50_____ft_esc).
fed_avg Loss/acc (at round #7450) = 0.8162465170025826/0.8473   Loss/acc=0.8162465170025826/0.8473
the density is 1.00,1.00,1.00,1.00,1.00,1.00,1.00,1.00,1.00,1.00
Elapsed time = 182406.59964524847
self.train_number :[7450, 7449, 3144, 3138, 3144, 3137, 2083, 2077, 2083, 2088]
client_acc :0.81,0.81,0.70,0.78,0.75,0.81,0.73,0.78,0.78,0.77
cluster_acc :0.85,0.85,0.85,0.85,0.85,0.85,0.85,0.85,0.85,0.85
sum_round_time :337.22,337.22,595.48,595.48,595.48,595.48,924.90,924.90,829.27,829.27
sum_down ：15824.23,15633.62,27180.16,26181.54,27283.07,26402.67,44922.66,44966.10,44923.43,45063.43
sum_train ：500.75,497.80,212.21,210.96,211.14,211.69,139.31,139.82,141.08,141.11
sum_upload ：53036.62,53005.72,75549.62,75399.01,75573.94,75463.23,126021.58,125856.46,126202.91,125882.90
sum_merge ：187.00
7450
7450
7450
7450
7451
7451
7452
7452
7452
7452
7453
7453
7454
7454
7455
7455
7455
7455
7456
7456
7456
7456
7456
7457
7457
7457
7457
7458
7458
7458
7458
7459
7459
7459
7460
7460
7460
7461
7461
7462
7462
7462
7462
7462
7463
7463
7463
7464
7464
7465
7465
7465
7465
7466
7466
7466
7466
7466
7467
7467
7467
7468
7468
7468
7468
7469
7469
7469
7469
7470
7470
7470
7471
7471
7471
7471
7472
7472
7472
7472
7472
7473
7473
7473
7474
7474
7474
7475
7475
7475
7475
7475
7476
7476
7477
7477
7477
7477
7478
7478
7478
7478
7478
7479
7479
7479
7480
7480
7480
7480
7481
7481
7482
7482
7482
7482
7483
7483
7484
7484
7484
7484
7485
7485
7485
7485
7486
7486
7486
7486
7487
7487
7487
7488
7488
7488
7489
7489
7489
7490
7490
7490
7490
7491
7491
7492
7492
7493
7493
7493
7493
7494
7494
7494
7494
7495
7495
7495
7496
7496
7496
7497
7497
7497
7497
7498
7498
7499
7499
7499
7499
7500
Round #7500 (Experiment = PIF_CIFAR10_[1.0, 0.3, 0.1]1.0__asyn__recover_con_fedasyn_niid__n__50_____ft_esc).
fed_avg Loss/acc (at round #7500) = 0.8273825943470001/0.8467   Loss/acc=0.8273825943470001/0.8467
the density is 1.00,1.00,1.00,1.00,1.00,1.00,1.00,1.00,1.00,1.00
Elapsed time = 183620.84427572117
self.train_number :[7500, 7500, 3166, 3160, 3166, 3159, 2097, 2091, 2096, 2101]
client_acc :0.81,0.81,0.70,0.78,0.75,0.81,0.73,0.78,0.78,0.77
cluster_acc :0.85,0.85,0.85,0.85,0.85,0.85,0.85,0.85,0.85,0.85
sum_round_time :169.28,169.28,474.24,474.24,474.24,474.24,855.81,855.81,977.50,977.50
sum_down ：15971.84,15732.59,27348.98,26350.36,27409.84,26571.49,45251.21,45299.91,45233.21,45375.27
sum_train ：504.36,501.44,213.74,212.52,212.70,213.21,140.27,140.83,142.00,142.05
sum_upload ：53392.77,53369.60,76097.45,75952.93,76126.71,76018.24,126835.52,126683.70,127055.23,126707.75
sum_merge ：188.50
statu 11: client 0 EarlyStopping counter: 1 out of 20, best score is 0.8473, current score is 0.8467
7500
7500
7500
7500
7501
7501
7501
7501
7502
7502
7502
7503
7503
7503
7503
7504
7504
7505
7505
7505
7505
7506
7506
7506
7506
7506
7507
7507
7507
7508
7508
7508
7508
7509
7509
7509
7509
7509
7510
7510
7510
7510
7511
7511
7511
7512
7512
7512
7512
7512
7513
7513
7513
7513
7514
7514
7514
7514
7514
7515
7515
7516
7516
7516
7516
7517
7517
7517
7517
7518
7518
7519
7520
7520
7520
7521
7521
7521
7522
7522
7522
7522
7523
7523
7523
7523
7524
7524
7524
7525
7525
7525
7525
7525
7526
7526
7526
7526
7526
7527
7527
7527
7527
7528
7528
7528
7528
7529
7529
7529
7529
7530
7530
7530
7530
7530
7531
7531
7531
7532
7532
7533
7533
7534
7534
7534
7534
7535
7535
7535
7535
7535
7536
7536
7537
7537
7538
7538
7538
7539
7539
7539
7539
7539
7540
7540
7540
7541
7542
7542
7542
7542
7543
7543
7543
7543
7544
7544
7544
7544
7545
7545
7545
7545
7546
7546
7546
7546
7547
7547
7547
7547
7548
7548
7549
7549
7549
7549
7549
7550
Round #7550 (Experiment = PIF_CIFAR10_[1.0, 0.3, 0.1]1.0__asyn__recover_con_fedasyn_niid__n__50_____ft_esc).
fed_avg Loss/acc (at round #7550) = 0.827441930770874/0.8448   Loss/acc=0.827441930770874/0.8448
the density is 1.00,1.00,1.00,1.00,1.00,1.00,1.00,1.00,1.00,1.00
Elapsed time = 184952.49432121174
self.train_number :[7550, 7550, 3188, 3181, 3188, 3181, 2113, 2107, 2112, 2117]
client_acc :0.81,0.81,0.70,0.78,0.75,0.81,0.73,0.78,0.78,0.77
cluster_acc :0.84,0.84,0.84,0.84,0.84,0.84,0.84,0.84,0.84,0.84
sum_round_time :273.71,273.71,701.98,791.40,700.95,701.98,856.53,856.53,856.53,856.53
sum_down ：16068.91,15829.69,27531.00,26526.52,27637.45,26792.68,45581.20,45632.80,45562.24,45707.74
sum_train ：507.96,505.00,215.34,214.20,214.23,214.80,141.45,141.99,143.20,143.19
sum_upload ：53749.34,53722.94,76599.93,76432.54,76631.30,76523.39,127720.79,127568.49,127985.76,127612.27
sum_merge ：189.90
statu 11: client 0 EarlyStopping counter: 2 out of 20, best score is 0.8473, current score is 0.8448
7550
7550
7551
7551
7552
7552
7553
7553
7553
7554
7554
7554
7555
7555
7555
7556
7556
7556
7557
7557
7557
7558
7558
7559
7559
7559
7560
7560
7560
7560
7560
7561
7561
7561
7562
7562
7562
7562
7563
7563
7564
7564
7564
7564
7565
7565
7565
7566
7566
7566
7567
7567
7567
7567
7568
7568
7569
7570
7570
7570
7571
7571
7571
7571
7572
7572
7572
7573
7573
7573
7574
7574
7574
7574
7574
7575
7575
7575
7576
7577
7577
7577
7578
7578
7578
7579
7579
7579
7580
7580
7580
7581
7581
7581
7582
7582
7582
7582
7583
7583
7584
7584
7584
7584
7585
7585
7585
7585
7586
7586
7586
7587
7587
7587
7587
7588
7588
7588
7589
7589
7589
7589
7589
7590
7590
7590
7590
7591
7591
7591
7592
7592
7592
7592
7592
7593
7593
7593
7593
7594
7594
7594
7594
7595
7595
7595
7595
7596
7596
7596
7596
7597
7597
7597
7597
7598
7598
7598
7599
7599
7599
7600
Round #7600 (Experiment = PIF_CIFAR10_[1.0, 0.3, 0.1]1.0__asyn__recover_con_fedasyn_niid__n__50_____ft_esc).
fed_avg Loss/acc (at round #7600) = 0.8292286545038223/0.8436   Loss/acc=0.8292286545038223/0.8436
the density is 1.00,1.00,1.00,1.00,1.00,1.00,1.00,1.00,1.00,1.00
Elapsed time = 186148.6057736971
self.train_number :[7600, 7599, 3210, 3203, 3209, 3202, 2126, 2120, 2125, 2130]
client_acc :0.81,0.81,0.70,0.78,0.75,0.81,0.73,0.78,0.78,0.77
cluster_acc :0.84,0.84,0.84,0.84,0.84,0.84,0.84,0.84,0.84,0.84
sum_round_time :347.46,347.46,518.49,518.49,524.66,524.66,841.70,841.70,841.70,841.70
sum_down ：16166.33,15925.28,27842.93,26836.26,27866.22,26979.29,45869.05,45922.99,45848.61,45998.87
sum_train ：511.21,508.20,216.78,215.64,215.65,216.34,142.34,142.85,144.02,144.08
sum_upload ：54109.17,54070.39,77123.88,76954.63,77134.20,77030.73,128562.04,128429.45,128831.68,128442.82
sum_merge ：191.14
statu 11: client 0 EarlyStopping counter: 3 out of 20, best score is 0.8473, current score is 0.8436
7600
7600
7600
7601
7601
7602
7602
7602
7602
7603
7603
7604
7604
7604
7604
7605
7605
7605
7605
7606
7606
7606
7606
7606
7607
7607
7607
7607
7608
7608
7609
7609
7609
7610
7610
7610
7611
7611
7612
7612
7612
7613
7613
7613
7614
7614
7614
7614
7614
7615
7615
7615
7616
7616
7616
7617
7617
7617
7617
7618
7618
7618
7619
7619
7619
7619
7620
7620
7620
7620
7621
7621
7622
7622
7622
7622
7622
7623
7623
7623
7623
7624
7624
7624
7625
7625
7626
7626
7626
7626
7626
7626
7626
7627
7627
7627
7627
7628
7628
7628
7628
7629
7629
7629
7629
7630
7630
7630
7630
7630
7631
7631
7631
7632
7632
7632
7632
7633
7633
7634
7634
7635
7635
7635
7635
7636
7636
7637
7637
7638
7638
7638
7638
7638
7639
7639
7640
7640
7641
7641
7641
7641
7641
7642
7642
7642
7642
7642
7642
7643
7643
7644
7644
7644
7644
7645
7645
7645
7646
7646
7646
7647
7647
7647
7647
7647
7648
7648
7649
7649
7649
7649
7650
Round #7650 (Experiment = PIF_CIFAR10_[1.0, 0.3, 0.1]1.0__asyn__recover_con_fedasyn_niid__n__50_____ft_esc).
fed_avg Loss/acc (at round #7650) = 0.829782597720623/0.8464   Loss/acc=0.829782597720623/0.8464
the density is 1.00,1.00,1.00,1.00,1.00,1.00,1.00,1.00,1.00,1.00
Elapsed time = 187140.1705635401
self.train_number :[7650, 7649, 3229, 3222, 3228, 3221, 2138, 2132, 2137, 2142]
client_acc :0.81,0.81,0.70,0.78,0.75,0.81,0.73,0.78,0.78,0.77
cluster_acc :0.85,0.85,0.85,0.85,0.85,0.85,0.85,0.85,0.85,0.85
sum_round_time :168.57,168.57,429.85,429.85,430.87,430.87,859.56,859.56,859.56,859.56
sum_down ：16264.20,16023.44,28038.44,27032.78,28001.63,27095.62,46107.71,46161.48,46085.80,46242.61
sum_train ：514.71,511.64,218.14,217.00,217.03,217.67,143.23,143.72,144.86,144.97
sum_upload ：54464.06,54427.04,77601.32,77438.78,77616.36,77509.08,129278.90,129145.21,129537.09,129151.14
sum_merge ：192.35
statu 11: client 0 EarlyStopping counter: 4 out of 20, best score is 0.8473, current score is 0.8464
7650
7650
7650
7650
7651
7651
7651
7651
7652
7652
7652
7653
7653
7653
7653
7653
7654
7654
7654
7654
7655
7655
7656
7656
7656
7656
7656
7657
7657
7657
7658
7658
7659
7659
7659
7659
7659
7660
7660
7660
7661
7661
7661
7661
7662
7662
7662
7662
7662
7662
7663
7663
7664
7665
7665
7665
7666
7666
7666
7667
7667
7668
7668
7668
7668
7668
7669
7669
7669
7670
7670
7670
7670
7671
7671
7671
7671
7671
7672
7672
7672
7673
7673
7673
7674
7674
7674
7674
7675
7675
7675
7675
7676
7676
7676
7677
7677
7678
7678
7678
7678
7679
7679
7679
7679
7680
7680
7680
7680
7681
7681
7682
7682
7682
7682
7683
7683
7683
7683
7684
7684
7685
7685
7685
7686
7686
7686
7687
7687
7687
7687
7688
7688
7688
7689
7689
7689
7690
7690
7690
7690
7691
7691
7691
7691
7692
7692
7693
7693
7693
7694
7694
7694
7694
7694
7695
7695
7695
7695
7695
7696
7696
7697
7697
7697
7697
7698
7698
7699
7699
7699
7699
7700
Round #7700 (Experiment = PIF_CIFAR10_[1.0, 0.3, 0.1]1.0__asyn__recover_con_fedasyn_niid__n__50_____ft_esc).
fed_avg Loss/acc (at round #7700) = 0.8499855324625969/0.8452   Loss/acc=0.8499855324625969/0.8452
the density is 1.00,1.00,1.00,1.00,1.00,1.00,1.00,1.00,1.00,1.00
Elapsed time = 188347.27043806604
self.train_number :[7700, 7699, 3251, 3244, 3250, 3243, 2152, 2146, 2151, 2156]
client_acc :0.81,0.81,0.72,0.78,0.75,0.81,0.73,0.78,0.78,0.77
cluster_acc :0.85,0.85,0.85,0.85,0.85,0.85,0.85,0.85,0.85,0.85
sum_round_time :247.59,247.59,519.89,519.89,519.89,520.91,875.96,875.96,875.96,875.96
sum_down ：16361.73,16121.19,28221.83,27216.54,28129.90,27278.94,46412.56,46459.31,46381.08,46542.94
sum_train ：518.24,515.10,219.65,218.56,218.63,219.19,144.26,144.66,145.84,146.04
sum_upload ：54819.10,54782.79,78104.54,77946.90,78129.02,78009.83,130088.72,129994.22,130387.38,129986.69
sum_merge ：193.67
statu 11: client 0 EarlyStopping counter: 5 out of 20, best score is 0.8473, current score is 0.8452
statu 11: client 3 EarlyStopping counter: 4 out of 10, best score is 0.7679, current score is 0.7178
7700
7700
7700
7700
7701
7701
7702
7702
7702
7702
7702
7703
7703
7704
7704
7705
7705
7705
7706
7706
7706
7707
7707
7707
7707
7707
7708
7708
7708
7708
7709
7709
7710
7710
7710
7710
7711
7711
7711
7711
7712
7712
7713
7713
7713
7713
7713
7714
7714
7714
7715
7715
7715
7715
7716
7716
7716
7716
7717
7717
7718
7718
7718
7718
7719
7719
7719
7720
7720
7721
7721
7721
7721
7721
7721
7722
7722
7723
7723
7724
7724
7725
7725
7725
7725
7726
7726
7726
7726
7727
7727
7727
7728
7728
7728
7729
7729
7729
7729
7730
7730
7730
7730
7731
7731
7732
7732
7732
7732
7732
7733
7733
7733
7734
7734
7734
7735
7735
7735
7736
7736
7736
7736
7736
7736
7737
7737
7737
7737
7738
7738
7738
7738
7738
7739
7739
7739
7740
7740
7741
7741
7741
7741
7742
7742
7742
7743
7743
7743
7743
7744
7744
7744
7744
7745
7745
7746
7746
7746
7746
7746
7746
7747
7747
7748
7748
7749
7749
7750
Round #7750 (Experiment = PIF_CIFAR10_[1.0, 0.3, 0.1]1.0__asyn__recover_con_fedasyn_niid__n__50_____ft_esc).
fed_avg Loss/acc (at round #7750) = 0.8252884075045586/0.8423   Loss/acc=0.8252884075045586/0.8423
the density is 1.00,1.00,1.00,1.00,1.00,1.00,1.00,1.00,1.00,1.00
Elapsed time = 189487.02163431235
self.train_number :[7750, 7749, 3269, 3262, 3269, 3262, 2165, 2159, 2164, 2169]
client_acc :0.81,0.81,0.72,0.73,0.74,0.80,0.73,0.78,0.78,0.77
cluster_acc :0.84,0.84,0.84,0.84,0.84,0.84,0.84,0.84,0.84,0.84
sum_round_time :209.47,209.47,647.19,647.19,643.03,643.03,933.73,933.73,933.73,933.73
sum_down ：16458.96,16218.47,28349.79,27343.07,28270.42,27407.35,46723.55,46770.03,46643.26,46811.32
sum_train ：521.90,518.56,220.89,219.80,220.04,220.45,145.14,145.58,146.80,146.90
sum_upload ：55175.91,55138.56,78561.22,78399.82,78585.67,78468.24,130875.89,130760.02,131232.43,130812.39
sum_merge ：195.02
statu 11: client 0 EarlyStopping counter: 6 out of 20, best score is 0.8473, current score is 0.8423
statu 11: client 4 EarlyStopping counter: 1 out of 10, best score is 0.7775, current score is 0.7337
statu 11: client 5 EarlyStopping counter: 3 out of 10, best score is 0.7783, current score is 0.7408
statu 11: client 6 EarlyStopping counter: 1 out of 10, best score is 0.8103, current score is 0.8027
7750
7750
7750
7751
7751
7751
7751
7752
7752
7752
7752
7752
7753
7753
7753
7754
7754
7754
7755
7755
7755
7756
7756
7756
7756
7756
7757
7757
7757
7757
7758
7758
7758
7758
7759
7759
7759
7760
7760
7760
7760
7761
7761
7761
7761
7762
7762
7762
7762
7762
7763
7763
7763
7763
7763
7764
7764
7764
7764
7765
7765
7765
7766
7766
7766
7766
7766
7767
7767
7767
7767
7768
7768
7768
7769
7769
7769
7769
7769
7770
7770
7770
7770
7771
7771
7771
7771
7772
7772
7772
7773
7773
7773
7773
7774
7774
7775
7775
7775
7776
7776
7776
7777
7777
7777
7777
7777
7778
7778
7779
7779
7779
7780
7780
7780
7781
7781
7781
7781
7782
7782
7782
7782
7783
7783
7783
7784
7784
7785
7785
7785
7785
7785
7786
7786
7786
7786
7787
7787
7787
7787
7788
7788
7788
7788
7788
7788
7789
7789
7789
7789
7790
7790
7790
7790
7791
7791
7792
7792
7792
7793
7793
7793
7794
7794
7794
7795
7796
7796
7796
7797
7797
7797
7797
7798
7798
7798
7798
7799
7799
7799
7799
7800
Round #7800 (Experiment = PIF_CIFAR10_[1.0, 0.3, 0.1]1.0__asyn__recover_con_fedasyn_niid__n__50_____ft_esc).
fed_avg Loss/acc (at round #7800) = 0.8153240084648132/0.8484   Loss/acc=0.8153240084648132/0.8484
the density is 1.00,1.00,1.00,1.00,1.00,1.00,1.00,1.00,1.00,1.00
Elapsed time = 190684.4991731481
self.train_number :[7800, 7799, 3290, 3283, 3289, 3282, 2180, 2174, 2179, 2184]
client_acc :0.79,0.83,0.72,0.73,0.74,0.80,0.73,0.78,0.78,0.77
cluster_acc :0.85,0.85,0.85,0.85,0.85,0.85,0.85,0.85,0.85,0.85
sum_round_time :183.21,183.21,581.34,581.34,581.34,581.34,828.34,828.34,828.34,828.34
sum_down ：16556.75,16316.55,28544.89,27528.98,28443.84,27638.95,47025.21,47069.62,46942.96,47112.80
sum_train ：525.34,521.93,222.40,221.37,221.46,221.82,146.13,146.65,147.80,147.90
sum_upload ：55534.08,55495.35,79042.34,78874.15,79059.24,78953.43,131712.81,131582.61,132079.42,131654.01
sum_merge ：196.41
statu 11: client 1 EarlyStopping counter: 1 out of 10, best score is 0.8114, current score is 0.7914
7800
7800
7801
7801
7801
7801
7802
7802
7802
7803
7803
7804
7804
7804
7804
7805
7805
7805
7806
7806
7807
7807
7807
7807
7808
7808
7808
7808
7809
7809
7810
7810
7810
7810
7811
7811
7811
7812
7812
7812
7812
7813
7813
7813
7813
7814
7814
7815
7815
7815
7816
7816
7816
7816
7816
7817
7817
7817
7817
7818
7818
7819
7819
7819
7819
7820
7820
7820
7821
7821
7822
7822
7822
7822
7822
7823
7823
7823
7823
7824
7824
7824
7824
7825
7825
7825
7825
7826
7826
7827
7827
7827
7827
7827
7828
7828
7828
7828
7829
7829
7830
7830
7830
7831
7831
7831
7832
7832
7833
7833
7833
7833
7833
7834
7834
7835
7835
7836
7837
7837
7837
7837
7837
7838
7838
7838
7838
7839
7839
7840
7840
7840
7841
7841
7841
7841
7842
7842
7843
7843
7843
7843
7844
7844
7844
7844
7844
7845
7845
7846
7846
7846
7847
7847
7847
7847
7847
7848
7848
7849
7849
7850
Round #7850 (Experiment = PIF_CIFAR10_[1.0, 0.3, 0.1]1.0__asyn__recover_con_fedasyn_niid__n__50_____ft_esc).
fed_avg Loss/acc (at round #7850) = 0.8372035250067711/0.8435   Loss/acc=0.8372035250067711/0.8435
the density is 1.00,1.00,1.00,1.00,1.00,1.00,1.00,1.00,1.00,1.00
Elapsed time = 191999.78966553338
self.train_number :[7850, 7849, 3309, 3302, 3308, 3301, 2194, 2189, 2193, 2199]
client_acc :0.79,0.83,0.72,0.73,0.74,0.80,0.73,0.78,0.78,0.77
cluster_acc :0.84,0.84,0.84,0.84,0.84,0.84,0.84,0.84,0.84,0.84
sum_round_time :300.41,300.41,647.22,647.22,647.22,647.22,874.05,874.05,874.05,874.05
sum_down ：16653.75,16413.80,28655.91,27641.84,28551.60,27748.70,47332.14,47398.60,47248.39,47444.79
sum_train ：528.88,525.31,223.69,222.68,222.80,223.16,147.11,147.67,148.68,148.90
sum_upload ：55887.88,55852.26,79526.77,79352.93,79547.77,79438.20,132619.52,132463.34,132947.99,132535.91
sum_merge ：197.63
statu 11: client 0 EarlyStopping counter: 1 out of 20, best score is 0.8484, current score is 0.8435
7850
7850
7850
7850
7851
7851
7851
7851
7852
7852
7852
7852
7852
7853
7853
7853
7853
7854
7854
7854
7855
7855
7856
7856
7856
7856
7856
7856
7857
7857
7857
7857
7857
7857
7858
7858
7858
7859
7859
7859
7859
7860
7860
7860
7861
7861
7861
7861
7862
7862
7862
7863
7863
7864
7864
7864
7864
7865
7865
7865
7865
7865
7866
7866
7866
7866
7866
7867
7867
7867
7867
7868
7868
7868
7869
7869
7870
7871
7871
7871
7871
7872
7872
7872
7872
7873
7873
7874
7874
7875
7875
7875
7876
7876
7876
7876
7877
7877
7877
7877
7877
7878
7878
7879
7879
7879
7879
7880
7880
7880
7881
7881
7881
7881
7881
7882
7882
7882
7882
7883
7883
7883
7883
7884
7884
7884
7884
7885
7885
7885
7885
7886
7886
7886
7886
7887
7887
7887
7887
7887
7887
7888
7888
7888
7888
7889
7889
7890
7890
7890
7890
7891
7891
7891
7892
7892
7893
7893
7893
7893
7893
7894
7894
7894
7894
7895
7895
7895
7895
7895
7896
7896
7896
7896
7896
7897
7897
7898
7898
7898
7898
7898
7899
7899
7900
Round #7900 (Experiment = PIF_CIFAR10_[1.0, 0.3, 0.1]1.0__asyn__recover_con_fedasyn_niid__n__50_____ft_esc).
fed_avg Loss/acc (at round #7900) = 0.8626532927155495/0.8436   Loss/acc=0.8626532927155495/0.8436
the density is 1.00,1.00,1.00,1.00,1.00,1.00,1.00,1.00,1.00,1.00
Elapsed time = 193306.1552897459
self.train_number :[7900, 7898, 3334, 3327, 3333, 3326, 2209, 2203, 2208, 2213]
client_acc :0.79,0.83,0.72,0.73,0.74,0.80,0.73,0.78,0.78,0.77
cluster_acc :0.84,0.84,0.84,0.84,0.84,0.84,0.84,0.84,0.84,0.84
sum_round_time :296.84,296.84,535.18,535.18,535.18,536.19,901.07,983.50,901.07,983.50
sum_down ：16751.35,16567.51,28801.43,27848.75,28748.19,27949.97,47667.35,47711.58,47583.41,47760.56
sum_train ：531.99,528.50,225.29,224.29,224.32,224.81,148.07,148.56,149.72,149.76
sum_upload ：56243.08,56197.47,80103.47,79912.75,80122.00,80006.45,133534.34,133333.50,133864.26,133410.72
sum_merge ：198.82
statu 11: client 0 EarlyStopping counter: 2 out of 20, best score is 0.8484, current score is 0.8436
7900
7900
7900
7901
7901
7902
7902
7902
7902
7903
7903
7903
7903
7904
7904
7904
7905
7905
7905
7906
7906
7906
7906
7907
7907
7908
7908
7908
7908
7908
7909
7909
7909
7910
7910
7911
7911
7911
7911
7911
7911
7912
7912
7912
7912
7913
7913
7913
7914
7914
7915
7915
7915
7915
7916
7916
7916
7916
7917
7917
7917
7917
7917
7918
7918
7918
7918
7919
7919
7919
7919
7920
7920
7920
7920
7920
7921
7921
7921
7922
7922
7923
7923
7924
7924
7924
7924
7925
7925
7925
7925
7926
7926
7926
7927
7927
7927
7927
7928
7928
7928
7929
7929
7929
7930
7930
7930
7930
7931
7931
7931
7932
7932
7932
7933
7933
7933
7933
7933
7934
7934
7935
7935
7935
7935
7936
7936
7936
7936
7937
7937
7937
7937
7937
7938
7938
7938
7938
7938
7939
7939
7940
7940
7940
7940
7941
7941
7941
7941
7942
7942
7942
7943
7943
7943
7944
7944
7944
7945
7945
7945
7946
7946
7946
7946
7947
7947
7947
7947
7948
7948
7949
7949
7950
Round #7950 (Experiment = PIF_CIFAR10_[1.0, 0.3, 0.1]1.0__asyn__recover_con_fedasyn_niid__n__50_____ft_esc).
fed_avg Loss/acc (at round #7950) = 0.8278998956084251/0.8482   Loss/acc=0.8278998956084251/0.8482
the density is 1.00,1.00,1.00,1.00,1.00,1.00,1.00,1.00,1.00,1.00
Elapsed time = 194619.09021758306
self.train_number :[7951, 7950, 3355, 3348, 3354, 3346, 2224, 2218, 2222, 2227]
client_acc :0.79,0.83,0.72,0.73,0.74,0.80,0.73,0.78,0.78,0.77
cluster_acc :0.85,0.85,0.85,0.85,0.85,0.85,0.85,0.85,0.85,0.85
sum_round_time :215.59,206.58,706.18,706.18,705.16,706.18,880.68,880.68,955.99,955.99
sum_down ：16901.33,16668.89,29082.40,28110.12,28977.70,28090.32,47998.17,48045.79,47894.80,48073.67
sum_train ：535.37,531.89,226.69,225.66,225.69,226.09,149.07,149.58,150.74,150.75
sum_upload ：56608.01,56566.62,80593.98,80408.59,80627.51,80509.17,134466.42,134277.73,134790.24,134357.32
sum_merge ：200.12
statu 11: client 0 EarlyStopping counter: 3 out of 20, best score is 0.8484, current score is 0.8482
7951
7951
7951
7952
7952
7952
7953
7953
7953
7953
7954
7954
7954
7954
7955
7955
7955
7956
7956
7956
7957
7957
7958
7958
7958
7958
7959
7959
7959
7959
7960
7960
7961
7961
7961
7961
7961
7962
7962
7963
7963
7964
7964
7965
7965
7965
7965
7966
7966
7966
7966
7967
7967
7967
7968
7969
7969
7969
7969
7970
7970
7970
7970
7971
7971
7971
7971
7972
7972
7972
7972
7973
7973
7973
7973
7974
7974
7974
7974
7975
7975
7975
7976
7976
7976
7976
7976
7977
7977
7977
7977
7978
7978
7978
7978
7979
7979
7979
7980
7980
7980
7980
7980
7981
7981
7981
7981
7982
7982
7982
7982
7983
7983
7983
7983
7983
7984
7984
7985
7985
7985
7985
7986
7986
7986
7987
7987
7987
7988
7988
7988
7989
7989
7989
7990
7990
7990
7990
7991
7991
7991
7992
7992
7992
7992
7993
7993
7993
7993
7994
7994
7994
7995
7995
7995
7996
7996
7996
7996
7997
7997
7997
7997
7998
7998
7998
7998
7999
7999
8000
Round #8000 (Experiment = PIF_CIFAR10_[1.0, 0.3, 0.1]1.0__asyn__recover_con_fedasyn_niid__n__50_____ft_esc).
fed_avg Loss/acc (at round #8000) = 0.8196918591856956/0.8469   Loss/acc=0.8196918591856956/0.8469
the density is 1.00,1.00,1.00,1.00,1.00,1.00,1.00,1.00,1.00,1.00
Elapsed time = 195888.15331366064
self.train_number :[8001, 8000, 3376, 3367, 3374, 3368, 2239, 2233, 2237, 2242]
client_acc :0.82,0.83,0.72,0.73,0.74,0.80,0.73,0.78,0.78,0.77
cluster_acc :0.85,0.85,0.85,0.85,0.85,0.85,0.85,0.85,0.85,0.85
sum_round_time :255.89,255.89,579.99,581.02,579.99,579.99,852.49,852.49,852.49,852.49
sum_down ：16999.11,16766.33,29265.79,28222.88,29146.96,28279.16,48299.64,48352.30,48199.17,48376.00
sum_train ：538.78,535.26,228.25,226.92,227.01,227.62,150.05,150.58,151.74,151.85
sum_upload ：56962.36,56922.25,81095.38,80885.16,81111.74,81015.75,135345.18,135191.87,135673.96,135255.63
sum_merge ：201.51
statu 11: client 0 EarlyStopping counter: 4 out of 20, best score is 0.8484, current score is 0.8469
8001
8001
8001
8002
8002
8002
8002
8003
8003
8003
8003
8004
8004
8004
8005
8005
8005
8006
8006
8006
8006
8006
8007
8007
8008
8008
8009
8009
8010
8010
8010
8011
8011
8011
8012
8012
8012
8012
8013
8013
8013
8014
8014
8014
8014
8014
8015
8015
8016
8016
8016
8017
8017
8017
8017
8017
8018
8018
8018
8018
8019
8019
8019
8019
8020
8020
8021
8021
8021
8022
8022
8022
8022
8023
8023
8024
8024
8025
8025
8025
8026
8026
8026
8026
8026
8027
8027
8027
8028
8028
8028
8028
8029
8029
8029
8029
8030
8030
8030
8031
8031
8031
8032
8032
8032
8032
8032
8032
8033
8033
8033
8033
8033
8034
8034
8034
8034
8035
8035
8036
8036
8036
8036
8036
8037
8037
8037
8037
8038
8038
8038
8038
8039
8039
8040
8040
8040
8040
8041
8041
8042
8042
8042
8042
8042
8043
8043
8043
8044
8044
8044
8044
8045
8045
8045
8045
8046
8046
8047
8047
8047
8048
8048
8048
8048
8049
8049
8049
8050
Round #8050 (Experiment = PIF_CIFAR10_[1.0, 0.3, 0.1]1.0__asyn__recover_con_fedasyn_niid__n__50_____ft_esc).
fed_avg Loss/acc (at round #8050) = 0.8483311086893082/0.8435   Loss/acc=0.8483311086893082/0.8435
the density is 1.00,1.00,1.00,1.00,1.00,1.00,1.00,1.00,1.00,1.00
Elapsed time = 197019.06584549358
self.train_number :[8050, 8049, 3395, 3387, 3393, 3387, 2253, 2247, 2251, 2256]
client_acc :0.82,0.82,0.72,0.73,0.74,0.80,0.79,0.78,0.69,0.74
cluster_acc :0.84,0.84,0.84,0.84,0.84,0.84,0.84,0.84,0.84,0.84
sum_round_time :256.49,256.49,593.69,592.67,593.69,593.69,849.71,849.71,849.71,849.71
sum_down ：17095.22,16862.40,29444.07,28456.76,29316.11,28463.27,48592.40,48639.82,48490.92,48669.12
sum_train ：542.07,538.57,229.56,228.39,228.37,228.93,151.02,151.53,152.67,152.81
sum_upload ：57310.26,57272.55,81578.18,81357.74,81593.09,81500.48,136126.39,135943.77,136422.38,136027.92
sum_merge ：202.77
statu 11: client 0 EarlyStopping counter: 5 out of 20, best score is 0.8484, current score is 0.8435
statu 11: client 2 EarlyStopping counter: 1 out of 10, best score is 0.8273, current score is 0.8173
statu 11: client 9 EarlyStopping counter: 1 out of 10, best score is 0.7788, current score is 0.6907
statu 11: client 10 EarlyStopping counter: 1 out of 10, best score is 0.7665, current score is 0.7407
8050
8050
8050
8050
8050
8051
8051
8051
8051
8052
8052
8052
8052
8053
8053
8053
8054
8054
8054
8055
8055
8055
8056
8056
8056
8056
8057
8057
8057
8057
8058
8058
8058
8059
8059
8060
8060
8060
8060
8060
8060
8061
8061
8061
8061
8062
8062
8062
8063
8063
8064
8064
8064
8064
8064
8065
8065
8065
8066
8066
8066
8067
8067
8067
8067
8068
8068
8068
8068
8069
8069
8069
8069
8070
8070
8070
8070
8071
8071
8071
8071
8071
8072
8072
8072
8073
8073
8073
8073
8074
8074
8074
8074
8075
8075
8075
8075
8076
8076
8077
8077
8078
8078
8078
8078
8079
8079
8079
8079
8080
8080
8080
8081
8081
8081
8081
8082
8082
8082
8083
8083
8083
8083
8083
8084
8084
8084
8084
8085
8085
8085
8086
8086
8087
8087
8087
8088
8088
8088
8088
8089
8089
8090
8090
8090
8091
8091
8092
8092
8093
8093
8093
8094
8094
8094
8094
8095
8095
8095
8095
8096
8096
8096
8097
8097
8097
8098
8098
8098
8098
8099
8099
8100
Round #8100 (Experiment = PIF_CIFAR10_[1.0, 0.3, 0.1]1.0__asyn__recover_con_fedasyn_niid__n__50_____ft_esc).
fed_avg Loss/acc (at round #8100) = 0.8369807675480843/0.8477   Loss/acc=0.8369807675480843/0.8477
the density is 1.00,1.00,1.00,1.00,1.00,1.00,1.00,1.00,1.00,1.00
Elapsed time = 198295.09988111426
self.train_number :[8100, 8099, 3418, 3410, 3416, 3410, 2267, 2261, 2265, 2270]
client_acc :0.82,0.82,0.72,0.73,0.74,0.80,0.79,0.63,0.69,0.74
cluster_acc :0.85,0.85,0.85,0.85,0.85,0.85,0.85,0.85,0.85,0.85
sum_round_time :162.93,162.93,547.55,547.55,547.55,547.55,862.32,862.32,862.32,862.32
sum_down ：17192.62,16960.09,29644.55,28664.99,29564.79,28652.22,48922.93,48968.51,48817.54,48994.97
sum_train ：545.47,541.88,231.13,230.05,229.97,230.48,151.93,152.41,153.60,153.74
sum_upload ：57663.66,57628.07,82138.12,81913.83,82151.43,82046.09,137032.24,136840.91,137315.02,136920.29
sum_merge ：203.93
statu 11: client 0 EarlyStopping counter: 6 out of 20, best score is 0.8484, current score is 0.8477
statu 11: client 8 EarlyStopping counter: 3 out of 10, best score is 0.7895, current score is 0.6299
8100
8100
8100
8100
8101
8101
8101
8101
8102
8102
8102
8102
8103
8103
8103
8103
8104
8104
8104
8104
8105
8105
8105
8105
8106
8106
8106
8106
8107
8107
8107
8108
8108
8108
8108
8109
8109
8109
8110
8110
8110
8110
8111
8111
8111
8111
8112
8112
8112
8113
8113
8113
8113
8114
8114
8114
8114
8114
8115
8115
8115
8115
8115
8116
8116
8116
8116
8117
8117
8117
8117
8118
8118
8119
8119
8120
8120
8120
8121
8121
8121
8122
8122
8122
8123
8123
8123
8123
8124
8124
8124
8124
8125
8125
8126
8126
8126
8126
8127
8127
8127
8127
8128
8128
8129
8129
8129
8129
8130
8130
8130
8131
8131
8132
8132
8133
8133
8133
8134
8134
8134
8134
8135
8135
8135
8135
8136
8136
8136
8137
8137
8137
8138
8138
8138
8138
8139
8139
8139
8139
8140
8140
8140
8141
8141
8141
8142
8142
8142
8142
8142
8143
8143
8143
8143
8143
8144
8144
8144
8144
8144
8145
8145
8145
8146
8146
8146
8146
8146
8147
8147
8147
8147
8148
8148
8148
8148
8149
8149
8149
8149
8150
Round #8150 (Experiment = PIF_CIFAR10_[1.0, 0.3, 0.1]1.0__asyn__recover_con_fedasyn_niid__n__50_____ft_esc).
fed_avg Loss/acc (at round #8150) = 0.8245545029640198/0.8481   Loss/acc=0.8245545029640198/0.8481
the density is 1.00,1.00,1.00,1.00,1.00,1.00,1.00,1.00,1.00,1.00
Elapsed time = 199650.22009610242
self.train_number :[8150, 8149, 3440, 3432, 3438, 3432, 2283, 2277, 2281, 2286]
client_acc :0.82,0.82,0.72,0.73,0.74,0.80,0.79,0.63,0.69,0.74
cluster_acc :0.85,0.85,0.85,0.85,0.85,0.85,0.85,0.85,0.85,0.85
sum_round_time :247.86,247.86,500.18,500.18,500.18,500.18,821.24,821.24,821.24,821.24
sum_down ：17290.30,17057.47,29772.92,28863.04,29808.56,28908.03,49246.46,49291.12,49141.48,49316.83
sum_train ：548.90,545.40,232.63,231.63,231.63,232.00,153.08,153.54,154.73,154.97
sum_upload ：58021.10,57984.59,82643.95,82405.91,82651.28,82537.83,137999.90,137786.64,138275.48,137878.00
sum_merge ：205.14
statu 11: client 0 EarlyStopping counter: 7 out of 20, best score is 0.8484, current score is 0.8481
8150
8150
8150
8151
8151
8151
8152
8152
8152
8152
8152
8153
8153
8153
8154
8154
8154
8154
8155
8156
8156
8156
8157
8157
8157
8157
8157
8158
8158
8158
8158
8159
8159
8159
8160
8160
8160
8160
8161
8161
8161
8161
8162
8162
8162
8163
8163
8163
8163
8163
8164
8164
8165
8165
8165
8166
8166
8167
8167
8167
8167
8168
8168
8168
8168
8168
8169
8169
8170
8170
8170
8170
8171
8171
8172
8172
8173
8173
8174
8174
8174
8175
8175
8175
8175
8176
8176
8177
8177
8178
8178
8178
8178
8179
8179
8179
8179
8180
8180
8180
8180
8181
8181
8181
8181
8182
8182
8182
8182
8182
8183
8183
8183
8183
8184
8184
8184
8184
8185
8185
8185
8185
8186
8186
8186
8186
8187
8187
8187
8187
8188
8188
8189
8189
8189
8189
8189
8189
8190
8190
8190
8190
8191
8191
8191
8191
8192
8192
8193
8193
8193
8194
8194
8194
8194
8195
8195
8196
8196
8196
8197
8197
8197
8197
8198
8198
8199
8199
8199
8200
Round #8200 (Experiment = PIF_CIFAR10_[1.0, 0.3, 0.1]1.0__asyn__recover_con_fedasyn_niid__n__50_____ft_esc).
fed_avg Loss/acc (at round #8200) = 0.844104066491127/0.849   Loss/acc=0.844104066491127/0.849
the density is 1.00,1.00,1.00,1.00,1.00,1.00,1.00,1.00,1.00,1.00
Elapsed time = 200841.43374953777
self.train_number :[8200, 8198, 3463, 3455, 3461, 3455, 2297, 2291, 2295, 2300]
client_acc :0.82,0.82,0.72,0.73,0.74,0.80,0.79,0.63,0.69,0.74
cluster_acc :0.85,0.85,0.85,0.85,0.85,0.85,0.85,0.85,0.85,0.85
sum_round_time :203.83,202.81,490.45,489.43,489.43,490.45,927.95,927.95,927.95,927.95
sum_down ：17387.93,17171.95,29937.79,29011.96,29963.52,29080.83,49585.39,49623.84,49476.69,49656.39
sum_train ：552.29,548.68,234.14,233.27,233.21,233.65,154.05,154.54,155.67,155.90
sum_upload ：58377.16,58334.03,83213.13,82986.11,83223.71,83106.33,138767.23,138568.29,139064.92,138663.42
sum_merge ：206.57
8200
8200
8200
8200
8200
8200
8201
8201
8201
8201
8201
8202
8202
8202
8202
8203
8203
8203
8203
8204
8204
8204
8205
8205
8206
8206
8206
8207
8207
8208
8208
8209
8209
8209
8209
8209
8210
8210
8211
8211
8211
8212
8212
8212
8212
8213
8213
8214
8214
8214
8214
8215
8215
8216
8216
8216
8216
8217
8217
8217
8218
8218
8218
8218
8219
8219
8219
8219
8219
8219
8220
8220
8221
8221
8221
8222
8222
8223
8223
8223
8224
8224
8225
8225
8225
8225
8226
8226
8226
8226
8227
8227
8227
8227
8227
8228
8228
8228
8228
8228
8229
8229
8230
8230
8230
8231
8231
8231
8231
8232
8232
8232
8233
8233
8233
8234
8234
8234
8234
8234
8235
8235
8235
8235
8236
8236
8236
8236
8237
8237
8237
8237
8237
8238
8238
8238
8238
8238
8239
8239
8239
8239
8240
8240
8240
8240
8241
8241
8242
8242
8242
8242
8243
8243
8243
8243
8244
8244
8244
8244
8245
8245
8245
8245
8246
8246
8246
8246
8247
8247
8247
8247
8248
8248
8248
8248
8249
8249
8249
8249
8250
Round #8250 (Experiment = PIF_CIFAR10_[1.0, 0.3, 0.1]1.0__asyn__recover_con_fedasyn_niid__n__50_____ft_esc).
fed_avg Loss/acc (at round #8250) = 0.8397261127829552/0.848   Loss/acc=0.8397261127829552/0.848
the density is 1.00,1.00,1.00,1.00,1.00,1.00,1.00,1.00,1.00,1.00
Elapsed time = 202103.55861878788
self.train_number :[8250, 8248, 3485, 3477, 3483, 3477, 2312, 2306, 2310, 2315]
client_acc :0.82,0.82,0.72,0.73,0.74,0.80,0.79,0.63,0.69,0.74
cluster_acc :0.85,0.85,0.85,0.85,0.85,0.85,0.85,0.85,0.85,0.85
sum_round_time :362.96,362.96,691.68,691.68,691.68,691.68,854.76,854.76,854.76,854.76
sum_down ：17485.69,17269.97,30087.40,29159.47,30105.01,29230.17,49892.22,49928.67,49782.34,49958.47
sum_train ：555.96,552.28,235.74,234.74,234.75,235.11,155.04,155.53,156.70,156.97
sum_upload ：58733.49,58689.08,83717.09,83487.53,83736.15,83612.10,139652.51,139463.28,139987.86,139559.66
sum_merge ：208.16
statu 11: client 0 EarlyStopping counter: 1 out of 20, best score is 0.849, current score is 0.848
8250
8250
8251
8251
8251
8251
8251
8251
8252
8252
8253
8253
8253
8254
8254
8254
8254
8255
8255
8255
8256
8256
8256
8257
8257
8257
8258
8258
8258
8259
8259
8259
8259
8260
8260
8260
8260
8261
8261
8261
8262
8262
8262
8262
8263
8263
8263
8263
8263
8264
8264
8265
8265
8265
8266
8266
8267
8267
8267
8267
8268
8268
8268
8268
8268
8269
8269
8270
8270
8271
8271
8272
8272
8272
8272
8273
8273
8273
8274
8274
8274
8275
8275
8275
8276
8276
8276
8276
8276
8277
8277
8277
8278
8278
8278
8278
8279
8279
8279
8280
8280
8280
8281
8281
8281
8281
8282
8282
8283
8283
8284
8284
8284
8284
8285
8285
8285
8286
8286
8286
8287
8287
8288
8289
8289
8289
8290
8290
8290
8290
8290
8291
8291
8291
8291
8292
8292
8292
8292
8293
8293
8293
8294
8294
8294
8294
8294
8295
8295
8295
8296
8296
8296
8296
8296
8297
8297
8297
8297
8298
8298
8298
8299
8299
8299
8299
8300
Round #8300 (Experiment = PIF_CIFAR10_[1.0, 0.3, 0.1]1.0__asyn__recover_con_fedasyn_niid__n__50_____ft_esc).
fed_avg Loss/acc (at round #8300) = 0.8379140123724937/0.8459   Loss/acc=0.8379140123724937/0.8459
the density is 1.00,1.00,1.00,1.00,1.00,1.00,1.00,1.00,1.00,1.00
Elapsed time = 203391.2010887209
self.train_number :[8300, 8299, 3507, 3499, 3505, 3499, 2326, 2320, 2324, 2329]
client_acc :0.82,0.84,0.79,0.73,0.80,0.80,0.79,0.63,0.69,0.74
cluster_acc :0.85,0.85,0.85,0.85,0.85,0.85,0.85,0.85,0.85,0.85
sum_round_time :340.45,340.45,589.46,589.46,589.46,589.46,846.48,846.48,846.48,846.48
sum_down ：17633.27,17369.32,30309.70,29420.25,30364.69,29532.72,50207.59,50244.51,50097.82,50275.35
sum_train ：559.46,555.95,237.28,236.26,236.29,236.65,156.08,156.49,157.62,157.92
sum_upload ：59089.59,59053.97,84242.22,84012.63,84258.35,84135.34,140545.78,140347.16,140894.47,140454.69
sum_merge ：209.66
statu 11: client 0 EarlyStopping counter: 2 out of 20, best score is 0.849, current score is 0.8459
8300
8300
8300
8300
8301
8301
8302
8302
8302
8302
8303
8303
8303
8303
8304
8304
8304
8304
8305
8305
8305
8305
8305
8306
8306
8306
8306
8307
8307
8307
8307
8307
8308
8308
8308
8308
8309
8309
8309
8309
8309
8309
8310
8310
8310
8310
8311
8311
8311
8311
8312
8312
8312
8313
8313
8313
8314
8314
8315
8315
8315
8316
8316
8316
8316
8317
8317
8317
8318
8318
8318
8318
8318
8319
8319
8319
8320
8320
8321
8321
8321
8321
8322
8322
8322
8322
8323
8323
8324
8324
8324
8324
8324
8325
8325
8325
8325
8325
8326
8326
8326
8326
8327
8327
8328
8328
8328
8328
8328
8329
8329
8329
8330
8330
8330
8331
8331
8331
8331
8332
8332
8332
8332
8333
8333
8333
8334
8334
8334
8335
8335
8335
8335
8335
8336
8336
8336
8336
8337
8337
8337
8337
8338
8338
8338
8338
8338
8338
8339
8339
8340
8340
8341
8341
8342
8342
8342
8343
8343
8343
8343
8343
8344
8344
8344
8345
8345
8345
8345
8345
8346
8346
8346
8347
8347
8348
8348
8348
8349
8349
8350
Round #8350 (Experiment = PIF_CIFAR10_[1.0, 0.3, 0.1]1.0__asyn__recover_con_fedasyn_niid__n__50_____ft_esc).
fed_avg Loss/acc (at round #8350) = 0.8506825864315033/0.8439   Loss/acc=0.8506825864315033/0.8439
the density is 1.00,1.00,1.00,1.00,1.00,1.00,1.00,1.00,1.00,1.00
Elapsed time = 204582.88963387324
self.train_number :[8350, 8348, 3528, 3520, 3526, 3520, 2340, 2334, 2338, 2343]
client_acc :0.82,0.84,0.79,0.81,0.80,0.76,0.79,0.63,0.69,0.74
cluster_acc :0.84,0.84,0.84,0.84,0.84,0.84,0.84,0.84,0.84,0.84
sum_round_time :185.19,195.26,533.63,533.63,533.63,533.63,892.55,892.55,892.55,892.55
sum_down ：17730.84,17478.85,30443.50,29545.34,30499.50,29679.96,50488.98,50539.41,50387.56,50557.09
sum_train ：562.91,559.22,238.68,237.72,237.92,238.08,157.05,157.43,158.61,158.87
sum_upload ：59445.75,59403.35,84763.94,84540.49,84791.37,84657.03,141390.35,141181.33,141712.83,141311.84
sum_merge ：210.92
statu 11: client 0 EarlyStopping counter: 3 out of 20, best score is 0.849, current score is 0.8439
statu 11: client 6 EarlyStopping counter: 2 out of 10, best score is 0.8103, current score is 0.7562
8350
8350
8350
8351
8351
8351
8351
8352
8352
8352
8353
8353
8353
8354
8354
8355
8355
8355
8355
8356
8356
8356
8357
8357
8357
8357
8357
8357
8358
8358
8359
8359
8359
8359
8360
8360
8361
8361
8362
8362
8362
8362
8363
8363
8363
8364
8364
8364
8364
8365
8365
8365
8365
8366
8366
8366
8367
8367
8367
8367
8368
8368
8369
8369
8369
8370
8370
8370
8370
8371
8371
8371
8372
8372
8372
8372
8373
8373
8373
8373
8374
8374
8374
8374
8375
8375
8375
8376
8376
8377
8377
8377
8377
8377
8377
8378
8378
8378
8378
8379
8379
8379
8379
8379
8380
8380
8381
8381
8381
8381
8381
8382
8382
8383
8383
8383
8384
8384
8384
8385
8385
8385
8385
8386
8386
8386
8386
8387
8387
8387
8387
8388
8388
8388
8389
8389
8389
8389
8390
8390
8391
8391
8391
8392
8392
8392
8392
8392
8393
8393
8393
8393
8394
8394
8394
8394
8394
8395
8395
8395
8395
8396
8396
8396
8396
8397
8397
8397
8397
8398
8398
8398
8399
8399
8399
8400
Round #8400 (Experiment = PIF_CIFAR10_[1.0, 0.3, 0.1]1.0__asyn__recover_con_fedasyn_niid__n__50_____ft_esc).
fed_avg Loss/acc (at round #8400) = 0.8240909352898598/0.8492   Loss/acc=0.8240909352898598/0.8492
the density is 1.00,1.00,1.00,1.00,1.00,1.00,1.00,1.00,1.00,1.00
Elapsed time = 205915.70361210767
self.train_number :[8400, 8398, 3551, 3543, 3549, 3543, 2356, 2350, 2354, 2359]
client_acc :0.82,0.84,0.79,0.81,0.80,0.76,0.79,0.63,0.69,0.74
cluster_acc :0.85,0.85,0.85,0.85,0.85,0.85,0.85,0.85,0.85,0.85
sum_round_time :339.17,339.17,606.72,606.72,607.74,608.76,865.76,865.76,865.76,865.76
sum_down ：17849.55,17597.74,30575.63,29701.34,30653.55,29839.01,50830.06,50876.40,50730.22,50902.86
sum_train ：566.38,562.56,240.26,239.26,239.51,239.63,158.14,158.54,159.71,160.00
sum_upload ：59801.36,59759.07,85313.91,85102.11,85344.91,85203.80,142274.18,142065.33,142590.65,142232.09
sum_merge ：212.27
8400
8400
8400
8400
8400
8400
8401
8401
8402
8402
8403
8404
8404
8404
8404
8405
8405
8405
8405
8405
8406
8406
8407
8407
8407
8408
8408
8408
8408
8409
8409
8409
8409
8410
8410
8410
8410
8410
8411
8411
8411
8411
8412
8412
8412
8413
8413
8414
8414
8414
8414
8415
8415
8415
8416
8416
8417
8417
8418
8418
8418
8419
8419
8419
8419
8420
8420
8420
8421
8422
8422
8422
8422
8423
8423
8423
8423
8423
8424
8424
8425
8425
8425
8425
8426
8426
8426
8426
8427
8427
8427
8427
8427
8428
8428
8429
8429
8429
8429
8429
8430
8430
8431
8431
8431
8432
8432
8432
8432
8433
8433
8434
8434
8434
8435
8435
8435
8435
8436
8436
8436
8436
8437
8437
8437
8438
8438
8438
8438
8438
8439
8439
8439
8439
8440
8440
8440
8440
8441
8441
8441
8442
8442
8443
8443
8443
8443
8444
8444
8444
8445
8445
8445
8446
8446
8446
8446
8446
8447
8447
8447
8447
8447
8448
8448
8449
8449
8449
8449
8449
8450
Round #8450 (Experiment = PIF_CIFAR10_[1.0, 0.3, 0.1]1.0__asyn__recover_con_fedasyn_niid__n__50_____ft_esc).
fed_avg Loss/acc (at round #8450) = 0.8322010412812233/0.8514   Loss/acc=0.8322010412812233/0.8514
the density is 1.00,1.00,1.00,1.00,1.00,1.00,1.00,1.00,1.00,1.00
Elapsed time = 207085.1050545173
self.train_number :[8450, 8448, 3571, 3563, 3568, 3563, 2369, 2363, 2367, 2372]
client_acc :0.82,0.84,0.79,0.81,0.80,0.76,0.79,0.63,0.69,0.74
cluster_acc :0.85,0.85,0.85,0.85,0.85,0.85,0.85,0.85,0.85,0.85
sum_round_time :256.75,256.75,503.30,505.49,505.49,503.30,860.91,860.91,860.91,860.91
sum_down ：17947.31,17695.75,30856.00,29981.40,30830.08,30002.11,51094.64,51140.40,50991.92,51168.17
sum_train ：569.43,565.51,241.49,240.46,240.70,240.87,158.94,159.33,160.50,160.78
sum_upload ：60156.70,60114.03,85765.05,85560.03,85778.43,85658.41,143103.25,142895.41,143412.01,143085.32
sum_merge ：213.16
8450
8450
8450
8450
8451
8451
8451
8451
8452
8452
8452
8452
8453
8453
8453
8454
8454
8454
8454
8455
8455
8456
8456
8456
8457
8457
8457
8457
8458
8458
8459
8460
8460
8461
8461
8461
8461
8461
8462
8462
8462
8463
8463
8463
8464
8464
8465
8465
8465
8465
8466
8466
8466
8466
8467
8467
8467
8467
8468
8468
8468
8468
8469
8469
8470
8470
8470
8471
8471
8471
8471
8472
8472
8472
8472
8473
8473
8473
8474
8474
8474
8475
8475
8475
8476
8476
8476
8477
8477
8477
8478
8478
8478
8479
8479
8480
8480
8481
8481
8481
8482
8482
8482
8482
8483
8483
8483
8484
8484
8484
8485
8485
8485
8485
8486
8486
8486
8487
8487
8487
8487
8488
8488
8488
8488
8489
8489
8490
8490
8490
8490
8490
8491
8491
8491
8492
8492
8493
8493
8493
8493
8493
8493
8494
8494
8494
8494
8494
8495
8495
8495
8496
8496
8496
8497
8497
8497
8498
8498
8498
8499
8499
8500
Round #8500 (Experiment = PIF_CIFAR10_[1.0, 0.3, 0.1]1.0__asyn__recover_con_fedasyn_niid__n__50_____ft_esc).
fed_avg Loss/acc (at round #8500) = 0.8287486732006073/0.8464   Loss/acc=0.8287486732006073/0.8464
the density is 1.00,1.00,1.00,1.00,1.00,1.00,1.00,1.00,1.00,1.00
Elapsed time = 208303.1445171183
self.train_number :[8500, 8498, 3591, 3583, 3588, 3583, 2383, 2377, 2381, 2386]
client_acc :0.82,0.84,0.79,0.81,0.80,0.76,0.79,0.63,0.69,0.74
cluster_acc :0.85,0.85,0.85,0.85,0.85,0.85,0.85,0.85,0.85,0.85
sum_round_time :281.64,213.13,627.73,627.73,627.73,627.73,889.01,889.01,889.01,889.01
sum_down ：18097.83,17847.54,31150.40,30219.28,31050.99,30188.71,51409.48,51453.85,51306.90,51480.68
sum_train ：572.44,568.53,242.73,241.72,241.91,242.11,159.81,160.18,161.35,161.64
sum_upload ：60513.10,60469.29,86271.52,86062.11,86282.82,86162.95,143940.18,143736.56,144257.34,143944.38
sum_merge ：214.10
statu 11: client 0 EarlyStopping counter: 1 out of 20, best score is 0.8514, current score is 0.8464
8500
8500
8500
8500
8501
8501
8501
8501
8502
8502
8503
8503
8503
8503
8504
8504
8504
8504
8505
8505
8505
8505
8506
8506
8506
8506
8507
8507
8507
8508
8508
8508
8508
8508
8508
8508
8509
8509
8509
8509
8510
8510
8510
8510
8511
8511
8512
8512
8512
8512
8513
8513
8513
8513
8514
8514
8515
8515
8515
8515
8516
8516
8516
8517
8517
8518
8518
8518
8518
8519
8519
8519
8520
8520
8520
8520
8521
8521
8521
8521
8522
8522
8522
8522
8523
8523
8523
8524
8524
8524
8525
8525
8525
8526
8526
8526
8526
8527
8527
8527
8527
8527
8528
8528
8528
8528
8529
8529
8529
8530
8530
8530
8530
8530
8530
8531
8531
8531
8531
8532
8532
8532
8532
8532
8533
8533
8533
8533
8534
8534
8534
8534
8535
8535
8536
8536
8536
8536
8536
8537
8537
8537
8537
8538
8538
8538
8539
8539
8539
8540
8540
8541
8542
8542
8542
8543
8543
8543
8544
8544
8544
8544
8545
8545
8545
8545
8546
8546
8546
8547
8547
8547
8548
8548
8548
8548
8549
8549
8550
Round #8550 (Experiment = PIF_CIFAR10_[1.0, 0.3, 0.1]1.0__asyn__recover_con_fedasyn_niid__n__50_____ft_esc).
fed_avg Loss/acc (at round #8550) = 0.8494943231344223/0.8489   Loss/acc=0.8494943231344223/0.8489
the density is 1.00,1.00,1.00,1.00,1.00,1.00,1.00,1.00,1.00,1.00
Elapsed time = 209717.94631745186
self.train_number :[8550, 8548, 3613, 3605, 3610, 3605, 2400, 2394, 2398, 2403]
client_acc :0.83,0.81,0.79,0.81,0.80,0.76,0.79,0.63,0.69,0.74
cluster_acc :0.85,0.85,0.85,0.85,0.85,0.85,0.85,0.85,0.85,0.85
sum_round_time :270.80,270.80,773.17,772.15,772.15,773.17,845.21,845.21,845.21,845.21
sum_down ：18195.33,17945.24,31327.22,30400.91,31222.84,30321.10,51778.80,51820.04,51673.01,51850.97
sum_train ：575.45,571.57,244.10,243.12,243.25,243.48,160.87,161.23,162.39,162.68
sum_upload ：60870.72,60825.52,86803.31,86592.09,86810.64,86689.42,144904.39,144686.06,145216.57,144891.82
sum_merge ：215.12
statu 11: client 0 EarlyStopping counter: 2 out of 20, best score is 0.8514, current score is 0.8489
statu 11: client 2 EarlyStopping counter: 1 out of 10, best score is 0.8355, current score is 0.8114
8550
8550
8550
8550
8551
8551
8552
8552
8553
8553
8553
8554
8554
8554
8554
8555
8555
8555
8556
8556
8556
8557
8558
8558
8558
8559
8559
8559
8559
8560
8560
8561
8561
8561
8561
8562
8562
8562
8563
8563
8563
8564
8564
8564
8564
8565
8565
8565
8565
8566
8566
8566
8566
8567
8567
8567
8567
8568
8568
8568
8568
8569
8569
8570
8570
8570
8571
8571
8572
8572
8572
8572
8573
8573
8573
8573
8574
8574
8574
8575
8575
8575
8575
8575
8576
8576
8576
8577
8577
8577
8577
8578
8578
8579
8579
8580
8580
8580
8580
8581
8581
8582
8582
8582
8582
8583
8583
8583
8584
8584
8584
8584
8585
8585
8585
8586
8586
8587
8587
8587
8587
8587
8588
8588
8588
8589
8589
8589
8589
8590
8590
8591
8591
8591
8591
8592
8592
8592
8593
8593
8593
8593
8594
8594
8594
8594
8595
8595
8596
8596
8596
8596
8597
8597
8597
8598
8598
8598
8599
8600
Round #8600 (Experiment = PIF_CIFAR10_[1.0, 0.3, 0.1]1.0__asyn__recover_con_fedasyn_niid__n__50_____ft_esc).
fed_avg Loss/acc (at round #8600) = 0.8472690507769585/0.8491   Loss/acc=0.8472690507769585/0.8491
the density is 1.00,1.00,1.00,1.00,1.00,1.00,1.00,1.00,1.00,1.00
Elapsed time = 210796.54188307805
self.train_number :[8600, 8598, 3634, 3625, 3629, 3626, 2412, 2406, 2410, 2415]
client_acc :0.83,0.81,0.79,0.81,0.80,0.76,0.79,0.63,0.69,0.74
cluster_acc :0.85,0.85,0.85,0.85,0.85,0.85,0.85,0.85,0.85,0.85
sum_round_time :183.32,183.23,529.19,527.05,531.16,529.19,869.87,869.87,869.87,869.87
sum_down ：18293.41,18043.16,31514.95,30569.29,31384.45,30507.32,52023.21,52060.31,51920.24,52094.14
sum_train ：578.50,574.57,245.42,244.37,244.42,244.79,161.64,161.97,163.12,163.41
sum_upload ：61227.25,61183.44,87291.76,87046.46,87274.37,87173.06,145698.48,145482.76,145978.08,145671.54
sum_merge ：216.06
statu 11: client 0 EarlyStopping counter: 3 out of 20, best score is 0.8514, current score is 0.8491
8600
8600
8600
8601
8601
8601
8602
8602
8602
8603
8603
8604
8604
8604
8604
8605
8605
8605
8605
8606
8606
8606
8607
8607
8607
8607
8607
8608
8608
8608
8609
8609
8609
8609
8610
8610
8611
8611
8611
8612
8612
8612
8612
8612
8612
8612
8613
8613
8613
8614
8614
8614
8615
8615
8615
8616
8616
8616
8616
8616
8617
8617
8617
8617
8618
8618
8618
8618
8619
8619
8619
8620
8620
8620
8620
8621
8621
8621
8621
8621
8622
8622
8622
8623
8623
8624
8624
8624
8624
8625
8625
8625
8626
8626
8626
8626
8627
8627
8627
8627
8627
8628
8628
8629
8629
8630
8630
8631
8631
8632
8632
8632
8633
8633
8634
8634
8634
8635
8635
8635
8635
8636
8636
8636
8636
8637
8637
8637
8638
8638
8639
8639
8639
8640
8640
8640
8640
8641
8641
8641
8642
8642
8642
8643
8643
8644
8644
8644
8645
8645
8645
8645
8645
8646
8646
8646
8647
8647
8647
8647
8648
8648
8648
8649
8649
8650
Round #8650 (Experiment = PIF_CIFAR10_[1.0, 0.3, 0.1]1.0__asyn__recover_con_fedasyn_niid__n__50_____ft_esc).
fed_avg Loss/acc (at round #8650) = 0.8383768275380135/0.8489   Loss/acc=0.8383768275380135/0.8489
the density is 1.00,1.00,1.00,1.00,1.00,1.00,1.00,1.00,1.00,1.00
Elapsed time = 212004.28127820522
self.train_number :[8650, 8648, 3656, 3647, 3651, 3648, 2426, 2420, 2423, 2428]
client_acc :0.83,0.81,0.79,0.81,0.80,0.76,0.79,0.63,0.69,0.74
cluster_acc :0.85,0.85,0.85,0.85,0.85,0.85,0.85,0.85,0.85,0.85
sum_round_time :178.87,178.87,535.85,539.89,537.88,537.88,849.74,849.74,914.48,914.48
sum_down ：18421.54,18139.75,31675.13,30733.85,31538.66,30636.65,52346.37,52386.51,52222.19,52400.21
sum_train ：581.58,577.61,246.80,245.72,245.78,246.12,162.50,162.82,163.93,164.20
sum_upload ：61589.36,61547.97,87847.96,87609.37,87803.25,87726.14,146510.86,146305.16,146793.20,146476.55
sum_merge ：216.97
statu 11: client 0 EarlyStopping counter: 4 out of 20, best score is 0.8514, current score is 0.8489
8650
8651
8651
8651
8652
8652
8652
8652
8653
8653
8653
8653
8654
8654
8654
8654
8655
8655
8656
8656
8656
8657
8657
8657
8657
8658
8658
8658
8658
8659
8659
8660
8660
8660
8661
8661
8661
8661
8662
8662
8663
8663
8664
8664
8664
8664
8665
8665
8665
8666
8666
8666
8667
8667
8667
8667
8667
8668
8668
8668
8669
8669
8669
8669
8669
8670
8670
8670
8670
8670
8670
8671
8671
8671
8672
8672
8672
8672
8673
8673
8673
8673
8674
8674
8675
8675
8675
8675
8676
8676
8676
8677
8677
8677
8678
8678
8679
8679
8679
8680
8680
8680
8680
8681
8681
8681
8681
8682
8682
8682
8682
8682
8683
8683
8683
8683
8684
8684
8684
8685
8685
8686
8686
8686
8687
8687
8687
8687
8688
8688
8688
8689
8689
8689
8689
8690
8690
8690
8691
8691
8692
8692
8693
8694
8694
8694
8695
8695
8695
8696
8696
8696
8696
8697
8697
8697
8697
8698
8698
8698
8698
8699
8699
8699
8700
Round #8700 (Experiment = PIF_CIFAR10_[1.0, 0.3, 0.1]1.0__asyn__recover_con_fedasyn_niid__n__50_____ft_esc).
fed_avg Loss/acc (at round #8700) = 0.8261222690343857/0.8483   Loss/acc=0.8261222690343857/0.8483
the density is 1.00,1.00,1.00,1.00,1.00,1.00,1.00,1.00,1.00,1.00
Elapsed time = 213311.50161267447
self.train_number :[8700, 8699, 3676, 3667, 3671, 3668, 2441, 2435, 2438, 2443]
client_acc :0.83,0.81,0.79,0.81,0.80,0.76,0.79,0.63,0.69,0.74
cluster_acc :0.85,0.85,0.85,0.85,0.85,0.85,0.85,0.85,0.85,0.85
sum_round_time :273.30,273.30,694.21,694.21,694.21,694.21,844.22,844.22,844.22,844.22
sum_down ：18574.82,18238.83,31866.54,30947.20,31771.90,30901.08,52669.27,52711.38,52548.11,52726.08
sum_train ：584.58,580.65,248.04,246.92,247.00,247.29,163.43,163.72,164.82,165.13
sum_upload ：61938.64,61903.82,88325.45,88089.02,88279.02,88208.55,147429.93,147196.06,147678.51,147389.03
sum_merge ：217.93
statu 11: client 0 EarlyStopping counter: 5 out of 20, best score is 0.8514, current score is 0.8483
8700
8700
8700
8701
8701
8701
8701
8702
8702
8702
8702
8703
8703
8703
8703
8704
8704
8704
8704
8705
8705
8705
8705
8705
8706
8706
8706
8706
8707
8707
8707
8707
8708
8708
8709
8709
8709
8709
8710
8710
8710
8710
8711
8711
8711
8711
8712
8712
8712
8712
8713
8713
8713
8713
8714
8714
8714
8714
8715
8715
8715
8716
8716
8716
8717
8717
8717
8717
8718
8718
8718
8718
8719
8719
8719
8720
8720
8720
8720
8721
8721
8721
8721
8721
8722
8722
8722
8723
8723
8723
8724
8724
8724
8724
8724
8724
8725
8725
8725
8726
8726
8727
8727
8727
8728
8728
8728
8729
8729
8729
8729
8730
8730
8731
8731
8731
8731
8731
8732
8732
8732
8732
8732
8733
8733
8734
8734
8734
8735
8735
8735
8735
8736
8736
8737
8737
8737
8737
8738
8738
8738
8738
8739
8739
8739
8739
8740
8740
8741
8741
8742
8742
8742
8743
8743
8743
8743
8744
8744
8745
8745
8745
8746
8746
8746
8746
8747
8747
8748
8748
8748
8748
8749
8749
8749
8750
Round #8750 (Experiment = PIF_CIFAR10_[1.0, 0.3, 0.1]1.0__asyn__recover_con_fedasyn_niid__n__50_____ft_esc).
fed_avg Loss/acc (at round #8750) = 0.8164984956383705/0.8535   Loss/acc=0.8164984956383705/0.8535
the density is 1.00,1.00,1.00,1.00,1.00,1.00,1.00,1.00,1.00,1.00
Elapsed time = 214706.6642483856
self.train_number :[8750, 8749, 3697, 3688, 3692, 3689, 2457, 2451, 2454, 2459]
client_acc :0.83,0.81,0.79,0.81,0.80,0.76,0.79,0.63,0.69,0.74
cluster_acc :0.85,0.85,0.85,0.85,0.85,0.85,0.85,0.85,0.85,0.85
sum_round_time :248.89,248.89,599.41,599.41,598.40,598.40,844.06,844.06,844.06,844.06
sum_down ：18672.20,18336.08,31990.21,31072.03,31907.11,31043.49,53007.77,53047.22,52884.85,53060.70
sum_train ：587.61,583.71,249.31,248.17,248.29,248.54,164.42,164.69,165.77,166.06
sum_upload ：62297.52,62259.07,88826.68,88593.47,88785.57,88716.26,148401.43,148168.52,148637.72,148342.87
sum_merge ：218.91
8750
8750
8750
8750
8751
8751
8751
8752
8752
8752
8752
8753
8753
8753
8753
8754
8754
8754
8755
8755
8755
8756
8756
8757
8757
8757
8757
8758
8758
8759
8759
8759
8759
8760
8760
8760
8760
8761
8761
8761
8761
8761
8762
8762
8762
8762
8763
8763
8763
8764
8764
8764
8764
8765
8765
8765
8765
8765
8766
8766
8766
8767
8767
8768
8768
8768
8768
8769
8769
8769
8769
8770
8770
8770
8770
8771
8771
8771
8772
8772
8773
8773
8773
8773
8774
8774
8774
8774
8774
8775
8775
8776
8776
8776
8776
8777
8777
8777
8777
8777
8778
8778
8778
8779
8779
8779
8779
8780
8780
8780
8781
8781
8781
8782
8782
8782
8782
8782
8782
8783
8783
8783
8783
8784
8784
8784
8784
8785
8785
8786
8786
8786
8786
8787
8787
8787
8787
8788
8788
8788
8789
8789
8789
8790
8790
8790
8790
8791
8791
8791
8791
8792
8792
8792
8792
8793
8793
8793
8793
8793
8794
8794
8794
8795
8795
8795
8796
8796
8796
8796
8797
8797
8797
8797
8798
8798
8798
8799
8799
8799
8799
8799
8800
Round #8800 (Experiment = PIF_CIFAR10_[1.0, 0.3, 0.1]1.0__asyn__recover_con_fedasyn_niid__n__50_____ft_esc).
fed_avg Loss/acc (at round #8800) = 0.8292149305343628/0.8524   Loss/acc=0.8292149305343628/0.8524
the density is 1.00,1.00,1.00,1.00,1.00,1.00,1.00,1.00,1.00,1.00
Elapsed time = 216074.55385383664
self.train_number :[8800, 8799, 3721, 3712, 3716, 3713, 2473, 2467, 2470, 2475]
client_acc :0.79,0.78,0.79,0.81,0.80,0.76,0.79,0.63,0.69,0.74
cluster_acc :0.85,0.85,0.85,0.85,0.85,0.85,0.85,0.85,0.85,0.85
sum_round_time :257.76,257.76,538.31,538.31,538.31,538.31,862.71,862.71,862.71,862.71
sum_down ：18769.61,18433.19,32131.70,31216.70,32048.32,31190.38,53343.57,53381.57,53220.19,53395.46
sum_train ：590.69,586.75,250.77,249.65,249.74,250.00,165.41,165.66,166.74,167.05
sum_upload ：62655.20,62613.46,89401.08,89170.44,89361.66,89290.77,149328.47,149123.63,149591.80,149294.25
sum_merge ：219.90
statu 11: client 0 EarlyStopping counter: 1 out of 20, best score is 0.8535, current score is 0.8524
statu 11: client 1 EarlyStopping counter: 1 out of 10, best score is 0.8282, current score is 0.7897
statu 11: client 2 EarlyStopping counter: 2 out of 10, best score is 0.8355, current score is 0.7838
8800
8800
8800
8800
8801
8801
8801
8801
8802
8802
8803
8803
8803
8803
8804
8804
8804
8804
8804
8805
8805
8805
8806
8806
8806
8806
8807
8807
8807
8807
8808
8808
8808
8808
8809
8809
8809
8809
8810
8810
8810
8810
8811
8811
8811
8811
8812
8812
8812
8812
8813
8813
8814
8814
8814
8814
8814
8815
8815
8815
8815
8815
8816
8816
8817
8817
8817
8817
8818
8818
8819
8820
8820
8820
8820
8821
8821
8821
8821
8821
8822
8822
8823
8823
8824
8824
8824
8825
8825
8825
8825
8825
8826
8826
8827
8827
8827
8828
8828
8828
8828
8828
8829
8829
8829
8829
8830
8830
8830
8831
8831
8831
8831
8831
8832
8832
8832
8832
8833
8833
8833
8833
8834
8834
8835
8835
8835
8836
8836
8836
8836
8837
8837
8837
8838
8838
8838
8838
8839
8839
8839
8839
8839
8840
8840
8840
8840
8841
8841
8841
8842
8842
8842
8843
8843
8843
8844
8844
8845
8845
8845
8845
8846
8846
8846
8846
8847
8847
8847
8847
8848
8848
8848
8848
8848
8849
8849
8849
8849
8849
8850
Round #8850 (Experiment = PIF_CIFAR10_[1.0, 0.3, 0.1]1.0__asyn__recover_con_fedasyn_niid__n__50_____ft_esc).
fed_avg Loss/acc (at round #8850) = 0.8150264620780945/0.8521   Loss/acc=0.8150264620780945/0.8521
the density is 1.00,1.00,1.00,1.00,1.00,1.00,1.00,1.00,1.00,1.00
Elapsed time = 217459.48102513677
self.train_number :[8850, 8849, 3744, 3735, 3739, 3736, 2489, 2483, 2487, 2492]
client_acc :0.79,0.78,0.79,0.81,0.80,0.76,0.79,0.63,0.69,0.74
cluster_acc :0.85,0.85,0.85,0.85,0.85,0.85,0.85,0.85,0.85,0.85
sum_round_time :419.64,419.64,661.06,662.07,661.06,661.06,821.37,821.37,821.37,821.37
sum_down ：18867.90,18531.18,32261.09,31352.75,32184.92,31332.74,53695.88,53729.70,53587.73,53759.96
sum_train ：593.71,589.76,252.20,251.05,251.16,251.40,166.36,166.61,167.77,168.05
sum_upload ：63009.69,62971.53,89955.14,89722.34,89910.38,89841.80,150280.37,150051.97,150536.26,150235.11
sum_merge ：220.89
statu 11: client 0 EarlyStopping counter: 2 out of 20, best score is 0.8535, current score is 0.8521
8850
8850
8850
8850
8851
8851
8851
8852
8852
8853
8854
8854
8854
8855
8855
8855
8855
8856
8856
8856
8857
8857
8857
8857
8857
8858
8858
8858
8859
8859
8860
8860
8860
8860
8861
8861
8861
8861
8862
8862
8862
8863
8863
8863
8863
8864
8864
8865
8865
8866
8866
8866
8866
8867
8867
8867
8868
8868
8869
8869
8869
8870
8870
8870
8871
8871
8872
8872
8872
8872
8873
8873
8873
8873
8874
8874
8874
8874
8875
8875
8875
8876
8876
8876
8876
8876
8877
8877
8877
8877
8878
8878
8878
8878
8879
8879
8880
8880
8880
8880
8881
8881
8881
8881
8882
8882
8882
8882
8882
8883
8883
8883
8884
8884
8884
8884
8885
8885
8885
8885
8886
8886
8887
8887
8887
8887
8887
8887
8888
8888
8889
8889
8889
8890
8890
8890
8890
8891
8891
8891
8891
8892
8892
8893
8893
8893
8893
8893
8893
8894
8894
8894
8894
8895
8895
8895
8895
8896
8896
8896
8896
8897
8897
8897
8898
8898
8899
8899
8899
8899
8899
8900
Round #8900 (Experiment = PIF_CIFAR10_[1.0, 0.3, 0.1]1.0__asyn__recover_con_fedasyn_niid__n__50_____ft_esc).
fed_avg Loss/acc (at round #8900) = 0.8399569168686867/0.8495   Loss/acc=0.8399569168686867/0.8495
the density is 1.00,1.00,1.00,1.00,1.00,1.00,1.00,1.00,1.00,1.00
Elapsed time = 218720.5604498947
self.train_number :[8900, 8899, 3765, 3756, 3760, 3757, 2503, 2497, 2501, 2506]
client_acc :0.79,0.78,0.78,0.79,0.79,0.82,0.81,0.63,0.67,0.70
cluster_acc :0.85,0.85,0.85,0.85,0.85,0.85,0.85,0.85,0.85,0.85
sum_round_time :225.70,225.70,598.30,598.30,598.30,598.30,855.20,855.20,855.20,855.20
sum_down ：18964.70,18628.33,32464.65,31475.85,32335.34,31539.01,53977.79,54013.57,53870.26,54048.55
sum_train ：596.82,592.82,253.52,252.36,252.46,252.69,167.24,167.46,168.64,168.91
sum_upload ：63364.50,63328.30,90461.31,90234.29,90416.61,90349.67,151200.99,150956.56,151443.46,151150.04
sum_merge ：221.83
statu 11: client 0 EarlyStopping counter: 3 out of 20, best score is 0.8535, current score is 0.8495
statu 11: client 3 EarlyStopping counter: 1 out of 10, best score is 0.7858, current score is 0.7829
statu 11: client 4 EarlyStopping counter: 1 out of 10, best score is 0.8132, current score is 0.7921
statu 11: client 5 EarlyStopping counter: 1 out of 10, best score is 0.7966, current score is 0.7877
statu 11: client 9 EarlyStopping counter: 2 out of 10, best score is 0.7788, current score is 0.6665
statu 11: client 10 EarlyStopping counter: 2 out of 10, best score is 0.7665, current score is 0.7019
8900
8900
8900
8900
8901
8901
8901
8901
8902
8902
8902
8902
8903
8903
8903
8903
8903
8903
8904
8904
8905
8905
8906
8906
8906
8906
8906
8907
8907
8907
8908
8908
8908
8908
8909
8909
8909
8909
8910
8910
8910
8910
8911
8911
8911
8911
8911
8912
8912
8912
8912
8913
8913
8913
8913
8914
8914
8915
8915
8915
8915
8916
8916
8916
8916
8916
8917
8917
8917
8917
8918
8918
8919
8919
8919
8919
8920
8920
8920
8921
8921
8921
8922
8922
8922
8922
8923
8923
8923
8923
8924
8924
8924
8925
8925
8925
8925
8926
8926
8926
8926
8927
8927
8927
8927
8928
8928
8928
8928
8929
8929
8929
8929
8929
8930
8930
8930
8931
8931
8931
8931
8932
8932
8932
8933
8933
8934
8934
8934
8934
8935
8935
8935
8936
8936
8937
8937
8937
8937
8938
8938
8939
8939
8939
8939
8940
8940
8940
8940
8941
8941
8942
8942
8942
8942
8943
8943
8943
8943
8944
8944
8945
8945
8945
8945
8946
8946
8946
8947
8947
8947
8948
8948
8948
8948
8949
8949
8949
8949
8949
8950
Round #8950 (Experiment = PIF_CIFAR10_[1.0, 0.3, 0.1]1.0__asyn__recover_con_fedasyn_niid__n__50_____ft_esc).
fed_avg Loss/acc (at round #8950) = 0.8343260064721107/0.8491   Loss/acc=0.8343260064721107/0.8491
the density is 1.00,1.00,1.00,1.00,1.00,1.00,1.00,1.00,1.00,1.00
Elapsed time = 220131.886915276
self.train_number :[8950, 8949, 3789, 3780, 3783, 3780, 2520, 2514, 2518, 2523]
client_acc :0.79,0.78,0.78,0.79,0.79,0.82,0.81,0.76,0.67,0.70
cluster_acc :0.85,0.85,0.85,0.85,0.85,0.85,0.85,0.85,0.85,0.85
sum_round_time :266.48,266.48,514.16,514.16,515.17,515.17,863.90,863.90,863.90,863.90
sum_down ：19062.27,18726.29,32604.80,31617.24,32477.02,31674.73,54339.31,54373.62,54235.37,54416.38
sum_train ：599.85,595.86,255.00,253.81,253.84,254.07,168.25,168.50,169.65,169.92
sum_upload ：63718.86,63684.36,91015.33,90785.56,90964.56,90903.00,152142.91,151894.34,152426.39,152108.88
sum_merge ：222.85
statu 11: client 0 EarlyStopping counter: 4 out of 20, best score is 0.8535, current score is 0.8491
statu 11: client 8 EarlyStopping counter: 4 out of 10, best score is 0.7895, current score is 0.7641
8950
8950
8951
8951
8951
8952
8952
8952
8952
8953
8953
8953
8953
8954
8954
8955
8955
8956
8956
8956
8957
8957
8957
8957
8957
8958
8958
8958
8958
8959
8959
8960
8960
8960
8960
8960
8960
8961
8961
8961
8961
8962
8962
8962
8962
8963
8963
8963
8964
8964
8964
8964
8964
8965
8965
8965
8965
8965
8966
8966
8966
8966
8967
8967
8968
8968
8968
8969
8969
8969
8970
8970
8970
8970
8971
8971
8971
8971
8972
8972
8972
8973
8973
8973
8973
8973
8974
8974
8974
8974
8975
8975
8975
8975
8976
8976
8976
8976
8976
8977
8977
8977
8977
8978
8978
8978
8979
8979
8979
8979
8980
8980
8980
8981
8981
8981
8982
8982
8982
8982
8983
8983
8983
8984
8984
8985
8985
8985
8986
8986
8986
8986
8987
8987
8987
8987
8987
8988
8988
8988
8988
8988
8989
8989
8989
8989
8989
8990
8990
8990
8991
8991
8992
8992
8992
8992
8993
8993
8993
8993
8994
8994
8994
8995
8995
8995
8996
8996
8996
8997
8997
8997
8998
8998
8998
8998
8998
8999
8999
8999
9000
Round #9000 (Experiment = PIF_CIFAR10_[1.0, 0.3, 0.1]1.0__asyn__recover_con_fedasyn_niid__n__50_____ft_esc).
fed_avg Loss/acc (at round #9000) = 0.8503303304314613/0.8509   Loss/acc=0.8503303304314613/0.8509
the density is 1.00,1.00,1.00,1.00,1.00,1.00,1.00,1.00,1.00,1.00
Elapsed time = 221435.90586970045
self.train_number :[9000, 8999, 3812, 3803, 3806, 3803, 2535, 2528, 2532, 2538]
client_acc :0.79,0.78,0.78,0.79,0.79,0.82,0.81,0.76,0.67,0.70
cluster_acc :0.85,0.85,0.85,0.85,0.85,0.85,0.85,0.85,0.85,0.85
sum_round_time :211.80,211.80,741.95,741.95,740.93,740.93,837.72,910.10,910.10,837.72
sum_down ：19160.10,18824.06,32745.68,31760.58,32616.44,31820.96,54659.58,54671.91,54533.18,54735.97
sum_train ：602.89,598.87,256.41,255.23,255.19,255.47,169.18,169.35,170.50,170.83
sum_upload ：64073.88,64042.48,91557.12,91338.19,91519.54,91461.60,153048.67,152765.31,153307.07,152987.91
sum_merge ：223.84
statu 11: client 0 EarlyStopping counter: 5 out of 20, best score is 0.8535, current score is 0.8509
9000
9000
9001
9001
9001
9001
9002
9002
9002
9002
9002
9003
9003
9003
9004
9004
9004
9005
9005
9006
9006
9006
9007
9007
9007
9007
9007
9008
9008
9008
9008
9009
9009
9009
9010
9010
9010
9010
9010
9010
9011
9011
9012
9012
9012
9012
9013
9013
9013
9013
9014
9014
9014
9014
9014
9015
9015
9015
9015
9016
9016
9016
9016
9017
9017
9017
9017
9018
9018
9018
9019
9019
9019
9019
9019
9020
9020
9020
9020
9021
9021
9021
9021
9022
9022
9022
9023
9023
9023
9023
9023
9024
9024
9025
9025
9025
9026
9026
9026
9026
9027
9027
9028
9028
9028
9029
9029
9029
9029
9029
9030
9030
9031
9031
9031
9032
9032
9033
9033
9033
9033
9033
9034
9034
9034
9034
9035
9035
9036
9036
9037
9037
9037
9037
9037
9038
9038
9038
9038
9039
9039
9039
9039
9040
9040
9040
9041
9041
9041
9041
9041
9041
9042
9042
9043
9043
9043
9043
9044
9044
9044
9044
9045
9045
9045
9045
9046
9046
9046
9047
9047
9048
9049
9049
9049
9050
Round #9050 (Experiment = PIF_CIFAR10_[1.0, 0.3, 0.1]1.0__asyn__recover_con_fedasyn_niid__n__50_____ft_esc).
fed_avg Loss/acc (at round #9050) = 0.8303213641047478/0.8535   Loss/acc=0.8303213641047478/0.8535
the density is 1.00,1.00,1.00,1.00,1.00,1.00,1.00,1.00,1.00,1.00
Elapsed time = 222553.3665194252
self.train_number :[9050, 9050, 3835, 3826, 3829, 3826, 2547, 2540, 2544, 2550]
client_acc :0.82,0.82,0.78,0.79,0.79,0.82,0.81,0.76,0.67,0.70
cluster_acc :0.85,0.85,0.85,0.85,0.85,0.85,0.85,0.85,0.85,0.85
sum_round_time :249.00,249.00,485.08,486.10,485.08,485.08,857.44,857.44,857.44,857.44
sum_down ：19309.27,18923.56,32943.14,31911.14,32808.34,32015.46,54932.09,54952.35,54811.50,55010.02
sum_train ：605.95,602.04,257.84,256.65,256.62,256.90,169.93,170.08,171.21,171.57
sum_upload ：64427.00,64404.86,92115.43,91900.25,92060.55,92008.27,153832.46,153538.83,154106.73,153766.98
sum_merge ：224.81
statu 11: client 0 EarlyStopping counter: 6 out of 20, best score is 0.8535, current score is 0.8535
statu 11: client 1 EarlyStopping counter: 2 out of 10, best score is 0.8282, current score is 0.821
statu 11: client 2 EarlyStopping counter: 3 out of 10, best score is 0.8355, current score is 0.8162
9050
9050
9050
9050
9050
9051
9051
9051
9051
9052
9052
9052
9052
9053
9053
9053
9054
9054
9054
9054
9055
9055
9056
9056
9056
9057
9057
9057
9057
9058
9058
9059
9059
9059
9059
9060
9060
9060
9061
9061
9062
9062
9062
9062
9062
9063
9063
9063
9063
9064
9064
9065
9065
9065
9065
9066
9066
9066
9067
9067
9067
9068
9068
9068
9068
9069
9069
9069
9069
9070
9070
9070
9070
9071
9071
9071
9072
9073
9073
9073
9074
9074
9074
9074
9075
9075
9075
9076
9076
9076
9076
9077
9077
9078
9078
9079
9079
9079
9080
9080
9080
9080
9081
9081
9082
9082
9082
9082
9082
9083
9083
9084
9084
9084
9085
9085
9086
9086
9086
9087
9087
9087
9087
9088
9088
9089
9089
9089
9089
9089
9090
9090
9090
9090
9091
9091
9092
9092
9092
9092
9093
9093
9093
9093
9094
9094
9094
9095
9095
9095
9095
9095
9096
9096
9096
9096
9097
9097
9097
9097
9098
9098
9098
9098
9098
9099
9099
9099
9099
9099
9100
Round #9100 (Experiment = PIF_CIFAR10_[1.0, 0.3, 0.1]1.0__asyn__recover_con_fedasyn_niid__n__50_____ft_esc).
fed_avg Loss/acc (at round #9100) = 0.8224693909287453/0.8542   Loss/acc=0.8224693909287453/0.8542
the density is 1.00,1.00,1.00,1.00,1.00,1.00,1.00,1.00,1.00,1.00
Elapsed time = 223612.80340133052
self.train_number :[9100, 9100, 3855, 3846, 3849, 3846, 2559, 2551, 2557, 2562]
client_acc :0.82,0.82,0.78,0.79,0.79,0.82,0.81,0.76,0.67,0.70
cluster_acc :0.85,0.85,0.85,0.85,0.85,0.85,0.85,0.85,0.85,0.85
sum_round_time :305.12,305.12,480.87,476.86,480.87,480.87,853.49,998.07,792.95,937.54
sum_down ：19406.93,19020.83,33122.54,32044.67,32983.02,32189.25,55180.79,55189.49,55117.24,55293.81
sum_train ：609.04,605.06,259.12,257.89,257.84,258.14,170.67,170.75,171.99,172.29
sum_upload ：64783.06,64762.68,92605.65,92377.53,92539.93,92489.49,154586.88,154279.58,154802.68,154469.05
sum_merge ：225.73
9100
9100
9100
9101
9101
9102
9102
9102
9102
9103
9103
9103
9103
9103
9104
9104
9105
9106
9106
9106
9107
9107
9107
9107
9107
9108
9108
9109
9109
9109
9109
9110
9110
9110
9110
9111
9111
9112
9112
9112
9112
9112
9113
9113
9113
9114
9114
9115
9115
9115
9115
9116
9116
9116
9117
9117
9118
9118
9118
9118
9119
9119
9120
9120
9121
9121
9121
9121
9122
9122
9122
9122
9123
9123
9124
9124
9124
9124
9125
9125
9125
9125
9126
9126
9126
9126
9127
9127
9127
9128
9128
9128
9128
9129
9129
9129
9129
9130
9130
9131
9131
9131
9131
9131
9131
9131
9131
9132
9132
9133
9133
9133
9134
9134
9135
9135
9135
9136
9136
9136
9136
9136
9137
9137
9137
9138
9138
9138
9138
9139
9139
9139
9139
9139
9140
9140
9141
9141
9141
9141
9142
9142
9142
9142
9142
9143
9143
9144
9144
9145
9145
9145
9145
9146
9146
9146
9146
9147
9147
9147
9147
9147
9148
9148
9148
9148
9149
9149
9149
9149
9150
Round #9150 (Experiment = PIF_CIFAR10_[1.0, 0.3, 0.1]1.0__asyn__recover_con_fedasyn_niid__n__50_____ft_esc).
fed_avg Loss/acc (at round #9150) = 0.8597155883908272/0.8511   Loss/acc=0.8597155883908272/0.8511
the density is 1.00,1.00,1.00,1.00,1.00,1.00,1.00,1.00,1.00,1.00
Elapsed time = 224712.07510056632
self.train_number :[9150, 9150, 3873, 3864, 3867, 3864, 2572, 2563, 2569, 2574]
client_acc :0.82,0.82,0.78,0.79,0.79,0.82,0.81,0.76,0.67,0.70
cluster_acc :0.85,0.85,0.85,0.85,0.85,0.85,0.85,0.85,0.85,0.85
sum_round_time :230.18,230.18,597.40,597.40,597.40,597.40,849.31,925.91,849.31,849.31
sum_down ：19504.48,19118.69,33279.27,32201.06,33094.70,32343.82,55459.98,55443.67,55369.98,55544.73
sum_train ：612.03,608.09,260.17,258.98,258.93,259.21,171.46,171.51,172.71,173.00
sum_upload ：65138.70,65117.61,93039.79,92811.51,92973.08,92926.49,155366.19,155040.93,155589.96,155256.97
sum_merge ：226.62
statu 11: client 0 EarlyStopping counter: 1 out of 20, best score is 0.8542, current score is 0.8511
9150
9150
9150
9150
9151
9151
9151
9151
9152
9152
9152
9152
9153
9153
9153
9153
9154
9154
9154
9154
9155
9155
9155
9155
9156
9156
9156
9156
9156
9157
9157
9157
9158
9158
9158
9158
9159
9159
9159
9159
9159
9160
9160
9160
9161
9161
9162
9162
9162
9162
9162
9162
9162
9163
9163
9163
9164
9164
9165
9165
9165
9166
9166
9166
9166
9167
9167
9167
9167
9168
9168
9168
9168
9169
9169
9169
9169
9170
9170
9170
9171
9171
9171
9171
9172
9172
9172
9173
9173
9173
9174
9174
9174
9174
9174
9175
9175
9175
9175
9175
9176
9176
9176
9176
9177
9177
9177
9178
9178
9178
9178
9179
9179
9179
9180
9180
9180
9180
9181
9181
9181
9182
9182
9182
9182
9182
9183
9183
9183
9184
9184
9184
9184
9185
9185
9185
9186
9186
9186
9186
9187
9187
9187
9187
9187
9188
9188
9189
9189
9189
9189
9190
9190
9191
9191
9191
9192
9192
9192
9192
9193
9193
9194
9194
9194
9194
9195
9195
9195
9195
9195
9196
9196
9197
9197
9197
9198
9198
9198
9198
9199
9199
9199
9200
Round #9200 (Experiment = PIF_CIFAR10_[1.0, 0.3, 0.1]1.0__asyn__recover_con_fedasyn_niid__n__50_____ft_esc).
fed_avg Loss/acc (at round #9200) = 0.8454586192965508/0.8515   Loss/acc=0.8454586192965508/0.8515
the density is 1.00,1.00,1.00,1.00,1.00,1.00,1.00,1.00,1.00,1.00
Elapsed time = 226020.90386156397
self.train_number :[9200, 9200, 3894, 3885, 3888, 3885, 2588, 2579, 2585, 2590]
client_acc :0.82,0.82,0.78,0.79,0.79,0.82,0.81,0.76,0.67,0.70
cluster_acc :0.85,0.85,0.85,0.85,0.85,0.85,0.85,0.85,0.85,0.85
sum_round_time :172.59,172.59,600.92,599.91,599.91,600.92,828.96,828.96,828.96,828.96
sum_down ：19601.63,19215.79,33403.43,32333.04,33223.59,32466.06,55784.63,55763.54,55694.24,55868.89
sum_train ：615.06,611.16,261.44,260.25,260.18,260.49,172.45,172.48,173.68,173.97
sum_upload ：65495.23,65473.28,93571.70,93334.66,93497.99,93461.28,156263.40,155941.53,156471.88,156159.45
sum_merge ：227.60
statu 11: client 0 EarlyStopping counter: 2 out of 20, best score is 0.8542, current score is 0.8515
9200
9200
9200
9200
9200
9200
9201
9201
9202
9202
9203
9203
9204
9204
9204
9204
9204
9205
9205
9205
9205
9206
9206
9207
9207
9208
9208
9208
9208
9209
9209
9210
9210
9210
9210
9211
9211
9211
9211
9212
9212
9212
9212
9212
9213
9213
9213
9213
9214
9214
9215
9216
9216
9216
9217
9217
9217
9218
9218
9218
9219
9219
9219
9219
9220
9220
9220
9220
9221
9221
9221
9221
9222
9222
9222
9222
9223
9223
9223
9223
9224
9224
9224
9225
9225
9225
9226
9226
9227
9227
9227
9227
9227
9228
9228
9229
9229
9230
9230
9231
9231
9231
9232
9232
9232
9233
9233
9234
9234
9234
9234
9235
9235
9235
9235
9236
9236
9236
9237
9237
9237
9237
9238
9238
9239
9239
9240
9240
9240
9240
9240
9241
9241
9241
9242
9242
9243
9243
9243
9244
9244
9244
9245
9245
9245
9246
9246
9247
9247
9247
9247
9247
9248
9248
9249
9249
9249
9250
Round #9250 (Experiment = PIF_CIFAR10_[1.0, 0.3, 0.1]1.0__asyn__recover_con_fedasyn_niid__n__50_____ft_esc).
fed_avg Loss/acc (at round #9250) = 0.8912156149744987/0.8509   Loss/acc=0.8912156149744987/0.8509
the density is 1.00,1.00,1.00,1.00,1.00,1.00,1.00,1.00,1.00,1.00
Elapsed time = 227071.58043335646
self.train_number :[9250, 9250, 3913, 3904, 3907, 3904, 2600, 2591, 2597, 2602]
client_acc :0.82,0.82,0.78,0.79,0.79,0.82,0.81,0.76,0.67,0.70
cluster_acc :0.85,0.85,0.85,0.85,0.85,0.85,0.85,0.85,0.85,0.85
sum_round_time :169.24,168.23,543.28,544.30,544.30,544.30,816.85,816.85,816.85,816.85
sum_down ：19699.25,19313.56,33573.57,32452.15,33400.44,32652.32,56040.78,56018.03,55948.73,56125.82
sum_train ：618.09,614.14,262.59,261.39,261.37,261.63,173.16,173.22,174.40,174.67
sum_upload ：65852.35,65827.73,94028.93,93791.80,93950.68,93909.38,156982.95,156648.98,157176.99,156877.87
sum_merge ：228.53
statu 11: client 0 EarlyStopping counter: 3 out of 20, best score is 0.8542, current score is 0.8509
9250
9250
9250
9250
9251
9251
9251
9251
9251
9252
9252
9252
9252
9252
9253
9253
9253
9254
9254
9254
9255
9255
9255
9255
9256
9256
9257
9257
9257
9258
9258
9258
9258
9259
9259
9259
9260
9260
9260
9260
9261
9261
9261
9262
9262
9262
9262
9263
9263
9263
9263
9264
9264
9265
9265
9265
9265
9266
9266
9266
9266
9267
9267
9267
9267
9268
9268
9268
9268
9268
9269
9269
9269
9270
9270
9271
9271
9271
9271
9272
9272
9273
9273
9274
9274
9274
9274
9275
9275
9275
9275
9276
9276
9276
9276
9277
9277
9277
9278
9278
9279
9279
9279
9279
9280
9280
9280
9280
9281
9281
9281
9282
9282
9282
9282
9283
9283
9283
9283
9284
9284
9284
9285
9285
9285
9286
9286
9286
9287
9287
9288
9288
9288
9288
9289
9289
9290
9290
9290
9290
9291
9291
9291
9291
9292
9292
9292
9293
9293
9293
9293
9294
9294
9294
9294
9295
9295
9295
9295
9296
9296
9297
9297
9297
9298
9298
9298
9298
9299
9299
9299
9299
9300
Round #9300 (Experiment = PIF_CIFAR10_[1.0, 0.3, 0.1]1.0__asyn__recover_con_fedasyn_niid__n__50_____ft_esc).
fed_avg Loss/acc (at round #9300) = 0.8359021246433258/0.8541   Loss/acc=0.8359021246433258/0.8541
the density is 1.00,1.00,1.00,1.00,1.00,1.00,1.00,1.00,1.00,1.00
Elapsed time = 228391.21339668546
self.train_number :[9300, 9301, 3937, 3928, 3931, 3928, 2615, 2605, 2611, 2617]
client_acc :0.84,0.85,0.78,0.79,0.79,0.82,0.81,0.76,0.67,0.70
cluster_acc :0.85,0.85,0.85,0.85,0.85,0.85,0.85,0.85,0.85,0.85
sum_round_time :391.82,391.82,585.93,585.93,585.93,585.93,850.54,913.89,913.89,850.54
sum_down ：19846.73,19412.78,33762.97,32592.39,33594.95,32845.75,56363.61,56318.16,56250.28,56449.12
sum_train ：621.23,617.27,264.05,262.87,262.88,263.13,174.07,174.09,175.24,175.59
sum_upload ：66207.43,66192.51,94579.89,94347.91,94505.73,94464.11,157922.35,157579.45,158102.50,157846.99
sum_merge ：229.56
statu 11: client 0 EarlyStopping counter: 4 out of 20, best score is 0.8542, current score is 0.8541
9300
9300
9300
9300
9300
9301
9301
9301
9301
9302
9302
9302
9302
9303
9303
9304
9304
9304
9305
9305
9306
9306
9307
9307
9307
9307
9308
9308
9308
9308
9309
9309
9309
9310
9310
9310
9310
9311
9311
9311
9312
9312
9312
9312
9313
9313
9313
9313
9314
9314
9314
9315
9315
9315
9316
9316
9316
9316
9317
9317
9317
9317
9318
9318
9318
9319
9319
9319
9319
9319
9320
9320
9320
9320
9321
9321
9321
9321
9321
9322
9322
9322
9322
9322
9323
9323
9323
9323
9323
9324
9324
9324
9324
9325
9325
9325
9326
9326
9326
9326
9327
9327
9327
9327
9328
9328
9328
9328
9328
9329
9329
9330
9330
9330
9331
9331
9331
9332
9332
9332
9333
9333
9334
9334
9334
9334
9334
9335
9335
9335
9335
9335
9336
9336
9336
9336
9337
9337
9337
9337
9338
9338
9339
9339
9339
9339
9340
9340
9341
9341
9341
9341
9342
9342
9342
9343
9343
9344
9344
9344
9344
9344
9345
9345
9346
9346
9346
9346
9347
9347
9347
9347
9348
9348
9349
9349
9349
9349
9349
9350
Round #9350 (Experiment = PIF_CIFAR10_[1.0, 0.3, 0.1]1.0__asyn__recover_con_fedasyn_niid__n__50_____ft_esc).
fed_avg Loss/acc (at round #9350) = 0.8261627703905106/0.8545   Loss/acc=0.8261627703905106/0.8545
the density is 1.00,1.00,1.00,1.00,1.00,1.00,1.00,1.00,1.00,1.00
Elapsed time = 229627.18044281827
self.train_number :[9350, 9351, 3958, 3949, 3952, 3949, 2630, 2620, 2626, 2632]
client_acc :0.84,0.85,0.78,0.79,0.79,0.82,0.81,0.76,0.67,0.70
cluster_acc :0.85,0.85,0.85,0.85,0.85,0.85,0.85,0.85,0.85,0.85
sum_round_time :165.93,165.93,521.13,521.13,521.13,521.13,888.70,888.70,888.70,888.70
sum_down ：19944.32,19510.35,33890.44,32712.28,33722.65,32963.65,56675.58,56635.01,56567.62,56766.24
sum_train ：624.26,620.29,265.36,264.17,264.20,264.42,174.98,175.01,176.13,176.50
sum_upload ：66562.89,66547.55,95079.49,94849.42,95011.74,94966.49,158766.96,158432.39,158928.00,158692.37
sum_merge ：230.55
9350
9350
9351
9351
9351
9352
9353
9353
9353
9354
9354
9354
9354
9355
9355
9355
9355
9356
9356
9356
9357
9357
9358
9358
9358
9359
9359
9359
9359
9360
9360
9361
9361
9361
9361
9362
9362
9362
9362
9363
9363
9363
9364
9364
9364
9364
9364
9365
9365
9366
9366
9367
9368
9368
9368
9369
9369
9369
9369
9370
9370
9371
9371
9371
9371
9372
9372
9372
9372
9372
9373
9373
9374
9374
9374
9374
9375
9375
9375
9375
9376
9376
9377
9377
9378
9378
9378
9378
9378
9379
9379
9379
9379
9380
9380
9380
9381
9381
9381
9381
9382
9382
9382
9382
9383
9383
9383
9383
9383
9384
9384
9384
9385
9385
9385
9385
9386
9386
9386
9386
9387
9387
9387
9387
9388
9388
9388
9389
9390
9390
9390
9390
9391
9391
9391
9391
9392
9392
9392
9392
9393
9393
9393
9394
9394
9395
9395
9395
9395
9396
9396
9396
9396
9397
9397
9397
9397
9398
9398
9398
9398
9399
9399
9399
9399
9400
Round #9400 (Experiment = PIF_CIFAR10_[1.0, 0.3, 0.1]1.0__asyn__recover_con_fedasyn_niid__n__50_____ft_esc).
fed_avg Loss/acc (at round #9400) = 0.8387454748153687/0.85   Loss/acc=0.8387454748153687/0.85
the density is 1.00,1.00,1.00,1.00,1.00,1.00,1.00,1.00,1.00,1.00
Elapsed time = 230719.5881253588
self.train_number :[9400, 9400, 3977, 3968, 3971, 3968, 2642, 2632, 2639, 2645]
client_acc :0.84,0.85,0.78,0.79,0.79,0.82,0.81,0.76,0.67,0.70
cluster_acc :0.85,0.85,0.85,0.85,0.85,0.85,0.85,0.85,0.85,0.85
sum_round_time :334.91,337.78,487.43,487.43,487.43,487.43,878.38,878.38,856.13,856.13
sum_down ：20041.85,19659.16,34003.92,32889.55,33901.90,33150.59,56930.81,56891.05,56844.22,57040.53
sum_train ：627.36,623.29,266.56,265.37,265.36,265.58,175.72,175.76,176.93,177.34
sum_upload ：66919.12,66898.84,95543.90,95311.05,95473.44,95427.47,159470.60,159139.96,159715.46,159482.86
sum_merge ：231.50
statu 11: client 0 EarlyStopping counter: 1 out of 20, best score is 0.8545, current score is 0.85
9400
9400
9401
9401
9401
9401
9402
9402
9402
9403
9403
9404
9404
9404
9404
9405
9405
9406
9406
9406
9407
9407
9408
9408
9408
9408
9409
9409
9409
9410
9410
9411
9411
9411
9412
9412
9412
9412
9412
9413
9413
9413
9414
9414
9414
9414
9415
9415
9415
9416
9416
9417
9417
9417
9417
9418
9418
9419
9419
9419
9420
9420
9421
9421
9421
9421
9422
9422
9422
9423
9423
9423
9424
9424
9424
9424
9425
9425
9425
9425
9425
9426
9426
9426
9426
9427
9427
9427
9428
9428
9428
9428
9429
9429
9429
9430
9430
9430
9430
9430
9431
9431
9432
9432
9432
9433
9433
9433
9433
9434
9434
9434
9434
9435
9435
9435
9435
9436
9436
9436
9436
9436
9436
9437
9437
9437
9437
9437
9438
9438
9438
9438
9438
9439
9439
9439
9439
9440
9440
9440
9440
9441
9441
9442
9442
9442
9443
9443
9444
9444
9445
9446
9446
9446
9446
9447
9447
9447
9448
9448
9448
9448
9449
9449
9449
9449
9450
Round #9450 (Experiment = PIF_CIFAR10_[1.0, 0.3, 0.1]1.0__asyn__recover_con_fedasyn_niid__n__50_____ft_esc).
fed_avg Loss/acc (at round #9450) = 0.8223989456892014/0.8552   Loss/acc=0.8223989456892014/0.8552
the density is 1.00,1.00,1.00,1.00,1.00,1.00,1.00,1.00,1.00,1.00
Elapsed time = 231900.41748092885
self.train_number :[9450, 9450, 3998, 3989, 3992, 3989, 2654, 2644, 2652, 2657]
client_acc :0.84,0.85,0.78,0.79,0.79,0.82,0.81,0.76,0.67,0.70
cluster_acc :0.86,0.86,0.86,0.86,0.86,0.86,0.86,0.86,0.86,0.86
sum_round_time :181.20,181.20,535.58,535.58,535.58,535.58,968.00,930.66,929.64,929.64
sum_down ：20163.11,19819.70,34136.00,33010.59,34022.03,33278.09,57244.13,57208.49,57175.46,57353.38
sum_train ：630.41,626.29,267.84,266.65,266.64,266.88,176.48,176.49,177.74,178.07
sum_upload ：67274.60,67252.03,96052.58,95811.73,95981.45,95938.88,160271.50,159952.39,160486.75,160248.82
sum_merge ：232.46
9450
9450
9450
9451
9451
9451
9452
9452
9452
9452
9453
9453
9453
9453
9453
9454
9454
9454
9455
9455
9455
9455
9456
9456
9456
9456
9457
9457
9457
9457
9458
9458
9458
9458
9458
9459
9459
9459
9459
9460
9460
9460
9460
9461
9461
9461
9461
9462
9462
9462
9463
9463
9464
9464
9464
9464
9465
9465
9465
9465
9466
9466
9466
9467
9467
9468
9468
9468
9468
9469
9469
9469
9470
9470
9471
9471
9471
9471
9472
9472
9472
9472
9473
9473
9473
9473
9474
9474
9474
9474
9475
9475
9475
9476
9476
9476
9477
9477
9478
9478
9479
9479
9480
9480
9480
9480
9481
9481
9481
9481
9481
9482
9482
9483
9483
9483
9484
9484
9485
9485
9486
9486
9486
9486
9486
9487
9487
9487
9487
9488
9488
9489
9489
9489
9490
9490
9491
9491
9492
9492
9492
9492
9493
9493
9493
9494
9494
9495
9495
9496
9496
9496
9497
9497
9497
9498
9498
9498
9499
9499
9499
9499
9500
Round #9500 (Experiment = PIF_CIFAR10_[1.0, 0.3, 0.1]1.0__asyn__recover_con_fedasyn_niid__n__50_____ft_esc).
fed_avg Loss/acc (at round #9500) = 0.8352858424186707/0.8539   Loss/acc=0.8352858424186707/0.8539
the density is 1.00,1.00,1.00,1.00,1.00,1.00,1.00,1.00,1.00,1.00
Elapsed time = 233127.61122513717
self.train_number :[9500, 9501, 4021, 4012, 4015, 4012, 2667, 2657, 2665, 2670]
client_acc :0.84,0.85,0.80,0.81,0.73,0.79,0.81,0.76,0.67,0.70
cluster_acc :0.85,0.85,0.85,0.85,0.85,0.85,0.85,0.85,0.85,0.85
sum_round_time :236.74,236.74,469.04,469.04,469.04,469.04,880.16,880.16,880.16,880.16
sum_down ：20310.63,19919.22,34324.08,33196.50,34160.94,33460.79,57556.44,57522.68,57489.72,57668.74
sum_train ：633.41,629.40,269.27,268.06,268.04,268.30,177.25,177.28,178.54,178.83
sum_upload ：67631.42,67613.33,96605.10,96361.43,96539.35,96492.67,161110.95,160784.95,161324.23,161095.69
sum_merge ：233.44
statu 11: client 0 EarlyStopping counter: 1 out of 20, best score is 0.8552, current score is 0.8539
statu 11: client 5 EarlyStopping counter: 2 out of 10, best score is 0.7966, current score is 0.7336
statu 11: client 6 EarlyStopping counter: 1 out of 10, best score is 0.8174, current score is 0.7886
9500
9500
9500
9501
9501
9501
9502
9502
9502
9502
9503
9503
9503
9504
9504
9504
9504
9505
9505
9506
9506
9506
9506
9507
9507
9507
9508
9508
9509
9509
9509
9509
9510
9510
9511
9511
9511
9511
9512
9512
9512
9512
9512
9513
9513
9513
9514
9514
9514
9514
9514
9514
9515
9515
9516
9516
9517
9517
9517
9517
9518
9518
9518
9519
9519
9519
9520
9520
9520
9520
9520
9521
9521
9522
9522
9522
9523
9523
9523
9524
9524
9524
9525
9525
9526
9526
9526
9526
9527
9527
9527
9527
9528
9528
9528
9528
9528
9529
9529
9529
9529
9530
9530
9531
9531
9531
9531
9532
9532
9532
9532
9532
9533
9533
9533
9533
9534
9534
9534
9535
9535
9535
9535
9536
9536
9536
9537
9537
9537
9538
9538
9539
9539
9539
9540
9540
9540
9540
9541
9541
9541
9542
9542
9542
9542
9543
9543
9543
9543
9544
9544
9544
9544
9544
9545
9545
9545
9545
9546
9546
9546
9546
9546
9547
9547
9547
9547
9548
9548
9548
9549
9549
9550
Round #9550 (Experiment = PIF_CIFAR10_[1.0, 0.3, 0.1]1.0__asyn__recover_con_fedasyn_niid__n__50_____ft_esc).
fed_avg Loss/acc (at round #9550) = 0.8247787728905678/0.8558   Loss/acc=0.8247787728905678/0.8558
the density is 1.00,1.00,1.00,1.00,1.00,1.00,1.00,1.00,1.00,1.00
Elapsed time = 234330.7540782666
self.train_number :[9550, 9551, 4042, 4033, 4036, 4033, 2682, 2672, 2680, 2685]
client_acc :0.82,0.85,0.80,0.81,0.73,0.79,0.81,0.76,0.67,0.70
cluster_acc :0.86,0.86,0.86,0.86,0.86,0.86,0.86,0.86,0.86,0.86
sum_round_time :273.37,273.37,603.58,603.58,603.58,603.58,826.02,826.02,826.02,826.02
sum_down ：20408.36,20016.86,34446.16,33331.23,34288.83,33591.38,57861.23,57825.53,57794.04,57974.52
sum_train ：636.50,632.52,270.57,269.39,269.34,269.60,178.22,178.23,179.48,179.77
sum_upload ：67988.11,67969.09,97133.26,96888.87,97071.50,97020.51,161944.18,161614.79,162179.94,161948.63
sum_merge ：234.43
statu 11: client 1 EarlyStopping counter: 1 out of 10, best score is 0.8433, current score is 0.8178
9550
9550
9550
9550
9551
9551
9552
9552
9552
9553
9553
9553
9553
9554
9554
9555
9555
9555
9555
9556
9556
9556
9556
9557
9557
9557
9557
9558
9558
9558
9558
9558
9559
9559
9560
9560
9560
9561
9561
9561
9562
9562
9562
9562
9563
9563
9563
9564
9564
9564
9564
9565
9565
9565
9565
9566
9566
9566
9566
9567
9567
9567
9567
9568
9568
9568
9568
9569
9569
9569
9570
9570
9570
9570
9570
9571
9571
9572
9572
9572
9573
9573
9574
9574
9574
9575
9575
9575
9575
9576
9576
9577
9577
9577
9577
9577
9578
9578
9578
9578
9579
9579
9579
9580
9580
9580
9580
9580
9580
9581
9581
9581
9581
9582
9582
9582
9582
9583
9583
9583
9583
9584
9584
9584
9584
9584
9585
9585
9585
9585
9586
9586
9586
9587
9587
9588
9588
9588
9588
9589
9589
9589
9589
9590
9590
9590
9590
9591
9591
9591
9592
9592
9592
9592
9592
9593
9593
9593
9594
9594
9595
9595
9595
9595
9596
9596
9596
9596
9597
9597
9597
9598
9598
9598
9599
9599
9599
9599
9600
Round #9600 (Experiment = PIF_CIFAR10_[1.0, 0.3, 0.1]1.0__asyn__recover_con_fedasyn_niid__n__50_____ft_esc).
fed_avg Loss/acc (at round #9600) = 0.8468643203377724/0.8557   Loss/acc=0.8468643203377724/0.8557
the density is 1.00,1.00,1.00,1.00,1.00,1.00,1.00,1.00,1.00,1.00
Elapsed time = 235673.28278072077
self.train_number :[9600, 9602, 4063, 4054, 4057, 4054, 2696, 2687, 2695, 2699]
client_acc :0.82,0.85,0.80,0.81,0.73,0.79,0.81,0.76,0.67,0.70
cluster_acc :0.86,0.86,0.86,0.86,0.86,0.86,0.86,0.86,0.86,0.86
sum_round_time :347.85,277.47,590.63,590.63,591.64,591.64,946.51,859.64,859.64,946.51
sum_down ：20556.86,20116.12,34715.63,33500.21,34513.86,33813.98,58157.99,58135.33,58106.36,58273.85
sum_train ：639.51,635.58,271.86,270.67,270.61,270.86,179.10,179.14,180.38,180.63
sum_upload ：68343.73,68334.30,97638.21,97395.50,97583.79,97528.48,162906.24,162540.36,163123.85,162924.82
sum_merge ：235.38
statu 11: client 0 EarlyStopping counter: 1 out of 20, best score is 0.8558, current score is 0.8557
9600
9600
9600
9600
9601
9601
9601
9601
9602
9602
9602
9602
9603
9603
9603
9604
9604
9605
9605
9605
9605
9605
9606
9606
9606
9607
9607
9607
9607
9608
9608
9608
9608
9609
9609
9610
9611
9611
9611
9612
9612
9612
9612
9613
9613
9613
9614
9615
9615
9615
9615
9616
9616
9616
9616
9617
9617
9617
9618
9618
9618
9619
9619
9619
9619
9620
9620
9620
9621
9621
9621
9622
9622
9622
9622
9623
9623
9624
9624
9624
9624
9625
9625
9625
9625
9626
9626
9627
9627
9627
9628
9628
9628
9629
9629
9629
9629
9630
9630
9630
9630
9631
9631
9631
9632
9632
9633
9633
9633
9634
9634
9634
9635
9635
9635
9635
9636
9636
9636
9636
9637
9637
9637
9637
9638
9638
9639
9639
9639
9639
9640
9640
9640
9641
9641
9641
9641
9641
9642
9642
9642
9643
9643
9643
9644
9644
9644
9644
9644
9645
9645
9645
9645
9646
9646
9646
9647
9647
9647
9647
9647
9648
9648
9648
9648
9649
9649
9649
9649
9650
Round #9650 (Experiment = PIF_CIFAR10_[1.0, 0.3, 0.1]1.0__asyn__recover_con_fedasyn_niid__n__50_____ft_esc).
fed_avg Loss/acc (at round #9650) = 0.8186820521950722/0.853   Loss/acc=0.8186820521950722/0.853
the density is 1.00,1.00,1.00,1.00,1.00,1.00,1.00,1.00,1.00,1.00
Elapsed time = 237073.50015946708
self.train_number :[9650, 9652, 4083, 4074, 4077, 4074, 2713, 2704, 2712, 2716]
client_acc :0.82,0.85,0.80,0.81,0.73,0.79,0.81,0.76,0.67,0.70
cluster_acc :0.85,0.85,0.85,0.85,0.85,0.85,0.85,0.85,0.85,0.85
sum_round_time :259.74,259.74,662.67,662.67,662.67,662.67,863.04,863.04,863.04,863.04
sum_down ：20653.89,20212.99,34990.95,33801.73,34659.63,34112.11,58526.20,58503.07,58470.61,58636.68
sum_train ：642.61,638.57,273.08,271.92,271.83,272.09,180.15,180.16,181.40,181.65
sum_upload ：68700.24,68689.91,98092.58,97854.65,98041.98,97984.60,163875.18,163509.60,164075.78,163841.84
sum_merge ：236.32
statu 11: client 0 EarlyStopping counter: 2 out of 20, best score is 0.8558, current score is 0.853
9650
9650
9651
9651
9652
9652
9652
9653
9653
9653
9653
9653
9654
9654
9655
9655
9655
9655
9656
9656
9656
9656
9657
9657
9657
9657
9658
9658
9658
9658
9659
9659
9660
9660
9661
9661
9661
9662
9662
9662
9662
9663
9663
9663
9663
9664
9664
9664
9664
9665
9665
9665
9666
9666
9666
9666
9666
9667
9667
9667
9667
9668
9668
9668
9669
9669
9670
9670
9670
9671
9671
9671
9671
9672
9672
9672
9672
9673
9673
9673
9673
9674
9674
9674
9675
9675
9675
9675
9675
9676
9676
9676
9677
9677
9677
9677
9678
9678
9679
9679
9679
9679
9680
9680
9680
9680
9681
9681
9682
9682
9682
9683
9683
9683
9684
9684
9684
9684
9685
9685
9685
9686
9687
9687
9687
9687
9688
9688
9688
9688
9689
9689
9689
9690
9690
9690
9690
9690
9691
9691
9691
9691
9692
9692
9692
9693
9693
9694
9694
9694
9694
9695
9695
9695
9695
9696
9696
9696
9697
9697
9697
9697
9698
9698
9698
9699
9699
9700
Round #9700 (Experiment = PIF_CIFAR10_[1.0, 0.3, 0.1]1.0__asyn__recover_con_fedasyn_niid__n__50_____ft_esc).
fed_avg Loss/acc (at round #9700) = 0.8331061154603958/0.8522   Loss/acc=0.8331061154603958/0.8522
the density is 1.00,1.00,1.00,1.00,1.00,1.00,1.00,1.00,1.00,1.00
Elapsed time = 238335.27371264814
self.train_number :[9700, 9702, 4103, 4094, 4096, 4094, 2727, 2717, 2726, 2729]
client_acc :0.82,0.85,0.80,0.81,0.73,0.79,0.81,0.76,0.67,0.70
cluster_acc :0.85,0.85,0.85,0.85,0.85,0.85,0.85,0.85,0.85,0.85
sum_round_time :253.94,253.94,551.98,551.98,603.29,551.98,876.69,876.69,876.69,876.69
sum_down ：20751.36,20310.63,35207.92,34066.18,34826.21,34330.08,58822.16,58781.95,58765.11,58920.67
sum_train ：645.66,641.64,274.31,273.14,272.97,273.32,181.02,180.98,182.27,182.46
sum_upload ：69054.35,69043.74,98602.61,98366.46,98527.03,98491.94,164762.24,164364.25,164971.89,164695.42
sum_merge ：237.29
statu 11: client 0 EarlyStopping counter: 3 out of 20, best score is 0.8558, current score is 0.8522
9700
9700
9700
9700
9701
9701
9701
9701
9702
9702
9702
9702
9703
9703
9703
9703
9704
9704
9704
9705
9705
9705
9706
9706
9706
9706
9707
9707
9707
9708
9708
9708
9709
9709
9709
9710
9710
9710
9711
9711
9712
9712
9712
9713
9713
9714
9714
9714
9714
9714
9715
9715
9715
9715
9716
9716
9716
9717
9717
9717
9717
9718
9718
9718
9718
9718
9719
9719
9719
9719
9720
9720
9721
9721
9721
9721
9722
9722
9723
9723
9723
9724
9724
9724
9724
9725
9725
9725
9726
9726
9726
9726
9726
9727
9727
9727
9727
9728
9728
9729
9729
9729
9729
9729
9730
9730
9731
9731
9732
9732
9733
9733
9733
9734
9734
9734
9735
9735
9735
9736
9736
9736
9736
9737
9737
9738
9738
9739
9739
9739
9740
9740
9740
9740
9741
9741
9741
9742
9743
9743
9743
9743
9744
9744
9744
9744
9745
9745
9746
9747
9747
9747
9748
9748
9748
9748
9749
9749
9749
9750
Round #9750 (Experiment = PIF_CIFAR10_[1.0, 0.3, 0.1]1.0__asyn__recover_con_fedasyn_niid__n__50_____ft_esc).
fed_avg Loss/acc (at round #9750) = 0.8197712004184723/0.8602   Loss/acc=0.8197712004184723/0.8602
the density is 1.00,1.00,1.00,1.00,1.00,1.00,1.00,1.00,1.00,1.00
Elapsed time = 239290.61955342855
self.train_number :[9750, 9752, 4120, 4113, 4115, 4114, 2737, 2728, 2736, 2739]
client_acc :0.82,0.84,0.80,0.81,0.73,0.79,0.81,0.76,0.67,0.70
cluster_acc :0.86,0.86,0.86,0.86,0.86,0.86,0.86,0.86,0.86,0.86
sum_round_time :190.56,190.56,662.24,590.41,590.41,589.40,948.67,824.09,948.67,948.67
sum_down ：20849.16,20408.55,35405.69,34238.10,35148.24,34626.63,59073.98,59005.05,58962.69,59165.22
sum_train ：648.74,644.67,275.38,274.32,274.14,274.53,181.63,181.67,182.88,183.05
sum_upload ：69411.49,69397.82,99019.69,98824.66,98950.02,98947.48,165383.74,165038.30,165579.08,165310.48
sum_merge ：238.15
statu 11: client 2 EarlyStopping counter: 1 out of 10, best score is 0.8485, current score is 0.8389
9750
9750
9750
9751
9751
9751
9751
9752
9752
9752
9753
9753
9753
9753
9754
9754
9755
9755
9755
9755
9756
9756
9756
9756
9756
9757
9757
9758
9758
9758
9759
9759
9760
9760
9761
9761
9761
9761
9761
9762
9762
9763
9763
9763
9763
9764
9764
9764
9764
9765
9765
9766
9766
9766
9766
9767
9767
9767
9767
9768
9768
9768
9768
9769
9769
9769
9769
9770
9770
9771
9771
9771
9772
9772
9772
9772
9772
9773
9773
9774
9774
9774
9774
9775
9775
9775
9775
9776
9776
9777
9777
9777
9778
9778
9778
9778
9778
9779
9779
9779
9779
9780
9780
9780
9781
9781
9781
9781
9782
9782
9782
9782
9783
9783
9783
9783
9784
9784
9784
9785
9785
9785
9785
9786
9786
9786
9786
9787
9787
9787
9788
9788
9788
9789
9789
9790
9790
9790
9791
9791
9791
9791
9791
9792
9792
9793
9793
9794
9794
9794
9794
9795
9795
9795
9795
9796
9796
9796
9797
9797
9797
9797
9797
9797
9798
9798
9798
9798
9799
9799
9799
9800
Round #9800 (Experiment = PIF_CIFAR10_[1.0, 0.3, 0.1]1.0__asyn__recover_con_fedasyn_niid__n__50_____ft_esc).
fed_avg Loss/acc (at round #9800) = 0.8431513607501984/0.8544   Loss/acc=0.8431513607501984/0.8544
the density is 1.00,1.00,1.00,1.00,1.00,1.00,1.00,1.00,1.00,1.00
Elapsed time = 240455.52697439553
self.train_number :[9800, 9802, 4142, 4135, 4136, 4135, 2750, 2742, 2750, 2752]
client_acc :0.84,0.84,0.80,0.81,0.73,0.79,0.81,0.76,0.67,0.76
cluster_acc :0.85,0.85,0.85,0.85,0.85,0.85,0.85,0.85,0.85,0.85
sum_round_time :149.94,149.94,506.54,507.55,506.54,507.55,936.11,888.30,888.30,936.11
sum_down ：20947.35,20506.90,35539.15,34376.97,35280.35,34752.39,59356.94,59307.41,59268.28,59449.39
sum_train ：651.78,647.68,276.73,275.71,275.40,275.80,182.41,182.55,183.74,183.85
sum_upload ：69766.59,69753.54,99527.70,99327.55,99451.86,99450.88,166151.44,165826.87,166349.61,166098.49
sum_merge ：239.09
statu 11: client 0 EarlyStopping counter: 1 out of 20, best score is 0.8602, current score is 0.8544
statu 11: client 1 EarlyStopping counter: 2 out of 10, best score is 0.8433, current score is 0.8397
statu 11: client 10 EarlyStopping counter: 3 out of 10, best score is 0.7665, current score is 0.7552
9800
9800
9800
9800
9801
9801
9801
9801
9801
9801
9802
9802
9803
9803
9803
9804
9804
9804
9804
9805
9805
9805
9805
9805
9806
9806
9807
9807
9807
9807
9808
9808
9808
9808
9809
9809
9809
9810
9810
9810
9810
9811
9811
9811
9811
9811
9812
9812
9812
9813
9813
9813
9813
9814
9814
9814
9814
9815
9815
9815
9815
9816
9816
9817
9817
9817
9817
9818
9818
9818
9819
9819
9819
9820
9820
9820
9820
9820
9821
9821
9822
9822
9823
9824
9824
9824
9825
9825
9825
9825
9826
9826
9827
9827
9827
9828
9828
9828
9828
9828
9829
9829
9829
9829
9830
9830
9830
9830
9831
9831
9832
9832
9832
9832
9833
9833
9833
9833
9834
9834
9834
9834
9834
9834
9835
9835
9835
9836
9836
9837
9837
9838
9838
9838
9839
9839
9839
9839
9840
9840
9841
9841
9841
9842
9842
9842
9842
9843
9843
9844
9844
9845
9845
9845
9846
9846
9846
9847
9847
9847
9847
9848
9848
9848
9848
9849
9849
9850
Round #9850 (Experiment = PIF_CIFAR10_[1.0, 0.3, 0.1]1.0__asyn__recover_con_fedasyn_niid__n__50_____ft_esc).
fed_avg Loss/acc (at round #9850) = 0.8528512120246887/0.8553   Loss/acc=0.8528512120246887/0.8553
the density is 1.00,1.00,1.00,1.00,1.00,1.00,1.00,1.00,1.00,1.00
Elapsed time = 241703.29856654172
self.train_number :[9850, 9851, 4162, 4155, 4156, 4155, 2764, 2756, 2764, 2766]
client_acc :0.84,0.84,0.80,0.81,0.73,0.79,0.80,0.71,0.79,0.76
cluster_acc :0.86,0.86,0.86,0.86,0.86,0.86,0.86,0.86,0.86,0.86
sum_round_time :264.23,264.23,655.76,655.76,655.76,655.76,894.21,894.21,894.21,894.21
sum_down ：21045.08,20622.53,35710.90,34616.38,35518.92,34934.95,59662.96,59611.84,59577.57,59755.06
sum_train ：654.96,650.74,277.98,277.02,276.66,277.05,183.29,183.44,184.61,184.71
sum_upload ：70121.35,70101.03,100027.73,99835.58,99958.05,99956.95,167001.61,166690.10,167217.55,166927.98
sum_merge ：240.06
statu 11: client 0 EarlyStopping counter: 2 out of 20, best score is 0.8602, current score is 0.8553
statu 11: client 7 EarlyStopping counter: 1 out of 10, best score is 0.8074, current score is 0.7961
statu 11: client 8 EarlyStopping counter: 5 out of 10, best score is 0.7895, current score is 0.7115
9850
9850
9850
9850
9851
9851
9852
9852
9853
9853
9854
9854
9854
9855
9855
9855
9855
9856
9856
9856
9856
9857
9857
9857
9857
9857
9858
9858
9859
9859
9859
9859
9860
9860
9860
9861
9861
9861
9862
9862
9863
9863
9863
9863
9864
9864
9864
9865
9865
9865
9866
9866
9866
9867
9867
9867
9868
9868
9868
9868
9868
9869
9869
9869
9869
9870
9870
9871
9871
9871
9871
9872
9872
9873
9873
9874
9874
9874
9874
9875
9875
9875
9876
9876
9876
9876
9877
9877
9877
9877
9878
9878
9879
9879
9879
9879
9880
9880
9880
9880
9881
9881
9881
9881
9881
9882
9882
9882
9882
9882
9883
9883
9883
9884
9884
9884
9884
9884
9885
9885
9885
9885
9885
9886
9886
9886
9887
9887
9887
9888
9888
9888
9888
9889
9889
9889
9890
9890
9890
9891
9891
9891
9891
9892
9892
9893
9893
9893
9893
9894
9894
9894
9895
9895
9895
9896
9896
9896
9896
9897
9897
9898
9898
9898
9898
9899
9899
9899
9899
9899
9900
Round #9900 (Experiment = PIF_CIFAR10_[1.0, 0.3, 0.1]1.0__asyn__recover_con_fedasyn_niid__n__50_____ft_esc).
fed_avg Loss/acc (at round #9900) = 0.8313418105244637/0.8576   Loss/acc=0.8313418105244637/0.8576
the density is 1.00,1.00,1.00,1.00,1.00,1.00,1.00,1.00,1.00,1.00
Elapsed time = 242962.8319739835
self.train_number :[9900, 9901, 4183, 4176, 4177, 4176, 2779, 2771, 2779, 2781]
client_acc :0.84,0.84,0.80,0.81,0.73,0.79,0.80,0.71,0.79,0.76
cluster_acc :0.86,0.86,0.86,0.86,0.86,0.86,0.86,0.86,0.86,0.86
sum_round_time :348.04,348.04,692.86,692.86,692.86,692.86,871.70,871.70,871.70,871.70
sum_down ：21142.96,20721.60,35854.79,34762.60,35667.77,35058.55,59970.77,59924.55,59884.56,60068.12
sum_train ：658.03,653.78,279.26,278.32,277.89,278.29,184.23,184.34,185.52,185.60
sum_upload ：70478.28,70458.57,100518.34,100322.61,100437.90,100439.07,167891.78,167565.84,168113.38,167816.81
sum_merge ：241.00
statu 11: client 0 EarlyStopping counter: 3 out of 20, best score is 0.8602, current score is 0.8576
9900
9900
9901
9901
9901
9901
9902
9902
9902
9902
9903
9903
9903
9903
9904
9904
9904
9905
9905
9905
9905
9906
9906
9906
9906
9907
9907
9908
9908
9908
9908
9909
9909
9909
9909
9910
9910
9910
9910
9911
9911
9911
9911
9912
9912
9912
9913
9913
9913
9913
9914
9914
9915
9915
9915
9915
9916
9916
9916
9917
9917
9917
9917
9918
9918
9918
9919
9919
9919
9919
9920
9920
9920
9920
9921
9921
9922
9922
9922
9922
9923
9923
9923
9924
9924
9924
9924
9925
9925
9925
9926
9926
9926
9927
9927
9927
9927
9927
9928
9928
9928
9929
9929
9930
9930
9930
9930
9930
9931
9931
9932
9932
9933
9933
9933
9933
9933
9934
9934
9934
9934
9935
9935
9935
9935
9935
9936
9936
9936
9936
9937
9937
9938
9938
9938
9938
9939
9939
9939
9940
9940
9941
9941
9941
9941
9941
9942
9942
9942
9942
9942
9943
9943
9943
9943
9944
9944
9945
9945
9945
9945
9945
9946
9946
9946
9947
9947
9947
9948
9948
9948
9948
9949
9949
9950
Round #9950 (Experiment = PIF_CIFAR10_[1.0, 0.3, 0.1]1.0__asyn__recover_con_fedasyn_niid__n__50_____ft_esc).
fed_avg Loss/acc (at round #9950) = 0.8476021364331245/0.8549   Loss/acc=0.8476021364331245/0.8549
the density is 1.00,1.00,1.00,1.00,1.00,1.00,1.00,1.00,1.00,1.00
Elapsed time = 244404.41889844075
self.train_number :[9950, 9951, 4203, 4196, 4197, 4196, 2796, 2788, 2795, 2797]
client_acc :0.84,0.84,0.80,0.81,0.73,0.79,0.80,0.71,0.79,0.76
cluster_acc :0.85,0.85,0.85,0.85,0.85,0.85,0.85,0.85,0.85,0.85
sum_round_time :178.36,178.36,605.46,605.46,605.46,605.46,859.85,859.85,954.87,954.87
sum_down ：21240.72,20819.46,35968.08,34883.40,35786.45,35173.92,60316.10,60265.47,60211.67,60391.17
sum_train ：661.11,656.83,280.47,279.54,279.15,279.51,185.27,185.38,186.52,186.59
sum_upload ：70832.27,70816.45,101022.59,100828.49,100946.00,100943.21,168902.95,168568.64,169107.65,168848.47
sum_merge ：242.02
statu 11: client 0 EarlyStopping counter: 4 out of 20, best score is 0.8602, current score is 0.8549
9950
9950
9950
9950
9951
9951
9952
9952
9952
9952
9953
9953
9953
9953
9953
9954
9954
9955
9955
9955
9956
9956
9956
9956
9957
9957
9957
9958
9958
9959
9959
9959
9959
9959
9960
9960
9960
9961
9961
9962
9962
9962
9962
9963
9963
9963
9963
9964
9964
9964
9964
9965
9965
9965
9965
9966
9966
9966
9966
9967
9967
9967
9967
9968
9968
9968
9969
9969
9969
9969
9969
9970
9970
9970
9970
9970
9971
9971
9971
9971
9972
9972
9973
9973
9973
9973
9973
9974
9974
9974
9975
9975
9975
9976
9976
9976
9976
9977
9977
9977
9977
9978
9978
9979
9979
9979
9980
9980
9980
9980
9981
9981
9981
9981
9982
9982
9982
9982
9983
9983
9983
9983
9984
9984
9984
9984
9985
9985
9985
9985
9986
9986
9986
9986
9987
9987
9988
9988
9988
9989
9989
9989
9989
9990
9990
9990
9990
9990
9991
9991
9992
9992
9992
9992
9993
9993
9993
9994
9994
9994
9995
9995
9995
9996
9996
9996
9996
9997
9997
9998
9998
9998
9999
9999
10000
Round #10000 (Experiment = PIF_CIFAR10_[1.0, 0.3, 0.1]1.0__asyn__recover_con_fedasyn_niid__n__50_____ft_esc).
fed_avg Loss/acc (at round #10000) = 0.8823763057589531/0.8539   Loss/acc=0.8823763057589531/0.8539
the density is 1.00,1.00,1.00,1.00,1.00,1.00,1.00,1.00,1.00,1.00
Elapsed time = 245544.52074943346
self.train_number :[10000, 10002, 4225, 4218, 4219, 4218, 2809, 2801, 2808, 2810]
client_acc :0.84,0.85,0.80,0.81,0.73,0.79,0.80,0.71,0.79,0.76
cluster_acc :0.85,0.85,0.85,0.85,0.85,0.85,0.85,0.85,0.85,0.85
sum_round_time :220.63,220.63,559.55,559.55,559.55,559.55,873.53,873.53,873.53,873.53
sum_down ：21360.42,20919.66,36097.30,35011.74,35909.80,35310.98,60598.98,60548.92,60501.53,60669.09
sum_train ：664.15,659.91,281.83,280.89,280.50,280.84,186.08,186.16,187.32,187.38
sum_upload ：71187.35,71179.82,101528.30,101336.33,101458.87,101445.40,169667.89,169350.86,169880.42,169623.67
sum_merge ：242.94
statu 11: client 0 EarlyStopping counter: 5 out of 20, best score is 0.8602, current score is 0.8539
statu 11: client 2 EarlyStopping counter: 2 out of 10, best score is 0.8485, current score is 0.8459
10000
10000
10001
10001
10001
10001
10002
10002
10003
10003
10004
10004
10004
10004
10004
10005
10005
10005
10006
10006
10006
10007
10007
10007
10008
10008
10008
10009
10010
10010
10010
10011
10011
10011
10012
10012
10012
10013
10013
10014
10014
10014
10015
10015
10015
10016
10016
10017
10018
10018
10018
10019
10019
10019
10019
10020
10020
10020
10020
10020
10021
10021
10021
10022
10022
10022
10023
10023
10023
10023
10023
10024
10024
10024
10024
10025
10025
10025
10025
10026
10026
10026
10027
10027
10027
10027
10028
10028
10028
10028
10029
10029
10029
10029
10030
10030
10031
10031
10031
10031
10031
10032
10032
10033
10033
10034
10034
10034
10034
10034
10035
10035
10035
10035
10036
10036
10036
10036
10037
10037
10037
10037
10038
10038
10039
10039
10039
10040
10040
10040
10040
10041
10041
10041
10041
10042
10042
10042
10042
10043
10043
10043
10043
10043
10044
10044
10044
10045
10045
10046
10046
10046
10046
10046
10047
10047
10047
10047
10048
10048
10048
10048
10049
10049
10049
10050
Round #10050 (Experiment = PIF_CIFAR10_[1.0, 0.3, 0.1]1.0__asyn__recover_con_fedasyn_niid__n__50_____ft_esc).
fed_avg Loss/acc (at round #10050) = 0.833002083003521/0.8537   Loss/acc=0.833002083003521/0.8537
the density is 1.00,1.00,1.00,1.00,1.00,1.00,1.00,1.00,1.00,1.00
Elapsed time = 246706.18574511417
self.train_number :[10050, 10051, 4246, 4239, 4240, 4239, 2822, 2814, 2821, 2823]
client_acc :0.83,0.85,0.80,0.81,0.73,0.79,0.80,0.71,0.79,0.76
cluster_acc :0.85,0.85,0.85,0.85,0.85,0.85,0.85,0.85,0.85,0.85
sum_round_time :199.10,199.10,517.77,517.77,517.77,517.77,837.80,837.80,837.80,837.80
sum_down ：21457.46,21066.06,36311.45,35234.01,36077.01,35485.95,60890.13,60842.47,60794.36,60967.63
sum_train ：668.39,664.00,283.18,282.23,281.82,282.16,186.89,186.98,188.14,188.20
sum_upload ：71543.31,71529.03,102061.09,101861.34,101990.89,101975.27,170488.91,170175.65,170694.39,170453.45
sum_merge ：243.91
statu 11: client 0 EarlyStopping counter: 6 out of 20, best score is 0.8602, current score is 0.8537
statu 11: client 1 EarlyStopping counter: 3 out of 10, best score is 0.8433, current score is 0.8311
10050
10050
10050
10050
10051
10051
10051
10051
10051
10052
10052
10052
10052
10052
10053
10053
10053
10054
10054
10055
10055
10055
10055
10055
10056
10056
10056
10056
10056
10057
10057
10057
10058
10058
10058
10059
10059
10060
10060
10061
10061
10061
10061
10062
10062
10062
10063
10063
10064
10064
10064
10064
10064
10065
10065
10065
10065
10066
10066
10066
10067
10067
10067
10068
10068
10068
10068
10069
10069
10070
10070
10071
10071
10071
10072
10072
10072
10072
10072
10072
10073
10073
10073
10073
10074
10074
10074
10075
10075
10075
10075
10076
10076
10076
10076
10077
10077
10077
10077
10078
10078
10078
10078
10079
10079
10080
10080
10080
10080
10080
10081
10081
10082
10082
10083
10084
10084
10084
10084
10085
10085
10085
10086
10086
10086
10086
10087
10087
10087
10087
10088
10088
10088
10088
10088
10089
10089
10089
10089
10090
10090
10090
10091
10091
10091
10091
10091
10091
10092
10092
10092
10093
10093
10093
10094
10094
10094
10094
10095
10095
10095
10095
10096
10096
10097
10097
10098
10098
10099
10099
10099
10100
Round #10100 (Experiment = PIF_CIFAR10_[1.0, 0.3, 0.1]1.0__asyn__recover_con_fedasyn_niid__n__50_____ft_esc).
fed_avg Loss/acc (at round #10100) = 0.8221548795700073/0.8578   Loss/acc=0.8221548795700073/0.8578
the density is 1.00,1.00,1.00,1.00,1.00,1.00,1.00,1.00,1.00,1.00
Elapsed time = 248081.81589527417
self.train_number :[10100, 10101, 4265, 4258, 4259, 4258, 2838, 2830, 2837, 2839]
client_acc :0.83,0.85,0.82,0.82,0.80,0.82,0.80,0.71,0.79,0.76
cluster_acc :0.86,0.86,0.86,0.86,0.86,0.86,0.86,0.86,0.86,0.86
sum_round_time :210.16,210.16,646.03,646.03,646.03,646.03,882.21,882.21,882.21,882.21
sum_down ：21555.22,21163.82,36520.77,35396.02,36234.94,35692.15,61214.15,61165.55,61122.57,61291.20
sum_train ：671.61,667.14,284.41,283.43,283.05,283.35,187.96,187.99,189.12,189.23
sum_upload ：71898.39,71886.03,102511.57,102316.67,102456.04,102433.33,171444.37,171111.03,171664.00,171407.66
sum_merge ：244.92
statu 11: client 0 EarlyStopping counter: 7 out of 20, best score is 0.8602, current score is 0.8578
statu 11: client 6 EarlyStopping counter: 2 out of 10, best score is 0.8174, current score is 0.817
10100
10100
10100
10100
10100
10101
10101
10101
10101
10102
10102
10103
10103
10103
10104
10104
10104
10104
10105
10105
10105
10105
10106
10106
10106
10106
10107
10107
10107
10107
10107
10108
10108
10108
10108
10109
10109
10110
10110
10110
10110
10111
10111
10111
10111
10112
10112
10112
10112
10113
10113
10113
10113
10114
10114
10114
10114
10115
10115
10115
10115
10116
10116
10116
10116
10117
10117
10117
10118
10118
10119
10119
10119
10119
10120
10120
10121
10121
10121
10121
10122
10122
10122
10122
10123
10123
10123
10123
10124
10124
10124
10125
10125
10126
10126
10127
10127
10127
10128
10128
10128
10128
10129
10129
10130
10130
10130
10130
10131
10131
10131
10132
10132
10133
10133
10133
10133
10134
10134
10134
10134
10135
10135
10135
10135
10136
10136
10136
10136
10136
10137
10137
10137
10138
10138
10138
10138
10138
10139
10139
10139
10139
10140
10140
10141
10141
10141
10141
10141
10142
10142
10142
10143
10143
10143
10144
10144
10145
10145
10145
10145
10145
10146
10146
10146
10147
10147
10148
10148
10148
10149
10149
10149
10149
10150
Round #10150 (Experiment = PIF_CIFAR10_[1.0, 0.3, 0.1]1.0__asyn__recover_con_fedasyn_niid__n__50_____ft_esc).
fed_avg Loss/acc (at round #10150) = 0.8326926156878471/0.8587   Loss/acc=0.8326926156878471/0.8587
the density is 1.00,1.00,1.00,1.00,1.00,1.00,1.00,1.00,1.00,1.00
Elapsed time = 249367.05164745593
self.train_number :[10150, 10152, 4286, 4279, 4280, 4279, 2852, 2843, 2850, 2853]
client_acc :0.83,0.85,0.82,0.82,0.80,0.82,0.80,0.71,0.79,0.76
cluster_acc :0.86,0.86,0.86,0.86,0.86,0.86,0.86,0.86,0.86,0.86
sum_round_time :189.03,189.03,629.42,629.42,629.42,629.42,865.27,1029.74,1029.74,933.03
sum_down ：21707.05,21263.07,36698.33,35520.70,36411.21,35863.03,61502.79,61441.26,61392.47,61581.52
sum_train ：674.67,670.26,285.68,284.71,284.32,284.62,188.81,188.77,189.92,190.10
sum_upload ：72252.96,72249.47,102988.53,102798.48,102932.53,102914.73,172322.88,171945.39,172590.47,172310.82
sum_merge ：245.91
statu 11: client 0 EarlyStopping counter: 8 out of 20, best score is 0.8602, current score is 0.8587
10150
10150
10150
10150
10150
10151
10151
10151
10151
10152
10152
10152
10152
10153
10153
10153
10154
10154
10154
10154
10155
10155
10155
10155
10156
10156
10156
10156
10157
10157
10157
10157
10158
10158
10158
10158
10159
10159
10159
10159
10159
10160
10160
10160
10160
10161
10161
10162
10162
10162
10163
10163
10163
10163
10164
10164
10164
10164
10165
10165
10165
10165
10166
10166
10166
10167
10167
10167
10167
10167
10168
10168
10168
10169
10169
10170
10170
10170
10170
10171
10171
10171
10172
10172
10172
10173
10173
10173
10173
10174
10174
10174
10175
10175
10175
10175
10175
10176
10176
10176
10177
10177
10177
10177
10177
10178
10178
10178
10179
10179
10179
10179
10179
10180
10180
10180
10181
10181
10182
10182
10182
10182
10183
10183
10183
10183
10184
10184
10185
10185
10185
10185
10185
10186
10186
10186
10186
10187
10187
10187
10188
10188
10188
10189
10189
10189
10189
10190
10190
10191
10191
10192
10192
10192
10192
10193
10193
10193
10194
10194
10195
10195
10195
10195
10195
10195
10196
10196
10197
10197
10197
10198
10198
10198
10198
10199
10199
10199
10200
Round #10200 (Experiment = PIF_CIFAR10_[1.0, 0.3, 0.1]1.0__asyn__recover_con_fedasyn_niid__n__50_____ft_esc).
fed_avg Loss/acc (at round #10200) = 0.8690307587385178/0.8545   Loss/acc=0.8690307587385178/0.8545
the density is 1.00,1.00,1.00,1.00,1.00,1.00,1.00,1.00,1.00,1.00
Elapsed time = 250482.28164245764
self.train_number :[10200, 10202, 4306, 4301, 4301, 4300, 2865, 2856, 2863, 2866]
client_acc :0.83,0.85,0.82,0.82,0.80,0.82,0.80,0.71,0.79,0.76
cluster_acc :0.85,0.85,0.85,0.85,0.85,0.85,0.85,0.85,0.85,0.85
sum_round_time :131.60,131.60,484.55,433.15,484.55,433.15,897.96,897.96,897.96,897.96
sum_down ：21804.87,21360.54,36864.52,35660.04,36582.56,35997.46,61773.42,61711.97,61661.35,61851.34
sum_train ：677.83,673.41,286.98,286.09,285.62,285.92,189.63,189.61,190.72,190.90
sum_upload ：72608.40,72606.74,103488.34,103328.50,103432.11,103434.57,173103.24,172711.68,173365.61,173088.51
sum_merge ：246.84
statu 11: client 0 EarlyStopping counter: 9 out of 20, best score is 0.8602, current score is 0.8545
10200
10200
10200
10200
10201
10201
10202
10202
10202
10202
10202
10202
10203
10203
10204
10204
10204
10204
10205
10205
10205
10205
10206
10206
10207
10207
10208
10208
10208
10208
10209
10209
10209
10209
10210
10210
10210
10210
10211
10211
10211
10211
10212
10212
10212
10213
10213
10213
10214
10214
10214
10215
10215
10215
10216
10216
10216
10216
10216
10217
10217
10217
10217
10218
10218
10219
10219
10219
10220
10220
10220
10220
10220
10221
10221
10222
10222
10223
10223
10223
10223
10223
10224
10224
10224
10224
10225
10225
10226
10226
10227
10228
10228
10228
10229
10229
10229
10229
10230
10230
10230
10230
10231
10231
10231
10231
10232
10232
10232
10232
10233
10233
10233
10233
10234
10234
10234
10234
10234
10235
10235
10235
10236
10236
10236
10237
10237
10237
10237
10237
10238
10238
10238
10239
10239
10239
10239
10240
10240
10240
10240
10241
10241
10242
10242
10242
10242
10242
10243
10243
10243
10243
10244
10244
10244
10245
10245
10245
10245
10245
10246
10246
10246
10246
10247
10247
10247
10247
10248
10248
10248
10248
10249
10249
10249
10249
10249
10250
Round #10250 (Experiment = PIF_CIFAR10_[1.0, 0.3, 0.1]1.0__asyn__recover_con_fedasyn_niid__n__50_____ft_esc).
fed_avg Loss/acc (at round #10250) = 0.8138483986258507/0.8602   Loss/acc=0.8138483986258507/0.8602
the density is 1.00,1.00,1.00,1.00,1.00,1.00,1.00,1.00,1.00,1.00
Elapsed time = 251875.8519554539
self.train_number :[10250, 10252, 4328, 4323, 4323, 4322, 2881, 2872, 2879, 2882]
client_acc :0.83,0.84,0.82,0.82,0.80,0.82,0.80,0.71,0.79,0.76
cluster_acc :0.86,0.86,0.86,0.86,0.86,0.86,0.86,0.86,0.86,0.86
sum_round_time :344.43,344.43,653.33,653.33,652.31,653.33,858.62,858.62,858.62,858.62
sum_down ：21901.57,21457.67,37133.36,35979.77,36767.21,36152.06,62111.53,62056.99,62007.19,62193.57
sum_train ：680.86,676.50,288.34,287.41,286.98,287.27,190.65,190.59,191.71,191.87
sum_upload ：72965.60,72963.32,104024.43,103866.29,103960.33,103967.60,174064.08,173695.79,174303.33,174060.43
sum_merge ：247.85
statu 11: client 0 EarlyStopping counter: 10 out of 20, best score is 0.8602, current score is 0.8602
statu 11: client 2 EarlyStopping counter: 3 out of 10, best score is 0.8485, current score is 0.8403
10250
10250
10250
10251
10251
10251
10252
10252
10252
10252
10252
10253
10253
10253
10253
10254
10254
10254
10254
10255
10255
10256
10256
10256
10257
10257
10257
10258
10258
10258
10259
10259
10259
10260
10260
10260
10260
10261
10261
10261
10262
10262
10263
10263
10263
10263
10264
10264
10264
10265
10265
10266
10266
10266
10266
10267
10267
10267
10268
10268
10268
10268
10268
10269
10269
10269
10270
10270
10270
10270
10270
10271
10271
10272
10272
10272
10272
10273
10273
10273
10273
10273
10273
10274
10274
10275
10275
10275
10276
10276
10276
10276
10277
10277
10277
10278
10278
10278
10279
10280
10280
10280
10281
10281
10281
10281
10282
10282
10282
10283
10283
10283
10283
10284
10284
10284
10284
10285
10285
10285
10285
10286
10286
10286
10286
10287
10287
10287
10288
10288
10289
10289
10289
10289
10290
10290
10290
10290
10291
10291
10291
10291
10292
10292
10292
10292
10292
10293
10293
10293
10293
10294
10294
10294
10295
10295
10296
10296
10296
10296
10297
10297
10297
10297
10297
10298
10298
10298
10299
10299
10299
10299
10299
10300
Round #10300 (Experiment = PIF_CIFAR10_[1.0, 0.3, 0.1]1.0__asyn__recover_con_fedasyn_niid__n__50_____ft_esc).
fed_avg Loss/acc (at round #10300) = 0.8306535333395004/0.8558   Loss/acc=0.8306535333395004/0.8558
the density is 1.00,1.00,1.00,1.00,1.00,1.00,1.00,1.00,1.00,1.00
Elapsed time = 253237.12660009213
self.train_number :[10300, 10302, 4350, 4346, 4345, 4344, 2894, 2886, 2892, 2896]
client_acc :0.85,0.84,0.82,0.82,0.80,0.82,0.80,0.71,0.79,0.76
cluster_acc :0.86,0.86,0.86,0.86,0.86,0.86,0.86,0.86,0.86,0.86
sum_round_time :301.11,301.11,627.20,627.20,627.20,627.20,965.58,965.58,1056.78,1056.78
sum_down ：21999.36,21555.27,37352.84,36169.69,37043.20,36480.47,62398.41,62442.82,62378.15,62502.46
sum_train ：683.96,679.54,289.68,288.81,288.31,288.60,191.49,191.49,192.50,192.72
sum_upload ：73320.31,73315.33,104569.20,104443.05,104517.69,104526.55,175048.00,174571.49,175157.08,175044.18
sum_merge ：248.81
statu 11: client 0 EarlyStopping counter: 11 out of 20, best score is 0.8602, current score is 0.8558
10300
10300
10300
10300
10301
10301
10301
10301
10302
10302
10303
10303
10303
10303
10304
10304
10304
10304
10304
10305
10305
10305
10305
10306
10306
10306
10306
10307
10307
10308
10308
10308
10308
10309
10309
10309
10309
10309
10310
10310
10310
10310
10311
10311
10311
10311
10312
10312
10312
10313
10313
10313
10313
10313
10314
10314
10315
10315
10315
10316
10316
10316
10316
10317
10317
10317
10317
10318
10318
10318
10318
10319
10319
10319
10319
10320
10320
10321
10322
10322
10322
10323
10323
10323
10323
10324
10324
10324
10325
10325
10325
10326
10326
10326
10326
10326
10327
10327
10327
10327
10328
10328
10328
10328
10329
10329
10329
10329
10330
10330
10331
10331
10331
10331
10332
10332
10332
10333
10333
10333
10334
10334
10334
10334
10335
10335
10335
10335
10336
10336
10336
10337
10337
10338
10338
10339
10339
10339
10339
10340
10340
10340
10341
10341
10342
10342
10342
10342
10342
10342
10343
10343
10343
10343
10344
10344
10345
10345
10345
10346
10346
10346
10346
10347
10347
10347
10347
10348
10348
10348
10348
10348
10349
10349
10350
Round #10350 (Experiment = PIF_CIFAR10_[1.0, 0.3, 0.1]1.0__asyn__recover_con_fedasyn_niid__n__50_____ft_esc).
fed_avg Loss/acc (at round #10350) = 0.852450542151928/0.8545   Loss/acc=0.852450542151928/0.8545
the density is 1.00,1.00,1.00,1.00,1.00,1.00,1.00,1.00,1.00,1.00
Elapsed time = 254602.98283260016
self.train_number :[10350, 10352, 4373, 4369, 4368, 4367, 2909, 2901, 2907, 2911]
client_acc :0.85,0.84,0.82,0.82,0.80,0.82,0.80,0.71,0.79,0.76
cluster_acc :0.85,0.85,0.85,0.85,0.85,0.85,0.85,0.85,0.85,0.85
sum_round_time :239.98,239.98,540.76,540.76,540.76,540.76,891.33,891.33,891.33,891.33
sum_down ：22097.01,21652.50,37587.07,36408.05,37277.91,36620.81,62774.92,62778.42,62757.65,62837.51
sum_train ：687.13,682.65,291.12,290.22,289.76,290.05,192.45,192.45,193.43,193.65
sum_upload ：73674.07,73671.41,105119.97,104996.04,105067.27,105081.17,175964.09,175507.57,176056.94,176005.86
sum_merge ：249.81
statu 11: client 0 EarlyStopping counter: 12 out of 20, best score is 0.8602, current score is 0.8545
10350
10350
10350
10350
10351
10351
10351
10352
10352
10352
10352
10353
10353
10353
10353
10354
10354
10355
10355
10355
10355
10356
10356
10356
10356
10357
10357
10357
10358
10358
10358
10358
10358
10359
10359
10360
10360
10360
10361
10361
10361
10361
10362
10362
10362
10363
10363
10363
10363
10364
10364
10364
10364
10365
10365
10365
10365
10366
10366
10366
10367
10367
10367
10367
10367
10368
10368
10368
10369
10369
10370
10370
10370
10371
10371
10371
10371
10371
10372
10372
10372
10372
10373
10373
10373
10373
10374
10374
10374
10374
10375
10375
10375
10375
10376
10376
10376
10376
10377
10377
10377
10378
10378
10378
10378
10379
10379
10380
10380
10380
10381
10381
10381
10382
10382
10382
10383
10383
10383
10383
10384
10384
10384
10385
10385
10385
10385
10385
10386
10386
10386
10386
10387
10387
10387
10387
10388
10388
10388
10388
10389
10389
10389
10390
10390
10390
10390
10391
10391
10391
10391
10392
10392
10392
10392
10393
10393
10394
10394
10394
10394
10395
10395
10395
10395
10396
10396
10396
10397
10397
10397
10397
10397
10397
10398
10398
10398
10398
10398
10399
10399
10399
10399
10400
Round #10400 (Experiment = PIF_CIFAR10_[1.0, 0.3, 0.1]1.0__asyn__recover_con_fedasyn_niid__n__50_____ft_esc).
fed_avg Loss/acc (at round #10400) = 0.8532164692878723/0.856   Loss/acc=0.8532164692878723/0.856
the density is 1.00,1.00,1.00,1.00,1.00,1.00,1.00,1.00,1.00,1.00
Elapsed time = 255962.7113172957
self.train_number :[10400, 10402, 4394, 4390, 4389, 4388, 2925, 2917, 2923, 2927]
client_acc :0.85,0.84,0.82,0.82,0.80,0.82,0.80,0.71,0.79,0.76
cluster_acc :0.86,0.86,0.86,0.86,0.86,0.86,0.86,0.86,0.86,0.86
sum_round_time :250.56,250.56,691.80,691.80,691.80,691.80,858.66,942.39,942.39,858.66
sum_down ：22195.05,21750.27,37714.53,36550.67,37472.26,36808.52,63093.74,63099.95,63079.31,63161.80
sum_train ：690.26,685.69,292.44,291.51,291.05,291.33,193.46,193.46,194.38,194.60
sum_upload ：74028.97,74027.53,105601.30,105484.69,105553.53,105564.12,176868.35,176438.13,177005.42,176913.94
sum_merge ：250.76
statu 11: client 0 EarlyStopping counter: 13 out of 20, best score is 0.8602, current score is 0.856
10400
10400
10401
10401
10401
10401
10402
10402
10402
10402
10402
10403
10403
10404
10404
10404
10405
10405
10405
10405
10406
10406
10406
10407
10407
10407
10407
10407
10408
10408
10408
10408
10408
10409
10409
10409
10409
10410
10410
10411
10411
10412
10412
10412
10412
10413
10413
10413
10413
10414
10414
10415
10415
10415
10415
10416
10416
10416
10417
10417
10418
10418
10418
10419
10419
10419
10420
10420
10420
10420
10421
10421
10421
10421
10422
10422
10422
10422
10423
10423
10424
10424
10424
10425
10425
10426
10426
10426
10427
10428
10428
10428
10429
10429
10429
10429
10430
10430
10430
10431
10431
10432
10432
10432
10432
10433
10433
10433
10434
10434
10435
10435
10435
10435
10436
10436
10436
10436
10437
10437
10437
10437
10438
10438
10438
10438
10439
10439
10439
10440
10440
10440
10440
10440
10440
10441
10441
10442
10442
10443
10443
10444
10444
10444
10445
10445
10445
10446
10446
10446
10447
10448
10448
10448
10449
10449
10449
10449
10449
10450
Round #10450 (Experiment = PIF_CIFAR10_[1.0, 0.3, 0.1]1.0__asyn__recover_con_fedasyn_niid__n__50_____ft_esc).
fed_avg Loss/acc (at round #10450) = 0.8513031527400017/0.8545   Loss/acc=0.8513031527400017/0.8545
the density is 1.00,1.00,1.00,1.00,1.00,1.00,1.00,1.00,1.00,1.00
Elapsed time = 256968.84465391302
self.train_number :[10450, 10451, 4413, 4408, 4408, 4407, 2937, 2929, 2935, 2939]
client_acc :0.85,0.84,0.82,0.82,0.80,0.82,0.80,0.71,0.79,0.76
cluster_acc :0.85,0.85,0.85,0.85,0.85,0.85,0.85,0.85,0.85,0.85
sum_round_time :155.81,155.81,521.40,555.49,521.12,521.09,838.46,838.46,838.46,838.46
sum_down ：22292.87,21867.94,37860.06,36661.19,37628.85,36965.40,63347.32,63353.34,63329.25,63410.83
sum_train ：693.40,688.76,293.63,292.64,292.23,292.52,194.20,194.21,195.11,195.31
sum_upload ：74383.93,74377.70,106055.69,105921.15,106014.38,106017.40,177559.30,177147.68,177713.03,177633.99
sum_merge ：251.70
statu 11: client 0 EarlyStopping counter: 14 out of 20, best score is 0.8602, current score is 0.8545
10450
10450
10451
10451
10451
10451
10452
10452
10452
10452
10453
10453
10453
10453
10454
10454
10455
10455
10455
10456
10456
10456
10456
10456
10457
10457
10457
10457
10458
10458
10458
10458
10459
10459
10459
10460
10460
10460
10461
10461
10462
10462
10463
10463
10463
10463
10464
10464
10464
10465
10465
10465
10465
10466
10466
10466
10466
10467
10467
10467
10467
10468
10468
10468
10468
10469
10469
10470
10470
10470
10470
10471
10471
10471
10472
10472
10472
10472
10473
10473
10473
10473
10473
10474
10474
10474
10475
10475
10475
10475
10475
10476
10476
10476
10477
10477
10477
10478
10478
10478
10479
10479
10479
10479
10479
10480
10480
10480
10480
10481
10481
10481
10481
10482
10482
10483
10483
10483
10484
10484
10484
10484
10485
10485
10485
10485
10486
10486
10487
10488
10488
10488
10488
10489
10489
10489
10490
10490
10490
10490
10491
10491
10491
10492
10492
10492
10492
10493
10493
10493
10494
10494
10494
10494
10495
10495
10495
10496
10496
10496
10496
10497
10497
10497
10498
10498
10498
10498
10499
10499
10499
10499
10500
Round #10500 (Experiment = PIF_CIFAR10_[1.0, 0.3, 0.1]1.0__asyn__recover_con_fedasyn_niid__n__50_____ft_esc).
fed_avg Loss/acc (at round #10500) = 0.8463765308260918/0.8533   Loss/acc=0.8463765308260918/0.8533
the density is 1.00,1.00,1.00,1.00,1.00,1.00,1.00,1.00,1.00,1.00
Elapsed time = 258396.72793564864
self.train_number :[10500, 10501, 4434, 4429, 4429, 4428, 2953, 2945, 2951, 2955]
client_acc :0.85,0.82,0.82,0.82,0.80,0.82,0.80,0.71,0.79,0.76
cluster_acc :0.85,0.85,0.85,0.85,0.85,0.85,0.85,0.85,0.85,0.85
sum_round_time :338.63,338.63,737.30,737.30,737.30,737.30,847.60,847.60,847.60,847.60
sum_down ：22390.10,21965.19,37983.11,36824.00,37848.69,37181.71,63660.55,63676.57,63648.46,63736.18
sum_train ：696.51,691.90,294.94,293.95,293.52,293.82,195.20,195.18,196.08,196.27
sum_upload ：74741.00,74736.21,106579.00,106454.15,106538.79,106543.76,178585.70,178156.22,178712.61,178660.45
sum_merge ：252.69
statu 11: client 0 EarlyStopping counter: 15 out of 20, best score is 0.8602, current score is 0.8533
statu 11: client 2 EarlyStopping counter: 4 out of 10, best score is 0.8485, current score is 0.819
10500
10500
10500
10500
10501
10501
10501
10501
10502
10502
10502
10502
10503
10503
10503
10503
10504
10504
10505
10505
10505
10505
10506
10506
10506
10506
10507
10507
10507
10507
10508
10508
10508
10509
10509
10510
10510
10510
10510
10511
10511
10511
10511
10512
10512
10513
10513
10513
10513
10514
10514
10514
10515
10515
10515
10516
10516
10516
10516
10516
10517
10517
10518
10518
10518
10518
10518
10519
10519
10519
10519
10520
10520
10520
10520
10521
10521
10521
10521
10522
10522
10522
10523
10523
10524
10524
10524
10525
10525
10526
10526
10527
10527
10527
10527
10528
10528
10528
10528
10529
10529
10530
10530
10530
10531
10531
10532
10532
10532
10533
10533
10533
10533
10534
10534
10534
10534
10535
10535
10535
10535
10535
10536
10536
10536
10537
10537
10537
10537
10537
10538
10538
10539
10539
10539
10539
10539
10540
10540
10540
10541
10541
10541
10542
10542
10542
10543
10543
10543
10543
10544
10544
10544
10544
10545
10545
10545
10545
10546
10546
10547
10547
10548
10548
10548
10549
10549
10549
10550
Round #10550 (Experiment = PIF_CIFAR10_[1.0, 0.3, 0.1]1.0__asyn__recover_con_fedasyn_niid__n__50_____ft_esc).
fed_avg Loss/acc (at round #10550) = 0.8524734079837799/0.8559   Loss/acc=0.8524734079837799/0.8559
the density is 1.00,1.00,1.00,1.00,1.00,1.00,1.00,1.00,1.00,1.00
Elapsed time = 259678.28995503532
self.train_number :[10550, 10551, 4454, 4449, 4449, 4448, 2968, 2960, 2966, 2970]
client_acc :0.83,0.82,0.82,0.82,0.80,0.82,0.80,0.71,0.79,0.76
cluster_acc :0.86,0.86,0.86,0.86,0.86,0.86,0.86,0.86,0.86,0.86
sum_round_time :257.77,257.77,558.09,558.09,558.09,558.09,846.94,846.94,846.94,846.94
sum_down ：22487.79,22062.66,38156.28,36998.66,38015.60,37295.01,63972.34,63988.60,63963.26,64051.63
sum_train ：699.66,695.00,296.21,295.19,294.77,295.10,196.16,196.13,197.02,197.19
sum_upload ：75102.92,75101.22,107058.99,106932.99,107021.64,107029.24,179481.91,179063.79,179612.82,179566.51
sum_merge ：253.66
statu 11: client 0 EarlyStopping counter: 16 out of 20, best score is 0.8602, current score is 0.8559
statu 11: client 1 EarlyStopping counter: 1 out of 10, best score is 0.8522, current score is 0.8302
10550
10551
10551
10551
10551
10552
10552
10552
10552
10553
10553
10554
10554
10554
10554
10555
10555
10555
10555
10556
10556
10556
10556
10557
10557
10558
10558
10558
10558
10559
10559
10560
10560
10561
10561
10561
10561
10561
10561
10562
10562
10563
10563
10563
10563
10564
10564
10564
10565
10565
10565
10566
10566
10566
10566
10566
10567
10567
10567
10568
10568
10568
10568
10569
10569
10569
10569
10570
10570
10570
10570
10571
10571
10572
10572
10572
10572
10573
10573
10573
10573
10574
10574
10574
10574
10575
10575
10575
10575
10576
10576
10577
10578
10578
10578
10578
10579
10579
10579
10579
10579
10580
10580
10580
10581
10581
10581
10581
10581
10581
10581
10582
10582
10582
10582
10583
10583
10583
10583
10584
10584
10584
10585
10585
10585
10585
10585
10586
10586
10586
10586
10586
10587
10587
10587
10587
10588
10588
10588
10588
10589
10589
10589
10589
10590
10590
10591
10591
10591
10591
10592
10592
10592
10593
10593
10593
10594
10594
10594
10594
10595
10595
10596
10596
10596
10596
10597
10597
10598
10598
10599
10599
10599
10599
10599
10600
Round #10600 (Experiment = PIF_CIFAR10_[1.0, 0.3, 0.1]1.0__asyn__recover_con_fedasyn_niid__n__50_____ft_esc).
fed_avg Loss/acc (at round #10600) = 0.8587285503745079/0.8586   Loss/acc=0.8587285503745079/0.8586
the density is 1.00,1.00,1.00,1.00,1.00,1.00,1.00,1.00,1.00,1.00
Elapsed time = 260791.99643939573
self.train_number :[10600, 10601, 4475, 4470, 4470, 4469, 2981, 2973, 2979, 2983]
client_acc :0.83,0.82,0.82,0.82,0.80,0.82,0.80,0.71,0.79,0.76
cluster_acc :0.86,0.86,0.86,0.86,0.86,0.86,0.86,0.86,0.86,0.86
sum_round_time :243.80,243.80,624.51,624.51,624.51,624.51,857.05,857.05,857.05,857.05
sum_down ：22584.74,22159.85,38285.04,37130.41,38137.69,37428.03,64232.68,64250.43,64228.90,64313.56
sum_train ：702.78,698.04,297.49,296.49,296.03,296.37,196.95,196.94,197.81,197.99
sum_upload ：75452.43,75449.99,107543.85,107419.03,107504.20,107501.89,180270.12,179846.86,180383.37,180329.43
sum_merge ：254.61
statu 11: client 0 EarlyStopping counter: 17 out of 20, best score is 0.8602, current score is 0.8586
10600
10600
10600
10600
10601
10601
10602
10602
10602
10602
10603
10603
10604
10604
10605
10605
10605
10606
10606
10606
10607
10607
10607
10607
10608
10608
10608
10608
10608
10609
10609
10609
10609
10610
10610
10610
10610
10611
10611
10611
10611
10612
10612
10612
10613
10613
10613
10613
10614
10614
10614
10615
10615
10615
10615
10616
10616
10616
10616
10616
10617
10617
10617
10617
10618
10618
10619
10619
10619
10619
10620
10620
10620
10620
10621
10621
10621
10621
10622
10622
10622
10622
10622
10623
10623
10623
10623
10624
10624
10624
10625
10625
10625
10626
10626
10626
10626
10627
10627
10627
10627
10628
10628
10629
10630
10630
10630
10631
10631
10631
10631
10632
10632
10632
10632
10633
10633
10633
10633
10633
10634
10634
10634
10635
10635
10635
10636
10636
10637
10637
10637
10637
10638
10638
10639
10639
10639
10640
10640
10640
10640
10640
10641
10641
10642
10642
10642
10642
10642
10643
10643
10643
10644
10644
10644
10644
10645
10645
10645
10645
10646
10646
10646
10646
10647
10647
10647
10647
10648
10648
10649
10649
10649
10650
Round #10650 (Experiment = PIF_CIFAR10_[1.0, 0.3, 0.1]1.0__asyn__recover_con_fedasyn_niid__n__50_____ft_esc).
fed_avg Loss/acc (at round #10650) = 0.8437802195549011/0.8568   Loss/acc=0.8437802195549011/0.8568
the density is 1.00,1.00,1.00,1.00,1.00,1.00,1.00,1.00,1.00,1.00
Elapsed time = 262145.61846872396
self.train_number :[10650, 10650, 4495, 4490, 4490, 4489, 2997, 2989, 2995, 2999]
client_acc :0.83,0.82,0.82,0.82,0.80,0.82,0.80,0.71,0.79,0.76
cluster_acc :0.86,0.86,0.86,0.86,0.86,0.86,0.86,0.86,0.86,0.86
sum_round_time :240.07,240.07,612.44,612.44,612.44,612.44,870.42,870.42,870.42,870.42
sum_down ：22682.39,22314.00,38409.09,37317.24,38269.27,37608.57,64557.36,64565.23,64552.68,64634.76
sum_train ：705.90,701.10,298.74,297.74,297.25,297.59,197.95,197.92,198.79,198.96
sum_upload ：75809.94,75798.21,108057.66,107925.40,108014.38,108013.71,181215.62,180808.53,181329.40,181259.31
sum_merge ：255.59
statu 11: client 0 EarlyStopping counter: 18 out of 20, best score is 0.8602, current score is 0.8568
10650
10650
10650
10650
10651
10651
10651
10651
10652
10652
10653
10653
10653
10654
10654
10654
10654
10654
10655
10655
10655
10656
10656
10656
10656
10657
10657
10657
10657
10658
10658
10658
10659
10659
10659
10659
10660
10660
10660
10660
10661
10661
10661
10661
10662
10662
10662
10662
10663
10663
10663
10664
10664
10664
10664
10665
10665
10665
10665
10666
10666
10666
10667
10667
10667
10667
10668
10668
10668
10669
10669
10669
10670
10670
10670
10671
10671
10671
10671
10672
10672
10672
10673
10673
10673
10673
10674
10674
10674
10675
10675
10675
10676
10676
10677
10677
10678
10678
10678
10678
10678
10679
10679
10679
10679
10680
10680
10680
10680
10681
10681
10681
10681
10681
10682
10682
10682
10683
10683
10683
10683
10684
10684
10685
10685
10685
10686
10686
10686
10687
10687
10687
10687
10688
10688
10688
10688
10689
10689
10689
10689
10690
10690
10691
10691
10691
10692
10692
10692
10692
10693
10693
10693
10693
10694
10694
10694
10694
10695
10695
10696
10696
10696
10696
10696
10697
10697
10698
10698
10698
10699
10699
10699
10700
Round #10700 (Experiment = PIF_CIFAR10_[1.0, 0.3, 0.1]1.0__asyn__recover_con_fedasyn_niid__n__50_____ft_esc).
fed_avg Loss/acc (at round #10700) = 0.8317069038748741/0.8598   Loss/acc=0.8317069038748741/0.8598
the density is 1.00,1.00,1.00,1.00,1.00,1.00,1.00,1.00,1.00,1.00
Elapsed time = 263443.41801772313
self.train_number :[10700, 10700, 4517, 4512, 4512, 4511, 3012, 3004, 3010, 3014]
client_acc :0.83,0.82,0.82,0.81,0.79,0.77,0.77,0.72,0.77,0.75
cluster_acc :0.86,0.86,0.86,0.86,0.86,0.86,0.86,0.86,0.86,0.86
sum_round_time :146.00,146.00,539.13,539.13,539.13,539.13,906.96,906.96,906.96,906.96
sum_down ：22779.59,22411.26,38536.17,37496.47,38452.57,37788.48,64878.25,64885.39,64871.46,64949.80
sum_train ：709.13,704.21,300.15,299.14,298.58,298.95,198.90,198.87,199.72,199.91
sum_upload ：76162.79,76152.63,108568.84,108429.19,108518.80,108526.49,182081.85,181720.26,182222.74,182130.58
sum_merge ：256.56
statu 11: client 0 EarlyStopping counter: 19 out of 20, best score is 0.8602, current score is 0.8598
statu 11: client 4 EarlyStopping counter: 1 out of 10, best score is 0.8163, current score is 0.8092
statu 11: client 5 EarlyStopping counter: 1 out of 10, best score is 0.8016, current score is 0.7864
statu 11: client 6 EarlyStopping counter: 3 out of 10, best score is 0.8174, current score is 0.7688
statu 11: client 7 EarlyStopping counter: 2 out of 10, best score is 0.8074, current score is 0.7736
statu 11: client 8 EarlyStopping counter: 6 out of 10, best score is 0.7895, current score is 0.7248
statu 11: client 9 EarlyStopping counter: 1 out of 10, best score is 0.787, current score is 0.7691
statu 11: client 10 EarlyStopping counter: 4 out of 10, best score is 0.7665, current score is 0.7459
10700
10700
10700
10700
10701
10701
10702
10702
10702
10702
10703
10703
10703
10703
10704
10704
10705
10705
10705
10705
10706
10706
10706
10707
10707
10707
10707
10708
10708
10708
10709
10709
10709
10710
10710
10711
10711
10711
10711
10712
10712
10712
10713
10713
10714
10714
10714
10714
10714
10715
10715
10715
10716
10716
10716
10716
10717
10717
10718
10718
10718
10718
10718
10719
10719
10720
10720
10720
10720
10721
10721
10721
10721
10722
10722
10723
10723
10723
10723
10724
10724
10724
10724
10725
10725
10725
10726
10726
10726
10727
10727
10727
10728
10728
10729
10729
10729
10730
10730
10730
10730
10731
10731
10731
10731
10732
10732
10732
10733
10733
10734
10734
10734
10735
10735
10735
10736
10736
10737
10737
10737
10737
10738
10738
10739
10739
10739
10739
10740
10740
10740
10741
10741
10742
10742
10742
10743
10743
10743
10743
10744
10744
10744
10745
10745
10746
10746
10746
10746
10747
10747
10747
10748
10748
10749
10749
10749
10749
10750
Round #10750 (Experiment = PIF_CIFAR10_[1.0, 0.3, 0.1]1.0__asyn__recover_con_fedasyn_niid__n__50_____ft_esc).
fed_avg Loss/acc (at round #10750) = 0.8441386595368385/0.8563   Loss/acc=0.8441386595368385/0.8563
the density is 1.00,1.00,1.00,1.00,1.00,1.00,1.00,1.00,1.00,1.00
Elapsed time = 264553.8064209529
self.train_number :[10750, 10750, 4537, 4532, 4532, 4531, 3025, 3017, 3023, 3027]
client_acc :0.83,0.82,0.82,0.81,0.79,0.77,0.77,0.72,0.77,0.75
cluster_acc :0.86,0.86,0.86,0.86,0.86,0.86,0.86,0.86,0.86,0.86
sum_round_time :201.42,201.42,543.61,543.61,543.61,543.61,859.95,859.95,859.95,859.95
sum_down ：22877.32,22508.77,38660.50,37618.95,38581.42,37917.23,65137.91,65148.94,65136.47,65215.28
sum_train ：712.27,707.32,301.39,300.38,299.82,300.18,199.74,199.66,200.53,200.70
sum_upload ：76519.03,76506.71,109076.58,108938.24,109028.23,109047.75,182864.44,182515.83,182972.39,182901.82
sum_merge ：257.52
statu 11: client 0 out of patience, best score is 0.8602, current score is 0.8563
Traceback (most recent call last):
  File "experiments/CIFAR10/Prune_increase_FL_CMD.py", line 214, in <module>
    fl_runner.main()
  File "/mnt/sda1/mcj/PruneFL-master/PruneFL-master/bases/fl/simulation_real/Prune_Recover_FL.py", line 2479, in main
    = self.server.main(idx, list_state_dict, self.list_num, last_lr, list_client_loss, list_client_acc,list_client_sum,
  File "/mnt/sda1/mcj/PruneFL-master/PruneFL-master/bases/fl/simulation_real/Prune_Recover_FL.py", line 1457, in main
    checkpoint = load(os.path.join(self.save_path, 'checkpoint.pth'))
  File "/mnt/sda1/mcj/PruneFL-master/PruneFL-master/utils/save_load.py", line 116, in load
    return pickle.load(opened_f)
  File "/mnt/sda1/mcj/conda_env/d2l/lib/python3.8/site-packages/torch/storage.py", line 161, in _load_from_bytes
    return torch.load(io.BytesIO(b))
  File "/mnt/sda1/mcj/conda_env/d2l/lib/python3.8/site-packages/torch/serialization.py", line 593, in load
    return _legacy_load(opened_file, map_location, pickle_module, **pickle_load_args)
  File "/mnt/sda1/mcj/conda_env/d2l/lib/python3.8/site-packages/torch/serialization.py", line 772, in _legacy_load
    result = unpickler.load()
  File "/mnt/sda1/mcj/conda_env/d2l/lib/python3.8/site-packages/torch/serialization.py", line 728, in persistent_load
    deserialized_objects[root_key] = restore_location(obj, location)
  File "/mnt/sda1/mcj/conda_env/d2l/lib/python3.8/site-packages/torch/serialization.py", line 175, in default_restore_location
    result = fn(storage, location)
  File "/mnt/sda1/mcj/conda_env/d2l/lib/python3.8/site-packages/torch/serialization.py", line 155, in _cuda_deserialize
    return storage_type(obj.size())
  File "/mnt/sda1/mcj/conda_env/d2l/lib/python3.8/site-packages/torch/cuda/__init__.py", line 484, in _lazy_new
    return super(_CudaBase, cls).__new__(cls, *args, **kwargs)
RuntimeError: CUDA error: out of memory
